IyAgICDri6jstpXrqoUgICAgIHwgICAgICAgIFhQYXRoICAgICAgICAgICAgICAg
ICAgICAgICAgICAgICAgICAgICAgICAgICAgICAgICAgICAgICAJCQkJICAgICAg
ICAgICAgICAgICAgICAgICAgICAgICAgICAgICAgIHwg6ri47J20IHwg7YOA7J6F
ICAgICAgfCDrsJjrs7Ug7Jes67aAIOuwjyDtlYTsiJjsl6zrtoAgIHwg67CY67O1
7Iuc7J6RIO2DnOq3uCAgICAgICAgICAgICAgICAgICAgICAgICAgICAgICAgICAg
ICB8IO2VreuqqSAgICAgICAgICAgDQojIEhFQUQgICAgICAgICAgICAgICAgICAg
ICAgICAgICAgICAgICAgICAgICAgICAgICAgICAgICAgICAgICAgICAgICAgICAg
ICAgICAgICAgICAgICAgICAgICAgICAgICAgICAgICAgICAgICAgICAgICAgICAg
ICAgICAgICAgICAgICAgICAgICAgICAgICAgICAgICAgICAgICAgICAgICAgICAg
ICAgICAgICAgICAgICAgICAgICAgICAgICAgICAgICAgICAgICAgICANCmhlYWRf
bWVzZ19zZW5kICB8IC9zZzpDT05HVUEvSGVhZGVyLkRldGFpbHMvY2M6TWVzc2Fn
ZS5TZW5kZXIuSWRlbnRpZmllci9JZGVudGlmaWVyLkNvbnRlbnQgICAgICAgICAg
ICAgICAgICAgICAgICAgICAgICAgICAgICAgICAgICAgICAgICAgICAgICAgICAg
fCAxMyAgIHwgU3RyaW5nICAgIHwgbmVjZXNzYXJ5ICAgICAgICAgICAgICB8ICAg
ICAgICAgICAgICAgICAgICAgICAgICAgICAgICAgICAgICAgICAgICAgICAgICAg
fCDsoITrrLjshqHsi6DquLDqtIAJICAgICAgICAgIA0KaGVhZF9tZXNnX3JlY3Yg
IHwgL3NnOkNPTkdVQS9IZWFkZXIuRGV0YWlscy9jYzpNZXNzYWdlLlJlY2VpdmVy
LklkZW50aWZpZXIvSWRlbnRpZmllci5Db250ZW50ICAgICAgICAgICAgICAgICAg
ICAgICAgICAgICAgICAgICAgICAgICAgICAgICAgICAgICAgICB8IDEzICAgfCBT
dHJpbmcgICAgfCBuZWNlc3NhcnkgICAgICAgICAgICAgIHwgICAgICAgICAgICAg
ICAgICAgICAgICAgICAgICAgICAgICAgICAgICAgICAgICAgICB8IOyghOusuOyI
mOyLoOq4sOq0gAkgICAgICAgICAgDQpoZWFkX2Z1bmNfY29kZSAgfCAvc2c6Q09O
R1VBL0hlYWRlci5EZXRhaWxzL2NjOk1lc3NhZ2UuRnVuY3Rpb24uQ29kZS9Db2Rl
LkNvbnRlbnQgICAgICAgICAgICAgICAgICAgICAgICAgICAgICAgICAgICAgICAg
ICAgICAgICAgICAgICAgICAgICAgICAgICAgIHwgMiAgICB8IFN0cmluZyAgICB8
IG5lY2Vzc2FyeSAgICAgICAgICAgICAgfCAgICAgICAgICAgICAgICAgICAgICAg
ICAgICAgICAgICAgICAgICAgICAgICAgICAgIHwg66y47ISc6riw64qlCSAgICAg
ICAgICANCmhlYWRfbWVzZ190eXBlICB8IC9zZzpDT05HVUEvSGVhZGVyLkRldGFp
bHMvY2M6TWVzc2FnZS5UeXBlLklkZW50aWZpZXIvSWRlbnRpZmllci5Db250ZW50
ICAgICAgICAgICAgICAgICAgICAgICAgICAgICAgICAgICAgICAgICAgICAgICAg
ICAgICAgICAgICAgfCA2ICAgIHwgU3RyaW5nICAgIHwgbmVjZXNzYXJ5ICAgICAg
ICAgICAgICB8ICAgICAgICAgICAgICAgICAgICAgICAgICAgICAgICAgICAgICAg
ICAgICAgICAgICAgfCDrrLjshJzsvZTrk5wJICAgICAgICAgIA0KaGVhZF9tZXNn
X25hbWUgIHwgL3NnOkNPTkdVQS9IZWFkZXIuRGV0YWlscy9jYzpNZXNzYWdlLk5h
bWUvVGV4dC5Db250ZW50ICAgICAgICAgICAgICAgICAgICAgICAgICAgICAgICAg
ICAgICAgICAgICAgICAgICAgICAgICAgICAgICAgICAgICAgICAgICAgICB8IDMw
ICAgfCBTdHJpbmcgICAgfCBuZWNlc3NhcnkgICAgICAgICAgICAgIHwgICAgICAg
ICAgICAgICAgICAgICAgICAgICAgICAgICAgICAgICAgICAgICAgICAgICB8IOus
uOyEnOuqhQkgICAgICAgICAgICAgICAgICANCmhlYWRfbWVzZ192ZXJzICB8IC9z
ZzpDT05HVUEvSGVhZGVyLkRldGFpbHMvY2M6TWVzc2FnZS5WZXJzaW9uLlRleHQv
VGV4dC5Db250ZW50ICAgICAgICAgICAgICAgICAgICAgICAgICAgICAgICAgICAg
ICAgICAgICAgICAgICAgICAgICAgICAgICAgICAgICAgfCAxMCAgIHwgU3RyaW5n
ICAgIHwgbWluICAgICAgICAgICAgICAgICAgICB8ICAgICAgICAgICAgICAgICAg
ICAgICAgICAgICAgICAgICAgICAgICAgICAgICAgICAgfCDsoITsnpDrrLjshJzr
soTsoIQJICAgICAgICAgIA0KaGVhZF9kb2N1X251bWIgIHwgL3NnOkNPTkdVQS9I
ZWFkZXIuRGV0YWlscy9jYzpEb2N1bWVudC5OdW1iZXIuVGV4dC9UZXh0LkNvbnRl
bnQgICAgICAgICAgICAgICAgICAgICAgICAgICAgICAgICAgICAgICAgICAgICAg
ICAgICAgICAgICAgICAgICAgICAgICB8IDMwICAgfCBTdHJpbmcgICAgfCBuZWNl
c3NhcnkgICAgICAgICAgICAgIHwgICAgICAgICAgICAgICAgICAgICAgICAgICAg
ICAgICAgICAgICAgICAgICAgICAgICB8IOusuOyEnOuyiO2YuAkgICAgICAgICAg
DQpoZWFkX21hbmdfbnVtYiAgfCAvc2c6Q09OR1VBL0hlYWRlci5EZXRhaWxzL2Nj
OkRvY3VtZW50Lk1hbmFnZW1lbnROdW1iZXIuVGV4dC9UZXh0LkNvbnRlbnQgICAg
ICAgICAgICAgICAgICAgICAgICAgICAgICAgICAgICAgICAgICAgICAgICAgICAg
ICAgICAgIHwgNzAgICB8IFN0cmluZyAgICB8IG5lY2Vzc2FyeSAgICAgICAgICAg
ICAgfCAgICAgICAgICAgICAgICAgICAgICAgICAgICAgICAgICAgICAgICAgICAg
ICAgICAgIHwg66y47ISc6rSA66as67KI7Zi4CSAgICAgICAgICANCmhlYWRfcmVm
cl9udW1iICB8IC9zZzpDT05HVUEvSGVhZGVyLkRldGFpbHMvY2M6RG9jdW1lbnQu
UmVmZXJlbmNlTnVtYmVyLlRleHQvVGV4dC5Db250ZW50ICAgICAgICAgICAgICAg
ICAgICAgICAgICAgICAgICAgICAgICAgICAgICAgICAgICAgICAgICAgICAgfCAz
MCAgIHwgU3RyaW5nICAgIHwgbmVjZXNzYXJ5ICAgICAgICAgICAgICB8ICAgICAg
ICAgICAgICAgICAgICAgICAgICAgICAgICAgICAgICAgICAgICAgICAgICAgfCDs
sLjsobDrsojtmLgJICAgICAgICAgIA0KaGVhZF90aXRsX25hbWUgIHwgL3NnOkNP
TkdVQS9IZWFkZXIuRGV0YWlscy9jYzpEb2N1bWVudC5UaXRsZS5OYW1lL1RleHQu
Q29udGVudCAgICAgICAgICAgICAgICAgICAgICAgICAgICAgICAgICAgICAgICAg
ICAgICAgICAgICAgICAgICAgICAgICAgICAgICB8IDMwICAgfCBTdHJpbmcgICAg
fCBuZWNlc3NhcnkgICAgICAgICAgICAgIHwgICAgICAgICAgICAgICAgICAgICAg
ICAgICAgICAgICAgICAgICAgICAgICAgICAgICB8IOusuOyEnOqwnOyalCAgICAg
ICAgICAgICAgICAgIA0KIyDrs7Tspp3quLDqtIAgICAgICAgICAgICAgICAgICAg
ICAgICAgICAgICAgICAgICAgICAgICAgICAgICAgICAgICAgICAgICAgICAgICAg
ICAgICAgICAgICAgICAgICAgICAgICAgICAgICAgICAgICAgICAgICAgICAgICAg
ICAgICAgICAgICAgICAgICAgICAgICAgICAgICAgICAgICAgICAgICAgICAgICAg
ICAgICAgICAgICAgICAgICAgICAgICAgICAgICAgICAgICAgICAgICAgICAgICAg
ICAgICAgICAgICAgICAgICAgICAgICAgDQpib25kX29yZ2FfbmFtZSAgfCAvc2c6
Q09OR1VBL0JvbmQuT3JnYW5pemF0aW9uLkRldGFpbHMvT3JnYW5pemF0aW9uLkRl
dGFpbHMvY2M6T3JnYW5pemF0aW9uLk5hbWUvVGV4dC5Db250ZW50ICAgICAgICAg
ICAgICAgICAgICAgICAgICAgICAgICAgICAgICAgIHwgMTAwICB8IFN0cmluZyAg
ICB8IG1pbiAgICAgICAgICAgICAgICAgICAgfCAgICAgICAgICAgICAgICAgICAg
ICAgICAgICAgICAgICAgICAgICAgICAgICAgICAgIHwg67O07Kad6riw6rSA66qF
ICAgIA0KYm9uZF9vcmdhX2lkZW4gIHwgL3NnOkNPTkdVQS9Cb25kLk9yZ2FuaXph
dGlvbi5EZXRhaWxzL09yZ2FuaXphdGlvbi5EZXRhaWxzL2NjOk9yZ2FuaXphdGlv
bi5JZGVudGlmaWVyL0lkZW50aWZpZXIuQ29udGVudCAgICAgICAgICAgICAgICAg
ICAgICAgICAgICB8IDEzICAgfCBTdHJpbmcgICAgfCBtaW4gICAgICAgICAgICAg
ICAgICAgIHwgICAgICAgICAgICAgICAgICAgICAgICAgICAgICAgICAgICAgICAg
ICAgICAgICAgICB8IEcyQuuTseuhney9lOuTnCAgIA0KYm9uZF9vcmdhX2FkZG4g
IHwgL3NnOkNPTkdVQS9Cb25kLk9yZ2FuaXphdGlvbi5EZXRhaWxzL09yZ2FuaXph
dGlvbi5EZXRhaWxzL2NjOk9yZ2FuaXphdGlvbi5BZGRpdGlvbmFsLklkZW50aWZp
ZXIvSWRlbnRpZmllci5Db250ZW50ICAgICAgICAgICAgICAgICB8IDEzICAgfCBT
dHJpbmcgICAgfCBtaW4gICAgICAgICAgICAgICAgICAgIHwgICAgICAgICAgICAg
ICAgICAgICAgICAgICAgICAgICAgICAgICAgICAgICAgICAgICB8IOyhsOuLrOyy
reuTseuhney9lOuTnA0KYm9uZF9vcmdhX2NlbyAgIHwgL3NnOkNPTkdVQS9Cb25k
Lk9yZ2FuaXphdGlvbi5EZXRhaWxzL09yZ2FuaXphdGlvbi5EZXRhaWxzL2NjOk9y
Z2FuaXphdGlvbi5DRU8uTmFtZS9UZXh0LkNvbnRlbnQgICAgICAgICAgICAgICAg
ICAgICAgICAgICAgICAgICAgICB8IDIwICAgfCBTdHJpbmcgICAgfCBtaW4gICAg
ICAgICAgICAgICAgICAgIHwgICAgICAgICAgICAgICAgICAgICAgICAgICAgICAg
ICAgICAgICAgICAgICAgICAgICB8IOuMgO2RnOyekOyEseuqhSAgICANCiMg6rO1
6rO16riw6rSAICAgICAgICAgICAgICAgICAgICAgICAgICAgICAgICAgICAgICAg
ICAgICAgICAgICAgICAgICAgICAgICAgICAgICAgICAgICAgICAgICAgICAgICAg
ICAgICAgICAgICAgICAgICAgICAgICAgICAgICAgICAgICAgICAgICAgICAgICAg
ICAgICAgICAgICAgICAgICAgICAgICAgICAgICAgICAgICAgICAgICAgICAgICAg
ICAgICAgICAgICAgICAgICAgICAgICAgICAgICAgICAgICAgICAgICAgICAgICAg
ICAgIA0KZ292bl9vcmdhX25hbWUgIHwgL3NnOkNPTkdVQS9Hb3Zlcm5tZW50Lk9y
Z2FuaXphdGlvbi5EZXRhaWxzL09yZ2FuaXphdGlvbi5EZXRhaWxzL2NjOk9yZ2Fu
aXphdGlvbi5OYW1lL1RleHQuQ29udGVudCAgICAgICAgICAgICAgICAgICAgICAg
ICAgICAgICAgICB8IDEwMCAgfCBTdHJpbmcgICAgfCBtaW4gICAgICAgICAgICAg
ICAgICAgIHwgICAgICAgICAgICAgICAgICAgICAgICAgICAgICAgICAgICAgICAg
ICAgICAgICAgICB8IOqzteqzteq4sOq0gOuqhSAgICANCmdvdm5fb3JnYV9pZGVu
ICB8IC9zZzpDT05HVUEvR292ZXJubWVudC5Pcmdhbml6YXRpb24uRGV0YWlscy9P
cmdhbml6YXRpb24uRGV0YWlscy9jYzpPcmdhbml6YXRpb24uSWRlbnRpZmllci9J
ZGVudGlmaWVyLkNvbnRlbnQgICAgICAgICAgICAgICAgICAgICAgfCAxMyAgIHwg
U3RyaW5nICAgIHwgbWluICAgICAgICAgICAgICAgICAgICB8ICAgICAgICAgICAg
ICAgICAgICAgICAgICAgICAgICAgICAgICAgICAgICAgICAgICAgfCBHMkLrk7Hr
oZ3svZTrk5wgICANCmdvdm5fb3JnYV9hZGRuICB8IC9zZzpDT05HVUEvR292ZXJu
bWVudC5Pcmdhbml6YXRpb24uRGV0YWlscy9Pcmdhbml6YXRpb24uRGV0YWlscy9j
YzpPcmdhbml6YXRpb24uQWRkaXRpb25hbC5JZGVudGlmaWVyL0lkZW50aWZpZXIu
Q29udGVudCAgICAgICAgICAgfCAxMyAgIHwgU3RyaW5nICAgIHwgbWluICAgICAg
ICAgICAgICAgICAgICB8ICAgICAgICAgICAgICAgICAgICAgICAgICAgICAgICAg
ICAgICAgICAgICAgICAgICAgfCDsobDri6zssq3rk7HroZ3svZTrk5wNCmdvdm5f
b3ducl9uYW1lICB8IC9zZzpDT05HVUEvR292ZXJubWVudC5Pcmdhbml6YXRpb24u
RGV0YWlscy9Pcmdhbml6YXRpb24uRGV0YWlscy9jYzpPcmdhbml6YXRpb24uQ0VP
Lk5hbWUvVGV4dC5Db250ZW50ICAgICAgICAgICAgICAgICAgICAgICAgICAgICAg
fCAyMCAgIHwgU3RyaW5nICAgIHwgbWluICAgICAgICAgICAgICAgICAgICB8ICAg
ICAgICAgICAgICAgICAgICAgICAgICAgICAgICAgICAgICAgICAgICAgICAgICAg
fCDrjIDtkZzsnpDshLHrqoUgICAgDQojIOyekeyEseydvOyekCAgICAgICAgICAg
ICAgICAgICAgICAgICAgICAgICAgICAgICAgICAgICAgICAgICAgICAgICAgICAg
ICAgICAgICAgICAgICAgICAgICAgICAgICAgICAgICAgICAgICAgICAgICAgICAg
ICAgICAgICAgICAgICAgICAgICAgICAgICAgICAgICAgICAgICAgICAgICAgICAg
ICAgICAgICAgICAgICAgICAgICAgICAgICAgICAgICAgICAgICAgICAgICAgICAg
ICAgICAgICAgICAgICAgICAgICAgICAgICAgICAgICANCmRvY3VfaXNzdV9kYXRl
ICB8IC9zZzpDT05HVUEvY2M6RG9jdW1lbnQuSXNzdWUuRGF0ZS9EYXRlVGltZS5D
b250ZW50ICAgICAgICAgICAgICAgICAgICAgICAgICAgICAgICAgICAgICAgICAg
ICAgICAgICAgICAgICAgICAgICAgICAgICAgICAgICAgICAgICAgfCA4ICAgIHwg
U3RyaW5nICAgIHwgbWluICAgICAgICAgICAgICAgICAgICB8ICAgICAgICAgICAg
ICAgICAgICAgICAgICAgICAgICAgICAgICAgICAgICAgICAgICAgfCDsnpHshLHs
nbzsnpANCiMg7JeF66y06rWs67aEICAgICAgICAgICAgICAgICAgICAgICAgICAg
ICAgICAgICAgICAgICAgICAgICAgICAgICAgICAgICAgICAgICAgICAgICAgICAg
ICAgICAgICAgICAgICAgICAgICAgICAgICAgICAgICAgICAgICAgICAgICAgICAg
ICAgICAgICAgICAgICAgICAgICAgICAgICAgICAgICAgICAgICAgICAgICAgICAg
ICAgICAgICAgICAgICAgICAgICAgICAgICAgICAgICAgICAgICAgICAgICAgICAg
ICAgICAgICAgICAgICAgIA0KYnVzaV9jbGFzX2NvZGUgIHwgL3NnOkNPTkdVQS9j
YzpCdXNpbmVzcy5DbGFzc2lmaWNhdGlvbi5Db2RlL0NvZGUuQ29udGVudCAgICAg
ICAgICAgICAgICAgICAgICAgICAgICAgICAgICAgICAgICAgICAgICAgICAgICAg
ICAgICAgICAgICAgICAgICAgICAgICB8IDEgICAgfCBTdHJpbmcgICAgfCBtaW4g
ICAgICAgICAgICAgICAgICAgIHwgICAgICAgICAgICAgICAgICAgICAgICAgICAg
ICAgICAgICAgICAgICAgICAgICAgICB8IOyXheustOq1rOu2hOy9lOuTnAkJDQpi
dXNpX2NsYXNfbmFtZSAgfCAvc2c6Q09OR1VBL2NjOkJ1c2luZXNzLkNsYXNzaWZp
Y2F0aW9uLkNvZGUvQ29kZS5OYW1lICAgICAgICAgICAgICAgICAgICAgICAgICAg
ICAgICAgICAgICAgICAgICAgICAgICAgICAgICAgICAgICAgICAgICAgICAgICAg
ICAgIHwgMTAgICB8IFN0cmluZyAgICB8IG1pbiAgICAgICAgICAgICAgICAgICAg
fCAgICAgICAgICAgICAgICAgICAgICAgICAgICAgICAgICAgICAgICAgICAgICAg
ICAgIHwg7JeF66y06rWs67aE64K07JqpCQkNCiMg67O07Kad7IScKOymneq2jCnr
sojtmLggICAgICAgICAgICAgICAgICAgICAgICAgICAgICAgICAgICAgICAgICAg
ICAgICAgICAgICAgICAgICAgICAgICAgICAgICAgICAgICAgICAgICAgICAgICAg
ICAgICAgICAgICAgICAgICAgICAgICAgICAgICAgICAgICAgICAgICAgICAgICAg
ICAgICAgICAgICAgICAgICAgICAgICAgICAgICAgICAgICAgICAgICAgICAgICAg
ICAgICAgICAgICAgICAgICAgICAgICAgICAgICAgICAgICAgICAgIA0KYm9uZF9u
dW1iX3RleHQgIHwgL3NnOkNPTkdVQS9jYzpHdWFyYW50ZWUuRG9jdW1lbnROdW1i
ZXIuVGV4dC9UZXh0LkNvbnRlbnQgICAgICAgICAgICAgICAgICAgICAgICAgICAg
ICAgICAgICAgICAgICAgICAgICAgICAgICAgICAgICAgICAgICAgICAgICAgICB8
IDMwICAgfCBTdHJpbmcgICAgfCBtaW4gICAgICAgICAgICAgICAgICAgIHwgICAg
ICAgICAgICAgICAgICAgICAgICAgICAgICAgICAgICAgICAgICAgICAgICAgICB8
IOuztOymneyEnCjspp3qtowp67KI7Zi4DQojIOuztOymneuCtOyaqSAgICAgICAg
ICAgICAgICAgICAgICAgICAgICAgICAgICAgICAgICAgICAgICAgICAgICAgICAg
ICAgICAgICAgICAgICAgICAgICAgICAgICAgICAgICAgICAgICAgICAgICAgICAg
ICAgICAgICAgICAgICAgICAgICAgICAgICAgICAgICAgICAgICAgICAgICAgICAg
ICAgICAgICAgICAgICAgICAgICAgICAgICAgICAgICAgICAgICAgICAgICAgICAg
ICAgICAgICAgICAgICAgICAgICAgICAgICAgICAgICAgICANCmJvbmRfcGVubF90
ZXh0ICB8IC9zZzpDT05HVUEvQm9uZC5JbmZvcm1hdGlvbi5EZXRhaWxzL2NjOkd1
YXJhbnRlZS5BbW91bnQuVGV4dC9UZXh0LkNvbnRlbnQgICAgICAgICAgICAgICAg
ICAgICAgICAgICAgICAgICAgICAgICAgICAgICAgICAgICAgICAgICAgfCAxMDAg
IHwgU3RyaW5nICAgIHwgbWluICAgICAgICAgICAgICAgICAgICB8ICAgICAgICAg
ICAgICAgICAgICAgICAgICAgICAgICAgICAgICAgICAgICAgICAgICAgfCDrs7Ts
pp3quIjslaEo7ZWc6riAKQkgICAgICAgICAgICAgIA0KYm9uZF9wZW5sX2FtbnQg
IHwgL3NnOkNPTkdVQS9Cb25kLkluZm9ybWF0aW9uLkRldGFpbHMvY2M6R3VhcmFu
dGVlLkFtb3VudC9BbW91bnQuQ29udGVudCAgICAgICAgICAgICAgICAgICAgICAg
ICAgICAgICAgICAgICAgICAgICAgICAgICAgICAgICAgICAgICB8IDE1ICAgfCBE
ZWNpbWFsICAgfCBtaW4gICAgICAgICAgICAgICAgICAgIHwgICAgICAgICAgICAg
ICAgICAgICAgICAgICAgICAgICAgICAgICAgICAgICAgICAgICB8IOuztOymneq4
iOyVoSjsiKvsnpApCSAgICAgICAgICAgICAgDQpwZW5sX2N1cmNfY29kZSAgfCAv
c2c6Q09OR1VBL0JvbmQuSW5mb3JtYXRpb24uRGV0YWlscy9jYzpHdWFyYW50ZWUu
QW1vdW50L0Ftb3VudEN1cnJlbmN5LklkZW50aWZpY2F0aW9uLkNvZGUgICAgICAg
ICAgICAgICAgICAgICAgICAgICAgICAgICAgICAgICAgIHwgMyAgICB8IFN0cmlu
ZyAgICB8IG1pbiAgICAgICAgICAgICAgICAgICAgfCAgICAgICAgICAgICAgICAg
ICAgICAgICAgICAgICAgICAgICAgICAgICAgICAgICAgIHwg67O07Kad6riI7JWh
L+2Gte2ZlOy9lOuTnAkgICAgICANCmJvbmRfYmVnbl9kYXRlICB8IC9zZzpDT05H
VUEvQm9uZC5JbmZvcm1hdGlvbi5EZXRhaWxzL2NjOkd1YXJhbnRlZS5TdGFydC5E
YXRlL0RhdGVUaW1lLkNvbnRlbnQgICAgICAgICAgICAgICAgICAgICAgICAgICAg
ICAgICAgICAgICAgICAgICAgICAgICAgICAgfCA4ICAgIHwgU3RyaW5nICAgIHwg
bWluICAgICAgICAgICAgICAgICAgICB8ICAgICAgICAgICAgICAgICAgICAgICAg
ICAgICAgICAgICAgICAgICAgICAgICAgICAgfCDrs7Tspp3si5zsnpHsnbwJICAg
ICAgICAgICAgICANCmJvbmRfZm5zaF9kYXRlICB8IC9zZzpDT05HVUEvQm9uZC5J
bmZvcm1hdGlvbi5EZXRhaWxzL2NjOkd1YXJhbnRlZS5FbmQuRGF0ZS9EYXRlVGlt
ZS5Db250ZW50ICAgICAgICAgICAgICAgICAgICAgICAgICAgICAgICAgICAgICAg
ICAgICAgICAgICAgICAgICAgfCA4ICAgIHwgU3RyaW5nICAgIHwgbWluICAgICAg
ICAgICAgICAgICAgICB8ICAgICAgICAgICAgICAgICAgICAgICAgICAgICAgICAg
ICAgICAgICAgICAgICAgICAgfCDrs7Tspp3rp4zro4zsnbwJICAgICAgICAgICAg
ICANCmJvbmRfcHJlbV9hbW50ICB8IC9zZzpDT05HVUEvQm9uZC5JbmZvcm1hdGlv
bi5EZXRhaWxzL2NjOkluc3VyYW5jZS5BbW91bnQvQW1vdW50LkNvbnRlbnQgICAg
ICAgICAgICAgICAgICAgICAgICAgICAgICAgICAgICAgICAgICAgICAgICAgICAg
ICAgICAgICAgfCAxNSAgIHwgU3RyaW5nICAgIHwgbWluICAgICAgICAgICAgICAg
ICAgICB8ICAgICAgICAgICAgICAgICAgICAgICAgICAgICAgICAgICAgICAgICAg
ICAgICAgICAgfCDrs7Ttl5jro4wgICAgICAgICAgICAgICAgICAgICAgICANCnBy
ZW1fY3VyY19jb2RlICB8IC9zZzpDT05HVUEvQm9uZC5JbmZvcm1hdGlvbi5EZXRh
aWxzL2NjOkluc3VyYW5jZS5BbW91bnQvQW1vdW50Q3VycmVuY3kuSWRlbnRpZmlj
YXRpb24uQ29kZSAgICAgICAgICAgICAgICAgICAgICAgICAgICAgICAgICAgICAg
ICAgfCAzICAgIHwgU3RyaW5nICAgIHwgbWluICAgICAgICAgICAgICAgICAgICB8
ICAgICAgICAgICAgICAgICAgICAgICAgICAgICAgICAgICAgICAgICAgICAgICAg
ICAgfCDrs7Ttl5jro4wv7Ya17ZmU7L2U65OcCSAgICAgICAgICAgICAgDQpib25k
X3ByaWNfcmF0ZSAgfCAvc2c6Q09OR1VBL0JvbmQuSW5mb3JtYXRpb24uRGV0YWls
cy9jYzpHdWFyYW50ZWUuUHJpY2UuUmF0ZS9OdW1lcmljLkNvbnRlbnQgICAgICAg
ICAgICAgICAgICAgICAgICAgICAgICAgICAgICAgICAgICAgICAgICAgICAgICAg
IHwgNiAgICB8IFN0cmluZyAgICB8IG1pbiAgICAgICAgICAgICAgICAgICAgfCAg
ICAgICAgICAgICAgICAgICAgICAgICAgICAgICAgICAgICAgICAgICAgICAgICAg
IHwg67O07Kad6riI7JyoICAgICAgICAgICAgICAgICAgICAgIA0KYXBwbF9vcmdh
X25hbWUgIHwgL3NnOkNPTkdVQS9Cb25kLkluZm9ybWF0aW9uLkRldGFpbHMvV2Fy
cmFudGVlci5EZXRhaWxzL2NjOk9yZ2FuaXphdGlvbi5OYW1lL1RleHQuQ29udGVu
dCAgICAgICAgICAgICAgICAgICAgICAgICAgICAgICAgICAgICAgICAgICB8IDEw
MCAgfCBTdHJpbmcgICAgfCBtaW4gICAgICAgICAgICAgICAgICAgIHwgICAgICAg
ICAgICAgICAgICAgICAgICAgICAgICAgICAgICAgICAgICAgICAgICAgICB8IOqz
hOyVveyekC/sg4HtmLggICAgICAgICAgICAgICAgICAgDQphcHBsX29ycHNfZGl2
cyAgfCAvc2c6Q09OR1VBL0JvbmQuSW5mb3JtYXRpb24uRGV0YWlscy9XYXJyYW50
ZWVyLkRldGFpbHMvY2M6T3JnYW5pemF0aW9uT3JQZXJzb24uSWRlbnRpZmllci5J
bmRpY2F0b3IvSW5kaWNhdG9yLkNvbnRlbnQgICAgICAgICAgICAgIHwgMTMgICB8
IFN0cmluZyAgICB8IG1pbiAgICAgICAgICAgICAgICAgICAgfCAgICAgICAgICAg
ICAgICAgICAgICAgICAgICAgICAgICAgICAgICAgICAgICAgICAgIHwg6rOE7JW9
7J6QL+yCrOyXheyekC/so7zrr7zrk7HroZ3rsojtmLjqtazrtoQNCmFwcGxfb3Jw
c19pZGVuICB8IC9zZzpDT05HVUEvQm9uZC5JbmZvcm1hdGlvbi5EZXRhaWxzL1dh
cnJhbnRlZXIuRGV0YWlscy9jYzpPcmdhbml6YXRpb25PclBlcnNvbi5JZGVudGlm
aWVyL0lkZW50aWZpZXIuQ29udGVudCAgICAgICAgICAgICAgICAgICAgICAgfCAx
MyAgIHwgU3RyaW5nICAgIHwgbWluICAgICAgICAgICAgICAgICAgICB8ICAgICAg
ICAgICAgICAgICAgICAgICAgICAgICAgICAgICAgICAgICAgICAgICAgICAgfCDq
s4Tslb3snpAv7IKs7JeF7J6QL+yjvOuvvOuTseuhneuyiO2YuCAgICANCmFwcGxf
b3ducl9uYW1lICB8IC9zZzpDT05HVUEvQm9uZC5JbmZvcm1hdGlvbi5EZXRhaWxz
L1dhcnJhbnRlZXIuRGV0YWlscy9jYzpPcmdhbml6YXRpb24uQ0VPLk5hbWUvVGV4
dC5Db250ZW50ICAgICAgICAgICAgICAgICAgICAgICAgICAgICAgICAgICAgICAg
fCAzNSAgIHwgU3RyaW5nICAgIHwgbWluICAgICAgICAgICAgICAgICAgICB8ICAg
ICAgICAgICAgICAgICAgICAgICAgICAgICAgICAgICAgICAgICAgICAgICAgICAg
fCDqs4Tslb3snpAv64yA7ZGc7J6Q7ISx66qFICAgICAgICAgICAgIA0KY3JlZF9v
cmdhX25hbWUgIHwgL3NnOkNPTkdVQS9Cb25kLkluZm9ybWF0aW9uLkRldGFpbHMv
Q3JlZGl0b3IuRGV0YWlscy9jYzpPcmdhbml6YXRpb24uTmFtZS9UZXh0LkNvbnRl
bnQgICAgICAgICAgICAgICAgICAgICAgICAgICAgICAgICAgICAgICAgICAgICB8
IDEwMCAgfCBTdHJpbmcgICAgfCBtaW4gICAgICAgICAgICAgICAgICAgIHwgICAg
ICAgICAgICAgICAgICAgICAgICAgICAgICAgICAgICAgICAgICAgICAgICAgICB8
IOyxhOq2jOyekC/quLDqtIDrqoUJICAgICAgICAgICAgICANCmNyZWRfb3Jwc19k
aXZzICB8IC9zZzpDT05HVUEvQm9uZC5JbmZvcm1hdGlvbi5EZXRhaWxzL0NyZWRp
dG9yLkRldGFpbHMvY2M6T3JnYW5pemF0aW9uT3JQZXJzb24uSWRlbnRpZmllci5J
bmRpY2F0b3IvSW5kaWNhdG9yLkNvbnRlbnQgICAgICAgICAgICAgICAgfCAxMyAg
IHwgU3RyaW5nICAgIHwgbWluICAgICAgICAgICAgICAgICAgICB8ICAgICAgICAg
ICAgICAgICAgICAgICAgICAgICAgICAgICAgICAgICAgICAgICAgICAgfCDssYTq
tozsnpAv7IKs7JeF7J6QL+yjvOuvvOuTseuhneuyiO2YuOq1rOu2hA0KY3JlZF9v
cnBzX2lkZW4gIHwgL3NnOkNPTkdVQS9Cb25kLkluZm9ybWF0aW9uLkRldGFpbHMv
Q3JlZGl0b3IuRGV0YWlscy9jYzpPcmdhbml6YXRpb25PclBlcnNvbi5JZGVudGlm
aWVyL0lkZW50aWZpZXIuQ29udGVudCAgICAgICAgICAgICAgICAgICAgICAgICB8
IDEzICAgfCBTdHJpbmcgICAgfCBtaW4gICAgICAgICAgICAgICAgICAgIHwgICAg
ICAgICAgICAgICAgICAgICAgICAgICAgICAgICAgICAgICAgICAgICAgICAgICB8
IOyxhOq2jOyekC/sgqzsl4XsnpAv7KO866+865Ox66Gd67KI7Zi4ICAgIA0KYm9u
ZF9ob2xkX25hbWUgIHwgL3NnOkNPTkdVQS9Cb25kLkluZm9ybWF0aW9uLkRldGFp
bHMvQ3JlZGl0b3IuRGV0YWlscy9jYzpPcmdhbml6YXRpb24uQm9uZGhvbGRlci5O
YW1lL1RleHQuQ29udGVudCAgICAgICAgICAgICAgICAgICAgICAgICAgICAgICAg
ICAgICB8IDM1ICAgfCBTdHJpbmcgICAgfCBtaW4gICAgICAgICAgICAgICAgICAg
IHwgICAgICAgICAgICAgICAgICAgICAgICAgICAgICAgICAgICAgICAgICAgICAg
ICAgICB8IOyxhOq2jOyekC/ssYTqtozsnpDrqoUgICAgICAgICAgICAgICANCiMg
67O07Kad6rOE7JW9KOyjvOqzhOyVvSkgICAgICAgICAgICAgICAgICAgICAgICAg
ICAgICAgICAgICAgICAgICAgICAgICAgICAgICAgICAgICAgICAgICAgICAgICAg
ICAgICAgICAgICAgICAgICAgICAgICAgICAgICAgICAgICAgICAgICAgICAgICAg
ICAgICAgICAgICAgICAgICAgICAgICAgICAgICAgICAgICAgICAgICAgICAgICAg
ICAgICAgICAgICAgICAgICAgICAgICAgICAgICAgICAgICAgICAgICAgICAgICAg
ICAgICAgICAgIA0KY29udF9uYW1lX3RleHQgIHwgL3NnOkNPTkdVQS9Cb25kLk1h
aW5Db250cmFjdC5EZXRhaWxzL2NjOkNvbnRyYWN0Lk5hbWUuVGV4dC9UZXh0LkNv
bnRlbnQgICAgICAgICAgICAgICAgICAgICAgICAgICAgICAgICAgICAgICAgICAg
ICAgICAgICAgICAgICAgICB8IDEwMCAgfCBTdHJpbmcgICAgfCBtaW4gICAgICAg
ICAgICAgICAgICAgIHwgICAgICAgICAgICAgICAgICAgICAgICAgICAgICAgICAg
ICAgICAgICAgICAgICAgICB8IOqzhOyVveqxtOuqhQkgICAgICAgIA0KY29udF9t
YWluX2FtbnQgIHwgL3NnOkNPTkdVQS9Cb25kLk1haW5Db250cmFjdC5EZXRhaWxz
L2NjOkNvbnRyYWN0LkFtb3VudC9BbW91bnQuQ29udGVudCAgICAgICAgICAgICAg
ICAgICAgICAgICAgICAgICAgICAgICAgICAgICAgICAgICAgICAgICAgICAgICB8
IDE1ICAgfCBEZWNpbWFsICAgfCBtaW4gICAgICAgICAgICAgICAgICAgIHwgICAg
ICAgICAgICAgICAgICAgICAgICAgICAgICAgICAgICAgICAgICAgICAgICAgICB8
IOqzhOyVveq4iOyVoQkgICAgICAgIA0KY29udF9jdXJjX2NvZGUgIHwgL3NnOkNP
TkdVQS9Cb25kLk1haW5Db250cmFjdC5EZXRhaWxzL2NjOkNvbnRyYWN0LkFtb3Vu
dC9BbW91bnRDdXJyZW5jeS5JZGVudGlmaWNhdGlvbi5Db2RlICAgICAgICAgICAg
ICAgICAgICAgICAgICAgICAgICAgICAgICAgICB8IDMgICAgfCBTdHJpbmcgICAg
fCBtaW4gICAgICAgICAgICAgICAgICAgIHwgICAgICAgICAgICAgICAgICAgICAg
ICAgICAgICAgICAgICAgICAgICAgICAgICAgICB8IOqzhOyVveq4iOyVoS/thrXt
mZTsvZTrk5wJDQpjb250X251bWJfdGV4dCAgfCAvc2c6Q09OR1VBL0JvbmQuTWFp
bkNvbnRyYWN0LkRldGFpbHMvY2M6Q29udHJhY3QuTnVtYmVyLlRleHQvVGV4dC5D
b250ZW50ICAgICAgICAgICAgICAgICAgICAgICAgICAgICAgICAgICAgICAgICAg
ICAgICAgICAgICAgICAgIHwgMzAgICB8IFN0cmluZyAgICB8IG1pbiAgICAgICAg
ICAgICAgICAgICAgfCAgICAgICAgICAgICAgICAgICAgICAgICAgICAgICAgICAg
ICAgICAgICAgICAgICAgIHwg6rOE7JW967KI7Zi4CSAgICAgICAgDQpjb250X21h
aW5fZGF0ZSAgfCAvc2c6Q09OR1VBL0JvbmQuTWFpbkNvbnRyYWN0LkRldGFpbHMv
Y2M6Q29udHJhY3QuRGF0ZS9EYXRlVGltZS5Db250ZW50ICAgICAgICAgICAgICAg
ICAgICAgICAgICAgICAgICAgICAgICAgICAgICAgICAgICAgICAgICAgICAgIHwg
OCAgICB8IFN0cmluZyAgICB8IG1pbiAgICAgICAgICAgICAgICAgICAgfCAgICAg
ICAgICAgICAgICAgICAgICAgICAgICAgICAgICAgICAgICAgICAgICAgICAgIHwg
6rOE7JW97J287J6QICAgICAgICAgICAgICAgIA0KY29udF9iZWduX2RhdGUgIHwg
L3NnOkNPTkdVQS9Cb25kLk1haW5Db250cmFjdC5EZXRhaWxzL0NvbnRyYWN0LlBl
cmlvZC5EZXRhaWxzL2NjOkNvbnRyYWN0LlN0YXJ0LkRhdGUvRGF0ZVRpbWUuQ29u
dGVudCAgICAgICAgICAgICAgICAgICAgICAgICAgICAgICB8IDggICAgfCBTdHJp
bmcgICAgfCBtaW4gICAgICAgICAgICAgICAgICAgIHwgICAgICAgICAgICAgICAg
ICAgICAgICAgICAgICAgICAgICAgICAgICAgICAgICAgICB8IOqzhOyVveq4sOqw
hC/qs4Tslb3si5zsnpHsnbwgICAgIA0KY29udF9mbnNoX2RhdGUgIHwgL3NnOkNP
TkdVQS9Cb25kLk1haW5Db250cmFjdC5EZXRhaWxzL0NvbnRyYWN0LlBlcmlvZC5E
ZXRhaWxzL2NjOkNvbnRyYWN0LkVuZC5EYXRlL0RhdGVUaW1lLkNvbnRlbnQgICAg
ICAgICAgICAgICAgICAgICAgICAgICAgICAgICB8IDggICAgfCBTdHJpbmcgICAg
fCBtaW4gICAgICAgICAgICAgICAgICAgIHwgICAgICAgICAgICAgICAgICAgICAg
ICAgICAgICAgICAgICAgICAgICAgICAgICAgICB8IOqzhOyVveq4sOqwhC/qs4Ts
lb3rp4zro4zsnbwgICAgIA0KIyDtirnquLDsgqztla0gICAgICAgICAgICAgICAg
ICAgICAgICAgICAgICAgICAgICAgICAgICAgICAgICAgICAgICAgICAgICAgICAg
ICAgICAgICAgICAgICAgICAgICAgICAgICAgICAgICAgICAgICAgICAgICAgICAg
ICAgICAgICAgICAgICAgICAgICAgICAgICAgICAgICAgICAgICAgICAgICAgICAg
ICAgICAgICAgICAgICAgICAgICAgICAgICAgICAgICAgICAgICAgICAgICAgICAg
ICAgICAgICAgICAgICAgICAgICAgICAgICAgDQpzcGNsX2NvbmRfdGV4dCAgfCAv
c2c6Q09OR1VBL2NjOlNwZWNpYWxDb25kaXRpb24uVGV4dC9UZXh0LkNvbnRlbnQg
ICAgICAgICAgICAgICAgICAgICAgICAgICAgICAgICAgICAgICAgICAgICAgICAg
ICAgICAgICAgICAgICAgICAgICAgICAgICAgICAgICAgIHwgNTAwICB8IFN0cmlu
ZyAgICB8IG1pbiAgICAgICAgICAgICAgICAgICAgfCAgICAgICAgICAgICAgICAg
ICAgICAgICAgICAgICAgICAgICAgICAgICAgICAgICAgIHwg7Yq56riw7IKs7ZWt
DQojIO2KueuzhOyVveq0gCAgICAgICAgICAgICAgICAgICAgICAgICAgICAgICAg
ICAgICAgICAgICAgICAgICAgICAgICAgICAgICAgICAgICAgICAgICAgICAgICAg
ICAgICAgICAgICAgICAgICAgICAgICAgICAgICAgICAgICAgICAgICAgICAgICAg
ICAgICAgICAgICAgICAgICAgICAgICAgICAgICAgICAgICAgICAgICAgICAgICAg
ICAgICAgICAgICAgICAgICAgICAgICAgICAgICAgICAgICAgICAgICAgICAgICAg
ICAgICAgICAgICANCnNwY2xfcHJvdl90ZXh0ICB8IC9zZzpDT05HVUEvY2M6U3Bl
Y2lhbFByb3Zpc2lvbi5UZXh0L1RleHQuQ29udGVudCAgICAgICAgICAgICAgICAg
ICAgICAgICAgICAgICAgICAgICAgICAgICAgICAgICAgICAgICAgICAgICAgICAg
ICAgICAgICAgICAgICAgICAgICAgfCAyMDAgIHwgU3RyaW5nICAgIHwgbWluICAg
ICAgICAgICAgICAgICAgICB8ICAgICAgICAgICAgICAgICAgICAgICAgICAgICAg
ICAgICAgICAgICAgICAgICAgICAgfCDtirnrs4Tslb3qtIANCiMg67O07Kad66y4
ICAgICAgICAgICAgICAgICAgICAgICAgICAgICAgICAgICAgICAgICAgICAgICAg
ICAgICAgICAgICAgICAgICAgICAgICAgICAgICAgICAgICAgICAgICAgICAgICAg
ICAgICAgICAgICAgICAgICAgICAgICAgICAgICAgICAgICAgICAgICAgICAgICAg
ICAgICAgICAgICAgICAgICAgICAgICAgICAgICAgICAgICAgICAgICAgICAgICAg
ICAgICAgICAgICAgICAgICAgICAgICAgICAgICAgICAgICAgICAgICAgICAgDQpi
b25kX3N0YXRfdGV4dCAgfCAvc2c6Q09OR1VBL2NjOkd1YXJhbnRlZS5TdGF0ZW1l
bnQuVGV4dC9UZXh0LkNvbnRlbnQgICAgICAgICAgICAgICAgICAgICAgICAgICAg
ICAgICAgICAgICAgICAgICAgICAgICAgICAgICAgICAgICAgICAgICAgICAgICAg
ICAgIHwgMTAwICB8IFN0cmluZyAgICB8IG1pbiAgICAgICAgICAgICAgICAgICAg
fCAgICAgICAgICAgICAgICAgICAgICAgICAgICAgICAgICAgICAgICAgICAgICAg
ICAgIHwg67O07Kad66y4DQojIOuwnO2WieyekCAgICAgICAgICAgICAgICAgICAg
ICAgICAgICAgICAgICAgICAgICAgICAgICAgICAgICAgICAgICAgICAgICAgICAg
ICAgICAgICAgICAgICAgICAgICAgICAgICAgICAgICAgICAgICAgICAgICAgICAg
ICAgICAgICAgICAgICAgICAgICAgICAgICAgICAgICAgICAgICAgICAgICAgICAg
ICAgICAgICAgICAgICAgICAgICAgICAgICAgICAgICAgICAgICAgICAgICAgICAg
ICAgICAgICAgICAgICAgICAgICAgICAgIA0KaXNzdV9hZGRyX3R4dDEgIHwgL3Nn
OkNPTkdVQS9Jc3N1ZXIuRGV0YWlscy9jYzpBZGRyZXNzLkxpbmUxLlRleHQvVGV4
dC5Db250ZW50ICAgICAgICAgICAgICAgICAgICAgICAgICAgICAgICAgICAgICAg
ICAgICAgICAgICAgICAgICAgICAgICAgICAgICAgICB8IDEwMCAgfCBTdHJpbmcg
ICAgfCBtaW4gICAgICAgICAgICAgICAgICAgIHwgICAgICAgICAgICAgICAgICAg
ICAgICAgICAgICAgICAgICAgICAgICAgICAgICAgICB8IOyjvOyGjDEgICAgICAg
ICAgICAgIA0KaXNzdV9hZGRyX3R4dDIgIHwgL3NnOkNPTkdVQS9Jc3N1ZXIuRGV0
YWlscy9jYzpBZGRyZXNzLkxpbmUyLlRleHQvVGV4dC5Db250ZW50ICAgICAgICAg
ICAgICAgICAgICAgICAgICAgICAgICAgICAgICAgICAgICAgICAgICAgICAgICAg
ICAgICAgICAgICAgICB8IDEwMCAgfCBTdHJpbmcgICAgfCBtaW4gICAgICAgICAg
ICAgICAgICAgIHwgICAgICAgICAgICAgICAgICAgICAgICAgICAgICAgICAgICAg
ICAgICAgICAgICAgICB8IOyjvOyGjDIJICAgICAgICAgICANCmlzc3Vfb3JnYV9u
YW1lICB8IC9zZzpDT05HVUEvSXNzdWVyLkRldGFpbHMvY2M6T3JnYW5pemF0aW9u
Lk5hbWUvVGV4dC5Db250ZW50ICAgICAgICAgICAgICAgICAgICAgICAgICAgICAg
ICAgICAgICAgICAgICAgICAgICAgICAgICAgICAgICAgICAgICAgICAgfCAxMDAg
IHwgU3RyaW5nICAgIHwgbWluICAgICAgICAgICAgICAgICAgICB8ICAgICAgICAg
ICAgICAgICAgICAgICAgICAgICAgICAgICAgICAgICAgICAgICAgICAgfCDsg4Ht
mLggICAgICAgICAgICAgICANCmlzc3Vfb3ducl9uYW1lICB8IC9zZzpDT05HVUEv
SXNzdWVyLkRldGFpbHMvY2M6T3JnYW5pemF0aW9uLkNFTy5OYW1lL1RleHQuQ29u
dGVudCAgICAgICAgICAgICAgICAgICAgICAgICAgICAgICAgICAgICAgICAgICAg
ICAgICAgICAgICAgICAgICAgICAgICAgfCAyMCAgIHwgU3RyaW5nICAgIHwgbWlu
ICAgICAgICAgICAgICAgICAgICB8ICAgICAgICAgICAgICAgICAgICAgICAgICAg
ICAgICAgICAgICAgICAgICAgICAgICAgfCDrjIDtkZzsnpDshLHrqoUJICAgDQpp
c3N1X2RlcHRfbmFtZSAgfCAvc2c6Q09OR1VBL0lzc3Vlci5EZXRhaWxzL0FnZW5j
eS5EZXRhaWxzL2NjOkRlcGFydG1lbnQuTmFtZS9UZXh0LkNvbnRlbnQgICAgICAg
ICAgICAgICAgICAgICAgICAgICAgICAgICAgICAgICAgICAgICAgICAgICAgICAg
ICAgIHwgMzAgICB8IFN0cmluZyAgICB8IG1pbiAgICAgICAgICAgICAgICAgICAg
fCAgICAgICAgICAgICAgICAgICAgICAgICAgICAgICAgICAgICAgICAgICAgICAg
ICAgIHwg64yA66as7J24L+u2gOyEnCjrjIDrpqzsoJApDQppc3N1X2RlcHRfb3du
ciAgfCAvc2c6Q09OR1VBL0lzc3Vlci5EZXRhaWxzL0FnZW5jeS5EZXRhaWxzL2Nj
OkVtcGxveWVlLk5hbWUvVGV4dC5Db250ZW50ICAgICAgICAgICAgICAgICAgICAg
ICAgICAgICAgICAgICAgICAgICAgICAgICAgICAgICAgICAgICAgIHwgMjAgICB8
IFN0cmluZyAgICB8IG1pbiAgICAgICAgICAgICAgICAgICAgfCAgICAgICAgICAg
ICAgICAgICAgICAgICAgICAgICAgICAgICAgICAgICAgICAgICAgIHwg64yA66as
7J24L+yEseuqhSAgICAgICAgDQpjaHJnX25hbWVfdGV4dCAgfCAvc2c6Q09OR1VB
L0lzc3Vlci5EZXRhaWxzL0NoYXJnZS5QZXJzb24uRGV0YWlscy9jYzpFbXBsb3ll
ZS5OYW1lL1RleHQuQ29udGVudCAgICAgICAgICAgICAgICAgICAgICAgICAgICAg
ICAgICAgICAgICAgICAgICAgICAgICAgIHwgMjAgICB8IFN0cmluZyAgICB8IG1p
biAgICAgICAgICAgICAgICAgICAgfCAgICAgICAgICAgICAgICAgICAgICAgICAg
ICAgICAgICAgICAgICAgICAgICAgICAgIHwg64u064u57J6QL+yEseuqhQkgICAN
CmNocmdfcGhvbl90ZXh0ICB8IC9zZzpDT05HVUEvSXNzdWVyLkRldGFpbHMvQ2hh
cmdlLlBlcnNvbi5EZXRhaWxzL2NjOlRlbGVwaG9uZS5OdW1iZXIuVGV4dC9UZXh0
LkNvbnRlbnQgICAgICAgICAgICAgICAgICAgICAgICAgICAgICAgICAgICAgICAg
ICAgICAgfCAyMCAgIHwgU3RyaW5nICAgIHwgbWluICAgICAgICAgICAgICAgICAg
ICB8ICAgICAgICAgICAgICAgICAgICAgICAgICAgICAgICAgICAgICAgICAgICAg
ICAgICAgfCDri7Tri7nsnpAv7KCE7ZmUICAgICAgICANCmNocmdfZmF4c190ZXh0
ICB8IC9zZzpDT05HVUEvSXNzdWVyLkRldGFpbHMvQ2hhcmdlLlBlcnNvbi5EZXRh
aWxzL2NjOkZheC5OdW1iZXIuVGV4dC9UZXh0LkNvbnRlbnQgICAgICAgICAgICAg
ICAgICAgICAgICAgICAgICAgICAgICAgICAgICAgICAgICAgICAgfCAyMCAgIHwg
U3RyaW5nICAgIHwgbWluICAgICAgICAgICAgICAgICAgICB8ICAgICAgICAgICAg
ICAgICAgICAgICAgICAgICAgICAgICAgICAgICAgICAgICAgICAgfCDri7Tri7ns
npAvRmF4IOuyiO2YuCAgICANCiMg67mE6rOgICAgICAgICAgICAgICAgICAgICAg
ICAgICAgICAgICAgICAgICAgICAgICAgICAgICAgICAgICAgICAgICAgICAgICAg
ICAgICAgICAgICAgICAgICAgICAgICAgICAgICAgICAgICAgICAgICAgICAgICAg
ICAgICAgICAgICAgICAgICAgICAgICAgICAgICAgICAgICAgICAgICAgICAgICAg
ICAgICAgICAgICAgICAgICAgICAgICAgICAgICAgICAgICAgICAgICAgICAgICAg
ICAgICAgICAgICAgICAgICAgICAgICAgICANCmdlbmVfbm90ZV90ZXh0ICB8IC9z
ZzpDT05HVUEvY2M6R2VuZXJhbC5Ob3RlLlRleHQvVGV4dC5Db250ZW50ICAgICAg
ICAgICAgICAgICAgICAgICAgICAgICAgICAgICAgICAgICAgICAgICAgICAgICAg
ICAgICAgICAgICAgICAgICAgICAgICAgICAgICAgICAgfCAxMDAgIHwgU3RyaW5n
ICAgIHwgbWluICAgICAgICAgICAgICAgICAgICB8ICAgICAgICAgICAgICAgICAg
ICAgICAgICAgICAgICAgICAgICAgICAgICAgICAgICAgfCDruYTqs6ANCg==