IyAgICC03MPguO0gICAgIHwgICAgICAgIFhQYXRoICAgICAgICAgICAgICAgICAg
ICAgICAgICAgICAgICAgICAgICAgICAgICAgICAgICAgICAJCQkJICAgICAgICAg
ICAgICAgICAgICAgICAgICAgICAgICAgICAgICAgICAgICAgICAgICAgICAgICAg
ICB8ILHmwMwgfCDFuMDUICAgICAgfCC53bq5IL+pus4gudcgx8q89r+pus4gIHwg
ud26ub3DwNsgxcKx1yAgICAgICAgICAgICAgICAgICAgICAgICAgICAgICAgICAg
ICAgICAgICAgICAgICAgICAgIHwgx9e48SAgICAgICAgICAgDQojIEhFQUQgICAg
ICAgICAgICAgICAgICAgICAgICAgICAgICAgICAgICAgICAgICAgICAgICAgICAg
ICAgICAgICAgICAgICAgICAgICAgICAgICAgICAgICAgICAgICAgICAgICAgICAg
ICAgICAgICAgICAgICAgICAgICAgICAgICAgICAgICAgICAgICAgICAgICAgICAg
ICAgICAgICAgICAgICAgICAgICAgICAgICAgICAgICAgICAgICAgICAgICAgICAg
ICAgICAgICAgICAgICAgICAgICAgICAgICAgICAgICAgICAgICAgICAgICAgICAg
ICAgICAgICAgICAgDQpoZWFkX21lc2dfc2VuZCAgfCAvc2c6RkxSR1VBL0hlYWRl
ci5EZXRhaWxzL2NjOk1lc3NhZ2UuU2VuZGVyLklkZW50aWZpZXIvSWRlbnRpZmll
ci5Db250ZW50ICAgICAgICAgICAgICAgICAgICAgICAgICAgICAgICAgICAgICAg
ICAgICAgICAgICAgICAgICAgIHwgMTMgICB8IFN0cmluZyAgICB8IG5lY2Vzc2Fy
eSAgICAgICAgICAgICAgfCAgICAgICAgICAgICAgICAgICAgICAgICAgICAgICAg
ICAgICAgICAgICAgICAgICAgICAgICAgICAgICAgICAgICAgfCDA/LmuvNu9xbHi
sPwJICAgICAgICAgIA0KaGVhZF9tZXNnX3JlY3YgIHwgL3NnOkZMUkdVQS9IZWFk
ZXIuRGV0YWlscy9jYzpNZXNzYWdlLlJlY2VpdmVyLklkZW50aWZpZXIvSWRlbnRp
Zmllci5Db250ZW50ICAgICAgICAgICAgICAgICAgICAgICAgICAgICAgICAgICAg
ICAgICAgICAgICAgICAgICAgICB8IDEzICAgfCBTdHJpbmcgICAgfCBuZWNlc3Nh
cnkgICAgICAgICAgICAgIHwgICAgICAgICAgICAgICAgICAgICAgICAgICAgICAg
ICAgICAgICAgICAgICAgICAgICAgICAgICAgICAgICAgICAgIHwgwPy5rrz2vcWx
4rD8CSAgICAgICAgICANCmhlYWRfZnVuY19jb2RlICB8IC9zZzpGTFJHVUEvSGVh
ZGVyLkRldGFpbHMvY2M6TWVzc2FnZS5GdW5jdGlvbi5Db2RlL0NvZGUuQ29udGVu
dCAgICAgICAgICAgICAgICAgICAgICAgICAgICAgICAgICAgICAgICAgICAgICAg
ICAgICAgICAgICAgICAgICAgICAgfCAyICAgIHwgU3RyaW5nICAgIHwgbmVjZXNz
YXJ5ICAgICAgICAgICAgICB8ICAgICAgICAgICAgICAgICAgICAgICAgICAgICAg
ICAgICAgICAgICAgICAgICAgICAgICAgICAgICAgICAgICAgICB8ILmuvK2x4rTJ
CSAgICAgICAgICANCmhlYWRfbWVzZ190eXBlICB8IC9zZzpGTFJHVUEvSGVhZGVy
LkRldGFpbHMvY2M6TWVzc2FnZS5UeXBlLklkZW50aWZpZXIvSWRlbnRpZmllci5D
b250ZW50ICAgICAgICAgICAgICAgICAgICAgICAgICAgICAgICAgICAgICAgICAg
ICAgICAgICAgICAgICAgICAgfCA2ICAgIHwgU3RyaW5nICAgIHwgbmVjZXNzYXJ5
ICAgICAgICAgICAgICB8ICAgICAgICAgICAgICAgICAgICAgICAgICAgICAgICAg
ICAgICAgICAgICAgICAgICAgICAgICAgICAgICAgICAgICB8ILmuvK3E2rXlCSAg
ICAgICAgICANCmhlYWRfbWVzZ19uYW1lICB8IC9zZzpGTFJHVUEvSGVhZGVyLkRl
dGFpbHMvY2M6TWVzc2FnZS5OYW1lL1RleHQuQ29udGVudCAgICAgICAgICAgICAg
ICAgICAgICAgICAgICAgICAgICAgICAgICAgICAgICAgICAgICAgICAgICAgICAg
ICAgICAgICAgICAgICAgfCAzMCAgIHwgU3RyaW5nICAgIHwgbmVjZXNzYXJ5ICAg
ICAgICAgICAgICB8ICAgICAgICAgICAgICAgICAgICAgICAgICAgICAgICAgICAg
ICAgICAgICAgICAgICAgICAgICAgICAgICAgICAgICB8ILmuvK247QkgICAgICAg
ICAgICAgICAgICANCmhlYWRfbWVzZ192ZXJzICB8IC9zZzpGTFJHVUEvSGVhZGVy
LkRldGFpbHMvY2M6TWVzc2FnZS5WZXJzaW9uLlRleHQvVGV4dC5Db250ZW50ICAg
ICAgICAgICAgICAgICAgICAgICAgICAgICAgICAgICAgICAgICAgICAgICAgICAg
ICAgICAgICAgICAgICAgICAgfCAxMCAgIHwgU3RyaW5nICAgIHwgbWluICAgICAg
ICAgICAgICAgICAgICB8ICAgICAgICAgICAgICAgICAgICAgICAgICAgICAgICAg
ICAgICAgICAgICAgICAgICAgICAgICAgICAgICAgICAgICB8IMD8wNq5rrytufbA
/AkgICAgICAgICAgDQpoZWFkX2RvY3VfbnVtYiAgfCAvc2c6RkxSR1VBL0hlYWRl
ci5EZXRhaWxzL2NjOkRvY3VtZW50Lk51bWJlci5UZXh0L1RleHQuQ29udGVudCAg
ICAgICAgICAgICAgICAgICAgICAgICAgICAgICAgICAgICAgICAgICAgICAgICAg
ICAgICAgICAgICAgICAgICAgIHwgMzAgICB8IFN0cmluZyAgICB8IG5lY2Vzc2Fy
eSAgICAgICAgICAgICAgfCAgICAgICAgICAgICAgICAgICAgICAgICAgICAgICAg
ICAgICAgICAgICAgICAgICAgICAgICAgICAgICAgICAgICAgfCC5rrytufjIowkg
ICAgICAgICAgDQpoZWFkX21hbmdfbnVtYiAgfCAvc2c6RkxSR1VBL0hlYWRlci5E
ZXRhaWxzL2NjOkRvY3VtZW50Lk1hbmFnZW1lbnROdW1iZXIuVGV4dC9UZXh0LkNv
bnRlbnQgICAgICAgICAgICAgICAgICAgICAgICAgICAgICAgICAgICAgICAgICAg
ICAgICAgICAgICAgICAgIHwgNzAgICB8IFN0cmluZyAgICB8IG5lY2Vzc2FyeSAg
ICAgICAgICAgICAgfCAgICAgICAgICAgICAgICAgICAgICAgICAgICAgICAgICAg
ICAgICAgICAgICAgICAgICAgICAgICAgICAgICAgICAgfCC5rrytsPy4rrn4yKMJ
ICAgICAgICAgIA0KaGVhZF9yZWZyX251bWIgIHwgL3NnOkZMUkdVQS9IZWFkZXIu
RGV0YWlscy9jYzpEb2N1bWVudC5SZWZlcmVuY2VOdW1iZXIuVGV4dC9UZXh0LkNv
bnRlbnQgICAgICAgICAgICAgICAgICAgICAgICAgICAgICAgICAgICAgICAgICAg
ICAgICAgICAgICAgICAgICB8IDMwICAgfCBTdHJpbmcgICAgfCBuZWNlc3Nhcnkg
ICAgICAgICAgICAgIHwgICAgICAgICAgICAgICAgICAgICAgICAgICAgICAgICAg
ICAgICAgICAgICAgICAgICAgICAgICAgICAgICAgICAgIHwgwvzBtrn4yKMJICAg
ICAgICAgIA0KaGVhZF90aXRsX25hbWUgIHwgL3NnOkZMUkdVQS9IZWFkZXIuRGV0
YWlscy9jYzpEb2N1bWVudC5UaXRsZS5OYW1lL1RleHQuQ29udGVudCAgICAgICAg
ICAgICAgICAgICAgICAgICAgICAgICAgICAgICAgICAgICAgICAgICAgICAgICAg
ICAgICAgICAgICAgICB8IDMwICAgfCBTdHJpbmcgICAgfCBuZWNlc3NhcnkgICAg
ICAgICAgICAgIHwgICAgICAgICAgICAgICAgICAgICAgICAgICAgICAgICAgICAg
ICAgICAgICAgICAgICAgICAgICAgICAgICAgICAgIHwgua68rbCzv+QgICAgICAg
ICAgICAgICAgICANCmhlYWRfb3JnYV9jb2RlICB8IC9zZzpGTFJHVUEvSGVhZGVy
LkRldGFpbHMvY2M6T3JnYW5pemF0aW9uLkNvZGUuSWRlbnRpZmllci9JZGVudGlm
aWVyLkNvbnRlbnQgICAgICAgICAgICAgICAgICAgICAgICAgICAgICAgICAgICAg
ICAgICAgICAgICAgICAgICAgfCAzICAgIHwgU3RyaW5nICAgIHwgbWluICAgICAg
ICAgICAgICAgICAgICB8ICAgICAgICAgICAgICAgICAgICAgICAgICAgICAgICAg
ICAgICAgICAgICAgICAgICAgICAgICAgICAgICAgICAgICB8IL+ssOix4rD8xNq1
5Q0KIyC6uMH1seKw/CAgICAgICAgICAgICAgICAgICAgICAgICAgICAgICAgICAg
ICAgICAgICAgICAgICAgICAgICAgICAgICAgICAgICAgICAgICAgICAgICAgICAg
ICAgICAgICAgICAgICAgICAgICAgICAgICAgICAgICAgICAgICAgICAgICAgICAg
ICAgICAgICAgICAgICAgICAgICAgICAgICAgICAgICAgICAgICAgICAgICAgICAg
ICAgICAgICAgICAgICAgICAgICAgICAgICAgICAgICAgICAgICAgICAgICAgICAg
ICAgICAgICAgICAgICAgICAgICAgICAgIA0KYm9uZF9vcmdhX25hbWUgIHwgL3Nn
OkZMUkdVQS9Cb25kLk9yZ2FuaXphdGlvbi5EZXRhaWxzL09yZ2FuaXphdGlvbi5E
ZXRhaWxzL2NjOk9yZ2FuaXphdGlvbi5OYW1lL1RleHQuQ29udGVudCAgICAgICAg
ICAgICAgICAgICAgICAgICAgICAgICAgICAgICAgICB8IDEwMCAgfCBTdHJpbmcg
ICAgfCBtaW4gICAgICAgICAgICAgICAgICAgIHwgICAgICAgICAgICAgICAgICAg
ICAgICAgICAgICAgICAgICAgICAgICAgICAgICAgICAgICAgICAgICAgICAgICAg
IHwgurjB9bHisPy47SAgICANCmJvbmRfb3JnYV9pZGVuICB8IC9zZzpGTFJHVUEv
Qm9uZC5Pcmdhbml6YXRpb24uRGV0YWlscy9Pcmdhbml6YXRpb24uRGV0YWlscy9j
YzpPcmdhbml6YXRpb24uSWRlbnRpZmllci9JZGVudGlmaWVyLkNvbnRlbnQgICAg
ICAgICAgICAgICAgICAgICAgICAgICAgfCAxMyAgIHwgU3RyaW5nICAgIHwgbWlu
ICAgICAgICAgICAgICAgICAgICB8ICAgICAgICAgICAgICAgICAgICAgICAgICAg
ICAgICAgICAgICAgICAgICAgICAgICAgICAgICAgICAgICAgICAgICB8IEcyQrXu
t8/E2rXlICAgDQpib25kX29yZ2FfYWRkbiAgfCAvc2c6RkxSR1VBL0JvbmQuT3Jn
YW5pemF0aW9uLkRldGFpbHMvT3JnYW5pemF0aW9uLkRldGFpbHMvY2M6T3JnYW5p
emF0aW9uLkFkZGl0aW9uYWwuSWRlbnRpZmllci9JZGVudGlmaWVyLkNvbnRlbnQg
ICAgICAgICAgICAgICAgIHwgMTMgICB8IFN0cmluZyAgICB8IG1pbiAgICAgICAg
ICAgICAgICAgICAgfCAgICAgICAgICAgICAgICAgICAgICAgICAgICAgICAgICAg
ICAgICAgICAgICAgICAgICAgICAgICAgICAgICAgICAgfCDBtrTew7u17rfPxNq1
5Q0KYm9uZF9vcmdhX2NlbyAgIHwgL3NnOkZMUkdVQS9Cb25kLk9yZ2FuaXphdGlv
bi5EZXRhaWxzL09yZ2FuaXphdGlvbi5EZXRhaWxzL2NjOk9yZ2FuaXphdGlvbi5D
RU8uTmFtZS9UZXh0LkNvbnRlbnQgICAgICAgICAgICAgICAgICAgICAgICAgICAg
ICAgICAgICB8IDM1ICAgfCBTdHJpbmcgICAgfCBtaW4gICAgICAgICAgICAgICAg
ICAgIHwgICAgICAgICAgICAgICAgICAgICAgICAgICAgICAgICAgICAgICAgICAg
ICAgICAgICAgICAgICAgICAgICAgICAgIHwgtOvHpcDavLq47SAgICANCiMgsPiw
+LHisPwgICAgICAgICAgICAgICAgICAgICAgICAgICAgICAgICAgICAgICAgICAg
ICAgICAgICAgICAgICAgICAgICAgICAgICAgICAgICAgICAgICAgICAgICAgICAg
ICAgICAgICAgICAgICAgICAgICAgICAgICAgICAgICAgICAgICAgICAgICAgICAg
ICAgICAgICAgICAgICAgICAgICAgICAgICAgICAgICAgICAgICAgICAgICAgICAg
ICAgICAgICAgICAgICAgICAgICAgICAgICAgICAgICAgICAgICAgICAgICAgICAg
ICAgICAgICAgICAgICAgICANCmdvdm5fb3JnYV9uYW1lICB8IC9zZzpGTFJHVUEv
R292ZXJubWVudC5Pcmdhbml6YXRpb24uRGV0YWlscy9Pcmdhbml6YXRpb24uRGV0
YWlscy9jYzpPcmdhbml6YXRpb24uTmFtZS9UZXh0LkNvbnRlbnQgICAgICAgICAg
ICAgICAgICAgICAgICAgICAgICAgICAgfCAxMDAgIHwgU3RyaW5nICAgIHwgbWlu
ICAgICAgICAgICAgICAgICAgICB8ICAgICAgICAgICAgICAgICAgICAgICAgICAg
ICAgICAgICAgICAgICAgICAgICAgICAgICAgICAgICAgICAgICAgICB8ILD4sPix
4rD8uO0gICAgDQpnb3ZuX29yZ2FfaWRlbiAgfCAvc2c6RkxSR1VBL0dvdmVybm1l
bnQuT3JnYW5pemF0aW9uLkRldGFpbHMvT3JnYW5pemF0aW9uLkRldGFpbHMvY2M6
T3JnYW5pemF0aW9uLklkZW50aWZpZXIvSWRlbnRpZmllci5Db250ZW50ICAgICAg
ICAgICAgICAgICAgICAgIHwgMTMgICB8IFN0cmluZyAgICB8IG1pbiAgICAgICAg
ICAgICAgICAgICAgfCAgICAgICAgICAgICAgICAgICAgICAgICAgICAgICAgICAg
ICAgICAgICAgICAgICAgICAgICAgICAgICAgICAgICAgfCBHMkK17rfPxNq15SAg
IA0KZ292bl9vcmdhX2FkZG4gIHwgL3NnOkZMUkdVQS9Hb3Zlcm5tZW50Lk9yZ2Fu
aXphdGlvbi5EZXRhaWxzL09yZ2FuaXphdGlvbi5EZXRhaWxzL2NjOk9yZ2FuaXph
dGlvbi5BZGRpdGlvbmFsLklkZW50aWZpZXIvSWRlbnRpZmllci5Db250ZW50ICAg
ICAgICAgICB8IDEzICAgfCBTdHJpbmcgICAgfCBtaW4gICAgICAgICAgICAgICAg
ICAgIHwgICAgICAgICAgICAgICAgICAgICAgICAgICAgICAgICAgICAgICAgICAg
ICAgICAgICAgICAgICAgICAgICAgICAgIHwgwba03sO7te63z8TateUNCmdvdm5f
b3ducl9uYW1lICB8IC9zZzpGTFJHVUEvR292ZXJubWVudC5Pcmdhbml6YXRpb24u
RGV0YWlscy9Pcmdhbml6YXRpb24uRGV0YWlscy9jYzpPcmdhbml6YXRpb24uQ0VP
Lk5hbWUvVGV4dC5Db250ZW50ICAgICAgICAgICAgICAgICAgICAgICAgICAgICAg
fCAzNSAgIHwgU3RyaW5nICAgIHwgbWluICAgICAgICAgICAgICAgICAgICB8ICAg
ICAgICAgICAgICAgICAgICAgICAgICAgICAgICAgICAgICAgICAgICAgICAgICAg
ICAgICAgICAgICAgICAgICB8ILTrx6XA2ry6uO0gICAgDQojIMDbvLrAz8DaICAg
ICAgICAgICAgICAgICAgICAgICAgICAgICAgICAgICAgICAgICAgICAgICAgICAg
ICAgICAgICAgICAgICAgICAgICAgICAgICAgICAgICAgICAgICAgICAgICAgICAg
ICAgICAgICAgICAgICAgICAgICAgICAgICAgICAgICAgICAgICAgICAgICAgICAg
ICAgICAgICAgICAgICAgICAgICAgICAgICAgICAgICAgICAgICAgICAgICAgICAg
ICAgICAgICAgICAgICAgICAgICAgICAgICAgICAgICAgICAgICAgICAgICAgICAg
ICAgICAgICAgDQpkb2N1X2lzc3VfZGF0ZSAgfCAvc2c6RkxSR1VBL2NjOkRvY3Vt
ZW50Lklzc3VlLkRhdGUvRGF0ZVRpbWUuQ29udGVudCAgICAgICAgICAgICAgICAg
ICAgICAgICAgICAgICAgICAgICAgICAgICAgICAgICAgICAgICAgICAgICAgICAg
ICAgICAgICAgICAgICAgIHwgOCAgICB8IFN0cmluZyAgICB8IG1pbiAgICAgICAg
ICAgICAgICAgICAgfCAgICAgICAgICAgICAgICAgICAgICAgICAgICAgICAgICAg
ICAgICAgICAgICAgICAgICAgICAgICAgICAgICAgICAgfCDA27y6wM/A2g0KIyC+
97mrsbi60CAgICAgICAgICAgICAgICAgICAgICAgICAgICAgICAgICAgICAgICAg
ICAgICAgICAgICAgICAgICAgICAgICAgICAgICAgICAgICAgICAgICAgICAgICAg
ICAgICAgICAgICAgICAgICAgICAgICAgICAgICAgICAgICAgICAgICAgICAgICAg
ICAgICAgICAgICAgICAgICAgICAgICAgICAgICAgICAgICAgICAgICAgICAgICAg
ICAgICAgICAgICAgICAgICAgICAgICAgICAgICAgICAgICAgICAgICAgICAgICAg
ICAgICAgICAgICAgICAgICAgIA0KYnVzaV9jbGFzX2NvZGUgIHwgL3NnOkZMUkdV
QS9jYzpCdXNpbmVzcy5DbGFzc2lmaWNhdGlvbi5Db2RlL0NvZGUuQ29udGVudCAg
ICAgICAgICAgICAgICAgICAgICAgICAgICAgICAgICAgICAgICAgICAgICAgICAg
ICAgICAgICAgICAgICAgICAgICAgICAgICB8IDEgICAgfCBTdHJpbmcgICAgfCBt
aW4gICAgICAgICAgICAgICAgICAgIHwgICAgICAgICAgICAgICAgICAgICAgICAg
ICAgICAgICAgICAgICAgICAgICAgICAgICAgICAgICAgICAgICAgICAgIHwgvve5
q7G4utDE2rXlCQkNCmJ1c2lfY2xhc19uYW1lICB8IC9zZzpGTFJHVUEvY2M6QnVz
aW5lc3MuQ2xhc3NpZmljYXRpb24uQ29kZS9Db2RlLk5hbWUgICAgICAgICAgICAg
ICAgICAgICAgICAgICAgICAgICAgICAgICAgICAgICAgICAgICAgICAgICAgICAg
ICAgICAgICAgICAgICAgICAgfCAxMCAgIHwgU3RyaW5nICAgIHwgbWluICAgICAg
ICAgICAgICAgICAgICB8ICAgICAgICAgICAgICAgICAgICAgICAgICAgICAgICAg
ICAgICAgICAgICAgICAgICAgICAgICAgICAgICAgICAgICB8IL73uauxuLrQs7u/
6wkJDQojILq4wfW8rSjB9bHHKbn4yKMgICAgICAgICAgICAgICAgICAgICAgICAg
ICAgICAgICAgICAgICAgICAgICAgICAgICAgICAgICAgICAgICAgICAgICAgICAg
ICAgICAgICAgICAgICAgICAgICAgICAgICAgICAgICAgICAgICAgICAgICAgICAg
ICAgICAgICAgICAgICAgICAgICAgICAgICAgICAgICAgICAgICAgICAgICAgICAg
ICAgICAgICAgICAgICAgICAgICAgICAgICAgICAgICAgICAgICAgICAgICAgICAg
ICAgICAgICAgICAgICAgICAgICAgICAgICAgDQpib25kX251bWJfdGV4dCAgfCAv
c2c6RkxSR1VBL2NjOkd1YXJhbnRlZS5Eb2N1bWVudE51bWJlci5UZXh0L1RleHQu
Q29udGVudCAgICAgICAgICAgICAgICAgICAgICAgICAgICAgICAgICAgICAgICAg
ICAgICAgICAgICAgICAgICAgICAgICAgICAgICAgICAgIHwgMzAgICB8IFN0cmlu
ZyAgICB8IG1pbiAgICAgICAgICAgICAgICAgICAgfCAgICAgICAgICAgICAgICAg
ICAgICAgICAgICAgICAgICAgICAgICAgICAgICAgICAgICAgICAgICAgICAgICAg
ICAgfCC6uMH1vK0owfWxxym5+MijDQojILq4wfWzu7/rIC0gseK6u8GkurggICAg
ICAgICAgICAgICAgICAgICAgICAgICAgICAgICAgICAgICAgICAgICAgICAgICAg
ICAgICAgICAgICAgICAgICAgICAgICAgICAgICAgICAgICAgICAgICAgICAgICAg
ICAgICAgICAgICAgICAgICAgICAgICAgICAgICAgICAgICAgICAgICAgICAgICAg
ICAgICAgICAgICAgICAgICAgICAgICAgICAgICAgICAgICAgICAgICAgICAgICAg
ICAgICAgICAgICAgICAgICAgICAgICAgICAgICAgICAgICAgICAgICAgICAgICAg
ICAgICANCmJvbmRfcGVubF90ZXh0ICB8IC9zZzpGTFJHVUEvQm9uZC5JbmZvcm1h
dGlvbi5EZXRhaWxzL2NjOkd1YXJhbnRlZS5BbW91bnQuVGV4dC9UZXh0LkNvbnRl
bnQgICAgICAgICAgICAgICAgICAgICAgICAgICAgICAgICAgICAgICAgICAgICAg
ICAgICAgICAgICAgfCAxMDAgIHwgU3RyaW5nICAgIHwgbWluICAgICAgICAgICAg
ICAgICAgICB8ICAgICAgICAgICAgICAgICAgICAgICAgICAgICAgICAgICAgICAg
ICAgICAgICAgICAgICAgICAgICAgICAgICAgICB8ILq4wfWx3b7XKMfRsdspCSAg
ICAgICAgICAgICAgDQpib25kX3BlbmxfYW1udCAgfCAvc2c6RkxSR1VBL0JvbmQu
SW5mb3JtYXRpb24uRGV0YWlscy9jYzpHdWFyYW50ZWUuQW1vdW50L0Ftb3VudC5D
b250ZW50ICAgICAgICAgICAgICAgICAgICAgICAgICAgICAgICAgICAgICAgICAg
ICAgICAgICAgICAgICAgICAgIHwgMTggICB8IFN0cmluZyAgICB8IG1pbiAgICAg
ICAgICAgICAgICAgICAgfCAgICAgICAgICAgICAgICAgICAgICAgICAgICAgICAg
ICAgICAgICAgICAgICAgICAgICAgICAgICAgICAgICAgICAgfCC6uMH1sd2+1yi8
/cDaKQkgICAgICAgICAgICAgIA0KcGVubF9jdXJjX2NvZGUgIHwgL3NnOkZMUkdV
QS9Cb25kLkluZm9ybWF0aW9uLkRldGFpbHMvY2M6R3VhcmFudGVlLkFtb3VudC9B
bW91bnRDdXJyZW5jeS5JZGVudGlmaWNhdGlvbi5Db2RlICAgICAgICAgICAgICAg
ICAgICAgICAgICAgICAgICAgICAgICAgICB8IDMgICAgfCBTdHJpbmcgICAgfCBt
aW4gICAgICAgICAgICAgICAgICAgIHwgICAgICAgICAgICAgICAgICAgICAgICAg
ICAgICAgICAgICAgICAgICAgICAgICAgICAgICAgICAgICAgICAgICAgIHwgurjB
9bHdvtcvxevIrcTateUJICAgICAgDQpib25kX2JlZ25fZGF0ZSAgfCAvc2c6RkxS
R1VBL0JvbmQuSW5mb3JtYXRpb24uRGV0YWlscy9jYzpHdWFyYW50ZWUuU3RhcnQu
RGF0ZS9EYXRlVGltZS5Db250ZW50ICAgICAgICAgICAgICAgICAgICAgICAgICAg
ICAgICAgICAgICAgICAgICAgICAgICAgICAgIHwgOCAgICB8IFN0cmluZyAgICB8
IG1pbiAgICAgICAgICAgICAgICAgICAgfCAgICAgICAgICAgICAgICAgICAgICAg
ICAgICAgICAgICAgICAgICAgICAgICAgICAgICAgICAgICAgICAgICAgICAgfCC6
uMH1vcPA28DPCSAgICAgICAgICAgICAgDQpib25kX2Zuc2hfZGF0ZSAgfCAvc2c6
RkxSR1VBL0JvbmQuSW5mb3JtYXRpb24uRGV0YWlscy9jYzpHdWFyYW50ZWUuRW5k
LkRhdGUvRGF0ZVRpbWUuQ29udGVudCAgICAgICAgICAgICAgICAgICAgICAgICAg
ICAgICAgICAgICAgICAgICAgICAgICAgICAgICAgIHwgOCAgICB8IFN0cmluZyAg
ICB8IG1pbiAgICAgICAgICAgICAgICAgICAgfCAgICAgICAgICAgICAgICAgICAg
ICAgICAgICAgICAgICAgICAgICAgICAgICAgICAgICAgICAgICAgICAgICAgICAg
fCC6uMH1uLi34cDPCSAgICAgICAgICAgICAgDQpib25kX3ByZW1fYW1udCAgfCAv
c2c6RkxSR1VBL0JvbmQuSW5mb3JtYXRpb24uRGV0YWlscy9jYzpJbnN1cmFuY2Uu
QW1vdW50L0Ftb3VudC5Db250ZW50ICAgICAgICAgICAgICAgICAgICAgICAgICAg
ICAgICAgICAgICAgICAgICAgICAgICAgICAgICAgICAgIHwgMTggICB8IFN0cmlu
ZyAgICB8IG1pbiAgICAgICAgICAgICAgICAgICAgfCAgICAgICAgICAgICAgICAg
ICAgICAgICAgICAgICAgICAgICAgICAgICAgICAgICAgICAgICAgICAgICAgICAg
ICAgfCC6uMfot+EJICAgICAgICAgICAgICAgICAgICAgIA0KcHJlbV9jdXJjX2Nv
ZGUgIHwgL3NnOkZMUkdVQS9Cb25kLkluZm9ybWF0aW9uLkRldGFpbHMvY2M6SW5z
dXJhbmNlLkFtb3VudC9BbW91bnRDdXJyZW5jeS5JZGVudGlmaWNhdGlvbi5Db2Rl
ICAgICAgICAgICAgICAgICAgICAgICAgICAgICAgICAgICAgICAgICB8IDMgICAg
fCBTdHJpbmcgICAgfCBtaW4gICAgICAgICAgICAgICAgICAgIHwgICAgICAgICAg
ICAgICAgICAgICAgICAgICAgICAgICAgICAgICAgICAgICAgICAgICAgICAgICAg
ICAgICAgICAgIHwgurjH6LfhL8XryK3E2rXlCSAgICAgICAgICAgICAgDQpib25k
X3ByaWNfcmF0ZSAgfCAvc2c6RkxSR1VBL0JvbmQuSW5mb3JtYXRpb24uRGV0YWls
cy9jYzpHdWFyYW50ZWUuUHJpY2UuUmF0ZS9OdW1lcmljLkNvbnRlbnQgICAgICAg
ICAgICAgICAgICAgICAgICAgICAgICAgICAgICAgICAgICAgICAgICAgICAgICAg
IHwgNiAgICB8IFN0cmluZyAgICB8IG1pbiAgICAgICAgICAgICAgICAgICAgfCAg
ICAgICAgICAgICAgICAgICAgICAgICAgICAgICAgICAgICAgICAgICAgICAgICAg
ICAgICAgICAgICAgICAgICAgfCC6uMH1sd3AsgkgICAgICAgICAgICAgIA0KIyC6
uMH1s7u/6yAtILTrx6UgsOi+4MDaIMGkurggICAgICAgICAgICAgICAgICAgICAg
ICAgICAgICAgICAgICAgICAgICAgICAgICAgICAgICAgICAgICAgICAgICAgICAg
ICAgICAgICAgICAgICAgICAgICAgICAgICAgICAgICAgICAgICAgICAgICAgICAg
ICAgICAgICAgICAgICAgICAgICAgICAgICAgICAgICAgICAgICAgICAgICAgICAg
ICAgICAgICAgICAgICAgICAgICAgICAgICAgICAgICAgICAgICAgICAgICAgICAg
ICAgICAgICAgICAgICAgICAgIA0KYXBwbF9vcmdhX25hbWUgIHwgL3NnOkZMUkdV
QS9Cb25kLkluZm9ybWF0aW9uLkRldGFpbHMvV2FycmFudGVlci5EZXRhaWxzL2Nj
Ok9yZ2FuaXphdGlvbi5OYW1lL1RleHQuQ29udGVudCAgICAgICAgICAgICAgICAg
ICAgICAgICAgICAgICAgICAgICAgICAgICB8IDEwMCAgfCBTdHJpbmcgICAgfCBt
aW4gICAgICAgICAgICAgICAgICAgIHwgICAgICAgICAgICAgICAgICAgICAgICAg
ICAgICAgICAgICAgICAgICAgICAgICAgICAgICAgICAgICAgICAgICAgIHwgtOvH
pSCw6L7gwNovu/PIoyAgICAgICAgICAgICAgICAgICANCmFwcGxfb3Jwc19kaXZz
ICB8IC9zZzpGTFJHVUEvQm9uZC5JbmZvcm1hdGlvbi5EZXRhaWxzL1dhcnJhbnRl
ZXIuRGV0YWlscy9jYzpPcmdhbml6YXRpb25PclBlcnNvbi5JZGVudGlmaWVyLklu
ZGljYXRvci9JbmRpY2F0b3IuQ29udGVudCAgICAgICAgICAgICAgfCAxMyAgIHwg
U3RyaW5nICAgIHwgbWluICAgICAgICAgICAgICAgICAgICB8ICAgICAgICAgICAg
ICAgICAgICAgICAgICAgICAgICAgICAgICAgICAgICAgICAgICAgICAgICAgICAg
ICAgICAgICB8ILTrx6UgsOi+4MDaL7vnvvfA2i/B1rnOte63z7n4yKOxuLrQDQph
cHBsX29ycHNfaWRlbiAgfCAvc2c6RkxSR1VBL0JvbmQuSW5mb3JtYXRpb24uRGV0
YWlscy9XYXJyYW50ZWVyLkRldGFpbHMvY2M6T3JnYW5pemF0aW9uT3JQZXJzb24u
SWRlbnRpZmllci9JZGVudGlmaWVyLkNvbnRlbnQgICAgICAgICAgICAgICAgICAg
ICAgIHwgMTMgICB8IFN0cmluZyAgICB8IG1pbiAgICAgICAgICAgICAgICAgICAg
fCAgICAgICAgICAgICAgICAgICAgICAgICAgICAgICAgICAgICAgICAgICAgICAg
ICAgICAgICAgICAgICAgICAgICAgfCC068elILDovuDA2i+75773wNovwda5zrXu
t8+5+MijICAgIA0KYXBwbF9vd25yX25hbWUgIHwgL3NnOkZMUkdVQS9Cb25kLklu
Zm9ybWF0aW9uLkRldGFpbHMvV2FycmFudGVlci5EZXRhaWxzL2NjOk9yZ2FuaXph
dGlvbi5DRU8uTmFtZS9UZXh0LkNvbnRlbnQgICAgICAgICAgICAgICAgICAgICAg
ICAgICAgICAgICAgICAgICB8IDQwICAgfCBTdHJpbmcgICAgfCBtaW4gICAgICAg
ICAgICAgICAgICAgIHwgICAgICAgICAgICAgICAgICAgICAgICAgICAgICAgICAg
ICAgICAgICAgICAgICAgICAgICAgICAgICAgICAgICAgIHwgtOvHpSCw6L7gwNog
tOvHpcDavLq47SAgICAgICAgICAgICAgICAgICAgDQojILq4wfWzu7/rIC0gILD4
tb+w6L7gwNogwaS6uCi53bq5KSANCm11bHRfd2Fybl9pbmZvICB8IC9zZzpGTFJH
VUEvQm9uZC5JbmZvcm1hdGlvbi5EZXRhaWxzL011bHRpcGxlV2FycmFudGVlci5J
bmZvLkRldGFpbHMJCQkJCQkJCQkJCQkJCQkJCQkgICAgICAgICAgICAgICAgICAg
ICAgICAgICAgIHwgNTAwMDB8IFN0cmluZyAgIAl8IG1heGVsZQkJCSAgICAgICAg
ICAgfCBzZzpGTFJHVUEvQm9uZC5JbmZvcm1hdGlvbi5EZXRhaWxzL011bHRpcGxl
V2FycmFudGVlci5JbmZvLkRldGFpbHMJfCC53bq5DQptYXBsX29yZ2FfbmFtZQl8
IC9zZzpGTFJHVUEvQm9uZC5JbmZvcm1hdGlvbi5EZXRhaWxzL011bHRpcGxlV2Fy
cmFudGVlci5JbmZvLkRldGFpbHMvY2M6T3JnYW5pemF0aW9uLk5hbWUvVGV4dC5D
b250ZW50CQkJCQkJCQkgICAgICAgICAgICAgICB8IDEwMCAgfCBTdHJpbmcgICAg
fCBtaW4JCQkJICAgICAgICAgICAgIHwgY2M6T3JnYW5pemF0aW9uLk5hbWUvVGV4
dC5Db250ZW50CQkJCQkJCQkgICAgICAgICAgICAgICAgICB8ILD4tb8gurjH6CCw
6L7gwNogu/PIoyjAzLinKQ0KbWFwbF9vcnBzX2RpdnMJfCAvc2c6RkxSR1VBL0Jv
bmQuSW5mb3JtYXRpb24uRGV0YWlscy9NdWx0aXBsZVdhcnJhbnRlZXIuSW5mby5E
ZXRhaWxzL2NjOk9yZ2FuaXphdGlvbk9yUGVyc29uLklkZW50aWZpZXIuSW5kaWNh
dG9yL0luZGljYXRvci5Db250ZW50IHwgMTMgICB8IFN0cmluZyAgICB8IG1pbgkJ
CQkgICAgICAgICAgICAgfCBjYzpPcmdhbml6YXRpb25PclBlcnNvbi5JZGVudGlm
aWVyLkluZGljYXRvci9JbmRpY2F0b3IuQ29udGVudCAgICAgfCCw+LW/ILq4x+gg
sOi+4MDaILvnvvfA2i/B1rnOte63z7n4yKMgsbi60MTateUoTy275773wNq5+Mij
LCBQLcHWuc617rfPufjIoykNCm1hcGxfb3Jwc19pZGVuCXwgL3NnOkZMUkdVQS9C
b25kLkluZm9ybWF0aW9uLkRldGFpbHMvTXVsdGlwbGVXYXJyYW50ZWVyLkluZm8u
RGV0YWlscy9jYzpPcmdhbml6YXRpb25PclBlcnNvbi5JZGVudGlmaWVyL0lkZW50
aWZpZXIuQ29udGVudCAgICAgICAgICB8IDEzICAgfCBTdHJpbmcgICAgfCBtaW4J
CQkJICAgICAgICAgICAgIHwgY2M6T3JnYW5pemF0aW9uT3JQZXJzb24uSWRlbnRp
Zmllci9JZGVudGlmaWVyLkNvbnRlbnQgICAgICAgICAgICAgIHwgsPi1vyC6uMfo
ILDovuDA2iC75773wNq5+MijILbHtMIgwda5zrXut8+5+MijKE/AziCw5r/sILvn
vvfA2rn4yKMsIFDAziCw5r/sIMHWuc617rfPufjIoykNCm1hcGxfb3ducl9uYW1l
CXwgL3NnOkZMUkdVQS9Cb25kLkluZm9ybWF0aW9uLkRldGFpbHMvTXVsdGlwbGVX
YXJyYW50ZWVyLkluZm8uRGV0YWlscy9jYzpPcmdhbml6YXRpb24uQ0VPLk5hbWUv
VGV4dC5Db250ZW50ICAgICAgICAgICAgICAgICAgICAgICAgICB8IDQwICAgfCBT
dHJpbmcgICAgfCBtaW4JCQkJICAgICAgICAgICAgIHwgY2M6T3JnYW5pemF0aW9u
LkNFTy5OYW1lL1RleHQuQ29udGVudCAgICAgICAgICAgICAgICAgICAgICAgICAg
ICAgIHwgsPi1vyC6uMfoILDovuDA2iC068elwNogvLq47Q0KIyC6uMH1s7u/6yAt
ICC068elIMfHurjH6MDaKMOkscfA2ikgwaS6uA0KY3JlZF9vcmdhX25hbWUgIHwg
L3NnOkZMUkdVQS9Cb25kLkluZm9ybWF0aW9uLkRldGFpbHMvQ3JlZGl0b3IuRGV0
YWlscy9jYzpPcmdhbml6YXRpb24uTmFtZS9UZXh0LkNvbnRlbnQgICAgICAgICAg
ICAgICAgICAgICAgICAgICAgICAgICAgICAgICAgICAgICB8IDEwMCAgfCBTdHJp
bmcgICAgfCBtaW4gICAgICAgICAgICAgICAgICAgIHwgICAgICAgICAgICAgICAg
ICAgICAgICAgICAgICAgICAgICAgICAgICAgICAgICAgICAgICAgICAgICAgICAg
ICAgIHwgtOvHpSDDpLHHwNovseKw/LjtICAgICAgICAgICAgICAgICANCmNyZWRf
b3Jwc19kaXZzICB8IC9zZzpGTFJHVUEvQm9uZC5JbmZvcm1hdGlvbi5EZXRhaWxz
L0NyZWRpdG9yLkRldGFpbHMvY2M6T3JnYW5pemF0aW9uT3JQZXJzb24uSWRlbnRp
Zmllci5JbmRpY2F0b3IvSW5kaWNhdG9yLkNvbnRlbnQgICAgICAgICAgICAgICAg
fCAxMyAgIHwgU3RyaW5nICAgIHwgbWluICAgICAgICAgICAgICAgICAgICB8ICAg
ICAgICAgICAgICAgICAgICAgICAgICAgICAgICAgICAgICAgICAgICAgICAgICAg
ICAgICAgICAgICAgICAgICB8ILTrx6Ugw6Sxx8DaL7vnvvfA2i/B1rnOte63z7n4
yKOxuLrQDQpjcmVkX29ycHNfaWRlbiAgfCAvc2c6RkxSR1VBL0JvbmQuSW5mb3Jt
YXRpb24uRGV0YWlscy9DcmVkaXRvci5EZXRhaWxzL2NjOk9yZ2FuaXphdGlvbk9y
UGVyc29uLklkZW50aWZpZXIvSWRlbnRpZmllci5Db250ZW50ICAgICAgICAgICAg
ICAgICAgICAgICAgIHwgMTMgICB8IFN0cmluZyAgICB8IG1pbiAgICAgICAgICAg
ICAgICAgICAgfCAgICAgICAgICAgICAgICAgICAgICAgICAgICAgICAgICAgICAg
ICAgICAgICAgICAgICAgICAgICAgICAgICAgICAgfCC068elIMOkscfA2i+75773
wNovwda5zrXut8+5+MijICAgIA0KYm9uZF9ob2xkX25hbWUgIHwgL3NnOkZMUkdV
QS9Cb25kLkluZm9ybWF0aW9uLkRldGFpbHMvQ3JlZGl0b3IuRGV0YWlscy9jYzpP
cmdhbml6YXRpb24uQm9uZGhvbGRlci5OYW1lL1RleHQuQ29udGVudCAgICAgICAg
ICAgICAgICAgICAgICAgICAgICAgICAgICB8IDQwICAgfCBTdHJpbmcgICAgfCBt
aW4gICAgICAgICAgICAgICAgICAgIHwgICAgICAgICAgICAgICAgICAgICAgICAg
ICAgICAgICAgICAgICAgICAgICAgICAgICAgICAgICAgICAgICAgICAgIHwgtOvH
pSDDpLHHwNovw6Sxx8DauO0gICAgICAgICAgICAgICANCiMgurjB9bO7v+sgLSAg
sPi1vyDHx7q4x+jA2ijDpLHHwNopIMGkurgoud26uSkNCm11bHRfY3JlZF9pbmZv
ICB8IC9zZzpGTFJHVUEvQm9uZC5JbmZvcm1hdGlvbi5EZXRhaWxzL011bHRpcGxl
Q3JlZGl0b3IuSW5mby5EZXRhaWxzCQkJCQkJCQkJCQkJCQkJCQkJICAgICAgICAg
ICAgICAgICAgICAgICAgICAgICAgIHwgNTAwMDB8IFN0cmluZyAgIAl8IG1heGVs
ZQkJCSAgICAgICAgICAgfCBzZzpGTFJHVUEvQm9uZC5JbmZvcm1hdGlvbi5EZXRh
aWxzL011bHRpcGxlQ3JlZGl0b3IuSW5mby5EZXRhaWxzCSAgfCC53bq5DQptY3Jl
X29yZ2FfbmFtZQl8IC9zZzpGTFJHVUEvQm9uZC5JbmZvcm1hdGlvbi5EZXRhaWxz
L011bHRpcGxlQ3JlZGl0b3IuSW5mby5EZXRhaWxzL2NjOk9yZ2FuaXphdGlvbi5O
YW1lL1RleHQuQ29udGVudAkJCQkJCQkJICAgICAgICAgICAgICAgICB8IDEwMCAg
fCBTdHJpbmcgICAgfCBtaW4JCQkJICAgICAgICAgICAgIHwgY2M6T3JnYW5pemF0
aW9uLk5hbWUvVGV4dC5Db250ZW50CQkJCQkJCQkgICAgICAgICAgICAgICAgICB8
ILD4tb8gw6Sxx8DaILHisPy47Q0KbWNyZV9vcnBzX2RpdnMJfCAvc2c6RkxSR1VB
L0JvbmQuSW5mb3JtYXRpb24uRGV0YWlscy9NdWx0aXBsZUNyZWRpdG9yLkluZm8u
RGV0YWlscy9jYzpPcmdhbml6YXRpb25PclBlcnNvbi5JZGVudGlmaWVyLkluZGlj
YXRvci9JbmRpY2F0b3IuQ29udGVudCAgIHwgMTMgICB8IFN0cmluZyAgICB8IG1p
bgkJCQkgICAgICAgICAgICAgfCBjYzpPcmdhbml6YXRpb25PclBlcnNvbi5JZGVu
dGlmaWVyLkluZGljYXRvci9JbmRpY2F0b3IuQ29udGVudCAgICAgfCCw+LW/IMOk
scfA2iC75773wNovwda5zrXut8+5+MijILG4utDE2rXlKE8tu+e+98DaufjIoywg
UC3B1rnOte63z7n4yKMpDQptY3JlX29ycHNfaWRlbgl8IC9zZzpGTFJHVUEvQm9u
ZC5JbmZvcm1hdGlvbi5EZXRhaWxzL011bHRpcGxlQ3JlZGl0b3IuSW5mby5EZXRh
aWxzL2NjOk9yZ2FuaXphdGlvbk9yUGVyc29uLklkZW50aWZpZXIvSWRlbnRpZmll
ci5Db250ZW50ICAgICAgICAgICAgfCAxMyAgIHwgU3RyaW5nICAgIHwgbWluCQkJ
CSAgICAgICAgICAgICB8IGNjOk9yZ2FuaXphdGlvbk9yUGVyc29uLklkZW50aWZp
ZXIvSWRlbnRpZmllci5Db250ZW50ICAgICAgICAgICAgICB8ILD4tb8gw6Sxx8Da
ILvnvvfA2rn4yKMgtse0wiDB1rnOufjIoyhPwM4gsOa/7CC75773wNq5+MijLCBQ
wM4gsOa/7CDB1rnOufjIoykNCm1jcmVfYm9uZF9ob2xkCXwgL3NnOkZMUkdVQS9C
b25kLkluZm9ybWF0aW9uLkRldGFpbHMvTXVsdGlwbGVDcmVkaXRvci5JbmZvLkRl
dGFpbHMvY2M6T3JnYW5pemF0aW9uLkJvbmRob2xkZXIuTmFtZS9UZXh0LkNvbnRl
bnQgICAgICAgICAgICAgICAgICAgICB8IDEwMCAgfCBTdHJpbmcgICAgfCBtaW4J
CQkJICAgICAgICAgICAgIHwgY2M6T3JnYW5pemF0aW9uLkJvbmRob2xkZXIuTmFt
ZS9UZXh0LkNvbnRlbnQgICAgICAgICAgICAgICAgICAgICAgIHwgsPi1vyDDpLHH
wNogw6Sxx8DauO0NCiMgurjB9bDovuAowdaw6L7gKSAgICAgICAgICAgICAgICAg
ICAgICAgICAgICAgICAgICAgICAgICAgICAgICAgICAgICAgICAgICAgICAgICAg
ICAgICAgICAgICAgICAgICAgICAgICAgICAgICAgICAgICAgICAgICAgICAgICAg
ICAgICAgICAgICAgICAgICAgICAgICAgICAgICAgICAgICAgICAgICAgICAgICAg
ICAgICAgICAgICAgICAgICAgICAgICAgICAgICAgICAgICAgICAgICAgICAgICAg
ICAgICAgICAgICAgICAgICAgDQpjb250X25hbWVfdGV4dCAgfCAvc2c6RkxSR1VB
L0JvbmQuTWFpbkNvbnRyYWN0LkRldGFpbHMvY2M6Q29udHJhY3QuTmFtZS5UZXh0
L1RleHQuQ29udGVudCAgICAgICAgICAgICAgICAgICAgICAgICAgICAgICAgICAg
ICAgICAgICAgICAgICAgICAgICAgICAgIHwgMTAwICB8IFN0cmluZyAgICB8IG1p
biAgICAgICAgICAgICAgICAgICAgfCAgICAgICAgICAgICAgICAgICAgICAgICAg
ICAgICAgICAgICAgICAgICAgICAgICAgICAgICAgICAgICAgICAgICAgfCCw6L7g
sMe47QkgICAgICAgIA0KY29udF9tYWluX2FtbnQgIHwgL3NnOkZMUkdVQS9Cb25k
Lk1haW5Db250cmFjdC5EZXRhaWxzL2NjOkNvbnRyYWN0LkFtb3VudC9BbW91bnQu
Q29udGVudCAgICAgICAgICAgICAgICAgICAgICAgICAgICAgICAgICAgICAgICAg
ICAgICAgICAgICAgICAgICAgICB8IDE4ICAgfCBTdHJpbmcgICAgfCBtaW4gICAg
ICAgICAgICAgICAgICAgIHwgICAgICAgICAgICAgICAgICAgICAgICAgICAgICAg
ICAgICAgICAgICAgICAgICAgICAgICAgICAgICAgICAgICAgIHwgsOi+4LHdvtcJ
ICAgICAgICANCmNvbnRfY3VyY19jb2RlICB8IC9zZzpGTFJHVUEvQm9uZC5NYWlu
Q29udHJhY3QuRGV0YWlscy9jYzpDb250cmFjdC5BbW91bnQvQW1vdW50Q3VycmVu
Y3kuSWRlbnRpZmljYXRpb24uQ29kZSAgICAgICAgICAgICAgICAgICAgICAgICAg
ICAgICAgICAgICAgICAgfCAzICAgIHwgU3RyaW5nICAgIHwgbWluICAgICAgICAg
ICAgICAgICAgICB8ICAgICAgICAgICAgICAgICAgICAgICAgICAgICAgICAgICAg
ICAgICAgICAgICAgICAgICAgICAgICAgICAgICAgICB8ILDovuCx3b7XL8XryK3E
2rXlCQ0KY29udF9udW1iX3RleHQgIHwgL3NnOkZMUkdVQS9Cb25kLk1haW5Db250
cmFjdC5EZXRhaWxzL2NjOkNvbnRyYWN0Lk51bWJlci5UZXh0L1RleHQuQ29udGVu
dCAgICAgICAgICAgICAgICAgICAgICAgICAgICAgICAgICAgICAgICAgICAgICAg
ICAgICAgICAgICB8IDMwICAgfCBTdHJpbmcgICAgfCBtaW4gICAgICAgICAgICAg
ICAgICAgIHwgICAgICAgICAgICAgICAgICAgICAgICAgICAgICAgICAgICAgICAg
ICAgICAgICAgICAgICAgICAgICAgICAgICAgIHwgsOi+4Ln4yKMJICAgICAgICAN
CmNvbnRfbWFpbl9kYXRlICB8IC9zZzpGTFJHVUEvQm9uZC5NYWluQ29udHJhY3Qu
RGV0YWlscy9jYzpDb250cmFjdC5EYXRlL0RhdGVUaW1lLkNvbnRlbnQgICAgICAg
ICAgICAgICAgICAgICAgICAgICAgICAgICAgICAgICAgICAgICAgICAgICAgICAg
ICAgICAgfCA4ICAgIHwgU3RyaW5nICAgIHwgbWluICAgICAgICAgICAgICAgICAg
ICB8ICAgICAgICAgICAgICAgICAgICAgICAgICAgICAgICAgICAgICAgICAgICAg
ICAgICAgICAgICAgICAgICAgICAgICB8ILDovuDAz8DaCSAgICAgICAgDQpjb250
X2JlZ25fZGF0ZSAgfCAvc2c6RkxSR1VBL0JvbmQuTWFpbkNvbnRyYWN0LkRldGFp
bHMvQ29udHJhY3QuUGVyaW9kLkRldGFpbHMvY2M6Q29udHJhY3QuU3RhcnQuRGF0
ZS9EYXRlVGltZS5Db250ZW50ICAgICAgICAgICAgICAgICAgICAgICAgICAgICAg
IHwgOCAgICB8IFN0cmluZyAgICB8IG1pbiAgICAgICAgICAgICAgICAgICAgfCAg
ICAgICAgICAgICAgICAgICAgICAgICAgICAgICAgICAgICAgICAgICAgICAgICAg
ICAgICAgICAgICAgICAgICAgfCCw6L7gseKwoy+w6L7gvcPA28DPICAgICANCmNv
bnRfZm5zaF9kYXRlICB8IC9zZzpGTFJHVUEvQm9uZC5NYWluQ29udHJhY3QuRGV0
YWlscy9Db250cmFjdC5QZXJpb2QuRGV0YWlscy9jYzpDb250cmFjdC5FbmQuRGF0
ZS9EYXRlVGltZS5Db250ZW50ICAgICAgICAgICAgICAgICAgICAgICAgICAgICAg
ICAgfCA4ICAgIHwgU3RyaW5nICAgIHwgbWluICAgICAgICAgICAgICAgICAgICB8
ICAgICAgICAgICAgICAgICAgICAgICAgICAgICAgICAgICAgICAgICAgICAgICAg
ICAgICAgICAgICAgICAgICAgICB8ILDovuCx4rCjL7DovuC4uLfhwM8gICAgIA0K
IyC6ziC89rDovuAgICAgICAgICAgICAgICAgICAgICAgICAgICAgICAgICAgICAg
ICAgICAgICAgICAgICAgICAgICAgICAgICAgICAgICAgICAgICAgICAgICAgICAg
ICAgICAgICAgICAgICAgICAgICAgICAgICAgICAgICAgICAgICAgICAgICAgICAg
ICAgICAgICAgICAgICAgICAgICAgICAgICAgICAgICAgICAgICAgICAgICAgICAg
ICAgICAgICAgICAgICAgICAgICAgICAgICAgICAgICAgICAgICAgICAgICAgICAg
ICAgICAgICAgICAgICAgICAgICAgICANCm1vcmdfYmVnbl9kYXRlICB8IC9zZzpG
TFJHVUEvQm9uZC5TdWJDb250cmFjdC5EZXRhaWxzL0FTLlBlcmlvZC5EZXRhaWxz
L2NjOk1vcnRnYWdlLlN0YXJ0LkRhdGUvRGF0ZVRpbWUuQ29udGVudCAgICAgICAg
ICAgICAgICAgICAgICAgICAgICAgICAgICAgICAgfCA4ICAgIHwgU3RyaW5nICAg
IHwgbWluICAgICAgICAgICAgICAgICAgICB8ICAgICAgICAgICAgICAgICAgICAg
ICAgICAgICAgICAgICAgICAgICAgICAgICAgICAgICAgICAgICAgICAgICAgICB8
IMfPwNq047q4w6XA073DwNvAzw0KbW9yZ19mbnNoX2RhdGUgIHwgL3NnOkZMUkdV
QS9Cb25kLlN1YkNvbnRyYWN0LkRldGFpbHMvQVMuUGVyaW9kLkRldGFpbHMvY2M6
TW9ydGdhZ2UuRW5kLkRhdGUvRGF0ZVRpbWUuQ29udGVudCAgICAgICAgICAgICAg
ICAgICAgICAgICAgICAgICAgICAgICAgICB8IDggICAgfCBTdHJpbmcgICAgfCBt
aW4gICAgICAgICAgICAgICAgICAgIHwgICAgICAgICAgICAgICAgICAgICAgICAg
ICAgICAgICAgICAgICAgICAgICAgICAgICAgICAgICAgICAgICAgICAgIHwgx8/A
2rTjurjDpcDTuLi34cDPDQpjb250X3BlcmZfZGF0ZSAgfCAvc2c6RkxSR1VBL0Jv
bmQuU3ViQ29udHJhY3QuRGV0YWlscy9jYzpDb250cmFjdC5QZXJmb3JtLkRhdGUv
RGF0ZVRpbWUuQ29udGVudCAgICAgICAgICAgICAgICAgICAgICAgICAgICAgICAg
ICAgICAgICAgICAgICAgICAgICAgIHwgOCAgICB8IFN0cmluZyAgICB8IG1pbiAg
ICAgICAgICAgICAgICAgICAgfCAgICAgICAgICAgICAgICAgICAgICAgICAgICAg
ICAgICAgICAgICAgICAgICAgICAgICAgICAgICAgICAgICAgICAgfCCw6L7gwMzH
4LHiwM8JICANCiMgxq+x4rvnx9cgICAgICAgICAgICAgICAgICAgICAgICAgICAg
ICAgICAgICAgICAgICAgICAgICAgICAgICAgICAgICAgICAgICAgICAgICAgICAg
ICAgICAgICAgICAgICAgICAgICAgICAgICAgICAgICAgICAgICAgICAgICAgICAg
ICAgICAgICAgICAgICAgICAgICAgICAgICAgICAgICAgICAgICAgICAgICAgICAg
ICAgICAgICAgICAgICAgICAgICAgICAgICAgICAgICAgICAgICAgICAgICAgICAg
ICAgICAgICAgICAgICAgICAgICAgICAgICAgICAgICANCnNwY2xfY29uZF90ZXh0
ICB8IC9zZzpGTFJHVUEvY2M6U3BlY2lhbENvbmRpdGlvbi5UZXh0L1RleHQuQ29u
dGVudCAgICAgICAgICAgICAgICAgICAgICAgICAgICAgICAgICAgICAgICAgICAg
ICAgICAgICAgICAgICAgICAgICAgICAgICAgICAgICAgICAgICAgfCA1MDAgIHwg
U3RyaW5nICAgIHwgbWluICAgICAgICAgICAgICAgICAgICB8ICAgICAgICAgICAg
ICAgICAgICAgICAgICAgICAgICAgICAgICAgICAgICAgICAgICAgICAgICAgICAg
ICAgICAgICB8IMavseK758fXDQojIMavurC+4LD8ICAgICAgICAgICAgICAgICAg
ICAgICAgICAgICAgICAgICAgICAgICAgICAgICAgICAgICAgICAgICAgICAgICAg
ICAgICAgICAgICAgICAgICAgICAgICAgICAgICAgICAgICAgICAgICAgICAgICAg
ICAgICAgICAgICAgICAgICAgICAgICAgICAgICAgICAgICAgICAgICAgICAgICAg
ICAgICAgICAgICAgICAgICAgICAgICAgICAgICAgICAgICAgICAgICAgICAgICAg
ICAgICAgICAgICAgICAgICAgICAgICAgICAgICAgICAgICAgICAgICAgDQpzcGNs
X3Byb3ZfdGV4dCAgfCAvc2c6RkxSR1VBL2NjOlNwZWNpYWxQcm92aXNpb24uVGV4
dC9UZXh0LkNvbnRlbnQgICAgICAgICAgICAgICAgICAgICAgICAgICAgICAgICAg
ICAgICAgICAgICAgICAgICAgICAgICAgICAgICAgICAgICAgICAgICAgICAgICAg
IHwgMjAwICB8IFN0cmluZyAgICB8IG1pbiAgICAgICAgICAgICAgICAgICAgfCAg
ICAgICAgICAgICAgICAgICAgICAgICAgICAgICAgICAgICAgICAgICAgICAgICAg
ICAgICAgICAgICAgICAgICAgfCDGr7qwvuCw/A0KIyC6uMH1ua4gICAgICAgICAg
ICAgICAgICAgICAgICAgICAgICAgICAgICAgICAgICAgICAgICAgICAgICAgICAg
ICAgICAgICAgICAgICAgICAgICAgICAgICAgICAgICAgICAgICAgICAgICAgICAg
ICAgICAgICAgICAgICAgICAgICAgICAgICAgICAgICAgICAgICAgICAgICAgICAg
ICAgICAgICAgICAgICAgICAgICAgICAgICAgICAgICAgICAgICAgICAgICAgICAg
ICAgICAgICAgICAgICAgICAgICAgICAgICAgICAgICAgICAgICAgICAgICAgICAg
ICAgIA0KYm9uZF9zdGF0X3RleHQgIHwgL3NnOkZMUkdVQS9jYzpHdWFyYW50ZWUu
U3RhdGVtZW50LlRleHQvVGV4dC5Db250ZW50ICAgICAgICAgICAgICAgICAgICAg
ICAgICAgICAgICAgICAgICAgICAgICAgICAgICAgICAgICAgICAgICAgICAgICAg
ICAgICAgICAgICB8IDEwMCAgfCBTdHJpbmcgICAgfCBtaW4gICAgICAgICAgICAg
ICAgICAgIHwgICAgICAgICAgICAgICAgICAgICAgICAgICAgICAgICAgICAgICAg
ICAgICAgICAgICAgICAgICAgICAgICAgICAgIHwgurjB9bmuDQojILnfx+DA2iAg
ICAgICAgICAgICAgICAgICAgICAgICAgICAgICAgICAgICAgICAgICAgICAgICAg
ICAgICAgICAgICAgICAgICAgICAgICAgICAgICAgICAgICAgICAgICAgICAgICAg
ICAgICAgICAgICAgICAgICAgICAgICAgICAgICAgICAgICAgICAgICAgICAgICAg
ICAgICAgICAgICAgICAgICAgICAgICAgICAgICAgICAgICAgICAgICAgICAgICAg
ICAgICAgICAgICAgICAgICAgICAgICAgICAgICAgICAgICAgICAgICAgICAgICAg
ICAgICAgICAgICAgDQppc3N1X2FkZHJfdHh0MSAgfCAvc2c6RkxSR1VBL0lzc3Vl
ci5EZXRhaWxzL2NjOkFkZHJlc3MuTGluZTEuVGV4dC9UZXh0LkNvbnRlbnQgICAg
ICAgICAgICAgICAgICAgICAgICAgICAgICAgICAgICAgICAgICAgICAgICAgICAg
ICAgICAgICAgICAgICAgICAgIHwgMTAwICB8IFN0cmluZyAgICB8IG1pbiAgICAg
ICAgICAgICAgICAgICAgfCAgICAgICAgICAgICAgICAgICAgICAgICAgICAgICAg
ICAgICAgICAgICAgICAgICAgICAgICAgICAgICAgICAgICAgfCDB1rzSMQkgICAg
ICAgICAgIA0KaXNzdV9hZGRyX3R4dDIgIHwgL3NnOkZMUkdVQS9Jc3N1ZXIuRGV0
YWlscy9jYzpBZGRyZXNzLkxpbmUyLlRleHQvVGV4dC5Db250ZW50ICAgICAgICAg
ICAgICAgICAgICAgICAgICAgICAgICAgICAgICAgICAgICAgICAgICAgICAgICAg
ICAgICAgICAgICAgICB8IDEwMCAgfCBTdHJpbmcgICAgfCBtaW4gICAgICAgICAg
ICAgICAgICAgIHwgICAgICAgICAgICAgICAgICAgICAgICAgICAgICAgICAgICAg
ICAgICAgICAgICAgICAgICAgICAgICAgICAgICAgIHwgwda80jIJICAgICAgICAg
ICANCmlzc3Vfb3JnYV9uYW1lICB8IC9zZzpGTFJHVUEvSXNzdWVyLkRldGFpbHMv
Y2M6T3JnYW5pemF0aW9uLk5hbWUvVGV4dC5Db250ZW50ICAgICAgICAgICAgICAg
ICAgICAgICAgICAgICAgICAgICAgICAgICAgICAgICAgICAgICAgICAgICAgICAg
ICAgICAgICAgfCAxMDAgIHwgU3RyaW5nICAgIHwgbWluICAgICAgICAgICAgICAg
ICAgICB8ICAgICAgICAgICAgICAgICAgICAgICAgICAgICAgICAgICAgICAgICAg
ICAgICAgICAgICAgICAgICAgICAgICAgICB8ILvzyKMJICAgICAgICAgICANCmlz
c3Vfb3ducl9uYW1lICB8IC9zZzpGTFJHVUEvSXNzdWVyLkRldGFpbHMvY2M6T3Jn
YW5pemF0aW9uLkNFTy5OYW1lL1RleHQuQ29udGVudCAgICAgICAgICAgICAgICAg
ICAgICAgICAgICAgICAgICAgICAgICAgICAgICAgICAgICAgICAgICAgICAgICAg
ICAgfCAyMCAgIHwgU3RyaW5nICAgIHwgbWluICAgICAgICAgICAgICAgICAgICB8
ICAgICAgICAgICAgICAgICAgICAgICAgICAgICAgICAgICAgICAgICAgICAgICAg
ICAgICAgICAgICAgICAgICAgICB8ILTrx6XA2ry6uO0JICAgDQppc3N1X2RlcHRf
bmFtZSAgfCAvc2c6RkxSR1VBL0lzc3Vlci5EZXRhaWxzL0FnZW5jeS5EZXRhaWxz
L2NjOkRlcGFydG1lbnQuTmFtZS9UZXh0LkNvbnRlbnQgICAgICAgICAgICAgICAg
ICAgICAgICAgICAgICAgICAgICAgICAgICAgICAgICAgICAgICAgICAgIHwgMzAg
ICB8IFN0cmluZyAgICB8IG1pbiAgICAgICAgICAgICAgICAgICAgfCAgICAgICAg
ICAgICAgICAgICAgICAgICAgICAgICAgICAgICAgICAgICAgICAgICAgICAgICAg
ICAgICAgICAgICAgfCC067iuwM4vus68rSi067iuwaEpDQppc3N1X2RlcHRfb3du
ciAgfCAvc2c6RkxSR1VBL0lzc3Vlci5EZXRhaWxzL0FnZW5jeS5EZXRhaWxzL2Nj
OkVtcGxveWVlLk5hbWUvVGV4dC5Db250ZW50ICAgICAgICAgICAgICAgICAgICAg
ICAgICAgICAgICAgICAgICAgICAgICAgICAgICAgICAgICAgICAgIHwgMjAgICB8
IFN0cmluZyAgICB8IG1pbiAgICAgICAgICAgICAgICAgICAgfCAgICAgICAgICAg
ICAgICAgICAgICAgICAgICAgICAgICAgICAgICAgICAgICAgICAgICAgICAgICAg
ICAgICAgICAgfCC067iuwM4vvLq47SAgICAgICAgDQpjaHJnX25hbWVfdGV4dCAg
fCAvc2c6RkxSR1VBL0lzc3Vlci5EZXRhaWxzL0NoYXJnZS5QZXJzb24uRGV0YWls
cy9jYzpFbXBsb3llZS5OYW1lL1RleHQuQ29udGVudCAgICAgICAgICAgICAgICAg
ICAgICAgICAgICAgICAgICAgICAgICAgICAgICAgICAgICAgIHwgMjAgICB8IFN0
cmluZyAgICB8IG1pbiAgICAgICAgICAgICAgICAgICAgfCAgICAgICAgICAgICAg
ICAgICAgICAgICAgICAgICAgICAgICAgICAgICAgICAgICAgICAgICAgICAgICAg
ICAgICAgfCC047TnwNovvLq47SAgICAgICAgDQpjaHJnX3Bob25fdGV4dCAgfCAv
c2c6RkxSR1VBL0lzc3Vlci5EZXRhaWxzL0NoYXJnZS5QZXJzb24uRGV0YWlscy9j
YzpUZWxlcGhvbmUuTnVtYmVyLlRleHQvVGV4dC5Db250ZW50ICAgICAgICAgICAg
ICAgICAgICAgICAgICAgICAgICAgICAgICAgICAgICAgIHwgMjAgICB8IFN0cmlu
ZyAgICB8IG1pbiAgICAgICAgICAgICAgICAgICAgfCAgICAgICAgICAgICAgICAg
ICAgICAgICAgICAgICAgICAgICAgICAgICAgICAgICAgICAgICAgICAgICAgICAg
ICAgfCC047TnwNovwPzIrSAgICAgICAgDQpjaHJnX2ZheHNfdGV4dCAgfCAvc2c6
RkxSR1VBL0lzc3Vlci5EZXRhaWxzL0NoYXJnZS5QZXJzb24uRGV0YWlscy9jYzpG
YXguTnVtYmVyLlRleHQvVGV4dC5Db250ZW50ICAgICAgICAgICAgICAgICAgICAg
ICAgICAgICAgICAgICAgICAgICAgICAgICAgICAgIHwgMjAgICB8IFN0cmluZyAg
ICB8IG1pbiAgICAgICAgICAgICAgICAgICAgfCAgICAgICAgICAgICAgICAgICAg
ICAgICAgICAgICAgICAgICAgICAgICAgICAgICAgICAgICAgICAgICAgICAgICAg
fCC047TnwNovRmF4ILn4yKMgICAgDQppbnZpX2FnbmNfbmFtZSAgfCAvc2c6RkxS
R1VBL0lzc3Vlci5EZXRhaWxzL0ludml0YXRpb24uQWdlbmN5LkRldGFpbHMvY2M6
QWdlbmN5Lk5hbWUvVGV4dC5Db250ZW50ICAgICAgICAgICAgICAgICAgICAgICAg
ICAgICAgICAgICAgICAgICAgICAgICAgICAgIHwgMzAgICB8IFN0cmluZyAgICB8
IG1pbiAgICAgICAgICAgICAgICAgICAgfCAgICAgICAgICAgICAgICAgICAgICAg
ICAgICAgICAgICAgICAgICAgICAgICAgICAgICAgICAgICAgICAgICAgICAgfCC4
8MH9tOu4rsGhuO0NCmludmlfb3ducl9uYW1lICB8IC9zZzpGTFJHVUEvSXNzdWVy
LkRldGFpbHMvSW52aXRhdGlvbi5BZ2VuY3kuRGV0YWlscy9jYzpBZ2VuY3kuQ0VP
Lk5hbWUvVGV4dC5Db250ZW50ICAgICAgICAgICAgICAgICAgICAgICAgICAgICAg
ICAgICAgICAgICAgICAgICAgfCAyMCAgIHwgU3RyaW5nICAgIHwgbWluICAgICAg
ICAgICAgICAgICAgICB8ICAgICAgICAgICAgICAgICAgICAgICAgICAgICAgICAg
ICAgICAgICAgICAgICAgICAgICAgICAgICAgICAgICAgICB8ILjwwf2067iuwaG0
68eluO0NCmludmlfcGhvbl90ZXh0ICB8IC9zZzpGTFJHVUEvSXNzdWVyLkRldGFp
bHMvSW52aXRhdGlvbi5BZ2VuY3kuRGV0YWlscy9jYzpUZWxlcGhvbmUuTnVtYmVy
LlRleHQvVGV4dC5Db250ZW50ICAgICAgICAgICAgICAgICAgICAgICAgICAgICAg
ICAgICAgICAgICAgfCAyMCAgIHwgU3RyaW5nICAgIHwgbWluICAgICAgICAgICAg
ICAgICAgICB8ICAgICAgICAgICAgICAgICAgICAgICAgICAgICAgICAgICAgICAg
ICAgICAgICAgICAgICAgICAgICAgICAgICAgICB8ILjwwf2067iuwaHA/MitufjI
ow0KIyC68bDtICAgICAgICAgICAgICAgICAgICAgICAgICAgICAgICAgICAgICAg
ICAgICAgICAgICAgICAgICAgICAgICAgICAgICAgICAgICAgICAgICAgICAgICAg
ICAgICAgICAgICAgICAgICAgICAgICAgICAgICAgICAgICAgICAgICAgICAgICAg
ICAgICAgICAgICAgICAgICAgICAgICAgICAgICAgICAgICAgICAgICAgICAgICAg
ICAgICAgICAgICAgICAgICAgICAgICAgICAgICAgICAgICAgICAgICAgICAgICAg
ICAgICAgICAgICAgICAgICAgICAgICAgIA0KZ2VuZV9ub3RlX3RleHQgIHwgL3Nn
OkZMUkdVQS9jYzpHZW5lcmFsLk5vdGUuVGV4dC9UZXh0LkNvbnRlbnQgICAgICAg
ICAgICAgICAgICAgICAgICAgICAgICAgICAgICAgICAgICAgICAgICAgICAgICAg
ICAgICAgICAgICAgICAgICAgICAgICAgICAgICAgICB8IDEwMCAgfCBTdHJpbmcg
ICAgfCBtaW4gICAgICAgICAgICAgICAgICAgIHwgICAgICAgICAgICAgICAgICAg
ICAgICAgICAgICAgICAgICAgICAgICAgICAgICAgICAgICAgICAgICAgICAgICAg
IHwguvGw7Q==