QGFja190eXBlPVQwMDENCiMgICAgtNzD4LjtICAgICB8ICAgICAgICBYUGF0aCAg
ICAgICAgICAgICAgICAgICAgICAgICAgICAgICAgICAgICAgICAgICAgICAgICAg
ICAgCQkJCSAgICAgICAgICAgICAgICAgICAgICAgICAgICAgICAgICAgICB8ILHm
wMwgfCDFuMDUICAgICAgfCC53bq5IL+pus4gudcgx8q89r+pus4gIHwgud26ub3D
wNsgxcKx1yAgICAgICAgICAgICAgICAgICAgICAgICAgICAgICAgICAgICB8IMfX
uPEgICAgICAgICAgIA0KIyBIRUFEICAgICAgICAgICAgICAgICAgICAgICAgICAg
ICAgICAgICAgICAgICAgICAgICAgICAgICAgICAgICAgICAgICAgICAgICAgICAg
ICAgICAgICAgICAgICAgICAgICAgICAgICAgICAgICAgICAgICAgICAgICAgICAg
ICAgICAgICAgICAgICAgICAgICAgICAgICAgICAgICAgICAgICAgICAgICAgICAg
ICAgICAgICAgICAgICAgICAgICAgICAgICAgICAgICAgICAgICAgICAgICAgICAg
ICAgICAgICAgICAgICAgICAgICANCmhlYWRfbWVzZ19zZW5kICB8IC9zZzpGTFJJ
TkYvSGVhZGVyLkRldGFpbHMvY2M6TWVzc2FnZS5TZW5kZXIuSWRlbnRpZmllci9J
ZGVudGlmaWVyLkNvbnRlbnQgICAgICAgICAgICAgICAgICAgICAgICAgICAgICAg
ICAgICAgICAgICAgICAgICAgICAgICAgICAgfCAxMyAgIHwgU3RyaW5nICAgIHwg
bmVjZXNzYXJ5ICAgICAgICAgICAgICB8ICAgICAgICAgICAgICAgICAgICAgICAg
ICAgICAgICAgICAgICAgICAgICAgICAgICAgfCDA/LmuvNu9xbHisPwJICAgICAg
ICAgICAgICAgICAgICAgICAgICAgICAgICAgICAgICAgIA0KaGVhZF9tZXNnX3Jl
Y3YgIHwgL3NnOkZMUklORi9IZWFkZXIuRGV0YWlscy9jYzpNZXNzYWdlLlJlY2Vp
dmVyLklkZW50aWZpZXIvSWRlbnRpZmllci5Db250ZW50ICAgICAgICAgICAgICAg
ICAgICAgICAgICAgICAgICAgICAgICAgICAgICAgICAgICAgICAgICB8IDEzICAg
fCBTdHJpbmcgICAgfCBuZWNlc3NhcnkgICAgICAgICAgICAgIHwgICAgICAgICAg
ICAgICAgICAgICAgICAgICAgICAgICAgICAgICAgICAgICAgICAgICB8IMD8ua68
9r3FseKw/AkgICAgICAgICAgICAgICAgICAgICAgICAgICAgICAgICAgICAgICAg
DQpoZWFkX2Z1bmNfY29kZSAgfCAvc2c6RkxSSU5GL0hlYWRlci5EZXRhaWxzL2Nj
Ok1lc3NhZ2UuRnVuY3Rpb24uQ29kZS9Db2RlLkNvbnRlbnQgICAgICAgICAgICAg
ICAgICAgICAgICAgICAgICAgICAgICAgICAgICAgICAgICAgICAgICAgICAgICAg
ICAgICAgIHwgMiAgICB8IFN0cmluZyAgICB8IG5lY2Vzc2FyeSAgICAgICAgICAg
ICAgfCAgICAgICAgICAgICAgICAgICAgICAgICAgICAgICAgICAgICAgICAgICAg
ICAgICAgIHwgua68rbHitMkJICAgICAgICAgICAgICAgICAgICAgICAgICAgICAg
ICAgICAgICAgIA0KaGVhZF9tZXNnX3R5cGUgIHwgL3NnOkZMUklORi9IZWFkZXIu
RGV0YWlscy9jYzpNZXNzYWdlLlR5cGUuSWRlbnRpZmllci9JZGVudGlmaWVyLkNv
bnRlbnQgICAgICAgICAgICAgICAgICAgICAgICAgICAgICAgICAgICAgICAgICAg
ICAgICAgICAgICAgICAgICB8IDYgICAgfCBTdHJpbmcgICAgfCBuZWNlc3Nhcnkg
ICAgICAgICAgICAgIHwgICAgICAgICAgICAgICAgICAgICAgICAgICAgICAgICAg
ICAgICAgICAgICAgICAgICB8ILmuvK3E2rXlCSAgICAgICAgICAgICAgICAgICAg
ICAgICAgICAgICAgICAgICAgICANCmhlYWRfbWVzZ19uYW1lICB8IC9zZzpGTFJJ
TkYvSGVhZGVyLkRldGFpbHMvY2M6TWVzc2FnZS5OYW1lL1RleHQuQ29udGVudCAg
ICAgICAgICAgICAgICAgICAgICAgICAgICAgICAgICAgICAgICAgICAgICAgICAg
ICAgICAgICAgICAgICAgICAgICAgICAgICAgfCAzMCAgIHwgU3RyaW5nICAgIHwg
bmVjZXNzYXJ5ICAgICAgICAgICAgICB8ICAgICAgICAgICAgICAgICAgICAgICAg
ICAgICAgICAgICAgICAgICAgICAgICAgICAgfCC5rrytuO0JICAgICAgICAgICAg
ICAgICAgICAgICAgICAgICAgICAgICAgIA0KaGVhZF9tZXNnX3ZlcnMgIHwgL3Nn
OkZMUklORi9IZWFkZXIuRGV0YWlscy9jYzpNZXNzYWdlLlZlcnNpb24uVGV4dC9U
ZXh0LkNvbnRlbnQgICAgICAgICAgICAgICAgICAgICAgICAgICAgICAgICAgICAg
ICAgICAgICAgICAgICAgICAgICAgICAgICAgICAgICB8IDEwICAgfCBTdHJpbmcg
ICAgfCBtaW4gICAgICAgICAgICAgICAgICAgIHwgICAgICAgICAgICAgICAgICAg
ICAgICAgICAgICAgICAgICAgICAgICAgICAgICAgICB8IMD8wNq5rrytufbA/Akg
ICAgICAgICAgICAgICAgICAgICAgICAgICAgICAgICAgICAgICAgDQpoZWFkX2Rv
Y3VfbnVtYiAgfCAvc2c6RkxSSU5GL0hlYWRlci5EZXRhaWxzL2NjOkRvY3VtZW50
Lk51bWJlci5UZXh0L1RleHQuQ29udGVudCAgICAgICAgICAgICAgICAgICAgICAg
ICAgICAgICAgICAgICAgICAgICAgICAgICAgICAgICAgICAgICAgICAgICAgIHwg
MzAgICB8IFN0cmluZyAgICB8IG5lY2Vzc2FyeSAgICAgICAgICAgICAgfCAgICAg
ICAgICAgICAgICAgICAgICAgICAgICAgICAgICAgICAgICAgICAgICAgICAgIHwg
ua68rbn4yKMJICAgICAgICAgICAgICAgICAgICAgICAgICAgICAgICAgICAgICAg
IA0KaGVhZF9tYW5nX251bWIgIHwgL3NnOkZMUklORi9IZWFkZXIuRGV0YWlscy9j
YzpEb2N1bWVudC5NYW5hZ2VtZW50TnVtYmVyLlRleHQvVGV4dC5Db250ZW50ICAg
ICAgICAgICAgICAgICAgICAgICAgICAgICAgICAgICAgICAgICAgICAgICAgICAg
ICAgICAgICB8IDcwICAgfCBTdHJpbmcgICAgfCBuZWNlc3NhcnkgICAgICAgICAg
ICAgIHwgICAgICAgICAgICAgICAgICAgICAgICAgICAgICAgICAgICAgICAgICAg
ICAgICAgICB8ILmuvK2w/LiuufjIowkgICAgICAgICAgICAgICAgICAgICAgICAg
ICAgICAgICAgICAgICAgDQpoZWFkX3JlZnJfbnVtYiAgfCAvc2c6RkxSSU5GL0hl
YWRlci5EZXRhaWxzL2NjOkRvY3VtZW50LlJlZmVyZW5jZU51bWJlci5UZXh0L1Rl
eHQuQ29udGVudCAgICAgICAgICAgICAgICAgICAgICAgICAgICAgICAgICAgICAg
ICAgICAgICAgICAgICAgICAgICAgIHwgMzAgICB8IFN0cmluZyAgICB8IG5lY2Vz
c2FyeSAgICAgICAgICAgICAgfCAgICAgICAgICAgICAgICAgICAgICAgICAgICAg
ICAgICAgICAgICAgICAgICAgICAgIHwgwvzBtrn4yKMJICAgICAgICAgICAgICAg
ICAgICAgICAgICAgICAgICAgICAgICAgIA0KaGVhZF90aXRsX25hbWUgIHwgL3Nn
OkZMUklORi9IZWFkZXIuRGV0YWlscy9jYzpEb2N1bWVudC5UaXRsZS5OYW1lL1Rl
eHQuQ29udGVudCAgICAgICAgICAgICAgICAgICAgICAgICAgICAgICAgICAgICAg
ICAgICAgICAgICAgICAgICAgICAgICAgICAgICAgICB8IDMwICAgfCBTdHJpbmcg
ICAgfCBuZWNlc3NhcnkgICAgICAgICAgICAgIHwgICAgICAgICAgICAgICAgICAg
ICAgICAgICAgICAgICAgICAgICAgICAgICAgICAgICB8ILmuvK2ws7/kICAgICAg
ICAgICAgICAgICAgICAgICAgICAgICAgICAgICAgICAgICAgDQpoZWFkX29yZ2Ff
Y29kZSAgfCAvc2c6RkxSSU5GL0hlYWRlci5EZXRhaWxzL2NjOk9yZ2FuaXphdGlv
bi5Db2RlLklkZW50aWZpZXIvSWRlbnRpZmllci5Db250ZW50ICAgICAgICAgICAg
ICAgICAgICAgICAgICAgICAgICAgICAgICAgICAgICAgICAgICAgICAgIHwgMyAg
ICB8IFN0cmluZyAgICB8IG5lY2Vzc2FyeSAgICAgICAgICAgICAgfCAgICAgICAg
ICAgICAgICAgICAgICAgICAgICAgICAgICAgICAgICAgICAgICAgICAgIHwgv6yw
6MTateUNCiMgurjH6LDovuDBpLq4ICAgICAgICAgICAgICAgICAgICAgICAgICAg
ICAgICAgICAgICAgICAgICAgICAgICAgICAgICAgICAgICAgICAgICAgICAgICAg
ICAgICAgICAgICAgICAgICAgICAgICAgICAgICAgICAgICAgICAgICAgICAgICAg
ICAgICAgICAgICAgICAgICAgICAgICAgICAgICAgICAgICAgICAgICAgICAgICAg
ICAgICAgICAgICAgICAgICAgICAgICAgICAgICAgICAgICAgICAgICAgICAgICAg
ICAgICAgICAgICAgICAgICAgICAgICAgICAgICAgICAgICAgICAgICAgICAgICAg
ICAgIA0KYm9uZF9raW5kX2NvZGUgIHwgL3NnOkZMUklORi9HdWFyYW50ZWUuSW5m
by5EZXRhaWxzL2NjOkd1YXJhbnRlZS5UeXBlLklkZW50aWZpZXIvSWRlbnRpZmll
ci5Db250ZW50ICAgICAgICAgICAgICAgICAgICAgICAgICAgICAgICAgICAgICAg
ICAgICAgICAgICB8IDMgICAgfCBTdHJpbmcgICAgfCBuZWNlc3NhcnkgICAgICAg
ICAgICAgIHwgICAgICAgICAgICAgICAgICAgICAgICAgICAgICAgICAgICAgICAg
ICAgICAgICAgICB8ILq4x+jBvrjxsbi60AkJICAgICAgICAgICAgICAgICAgICAg
ICAgICAgICAgICANCmJvbmRfYmVnbl9kYXRlICB8IC9zZzpGTFJJTkYvR3VhcmFu
dGVlLkluZm8uRGV0YWlscy9jYzpHdWFyYW50ZWUuQmVnbi5EYXRlL0RhdGVUaW1l
LkNvbnRlbnQgICAgICAgICAgICAgICAgICAgICAgICAgICAgICAgICAgICAgICAg
ICAgICAgICAgICAgICAgICAgfCA4ICAgIHwgU3RyaW5nICAgIHwgbmVjZXNzYXJ5
ICAgICAgICAgICAgICB8ICAgICAgICAgICAgICAgICAgICAgICAgICAgICAgICAg
ICAgICAgICAgICAgICAgICAgfCC6uMfosLO9w8DPwNoJCSAgICAgICAgICAgICAg
ICAgICAgICAgICAgICAgICAgDQpib25kX2Zuc2hfZGF0ZSAgfCAvc2c6RkxSSU5G
L0d1YXJhbnRlZS5JbmZvLkRldGFpbHMvY2M6R3VhcmFudGVlLkZuc2guRGF0ZS9E
YXRlVGltZS5Db250ZW50ICAgICAgICAgICAgICAgICAgICAgICAgICAgICAgICAg
ICAgICAgICAgICAgICAgICAgICAgICAgIHwgOCAgICB8IFN0cmluZyAgICB8IG5l
Y2Vzc2FyeSAgICAgICAgICAgICAgfCAgICAgICAgICAgICAgICAgICAgICAgICAg
ICAgICAgICAgICAgICAgICAgICAgICAgIHwgurjH6MG+t+HAz8DaCQkgICAgICAg
ICAgICAgICAgICAgICAgICAgICAgICAgIA0KYm9uZF9jdXJjX2NvZGUgIHwgL3Nn
OkZMUklORi9HdWFyYW50ZWUuSW5mby5EZXRhaWxzL2NjOkd1YXJhbnRlZS5BbW91
bnQvQW1vdW50Q3VycmVuY3kuSWRlbnRpZmljYXRpb24uQ29kZSAgICAgICAgICAg
ICAgICAgICAgICAgICAgICAgICAgICAgICAgICAgICB8IDMgICAgfCBTdHJpbmcg
ICAgfCBuZWNlc3NhcnkgICAgICAgICAgICAgIHwgICAgICAgICAgICAgICAgICAg
ICAgICAgICAgICAgICAgICAgICAgICAgICAgICAgICB8ILq4x+iwocDUsd2+1y/F
68itxNq15QkgICAgICAgICAgICAgICAgICAgICANCmJvbmRfcGVubF9hbW50ICB8
IC9zZzpGTFJJTkYvR3VhcmFudGVlLkluZm8uRGV0YWlscy9jYzpHdWFyYW50ZWUu
QW1vdW50L0Ftb3VudC5Db250ZW50ICAgICAgICAgICAgICAgICAgICAgICAgICAg
ICAgICAgICAgICAgICAgICAgICAgICAgICAgICAgICAgICAgfCAxOCAgIHwgU3Ry
aW5nICAgIHwgbmVjZXNzYXJ5ICAgICAgICAgICAgICB8ICAgICAgICAgICAgICAg
ICAgICAgICAgICAgICAgICAgICAgICAgICAgICAgICAgICAgfCC6uMfosKHA1LHd
vtcvurjH6LChwNSx3b7XCSAgICAgICAgICAgICAgICAgICAgIA0KYm9uZF9vcGVy
X2NvZGUgIHwgL3NnOkZMUklORi9HdWFyYW50ZWUuSW5mby5EZXRhaWxzL2NjOkd1
YXJhbnRlZS5PcGVyYXRpb24uQ29kZS9Db2RlLkNvbnRlbnQgICAgICAgICAgICAg
ICAgICAgICAgICAgICAgICAgICAgICAgICAgICAgICAgICAgICAgICAgICB8IDEw
ICAgfCBTdHJpbmcgICAgfCBtaW4gICAgICAgICAgICAgICAgICAgIHwgICAgICAg
ICAgICAgICAgICAgICAgICAgICAgICAgICAgICAgICAgICAgICAgICAgICB8IMG2
yLi17rfPIL73uauxuLrQCQkgICAgICAgICAgICAgICAgICAgICANCmJvbmRfYXBw
bF9jb2RlICB8IC9zZzpGTFJJTkYvR3VhcmFudGVlLkluZm8uRGV0YWlscy9jYzpH
dWFyYW50ZWUuQXBwbGljYXRpb24uQ29kZS9Db2RlLkNvbnRlbnQgICAgICAgICAg
ICAgICAgICAgICAgICAgICAgICAgICAgICAgICAgICAgICAgICAgICAgICAgfCAy
ICAgIHwgU3RyaW5nICAgIHwgbmVjZXNzYXJ5ICAgICAgICAgICAgICB8ICAgICAg
ICAgICAgICAgICAgICAgICAgICAgICAgICAgICAgICAgICAgICAgICAgICAgfCC9
xbHUuei8rSC+97mrsbi60AkgICAgICAgICAgICAgICAgICAgICAgICAgICAgICAg
IA0KIyDB1r/ksOi+4MGkurggICAgICAgICAgICAgICAgICAgICAgICAgICAgICAg
ICAgICAgICAgICAgICAgICAgICAgICAgICAgICAgICAgICAgICAgICAgICAgICAg
ICAgICAgICAgICAgICAgICAgICAgICAgICAgICAgICAgICAgICAgICAgICAgICAg
ICAgICAgICAgICAgICAgICAgICAgICAgICAgICAgICAgICAgICAgICAgICAgICAg
ICAgICAgICAgICAgICAgICAgICAgICAgICAgICAgICAgICAgICAgICAgICAgICAg
ICAgICAgICAgICAgICAgICAgICAgICAgICAgICAgICAgICAgICAgICAgICAgICAg
DQpjb250X251bWJfdGV4dCAgfCAvc2c6RkxSSU5GL01haW5Db250cmFjdC5JbmZv
LkRldGFpbHMvY2M6Q29udHJhY3QuTnVtYmVyLlRleHQvVGV4dC5Db250ZW50ICAg
ICAgICAgICAgICAgICAgICAgICAgICAgICAgICAgICAgICAgICAgICAgICAgICAg
ICAgICAgIHwgMzAgICB8IFN0cmluZyAgICB8IG5lY2Vzc2FyeSAgICAgICAgICAg
ICAgfCAgICAgICAgICAgICAgICAgICAgICAgICAgICAgICAgICAgICAgICAgICAg
ICAgICAgIHwgsOi+4Ln4yKMJCSAgICAgICAgICAgICAgICAgICAgICAgICAgICAg
ICAgDQpjb250X25hbWVfdGV4dCAgfCAvc2c6RkxSSU5GL01haW5Db250cmFjdC5J
bmZvLkRldGFpbHMvY2M6Q29udHJhY3QuTmFtZS5UZXh0L1RleHQuQ29udGVudCAg
ICAgICAgICAgICAgICAgICAgICAgICAgICAgICAgICAgICAgICAgICAgICAgICAg
ICAgICAgICAgIHwgMTAwICB8IFN0cmluZyAgICB8IG5lY2Vzc2FyeSAgICAgICAg
ICAgICAgfCAgICAgICAgICAgICAgICAgICAgICAgICAgICAgICAgICAgICAgICAg
ICAgICAgICAgIHwgsOi+4LDHuO0JCSAgICAgICAgICAgICAgICAgICAgICAgICAg
ICAgICAgDQpjb250X3Byb2NfdHlwZSAgfCAvc2c6RkxSSU5GL01haW5Db250cmFj
dC5JbmZvLkRldGFpbHMvY2M6UHJvY3VyZW1lbnQuVHlwZS5JZGVudGlmaWVyL0lk
ZW50aWZpZXIuQ29udGVudCAgICAgICAgICAgICAgICAgICAgICAgICAgICAgICAg
ICAgICAgICAgICAgIHwgMyAgICB8IFN0cmluZyAgICB8IG5lY2Vzc2FyeSAgICAg
ICAgICAgICAgfCAgICAgICAgICAgICAgICAgICAgICAgICAgICAgICAgICAgICAg
ICAgICAgICAgICAgIHwgsOi+4LG4utAJCSAgICAgICAgICAgICAgICAgICAgICAg
ICAgICAgICAgDQpjb250X3R5cGVfaWRlbiAgfCAvc2c6RkxSSU5GL01haW5Db250
cmFjdC5JbmZvLkRldGFpbHMvY2M6Q29udHJhY3QuVHlwZS5JZGVudGlmaWVyL0lk
ZW50aWZpZXIuQ29udGVudCAgICAgICAgICAgICAgICAgICAgICAgICAgICAgICAg
ICAgICAgICAgICAgICAgIHwgMSAgICB8IFN0cmluZyAgICB8IG5lY2Vzc2FyeSAg
ICAgICAgICAgICAgfCAgICAgICAgICAgICAgICAgICAgICAgICAgICAgICAgICAg
ICAgICAgICAgICAgICAgIHwgsOi+4LnmvcQJCSAgICAgICAgICAgICAgICAgICAg
ICAgICAgICAgICAgDQpjb250X2FzZ25fcmF0ZSAgfCAvc2c6RkxSSU5GL01haW5D
b250cmFjdC5JbmZvLkRldGFpbHMvY2M6Q29udHJhY3QuQXNzaWduZWQuUmF0ZS9O
dW1lcmljLkNvbnRlbnQgICAgICAgICAgICAgICAgICAgICAgICAgICAgICAgICAg
ICAgICAgICAgICAgICAgICAgIHwgNiAgICB8IFN0cmluZyAgICB8IG1pbiAgICAg
ICAgICAgICAgICAgICAgfCAgICAgICAgICAgICAgICAgICAgICAgICAgICAgICAg
ICAgICAgICAgICAgICAgICAgIHwgwfa60MCyCQkgICAgICAgICAgICAgICAgICAg
ICAgICAgICAgIA0KY29udF9uZXdzX2RpdnMgIHwgL3NnOkZMUklORi9NYWluQ29u
dHJhY3QuSW5mby5EZXRhaWxzL2NjOkNvbnRpbnVlTmV3LkluZGljYXRvci5Db2Rl
L0NvZGUuQ29udGVudCAgICAgICAgICAgICAgICAgICAgICAgICAgICAgICAgICAg
ICAgICAgICAgICAgICAgICB8IDEgICAgfCBTdHJpbmcgICAgfCBuZWNlc3Nhcnkg
ICAgICAgICAgICAgIHwgICAgICAgICAgICAgICAgICAgICAgICAgICAgICAgICAg
ICAgICAgICAgICAgICAgICB8IL3FsdQvsLu9xSCw6L7gsbi60AkJICAgICAgICAg
ICAgICAgICAgICAgDQpjb250X3BsYW5fZGF0ZSAgfCAvc2c6RkxSSU5GL01haW5D
b250cmFjdC5JbmZvLkRldGFpbHMvY2M6Q29uc3RydWN0aW9uLkNvbXBsZXRlLkRh
dGUvRGF0ZVRpbWUuQ29udGVudCAgICAgICAgICAgICAgICAgICAgICAgICAgICAg
ICAgICAgICAgICAgICAgICAgIHwgOCAgICB8IFN0cmluZyAgICB8IG1pbiAgICAg
ICAgICAgICAgICAgICAgfCAgICAgICAgICAgICAgICAgICAgICAgICAgICAgICAg
ICAgICAgICAgICAgICAgICAgIHwgwdiw+L+5waTAzwkJICAgICAgICAgICAgICAg
ICAgICAgICAgICAgICAgICANCmNvbnRfbWFpbl9kYXRlICB8IC9zZzpGTFJJTkYv
TWFpbkNvbnRyYWN0LkluZm8uRGV0YWlscy9jYzpDb250cmFjdC5EYXRlL0RhdGVU
aW1lLkNvbnRlbnQgICAgICAgICAgICAgICAgICAgICAgICAgICAgICAgICAgICAg
ICAgICAgICAgICAgICAgICAgICAgICAgfCA4ICAgIHwgU3RyaW5nICAgIHwgbWlu
ICAgICAgICAgICAgICAgICAgICB8ICAgICAgICAgICAgICAgICAgICAgICAgICAg
ICAgICAgICAgICAgICAgICAgICAgICAgfCCw6L7gw7yw4cDPwNoJCSAgICAgICAg
ICAgICAgICAgICAgICAgICAgICAgICAgDQpjb250X2N1cmNfY29kZSAgfCAvc2c6
RkxSSU5GL01haW5Db250cmFjdC5JbmZvLkRldGFpbHMvY2M6Q29udHJhY3QuQW1v
dW50L0Ftb3VudEN1cnJlbmN5LklkZW50aWZpY2F0aW9uLkNvZGUgICAgICAgICAg
ICAgICAgICAgICAgICAgICAgICAgICAgICAgICAgIHwgMyAgICB8IFN0cmluZyAg
ICB8IG5lY2Vzc2FyeSAgICAgICAgICAgICAgfCAgICAgICAgICAgICAgICAgICAg
ICAgICAgICAgICAgICAgICAgICAgICAgICAgICAgIHwgsOi+4LHdvtcov/jIrSkv
xevIrcTateUJICAgICAgICAgICAgICAgICAgICAgDQpjb250X21haW5fYW1udCAg
fCAvc2c6RkxSSU5GL01haW5Db250cmFjdC5JbmZvLkRldGFpbHMvY2M6Q29udHJh
Y3QuQW1vdW50L0Ftb3VudC5Db250ZW50ICAgICAgICAgICAgICAgICAgICAgICAg
ICAgICAgICAgICAgICAgICAgICAgICAgICAgICAgICAgICAgIHwgMTggICB8IFN0
cmluZyAgICB8IG5lY2Vzc2FyeSAgICAgICAgICAgICAgfCAgICAgICAgICAgICAg
ICAgICAgICAgICAgICAgICAgICAgICAgICAgICAgICAgICAgIHwgsOi+4LHdvtco
v/jIrSkvsOi+4LHdvtcJICAgICAgICAgICAgICAgICAgICAgDQpmb3JuX2N1cmNf
Y29kZSAgfCAvc2c6RkxSSU5GL01haW5Db250cmFjdC5JbmZvLkRldGFpbHMvY2M6
Rm9yZWlnbi5Db250cmFjdC5BbW91bnQvQW1vdW50Q3VycmVuY3kuSWRlbnRpZmlj
YXRpb24uQ29kZSAgICAgICAgICAgICAgICAgICAgICAgICAgICAgICAgIHwgMyAg
ICB8IFN0cmluZyAgICB8IG1pbiAgICAgICAgICAgICAgICAgICAgfCAgICAgICAg
ICAgICAgICAgICAgICAgICAgICAgICAgICAgICAgICAgICAgICAgICAgIHwgsOi+
4LHdvtcov9zIrSkvxevIrcTateUJICAgICAgICAgICAgICAgICAgICAgDQpmb3Ju
X21haW5fYW1udCAgfCAvc2c6RkxSSU5GL01haW5Db250cmFjdC5JbmZvLkRldGFp
bHMvY2M6Rm9yZWlnbi5Db250cmFjdC5BbW91bnQvQW1vdW50LkNvbnRlbnQgICAg
ICAgICAgICAgICAgICAgICAgICAgICAgICAgICAgICAgICAgICAgICAgICAgICAg
IHwgMTggICB8IFN0cmluZyAgICB8IG1pbiAgICAgICAgICAgICAgICAgICAgfCAg
ICAgICAgICAgICAgICAgICAgICAgICAgICAgICAgICAgICAgICAgICAgICAgICAg
IHwgsOi+4LHdvtcov9zIrSkvsOi+4LHdvtcJICAgICAgICAgICAgICAgICAgICAg
DQpoaXN0X2JvbmRfbnVtYiAgfCAvc2c6RkxSSU5GL01haW5Db250cmFjdC5JbmZv
LkRldGFpbHMvY2M6SGlzdG9yeS5Cb25kTnVtYmVyLlRleHQvVGV4dC5Db250ZW50
ICAgICAgICAgICAgICAgICAgICAgICAgICAgICAgICAgICAgICAgICAgICAgICAg
ICAgICAgIHwgMjAgICB8IFN0cmluZyAgICB8IG1pbiAgICAgICAgICAgICAgICAg
ICAgfCAgICAgICAgICAgICAgICAgICAgICAgICAgICAgICAgICAgICAgICAgICAg
ICAgICAgIHwguei8rbTru/MgwfWxx7n4yKMgICAgICAgICAgICAgICAgICAgICAg
ICAgICAgICAgICANCiMgx8/A2sGkurggICAgICAgICAgICAgICAgICAgICAgICAg
ICAgICAgICAgICAgICAgICAgICAgICAgICAgICAgICAgICAgICAgICAgICAgICAg
ICAgICAgICAgICAgICAgICAgICAgICAgICAgICAgICAgICAgICAgICAgICAgICAg
ICAgICAgICAgICAgICAgICAgICAgICAgICAgICAgICAgICAgICAgICAgICAgICAg
ICAgICAgICAgICAgICAgICAgICAgICAgICAgICAgICAgICAgICAgICAgICAgICAg
ICAgICAgICAgICAgICAgICAgDQptb3JnX2JlZ25fZGF0ZSAgfCAvc2c6RkxSSU5G
L01vcnRnYWdlLkluZm8uRGV0YWlscy9jYzpNb3J0Z2FnZS5CZWduLkRhdGUvRGF0
ZVRpbWUuQ29udGVudCAgICAgICAgICAgICAgICAgICAgICAgICAgICAgICAgICAg
ICAgICAgICAgICAgICAgICAgICAgICAgIHwgOCAgICB8IFN0cmluZyAgICB8IG5l
Y2Vzc2FyeSAgICAgICAgICAgICAgfCAgICAgICAgICAgICAgICAgICAgICAgICAg
ICAgICAgICAgICAgICAgICAgICAgICAgIHwgx8/A2rq4vPbDpcDTvcPA28DPCSAg
ICAgICAgDQptb3JnX2Zuc2hfZGF0ZSAgfCAvc2c6RkxSSU5GL01vcnRnYWdlLklu
Zm8uRGV0YWlscy9jYzpNb3J0Z2FnZS5GbnNoLkRhdGUvRGF0ZVRpbWUuQ29udGVu
dCAgICAgICAgICAgICAgICAgICAgICAgICAgICAgICAgICAgICAgICAgICAgICAg
ICAgICAgICAgICAgIHwgOCAgICB8IFN0cmluZyAgICB8IG5lY2Vzc2FyeSAgICAg
ICAgICAgICAgfCAgICAgICAgICAgICAgICAgICAgICAgICAgICAgICAgICAgICAg
ICAgICAgICAgICAgIHwgx8/A2rq4vPbDpcDTwb634cDPCQkNCm1vcmdfdGVybV90
ZXh0ICB8IC9zZzpGTFJJTkYvTW9ydGdhZ2UuSW5mby5EZXRhaWxzL2NjOk1vcnRn
YWdlLlBlcmlvZC5UZXh0L1RleHQuQ29udGVudCAgICAgICAgICAgICAgICAgICAg
ICAgICAgICAgICAgICAgICAgICAgICAgICAgICAgICAgICAgICAgICAgfCAzMCAg
IHwgU3RyaW5nICAgIHwgbmVjZXNzYXJ5ICAgICAgICAgICAgICB8ICAgICAgICAg
ICAgICAgICAgICAgICAgICAgICAgICAgICAgICAgICAgICAgICAgICAgfCDHz8Da
uri89sOlwNOx4rCjCQkNCm1vcmdfcHJpY19yYXRlICB8IC9zZzpGTFJJTkYvTW9y
dGdhZ2UuSW5mby5EZXRhaWxzL2NjOkd1YXJhbnRlZS5QcmljZS5SYXRlL051bWVy
aWMuQ29udGVudCAgICAgICAgICAgICAgICAgICAgICAgICAgICAgICAgICAgICAg
ICAgICAgICAgICAgICAgICAgICAgfCA2ICAgIHwgU3RyaW5nICAgIHwgbmVjZXNz
YXJ5ICAgICAgICAgICAgICB8ICAgICAgICAgICAgICAgICAgICAgICAgICAgICAg
ICAgICAgICAgICAgICAgICAgICAgfCDHz8DaurjB9bHdwLIgICAgICAgICAgICAg
ICAgICAgIA0KbW9yZ19jbmZtX2NvZGUgIHwgL3NnOkZMUklORi9Nb3J0Z2FnZS5J
bmZvLkRldGFpbHMvY2M6TW9ydGdhZ2UuSW5kaWNhdG9yLkNvZGUvQ29kZS5Db250
ZW50ICAgICAgICAgICAgICAgICAgICAgICAgICAgICAgICAgICAgICAgICAgICAg
ICAgICAgICAgICAgICB8IDEgICAgfCBTdHJpbmcgICAgfCBtaW4gICAgICAgICAg
ICAgICAgICAgIHwgICAgICAgICAgICAgICAgICAgICAgICAgICAgICAgICAgICAg
ICAgICAgICAgICAgICB8ILmrx8/A2siuwM4gICAgICAgICAgICAgICAgICAgIA0K
bW9yZ19jbmZtX2RhdGUgIHwgL3NnOkZMUklORi9Nb3J0Z2FnZS5JbmZvLkRldGFp
bHMvY2M6TW9ydGdhZ2UuQ29uZmlybS5EYXRlL0RhdGVUaW1lLkNvbnRlbnQgICAg
ICAgICAgICAgICAgICAgICAgICAgICAgICAgICAgICAgICAgICAgICAgICAgICAg
ICAgICB8IDggICAgfCBTdHJpbmcgICAgfCBtaW4gICAgICAgICAgICAgICAgICAg
IHwgICAgICAgICAgICAgICAgICAgICAgICAgICAgICAgICAgICAgICAgICAgICAg
ICAgICB8ILmrx8/A2siuwM7AzyAgICAgICAgICAgICAgICAgICANCiMgw6Sxx8Da
IMGkurggICAgICAgICAgICAgICAgICAgICAgICAgICAgICAgICAgICAgICAgICAg
ICAgICAgICAgICAgICAgICAgICAgICAgICAgICAgICAgICAgICAgICAgICAgICAg
ICAgICAgICAgICAgICAgICAgICAgICAgICAgICAgICAgICAgICAgICAgICAgICAg
ICAgICAgICAgICAgICAgICAgICAgICAgICAgICAgICAgICAgICAgICAgICAgICAg
ICAgICAgICAgICAgICAgICAgICAgICAgICAgICAgICAgICAgICAgICAgICAgDQpj
cmVkX2V4c3RfY29kZQl8IC9zZzpGTFJJTkYvQ3JlZGl0b3IuSW5mby5EZXRhaWxz
L2NjOkNyZWRpdG9yLkV4aXN0ZW5jZS5JbmRpY2F0b3IvSW5kaWNhdG9yLkNvbnRl
bnQJCQkJCQkJCQkJCQkJfCAxICAgIAkJfCBTdHJpbmcgICAgfCBtaW4JCQkJfCAg
ICAgICAgICAgICAgICAgICAgICAgICAgICAgICAgICAgICAgICAgICAgICAgICAg
IAkJCQl8IMOkscfA2iDBuMDnIMf8xcIgsbi60A0KY3JlZF9vcmdhX25hbWUgIHwg
L3NnOkZMUklORi9DcmVkaXRvci5JbmZvLkRldGFpbHMvY2M6T3JnYW5pemF0aW9u
Lk5hbWUvVGV4dC5Db250ZW50ICAgICAgICAgICAgICAgICAgICAgICAgICAgICAg
ICAgICAgICAgICAgICAgICAgICAgICAgICAgICAgICAgICB8IDEwMCAgfCBTdHJp
bmcgICAgfCBuZWNlc3NhcnkgICAgICAgICAgICAgIHwgICAgICAgICAgICAgICAg
ICAgICAgICAgICAgICAgICAgICAgICAgICAgICAgICAgICB8ILHisPy47QkJICAg
ICAgICAgICAgICAgIA0KY3JlZF9vcnBzX2RpdnMgIHwgL3NnOkZMUklORi9DcmVk
aXRvci5JbmZvLkRldGFpbHMvY2M6T3JnYW5pemF0aW9uT3JQZXJzb24uSWRlbnRp
Zmllci5JbmRpY2F0b3IvSW5kaWNhdG9yLkNvbnRlbnQgICAgICAgICAgICAgICAg
ICAgICAgICAgICAgICAgICAgICB8IDEgICAgfCBTdHJpbmcgICAgfCBuZWNlc3Nh
cnkgICAgICAgICAgICAgIHwgICAgICAgICAgICAgICAgICAgICAgICAgICAgICAg
ICAgICAgICAgICAgICAgICAgICB8ILG4utAJCSAgICAgICAgICAgICAgICANCmNy
ZWRfb3JnYV9udW1iICB8IC9zZzpGTFJJTkYvQ3JlZGl0b3IuSW5mby5EZXRhaWxz
L2NjOk9yZ2FuaXphdGlvbi5OdW1iZXIuVGV4dC9UZXh0LkNvbnRlbnQgICAgICAg
ICAgICAgICAgICAgICAgICAgICAgICAgICAgICAgICAgICAgICAgICAgICAgICAg
ICAgfCAxMyAgIHwgU3RyaW5nICAgIHwgbmVjZXNzYXJ5ICAgICAgICAgICAgICB8
ICAgICAgICAgICAgICAgICAgICAgICAgICAgICAgICAgICAgICAgICAgICAgICAg
ICAgfCC5/cDOte63z7n4yKMJCSAgICAgICAgDQpjcmVkX29ycHNfaWRlbiAgfCAv
c2c6RkxSSU5GL0NyZWRpdG9yLkluZm8uRGV0YWlscy9jYzpPcmdhbml6YXRpb25P
clBlcnNvbi5JZGVudGlmaWVyL0lkZW50aWZpZXIuQ29udGVudCAgICAgICAgICAg
ICAgICAgICAgICAgICAgICAgICAgICAgICAgICAgICAgIHwgMTMgICB8IFN0cmlu
ZyAgICB8IG5lY2Vzc2FyeSAgICAgICAgICAgICAgfCAgICAgICAgICAgICAgICAg
ICAgICAgICAgICAgICAgICAgICAgICAgICAgICAgICAgIHwgu+e+98DaL8HWuc65
+MijCQkgICAgICAgIA0KY3JlZF9vd25yX251bWIgIHwgL3NnOkZMUklORi9DcmVk
aXRvci5JbmZvLkRldGFpbHMvY2M6Q3VzdG9tZXIuTnVtYmVyLlRleHQvVGV4dC5D
b250ZW50ICAgICAgICAgICAgICAgICAgICAgICAgICAgICAgICAgICAgICAgICAg
ICAgICAgICAgICAgICAgICAgICB8IDEzICAgfCBTdHJpbmcgICAgfCBuZWNlc3Nh
cnkgICAgICAgICAgICAgIHwgICAgICAgICAgICAgICAgICAgICAgICAgICAgICAg
ICAgICAgICAgICAgICAgICAgICB8ILTrx6XA2iDB1rnOte63z7n4yKMJCQ0KY3Jl
ZF9vd25yX25hbWUgIHwgL3NnOkZMUklORi9DcmVkaXRvci5JbmZvLkRldGFpbHMv
Y2M6T3JnYW5pemF0aW9uLkNFTy5OYW1lL1RleHQuQ29udGVudCAgICAgICAgICAg
ICAgICAgICAgICAgICAgICAgICAgICAgICAgICAgICAgICAgICAgICAgICAgICAg
ICB8IDM1ICAgfCBTdHJpbmcgICAgfCBuZWNlc3NhcnkgICAgICAgICAgICAgIHwg
ICAgICAgICAgICAgICAgICAgICAgICAgICAgICAgICAgICAgICAgICAgICAgICAg
ICB8ILy6uO0otOvHpcDauO0pCQkgICAgICAgIA0KY3JlZF9ib25kX2hvbGQgIHwg
L3NnOkZMUklORi9DcmVkaXRvci5JbmZvLkRldGFpbHMvY2M6T3JnYW5pemF0aW9u
LkJvbmRob2xkZXIuTmFtZS9UZXh0LkNvbnRlbnQgICAgICAgICAgICAgICAgICAg
ICAgICAgICAgICAgICAgICAgICAgICAgICAgICAgICAgICB8IDEwMCAgfCBTdHJp
bmcgICAgfCBuZWNlc3NhcnkgICAgICAgICAgICAgIHwgICAgICAgICAgICAgICAg
ICAgICAgICAgICAgICAgICAgICAgICAgICAgICAgICAgICB8IMOkscfA2rjtCQkg
ICAgICAgIA0KY3JlZF9hZGRuX25hbWUgIHwgL3NnOkZMUklORi9DcmVkaXRvci5J
bmZvLkRldGFpbHMvY2M6T3JnYW5pemF0aW9uLkFkZGl0aW9uLk5hbWUvVGV4dC5D
b250ZW50ICAgICAgICAgICAgICAgICAgICAgICAgICAgICAgICAgICAgICAgICAg
ICAgICAgICAgICAgICB8IDQwICAgfCBTdHJpbmcgICAgfCBtaW4gICAgICAgICAg
ICAgICAgICAgIHwgICAgICAgICAgICAgICAgICAgICAgICAgICAgICAgICAgICAg
ICAgICAgICAgICAgICB8IMOkscex4rD8ILrOsKG788ijCQkNCmNyZWRfb3JnYV9w
b3N0ICB8IC9zZzpGTFJJTkYvQ3JlZGl0b3IuSW5mby5EZXRhaWxzL2NjOk9yZ2Fu
aXphdGlvbi5Qb3N0LlRleHQvVGV4dC5Db250ZW50ICAgICAgICAgICAgICAgICAg
ICAgICAgICAgICAgICAgICAgICAgICAgICAgICAgICAgICAgICAgICAgfCA2ICAg
IHwgU3RyaW5nICAgIHwgbmVjZXNzYXJ5ICAgICAgICAgICAgICB8ICAgICAgICAg
ICAgICAgICAgICAgICAgICAgICAgICAgICAgICAgICAgICAgICAgICAgfCDIuLvn
IL/sxu25+MijCQkgICAgICAgIA0KY3JlZF9vcmdhX2FkZHIgIHwgL3NnOkZMUklO
Ri9DcmVkaXRvci5JbmZvLkRldGFpbHMvY2M6T3JnYW5pemF0aW9uLkFkZHJlc3Mu
VGV4dC9UZXh0LkNvbnRlbnQgICAgICAgICAgICAgICAgICAgICAgICAgICAgICAg
ICAgICAgICAgICAgICAgICAgICAgICAgICB8IDEwMCAgfCBTdHJpbmcgICAgfCBu
ZWNlc3NhcnkgICAgICAgICAgICAgIHwgICAgICAgICAgICAgICAgICAgICAgICAg
ICAgICAgICAgICAgICAgICAgICAgICAgICB8IMi4u+cgwda80gkJICAgICAgICAN
CmNyZWRfY2hyZ19uYW1lICB8IC9zZzpGTFJJTkYvQ3JlZGl0b3IuSW5mby5EZXRh
aWxzL2NjOkVtcGxveWVlLk5hbWUuVGV4dC9UZXh0LkNvbnRlbnQgICAgICAgICAg
ICAgICAgICAgICAgICAgICAgICAgICAgICAgICAgICAgICAgICAgICAgICAgICAg
ICAgICAgfCAyMCAgIHwgU3RyaW5nICAgIHwgbmVjZXNzYXJ5ICAgICAgICAgICAg
ICB8ICAgICAgICAgICAgICAgICAgICAgICAgICAgICAgICAgICAgICAgICAgICAg
ICAgICAgfCC047TnwNq47QkJICAgICAgICANCmNyZWRfZGVwdF9uYW1lICB8IC9z
ZzpGTFJJTkYvQ3JlZGl0b3IuSW5mby5EZXRhaWxzL2NjOkRlcGFydG1lbnQuTmFt
ZS5UZXh0L1RleHQuQ29udGVudCAgICAgICAgICAgICAgICAgICAgICAgICAgICAg
ICAgICAgICAgICAgICAgICAgICAgICAgICAgICAgICAgfCAzMCAgIHwgU3RyaW5n
ICAgIHwgbmVjZXNzYXJ5ICAgICAgICAgICAgICB8ICAgICAgICAgICAgICAgICAg
ICAgICAgICAgICAgICAgICAgICAgICAgICAgICAgICAgfCC80rzTus68rQkJICAg
ICAgICANCmNyZWRfcGhvbl9udW1iICB8IC9zZzpGTFJJTkYvQ3JlZGl0b3IuSW5m
by5EZXRhaWxzL2NjOlRlbGVwaG9uZS5OdW1iZXIuVGV4dC9UZXh0LkNvbnRlbnQg
ICAgICAgICAgICAgICAgICAgICAgICAgICAgICAgICAgICAgICAgICAgICAgICAg
ICAgICAgICAgICAgfCAyMCAgIHwgU3RyaW5nICAgIHwgbmVjZXNzYXJ5ICAgICAg
ICAgICAgICB8ICAgICAgICAgICAgICAgICAgICAgICAgICAgICAgICAgICAgICAg
ICAgICAgICAgICAgfCDA/MitufjIoyAgICAgICAgICAgICAgICAgICAgICAgIA0K
Y3JlZF9jZWxsX3Bob24gIHwgL3NnOkZMUklORi9DcmVkaXRvci5JbmZvLkRldGFp
bHMvY2M6Q2VsbHBob25lLk51bWJlci5UZXh0L1RleHQuQ29udGVudCAgICAgICAg
ICAgICAgICAgICAgICAgICAgICAgICAgICAgICAgICAgICAgICAgICAgICAgICAg
ICAgICB8IDIwICAgfCBTdHJpbmcgICAgfCBuZWNlc3NhcnkgICAgICAgICAgICAg
IHwgICAgICAgICAgICAgICAgICAgICAgICAgICAgICAgICAgICAgICAgICAgICAg
ICAgICB8IMfateXG+bn4yKMJCSAgICAgICAgDQpjcmVkX3NlbmRfbWFpbCAgfCAv
c2c6RkxSSU5GL0NyZWRpdG9yLkluZm8uRGV0YWlscy9jYzpFbXBsb3llZS5FbWFp
bC5UZXh0L1RleHQuQ29udGVudCAgICAgICAgICAgICAgICAgICAgICAgICAgICAg
ICAgICAgICAgICAgICAgICAgICAgICAgICAgICAgICAgIHwgNDAgICB8IFN0cmlu
ZyAgICB8IG5lY2Vzc2FyeSAgICAgICAgICAgICAgfCAgICAgICAgICAgICAgICAg
ICAgICAgICAgICAgICAgICAgICAgICAgICAgICAgICAgIHwgtOO058DaIEVNQUlM
CQkgICAgICAgIA0KY3JlZF91c2VyX2lkZW4gIHwgL3NnOkZMUklORi9DcmVkaXRv
ci5JbmZvLkRldGFpbHMvY2M6VXNlci5JZGVudGlmaWVyL0lkZW50aWZpZXIuQ29u
dGVudCAgICAgICAgICAgICAgICAgICAgICAgICAgICAgICAgICAgICAgICAgICAg
ICAgICAgICAgICAgICAgICB8IDEzICAgfCBTdHJpbmcgICAgfCBuZWNlc3Nhcnkg
ICAgICAgICAgICAgIHwgICAgICAgICAgICAgICAgICAgICAgICAgICAgICAgICAg
ICAgICAgICAgICAgICAgICB8ILz2vcXDs0lECQkgICAgICAgIA0KY3JlZF91c2Vy
X3R5cGUgIHwgL3NnOkZMUklORi9DcmVkaXRvci5JbmZvLkRldGFpbHMvY2M6VXNl
ci5UeXBlLklkZW50aWZpZXIvSWRlbnRpZmllci5Db250ZW50ICAgICAgICAgICAg
ICAgICAgICAgICAgICAgICAgICAgICAgICAgICAgICAgICAgICAgICAgICB8IDMg
ICAgfCBTdHJpbmcgICAgfCBuZWNlc3NhcnkgICAgICAgICAgICAgIHwgICAgICAg
ICAgICAgICAgICAgICAgICAgICAgICAgICAgICAgICAgICAgICAgICAgICB8ILz2
vcXDs1RZUEUJICAgICAgICAgICAgICAgIA0KbXVsdF9jcmVkX2luZm8JfCAvc2c6
RkxSSU5GL0NyZWRpdG9yLkluZm8uRGV0YWlscy9NdWx0aXBsZUNyZWRpdG9yLklu
Zm8uRGV0YWlscwkJCQkJCQkJCQkJCQkJCQkJCXwgNTAwMDAgCXwgU3RyaW5nICAg
CXwgbWF4ZWxlCQkJfCBzZzpGTFJJTkYvQ3JlZGl0b3IuSW5mby5EZXRhaWxzL011
bHRpcGxlQ3JlZGl0b3IuSW5mby5EZXRhaWxzIAl8ILndurkNCm1jcmVfb3JnYV9u
YW1lCXwgL3NnOkZMUklORi9DcmVkaXRvci5JbmZvLkRldGFpbHMvTXVsdGlwbGVD
cmVkaXRvci5JbmZvLkRldGFpbHMvY2M6T3JnYW5pemF0aW9uLk5hbWUvVGV4dC5D
b250ZW50CQkJCQkJCQkJfCAxMDAgICAgCXwgU3RyaW5nICAgIHwgbWluCQkJCXwg
Y2M6T3JnYW5pemF0aW9uLk5hbWUvVGV4dC5Db250ZW50CQkJCQkJCQkgICAgfCCw
+LW/IMOkscfA2iCx4rD8uO0NCm1jcmVfb3Jwc19kaXZzCXwgL3NnOkZMUklORi9D
cmVkaXRvci5JbmZvLkRldGFpbHMvTXVsdGlwbGVDcmVkaXRvci5JbmZvLkRldGFp
bHMvY2M6T3JnYW5pemF0aW9uT3JQZXJzb24uSWRlbnRpZmllci5JbmRpY2F0b3Iv
SW5kaWNhdG9yLkNvbnRlbnQJCXwgMQkgICAgCXwgU3RyaW5nICAgIHwgbWluCQkJ
CXwgY2M6T3JnYW5pemF0aW9uT3JQZXJzb24uSWRlbnRpZmllci5JbmRpY2F0b3Iv
SW5kaWNhdG9yLkNvbnRlbnQJfCCw+LW/IMOkscfA2iCxuLrQCQkNCm1jcmVfb3Jn
YV9udW1iCXwgL3NnOkZMUklORi9DcmVkaXRvci5JbmZvLkRldGFpbHMvTXVsdGlw
bGVDcmVkaXRvci5JbmZvLkRldGFpbHMvY2M6T3JnYW5pemF0aW9uLk51bWJlci5U
ZXh0L1RleHQuQ29udGVudAkJCQkJCQkJfCAxMyAgICAJfCBTdHJpbmcgICAgfCBt
aW4JCQkJfCBjYzpPcmdhbml6YXRpb24uTnVtYmVyLlRleHQvVGV4dC5Db250ZW50
CQkJCQkJCXwgsPi1vyDDpLHHwNoguf3AzrXut8+5+MijCQkJCQkJCQ0KbWNyZV9v
cnBzX2lkZW4JfCAvc2c6RkxSSU5GL0NyZWRpdG9yLkluZm8uRGV0YWlscy9NdWx0
aXBsZUNyZWRpdG9yLkluZm8uRGV0YWlscy9jYzpPcmdhbml6YXRpb25PclBlcnNv
bi5JZGVudGlmaWVyL0lkZW50aWZpZXIuQ29udGVudAkJCSAgICB8IDEzICAgIAl8
IFN0cmluZyAgICB8IG1pbgkJCQl8IGNjOk9yZ2FuaXphdGlvbk9yUGVyc29uLklk
ZW50aWZpZXIvSWRlbnRpZmllci5Db250ZW50CQkJICAgIHwgsPi1vyDDpLHHwNog
u+e+98DaL8HWuc65+MijDQptY3JlX293bnJfbnVtYgl8IC9zZzpGTFJJTkYvQ3Jl
ZGl0b3IuSW5mby5EZXRhaWxzL011bHRpcGxlQ3JlZGl0b3IuSW5mby5EZXRhaWxz
L2NjOkN1c3RvbWVyLk51bWJlci5UZXh0L1RleHQuQ29udGVudAkJCQkJCQkJCXwg
MTMgICAgCXwgU3RyaW5nICAgIHwgbWluCQkJCXwgY2M6Q3VzdG9tZXIuTnVtYmVy
LlRleHQvVGV4dC5Db250ZW50CQkJCQkJCQl8ILD4tb8gw6Sxx8DaILTrx6XA2iDB
1rnOte63z7n4yKMJCQkJCQ0KbWNyZV9vd25yX25hbWUJfCAvc2c6RkxSSU5GL0Ny
ZWRpdG9yLkluZm8uRGV0YWlscy9NdWx0aXBsZUNyZWRpdG9yLkluZm8uRGV0YWls
cy9jYzpPcmdhbml6YXRpb24uQ0VPLk5hbWUvVGV4dC5Db250ZW50CQkJCQkJCQl8
IDM1ICAgIAl8IFN0cmluZyAgICB8IG1pbgkJCQl8IGNjOk9yZ2FuaXphdGlvbi5D
RU8uTmFtZS9UZXh0LkNvbnRlbnQJCQkJCQkJICAgIHwgsPi1vyDDpLHHwNogvLq4
7Si068elwNq47SkJCQkJCQ0KbWNyZV9ib25kX2hvbGQJfCAvc2c6RkxSSU5GL0Ny
ZWRpdG9yLkluZm8uRGV0YWlscy9NdWx0aXBsZUNyZWRpdG9yLkluZm8uRGV0YWls
cy9jYzpPcmdhbml6YXRpb24uQm9uZGhvbGRlci5OYW1lL1RleHQuQ29udGVudAkJ
CQkJCSAgICB8IDEwMCAgICAJfCBTdHJpbmcgICAgfCBtaW4JCQkJfCBjYzpPcmdh
bml6YXRpb24uQm9uZGhvbGRlci5OYW1lL1RleHQuQ29udGVudAkJCQkJCXwgsPi1
vyDDpLHHwNogw6Sxx8DauO0NCm1jcmVfYWRkbl9uYW1lCXwgL3NnOkZMUklORi9D
cmVkaXRvci5JbmZvLkRldGFpbHMvTXVsdGlwbGVDcmVkaXRvci5JbmZvLkRldGFp
bHMvY2M6T3JnYW5pemF0aW9uLkFkZGl0aW9uLk5hbWUvVGV4dC5Db250ZW50ICAg
ICAgICAgICAgICAgICAgICAgICAgICAgfCA0MCAgICAJfCBTdHJpbmcgICAgfCBt
aW4JCQkJfCBjYzpPcmdhbml6YXRpb24uQWRkaXRpb24uTmFtZS9UZXh0LkNvbnRl
bnQgICAgICAgICAgICAgICAgICAgICAgICB8ILD4tb8gw6Sxx8DaIMOkscex4rD8
ILrOsKG788ijCQkJCQkJDQptY3JlX29yZ2FfcG9zdAl8IC9zZzpGTFJJTkYvQ3Jl
ZGl0b3IuSW5mby5EZXRhaWxzL011bHRpcGxlQ3JlZGl0b3IuSW5mby5EZXRhaWxz
L2NjOk9yZ2FuaXphdGlvbi5Qb3N0LlRleHQvVGV4dC5Db250ZW50CQkJCQkJCQl8
IDYJICAgIAl8IFN0cmluZyAgICB8IG1pbgkJCQl8IGNjOk9yZ2FuaXphdGlvbi5Q
b3N0LlRleHQvVGV4dC5Db250ZW50CQkJCQkJCXwgsPi1vyDDpLHHwNogyLi75yC/
7Mbtwda80g0KbWNyZV9vcmdhX2FkZHIJfCAvc2c6RkxSSU5GL0NyZWRpdG9yLklu
Zm8uRGV0YWlscy9NdWx0aXBsZUNyZWRpdG9yLkluZm8uRGV0YWlscy9jYzpPcmdh
bml6YXRpb24uQWRkcmVzcy5UZXh0L1RleHQuQ29udGVudAkJCQkJCQl8IDEwMCAg
ICAJfCBTdHJpbmcgICAgfCBtaW4JCQkJfCBjYzpPcmdhbml6YXRpb24uQWRkcmVz
cy5UZXh0L1RleHQuQ29udGVudAkJCQkJCSAgICB8ILD4tb8gw6Sxx8DaIMi4u+cg
wda80g0KbWNyZV9jaHJnX25hbWUJfCAvc2c6RkxSSU5GL0NyZWRpdG9yLkluZm8u
RGV0YWlscy9NdWx0aXBsZUNyZWRpdG9yLkluZm8uRGV0YWlscy9jYzpFbXBsb3ll
ZS5OYW1lLlRleHQvVGV4dC5Db250ZW50CQkJCQkJCQkJfCAyMCAgICAJfCBTdHJp
bmcgICAgfCBtaW4JCQkJfCBjYzpFbXBsb3llZS5OYW1lLlRleHQvVGV4dC5Db250
ZW50CQkJCQkJCQl8ILD4tb8gw6Sxx8DaILTjtOfA2rjtDQptY3JlX2RlcHRfbmFt
ZQl8IC9zZzpGTFJJTkYvQ3JlZGl0b3IuSW5mby5EZXRhaWxzL011bHRpcGxlQ3Jl
ZGl0b3IuSW5mby5EZXRhaWxzL2NjOkRlcGFydG1lbnQuTmFtZS5UZXh0L1RleHQu
Q29udGVudAkJCQkJCQkJICAgIHwgMzAgICAgCXwgU3RyaW5nICAgIHwgbWluCQkJ
CXwgY2M6RGVwYXJ0bWVudC5OYW1lLlRleHQvVGV4dC5Db250ZW50CQkJCQkJCQl8
ILD4tb8gw6Sxx8DaILzSvNO6zrytDQptY3JlX3Bob25fbnVtYgl8IC9zZzpGTFJJ
TkYvQ3JlZGl0b3IuSW5mby5EZXRhaWxzL011bHRpcGxlQ3JlZGl0b3IuSW5mby5E
ZXRhaWxzL2NjOlRlbGVwaG9uZS5OdW1iZXIuVGV4dC9UZXh0LkNvbnRlbnQJCQkJ
CQkJCXwgMjAgICAgCXwgU3RyaW5nICAgIHwgbWluCQkJCXwgY2M6VGVsZXBob25l
Lk51bWJlci5UZXh0L1RleHQuQ29udGVudAkJCQkJCQkgICAgfCCw+LW/IMOkscfA
2iDA/MitufjIow0KbWNyZV9jZWxsX3Bob24JfCAvc2c6RkxSSU5GL0NyZWRpdG9y
LkluZm8uRGV0YWlscy9NdWx0aXBsZUNyZWRpdG9yLkluZm8uRGV0YWlscy9jYzpD
ZWxscGhvbmUuTnVtYmVyLlRleHQvVGV4dC5Db250ZW50CQkJCQkJCQl8IDIwICAg
IAl8IFN0cmluZyAgICB8IG1pbgkJCQl8IGNjOkNlbGxwaG9uZS5OdW1iZXIuVGV4
dC9UZXh0LkNvbnRlbnQJCQkJCQkJICAgIHwgsPi1vyDDpLHHwNogx9q15cb5ufjI
ow0KbWNyZV9zZW5kX21haWwJfCAvc2c6RkxSSU5GL0NyZWRpdG9yLkluZm8uRGV0
YWlscy9NdWx0aXBsZUNyZWRpdG9yLkluZm8uRGV0YWlscy9jYzpFbXBsb3llZS5F
bWFpbC5UZXh0L1RleHQuQ29udGVudAkJCQkJCQkJCXwgNDAgICAgCXwgU3RyaW5n
ICAgIHwgbWluCQkJCXwgY2M6RW1wbG95ZWUuRW1haWwuVGV4dC9UZXh0LkNvbnRl
bnQJCQkJCQkJCXwgsPi1vyDDpLHHwNogtOO058DaIEVtYWlsDQojILDovuDA2iDB
pLq4ICAgICAgICAgICAgICAgICAgICAgICAgICAgICAgICAgICAgICAgICAgICAg
ICAgICAgICAgICAgICAgICAgICAgICAgICAgICAgICAgICAgICAgICAgICAgICAg
ICAgICAgICAgICAgICAgICAgICAgICAgICAgICAgICAgICAgICAgICAgICAgICAg
ICAgICAgICAgICAgICAgICAgICAgICAgICAgICAgICAgICAgICAgICAgICAgICAg
ICAgICAgICAgICAgICAgICAgICAgICAgICAgICAgICAgICAgICAgICAgIA0KYXBw
bF9leHN0X2NvZGUJfCAvc2c6RkxSSU5GL0FwcGxpZXIuSW5mby5EZXRhaWxzL2Nj
OkFwcGxpZXIuRXhpc3RlbmNlLkluZGljYXRvci9JbmRpY2F0b3IuQ29udGVudAkJ
CQkJCQkJCQkJCQl8IDEgICAgCQl8IFN0cmluZyAgICB8IG1pbgkJICAgICAgICB8
ICAgICAgICAgICAgICAgICAgICAgICAgICAgICAgICAgICAgICAgICAgICAgICAg
ICAgCQkJCXwgsOi+4MDaIMG4wOcgx/zFwiCxuLrQCQkJCQ0KYXBwbF9vcmdhX25h
bWUgIHwgL3NnOkZMUklORi9BcHBsaWVyLkluZm8uRGV0YWlscy9jYzpPcmdhbml6
YXRpb24uTmFtZS9UZXh0LkNvbnRlbnQgICAgICAgICAgICAgICAgICAgICAgICAg
ICAgICAgICAgICAgICAgICAgICAgICAgICAgICAgICAgICAgICAgICB8IDEwMCAg
fCBTdHJpbmcgICAgfCBuZWNlc3NhcnkgICAgICAgICAgICAgIHwgICAgICAgICAg
ICAgICAgICAgICAgICAgICAgICAgICAgICAgICAgICAgICAgICAgICB8ILHisPy4
7QkJICAgICAgICAgICAgICAgIA0KYXBwbF9vcnBzX2RpdnMgIHwgL3NnOkZMUklO
Ri9BcHBsaWVyLkluZm8uRGV0YWlscy9jYzpPcmdhbml6YXRpb25PclBlcnNvbi5J
ZGVudGlmaWVyLkluZGljYXRvci9JbmRpY2F0b3IuQ29udGVudCAgICAgICAgICAg
ICAgICAgICAgICAgICAgICAgICAgICAgICB8IDEgICAgfCBTdHJpbmcgICAgfCBu
ZWNlc3NhcnkgICAgICAgICAgICAgIHwgICAgICAgICAgICAgICAgICAgICAgICAg
ICAgICAgICAgICAgICAgICAgICAgICAgICB8ILG4utAJCSAgICAgICAgICAgICAg
ICANCmFwcGxfb3JnYV9udW1iICB8IC9zZzpGTFJJTkYvQXBwbGllci5JbmZvLkRl
dGFpbHMvY2M6T3JnYW5pemF0aW9uLk51bWJlci5UZXh0L1RleHQuQ29udGVudCAg
ICAgICAgICAgICAgICAgICAgICAgICAgICAgICAgICAgICAgICAgICAgICAgICAg
ICAgICAgICAgfCAxMyAgIHwgU3RyaW5nICAgIHwgbWluICAgICAgICAgICAgICAg
ICAgICB8ICAgICAgICAgICAgICAgICAgICAgICAgICAgICAgICAgICAgICAgICAg
ICAgICAgICAgfCC5/cDOte63z7n4yKMJCSAgICAgICAgDQphcHBsX29ycHNfaWRl
biAgfCAvc2c6RkxSSU5GL0FwcGxpZXIuSW5mby5EZXRhaWxzL2NjOk9yZ2FuaXph
dGlvbk9yUGVyc29uLklkZW50aWZpZXIvSWRlbnRpZmllci5Db250ZW50ICAgICAg
ICAgICAgICAgICAgICAgICAgICAgICAgICAgICAgICAgICAgICAgIHwgMTMgICB8
IFN0cmluZyAgICB8IG5lY2Vzc2FyeSAgICAgICAgICAgICAgfCAgICAgICAgICAg
ICAgICAgICAgICAgICAgICAgICAgICAgICAgICAgICAgICAgICAgIHwgu+e+98Da
L8HWuc65+MijCQkJDQphcHBsX293bnJfbnVtYiAgfCAvc2c6RkxSSU5GL0FwcGxp
ZXIuSW5mby5EZXRhaWxzL2NjOkN1c3RvbWVyLk51bWJlci5UZXh0L1RleHQuQ29u
dGVudCAgICAgICAgICAgICAgICAgICAgICAgICAgICAgICAgICAgICAgICAgICAg
ICAgICAgICAgICAgICAgICAgIHwgMTMgICB8IFN0cmluZyAgICB8IG5lY2Vzc2Fy
eSAgICAgICAgICAgICAgfCAgICAgICAgICAgICAgICAgICAgICAgICAgICAgICAg
ICAgICAgICAgICAgICAgICAgIHwgtOvHpcDaIMHWuc617rfPufjIowkJDQphcHBs
X293bnJfbmFtZSAgfCAvc2c6RkxSSU5GL0FwcGxpZXIuSW5mby5EZXRhaWxzL2Nj
Ok9yZ2FuaXphdGlvbi5DRU8uTmFtZS9UZXh0LkNvbnRlbnQgICAgICAgICAgICAg
ICAgICAgICAgICAgICAgICAgICAgICAgICAgICAgICAgICAgICAgICAgICAgICAg
IHwgMzUgICB8IFN0cmluZyAgICB8IG5lY2Vzc2FyeSAgICAgICAgICAgICAgfCAg
ICAgICAgICAgICAgICAgICAgICAgICAgICAgICAgICAgICAgICAgICAgICAgICAg
IHwgvLq47Si068elwNq47SkJCSAgICAgICAgDQphcHBsX2FkZG5fbmFtZSAgfCAv
c2c6RkxSSU5GL0FwcGxpZXIuSW5mby5EZXRhaWxzL2NjOk9yZ2FuaXphdGlvbi5B
ZGRpdGlvbi5OYW1lL1RleHQuQ29udGVudCAgICAgICAgICAgICAgICAgICAgICAg
ICAgICAgICAgICAgICAgICAgICAgICAgICAgICAgICAgIHwgNDAgICB8IFN0cmlu
ZyAgICB8IG1pbiAgICAgICAgICAgICAgICAgICAgfCAgICAgICAgICAgICAgICAg
ICAgICAgICAgICAgICAgICAgICAgICAgICAgICAgICAgIHwgsOi+4L73w7wgus6w
obvzyKMJCQ0KYXBwbF9vcmdhX3Bvc3QgIHwgL3NnOkZMUklORi9BcHBsaWVyLklu
Zm8uRGV0YWlscy9jYzpPcmdhbml6YXRpb24uUG9zdC5UZXh0L1RleHQuQ29udGVu
dCAgICAgICAgICAgICAgICAgICAgICAgICAgICAgICAgICAgICAgICAgICAgICAg
ICAgICAgICAgICAgICB8IDYgICAgfCBTdHJpbmcgICAgfCBtaW4gICAgICAgICAg
ICAgICAgICAgIHwgICAgICAgICAgICAgICAgICAgICAgICAgICAgICAgICAgICAg
ICAgICAgICAgICAgICB8IMi4u+cgv+zG7bn4yKMJCQkNCmFwcGxfb3JnYV9hZGRy
ICB8IC9zZzpGTFJJTkYvQXBwbGllci5JbmZvLkRldGFpbHMvY2M6T3JnYW5pemF0
aW9uLkFkZHJlc3MuVGV4dC9UZXh0LkNvbnRlbnQgICAgICAgICAgICAgICAgICAg
ICAgICAgICAgICAgICAgICAgICAgICAgICAgICAgICAgICAgICAgfCAxMDAgIHwg
U3RyaW5nICAgIHwgbWluICAgICAgICAgICAgICAgICAgICB8ICAgICAgICAgICAg
ICAgICAgICAgICAgICAgICAgICAgICAgICAgICAgICAgICAgICAgfCDIuLvnIMHW
vNIJCQkNCmFwcGxfY2hyZ19uYW1lICB8IC9zZzpGTFJJTkYvQXBwbGllci5JbmZv
LkRldGFpbHMvY2M6RW1wbG95ZWUuTmFtZS5UZXh0L1RleHQuQ29udGVudCAgICAg
ICAgICAgICAgICAgICAgICAgICAgICAgICAgICAgICAgICAgICAgICAgICAgICAg
ICAgICAgICAgICAgfCAyMCAgIHwgU3RyaW5nICAgIHwgbWluICAgICAgICAgICAg
ICAgICAgICB8ICAgICAgICAgICAgICAgICAgICAgICAgICAgICAgICAgICAgICAg
ICAgICAgICAgICAgfCC047TnwNq47QkJCQ0KYXBwbF9kZXB0X25hbWUgIHwgL3Nn
OkZMUklORi9BcHBsaWVyLkluZm8uRGV0YWlscy9jYzpEZXBhcnRtZW50Lk5hbWUu
VGV4dC9UZXh0LkNvbnRlbnQgICAgICAgICAgICAgICAgICAgICAgICAgICAgICAg
ICAgICAgICAgICAgICAgICAgICAgICAgICAgICAgICB8IDMwICAgfCBTdHJpbmcg
ICAgfCBtaW4gICAgICAgICAgICAgICAgICAgIHwgICAgICAgICAgICAgICAgICAg
ICAgICAgICAgICAgICAgICAgICAgICAgICAgICAgICB8ILzSvNO6zrytCQkJDQph
cHBsX29mZmNfcGhvbiAgfCAvc2c6RkxSSU5GL0FwcGxpZXIuSW5mby5EZXRhaWxz
L2NjOlRlbGVwaG9uZS5OdW1iZXIuVGV4dC9UZXh0LkNvbnRlbnQgICAgICAgICAg
ICAgICAgICAgICAgICAgICAgICAgICAgICAgICAgICAgICAgICAgICAgICAgICAg
ICAgIHwgMjAgICB8IFN0cmluZyAgICB8IG1pbiAgICAgICAgICAgICAgICAgICAg
fCAgICAgICAgICAgICAgICAgICAgICAgICAgICAgICAgICAgICAgICAgICAgICAg
ICAgIHwgwPzIrbn4yKMJCQkNCmFwcGxfY2VsbF9waG9uICB8IC9zZzpGTFJJTkYv
QXBwbGllci5JbmZvLkRldGFpbHMvY2M6Q2VsbHBob25lLk51bWJlci5UZXh0L1Rl
eHQuQ29udGVudCAgICAgICAgICAgICAgICAgICAgICAgICAgICAgICAgICAgICAg
ICAgICAgICAgICAgICAgICAgICAgICAgfCAyMCAgIHwgU3RyaW5nICAgIHwgbWlu
ICAgICAgICAgICAgICAgICAgICB8ICAgICAgICAgICAgICAgICAgICAgICAgICAg
ICAgICAgICAgICAgICAgICAgICAgICAgfCDH2rXlxvm5+MijCQkgICAgICAgIA0K
YXBwbF9zZW5kX21haWwgIHwgL3NnOkZMUklORi9BcHBsaWVyLkluZm8uRGV0YWls
cy9jYzpFbXBsb3llZS5FbWFpbC5UZXh0L1RleHQuQ29udGVudCAgICAgICAgICAg
ICAgICAgICAgICAgICAgICAgICAgICAgICAgICAgICAgICAgICAgICAgICAgICAg
ICAgICB8IDQwICAgfCBTdHJpbmcgICAgfCBtaW4gICAgICAgICAgICAgICAgICAg
IHwgICAgICAgICAgICAgICAgICAgICAgICAgICAgICAgICAgICAgICAgICAgICAg
ICAgICB8ILTjtOfA2iBFTUFJTAkJICAgICAgICANCmFwcGxfaG9tZV9wb3N0ICB8
IC9zZzpGTFJJTkYvQXBwbGllci5JbmZvLkRldGFpbHMvY2M6SG9tZS5Qb3N0LlRl
eHQvVGV4dC5Db250ZW50ICAgICAgICAgICAgICAgICAgICAgICAgICAgICAgICAg
ICAgICAgICAgICAgICAgICAgICAgICAgICAgICAgICAgICAgfCA2ICAgIHwgU3Ry
aW5nICAgIHwgbWluICAgICAgICAgICAgICAgICAgICB8ICAgICAgICAgICAgICAg
ICAgICAgICAgICAgICAgICAgICAgICAgICAgICAgICAgICAgfCDA2sXDIL/sxu25
+MijCQkJDQphcHBsX2hvbWVfYWRkciAgfCAvc2c6RkxSSU5GL0FwcGxpZXIuSW5m
by5EZXRhaWxzL2NjOkhvbWUuQWRkcmVzcy5UZXh0L1RleHQuQ29udGVudCAgICAg
ICAgICAgICAgICAgICAgICAgICAgICAgICAgICAgICAgICAgICAgICAgICAgICAg
ICAgICAgICAgICAgIHwgMTAwICB8IFN0cmluZyAgICB8IG1pbiAgICAgICAgICAg
ICAgICAgICAgfCAgICAgICAgICAgICAgICAgICAgICAgICAgICAgICAgICAgICAg
ICAgICAgICAgICAgIHwgwNrFwyDB1rzSCQkJDQphcHBsX2hvbWVfcGhvbiAgfCAv
c2c6RkxSSU5GL0FwcGxpZXIuSW5mby5EZXRhaWxzL2NjOkhvbWUuVGVsZXBob25l
LlRleHQvVGV4dC5Db250ZW50ICAgICAgICAgICAgICAgICAgICAgICAgICAgICAg
ICAgICAgICAgICAgICAgICAgICAgICAgICAgICAgICAgIHwgMjAgICB8IFN0cmlu
ZyAgICB8IG1pbiAgICAgICAgICAgICAgICAgICAgfCAgICAgICAgICAgICAgICAg
ICAgICAgICAgICAgICAgICAgICAgICAgICAgICAgICAgIHwgwNrFwyDA/MitufjI
owkJCQ0KYXBwbF91c2VyX2lkZW4gIHwgL3NnOkZMUklORi9BcHBsaWVyLkluZm8u
RGV0YWlscy9jYzpVc2VyLklkZW50aWZpZXIvSWRlbnRpZmllci5Db250ZW50ICAg
ICAgICAgICAgICAgICAgICAgICAgICAgICAgICAgICAgICAgICAgICAgICAgICAg
ICAgICAgICAgICB8IDEzICAgfCBTdHJpbmcgICAgfCBuZWNlc3NhcnkgICAgICAg
ICAgICAgIHwgICAgICAgICAgICAgICAgICAgICAgICAgICAgICAgICAgICAgICAg
ICAgICAgICAgICB8ILz2vcXDs0lECQkJDQphcHBsX3VzZXJfdHlwZSAgfCAvc2c6
RkxSSU5GL0FwcGxpZXIuSW5mby5EZXRhaWxzL2NjOlVzZXIuVHlwZS5JZGVudGlm
aWVyL0lkZW50aWZpZXIuQ29udGVudCAgICAgICAgICAgICAgICAgICAgICAgICAg
ICAgICAgICAgICAgICAgICAgICAgICAgICAgICAgIHwgMyAgICB8IFN0cmluZyAg
ICB8IG5lY2Vzc2FyeSAgICAgICAgICAgICAgfCAgICAgICAgICAgICAgICAgICAg
ICAgICAgICAgICAgICAgICAgICAgICAgICAgICAgIHwgvPa9xcOzVFlQRQkgICAg
ICAgICAgICAgICAgDQptdWx0X2FwcGxfaW5mbwl8IC9zZzpGTFJJTkYvQXBwbGll
ci5JbmZvLkRldGFpbHMvTXVsdGlwbGVBcHBsaWVyLkluZm8uRGV0YWlscwkJCQkJ
CQkJCQkJCQkJCQkJCXwgNTAwMDAgCXwgU3RyaW5nICAgCXwgbWF4ZWxlCQkJfCBz
ZzpGTFJJTkYvQXBwbGllci5JbmZvLkRldGFpbHMvTXVsdGlwbGVBcHBsaWVyLklu
Zm8uRGV0YWlscwkgCXwgud26uQkJDQptYXBsX29yZ2FfbmFtZQl8IC9zZzpGTFJJ
TkYvQXBwbGllci5JbmZvLkRldGFpbHMvTXVsdGlwbGVBcHBsaWVyLkluZm8uRGV0
YWlscy9jYzpPcmdhbml6YXRpb24uTmFtZS9UZXh0LkNvbnRlbnQJCQkJCQkJCQkJ
fCAxMDAgICAgCXwgU3RyaW5nICAgIHwgbWluCQkJCXwgY2M6T3JnYW5pemF0aW9u
Lk5hbWUvVGV4dC5Db250ZW50CQkJCQkJCQkgICAgfCCw+LW/ILDovuDA2iCx4rD8
uO0NCm1hcGxfb3Jwc19kaXZzCXwgL3NnOkZMUklORi9BcHBsaWVyLkluZm8uRGV0
YWlscy9NdWx0aXBsZUFwcGxpZXIuSW5mby5EZXRhaWxzL2NjOk9yZ2FuaXphdGlv
bk9yUGVyc29uLklkZW50aWZpZXIuSW5kaWNhdG9yL0luZGljYXRvci5Db250ZW50
CQkJfCAxCSAgICAJfCBTdHJpbmcgICAgfCBtaW4JCQkJfCBjYzpPcmdhbml6YXRp
b25PclBlcnNvbi5JZGVudGlmaWVyLkluZGljYXRvci9JbmRpY2F0b3IuQ29udGVu
dAl8ILD4tb8gsOi+4MDaILG4utAJCQkJDQptYXBsX29yZ2FfbnVtYgl8IC9zZzpG
TFJJTkYvQXBwbGllci5JbmZvLkRldGFpbHMvTXVsdGlwbGVBcHBsaWVyLkluZm8u
RGV0YWlscy9jYzpPcmdhbml6YXRpb24uTnVtYmVyLlRleHQvVGV4dC5Db250ZW50
CQkJCQkJCQl8IDEzICAgIAl8IFN0cmluZyAgICB8IG1pbgkJCQl8IGNjOk9yZ2Fu
aXphdGlvbi5OdW1iZXIuVGV4dC9UZXh0LkNvbnRlbnQJCQkJCQkJfCCw+LW/ILDo
vuDA2iC5/cDOte63z7n4yKMJCQkJCQkJCQkJCQkNCm1hcGxfb3Jwc19pZGVuCXwg
L3NnOkZMUklORi9BcHBsaWVyLkluZm8uRGV0YWlscy9NdWx0aXBsZUFwcGxpZXIu
SW5mby5EZXRhaWxzL2NjOk9yZ2FuaXphdGlvbk9yUGVyc29uLklkZW50aWZpZXIv
SWRlbnRpZmllci5Db250ZW50CQkJCQl8IDEzICAgIAl8IFN0cmluZyAgICB8IG1p
bgkJCQl8IGNjOk9yZ2FuaXphdGlvbk9yUGVyc29uLklkZW50aWZpZXIvSWRlbnRp
Zmllci5Db250ZW50CQkJICAgIHwgsPi1vyCw6L7gwNogu+e+98DaL8HWuc65+Mij
CQkJDQptYXBsX293bnJfbnVtYgl8IC9zZzpGTFJJTkYvQXBwbGllci5JbmZvLkRl
dGFpbHMvTXVsdGlwbGVBcHBsaWVyLkluZm8uRGV0YWlscy9jYzpDdXN0b21lci5O
dW1iZXIuVGV4dC9UZXh0LkNvbnRlbnQJCQkJCQkJCQl8IDEzICAgIAl8IFN0cmlu
ZyAgICB8IG1pbgkJCQl8IGNjOkN1c3RvbWVyLk51bWJlci5UZXh0L1RleHQuQ29u
dGVudAkJCQkJCQkJfCCw+LW/ILDovuDA2iC068elwNogwda5zrXut8+5+MijCQkJ
CQkJCQkJCQkJDQptYXBsX293bnJfbmFtZQl8IC9zZzpGTFJJTkYvQXBwbGllci5J
bmZvLkRldGFpbHMvTXVsdGlwbGVBcHBsaWVyLkluZm8uRGV0YWlscy9jYzpPcmdh
bml6YXRpb24uQ0VPLk5hbWUvVGV4dC5Db250ZW50CQkJCQkJCQkJfCAzNSAgICAJ
fCBTdHJpbmcgICAgfCBtaW4JCQkJfCBjYzpPcmdhbml6YXRpb24uQ0VPLk5hbWUv
VGV4dC5Db250ZW50CQkJCQkJCSAgICB8ILD4tb8gsOi+4MDaILy6uO0otOvHpcDa
uO0pCQkJCQkJCQkJCQkJDQptYXBsX2FkZG5fbmFtZQl8IC9zZzpGTFJJTkYvQXBw
bGllci5JbmZvLkRldGFpbHMvTXVsdGlwbGVBcHBsaWVyLkluZm8uRGV0YWlscy9j
YzpPcmdhbml6YXRpb24uQWRkaXRpb24uTmFtZS9UZXh0LkNvbnRlbnQJCQkJCQkJ
CXwgNDAgICAgCXwgU3RyaW5nICAgIHwgbWluCQkJCXwgY2M6T3JnYW5pemF0aW9u
LkFkZGl0aW9uLk5hbWUvVGV4dC5Db250ZW50ICAgICAgICAgICAgICAgICAgICAg
ICAgfCCw+LW/ILDovuDA2iDDpLHHseKw/CC6zrChu/PIowkJCQkJCQkJCQkNCm1h
cGxfb3JnYV9wb3N0CXwgL3NnOkZMUklORi9BcHBsaWVyLkluZm8uRGV0YWlscy9N
dWx0aXBsZUFwcGxpZXIuSW5mby5EZXRhaWxzL2NjOk9yZ2FuaXphdGlvbi5Qb3N0
LlRleHQvVGV4dC5Db250ZW50CQkJCQkJCQkJfCA2CSAgICAJfCBTdHJpbmcgICAg
fCBtaW4JCQkJfCBjYzpPcmdhbml6YXRpb24uUG9zdC5UZXh0L1RleHQuQ29udGVu
dAkJCQkJCQl8ILD4tb8gsOi+4MDaIMi4u+cgv+zG7cHWvNIJCQkJCQ0KbWFwbF9v
cmdhX2FkZHIJfCAvc2c6RkxSSU5GL0FwcGxpZXIuSW5mby5EZXRhaWxzL011bHRp
cGxlQXBwbGllci5JbmZvLkRldGFpbHMvY2M6T3JnYW5pemF0aW9uLkFkZHJlc3Mu
VGV4dC9UZXh0LkNvbnRlbnQJCQkJCQkJCXwgMTAwICAgIAl8IFN0cmluZyAgICB8
IG1pbgkJCQl8IGNjOk9yZ2FuaXphdGlvbi5BZGRyZXNzLlRleHQvVGV4dC5Db250
ZW50CQkJCQkJICAgIHwgsPi1vyCw6L7gwNogyLi75yDB1rzSCQkJCQkNCm1hcGxf
Y2hyZ19uYW1lCXwgL3NnOkZMUklORi9BcHBsaWVyLkluZm8uRGV0YWlscy9NdWx0
aXBsZUFwcGxpZXIuSW5mby5EZXRhaWxzL2NjOkVtcGxveWVlLk5hbWUuVGV4dC9U
ZXh0LkNvbnRlbnQJCQkJCQkJCQkJfCAyMCAgICAJfCBTdHJpbmcgICAgfCBtaW4J
CQkJfCBjYzpFbXBsb3llZS5OYW1lLlRleHQvVGV4dC5Db250ZW50CQkJCQkJCQl8
ILD4tb8gsOi+4MDaILTjtOfA2rjtCQkJCQkJDQptYXBsX2RlcHRfbmFtZQl8IC9z
ZzpGTFJJTkYvQXBwbGllci5JbmZvLkRldGFpbHMvTXVsdGlwbGVBcHBsaWVyLklu
Zm8uRGV0YWlscy9jYzpEZXBhcnRtZW50Lk5hbWUuVGV4dC9UZXh0LkNvbnRlbnQJ
CQkJCQkJCQl8IDMwICAgIAl8IFN0cmluZyAgICB8IG1pbgkJCQl8IGNjOkRlcGFy
dG1lbnQuTmFtZS5UZXh0L1RleHQuQ29udGVudAkJCQkJCQkJfCCw+LW/ILDovuDA
2iC80rzTus68rQkJCQkJCQkNCm1hcGxfb2ZmY19waG9uCXwgL3NnOkZMUklORi9B
cHBsaWVyLkluZm8uRGV0YWlscy9NdWx0aXBsZUFwcGxpZXIuSW5mby5EZXRhaWxz
L2NjOlRlbGVwaG9uZS5OdW1iZXIuVGV4dC9UZXh0LkNvbnRlbnQJCQkJCQkJCQl8
IDIwICAgIAl8IFN0cmluZyAgICB8IG1pbgkJCQl8IGNjOlRlbGVwaG9uZS5OdW1i
ZXIuVGV4dC9UZXh0LkNvbnRlbnQJCQkJCQkJICAgIHwgsPi1vyCw6L7gwNogwPzI
rbn4yKMJCQkJCQkNCm1hcGxfY2VsbF9waG9uCXwgL3NnOkZMUklORi9BcHBsaWVy
LkluZm8uRGV0YWlscy9NdWx0aXBsZUFwcGxpZXIuSW5mby5EZXRhaWxzL2NjOkNl
bGxwaG9uZS5OdW1iZXIuVGV4dC9UZXh0LkNvbnRlbnQJCQkJCQkJCQl8IDIwICAg
IAl8IFN0cmluZyAgICB8IG1pbgkJCQl8IGNjOkNlbGxwaG9uZS5OdW1iZXIuVGV4
dC9UZXh0LkNvbnRlbnQJCQkJCQkJICAgIHwgsPi1vyCw6L7gwNogx9q15cb5ufjI
owkJCQkJCQkNCm1hcGxfc2VuZF9tYWlsCXwgL3NnOkZMUklORi9BcHBsaWVyLklu
Zm8uRGV0YWlscy9NdWx0aXBsZUFwcGxpZXIuSW5mby5EZXRhaWxzL2NjOkVtcGxv
eWVlLkVtYWlsLlRleHQvVGV4dC5Db250ZW50CQkJCQkJCQkJfCA0MCAgICAJfCBT
dHJpbmcgICAgfCBtaW4JCQkJfCBjYzpFbXBsb3llZS5FbWFpbC5UZXh0L1RleHQu
Q29udGVudAkJCQkJCQkJfCCw+LW/ILDovuDA2iC047TnwNogRW1haWwJCQkJCQkJ
DQptYXBsX2hvbWVfcG9zdAl8IC9zZzpGTFJJTkYvQXBwbGllci5JbmZvLkRldGFp
bHMvTXVsdGlwbGVBcHBsaWVyLkluZm8uRGV0YWlscy9jYzpIb21lLlBvc3QuVGV4
dC9UZXh0LkNvbnRlbnQJCQkJCQkJCQkJCXwgNgkgICAgCXwgU3RyaW5nICAgIHwg
bWluCQkJCXwgY2M6SG9tZS5Qb3N0LlRleHQvVGV4dC5Db250ZW50CQkJCQkJCQkJ
fCCw+LW/ILDovuDA2iDA2sXDIL/sxu3B1rzSCQkJCQkNCm1hcGxfaG9tZV9hZGRy
CXwgL3NnOkZMUklORi9BcHBsaWVyLkluZm8uRGV0YWlscy9NdWx0aXBsZUFwcGxp
ZXIuSW5mby5EZXRhaWxzL2NjOkhvbWUuQWRkcmVzcy5UZXh0L1RleHQuQ29udGVu
dAkJCQkJCQkJCQl8IDEwMCAgICAJfCBTdHJpbmcgICAgfCBtaW4JCQkJfCBjYzpI
b21lLkFkZHJlc3MuVGV4dC9UZXh0LkNvbnRlbnQJCQkJCQkJCSAgICB8ILD4tb8g
sOi+4MDaIMDaxcMgwda80gkJCQkJCQkJCQkJCQ0KbWFwbF9ob21lX3Bob24JfCAv
c2c6RkxSSU5GL0FwcGxpZXIuSW5mby5EZXRhaWxzL011bHRpcGxlQXBwbGllci5J
bmZvLkRldGFpbHMvY2M6SG9tZS5UZWxlcGhvbmUuVGV4dC9UZXh0LkNvbnRlbnQJ
CQkJCQkJCQl8IDIwICAgIAl8IFN0cmluZyAgICB8IG1pbgkJCQl8IGNjOkhvbWUu
VGVsZXBob25lLlRleHQvVGV4dC5Db250ZW50CQkJCQkJCQl8ILD4tb8gsOi+4MDa
IMDaxcMgwPzIrbn4yKMJCQkJCQkJCQkJCQkNCiMgvPa/5MDaIMGkurggICAgICAg
ICAgICAgICAgICAgICAgICAgICAgICAgICAgICAgICAgICAgICAgICAgICAgICAg
ICAgICAgICAgICAgICAgICAgICAgICAgICAgICAgICAgICAgICAgICAgICAgICAg
ICAgICAgICAgICAgICAgICAgICAgICAgICAgICAgICAgICAgICAgICAgICAgICAg
ICAgICAgICAgICAgICAgICAgICAgICAgICAgICAgICAgICAgICAgICAgICAgICAg
ICAgICAgICAgICAgICAgICAgICAgICAgICAgICAgICAgDQptYW5nX29yZ2FfbmFt
ZSAgfCAvc2c6RkxSSU5GL01hbmFnZXIuSW5mby5EZXRhaWxzL2NjOk9yZ2FuaXph
dGlvbi5OYW1lL1RleHQuQ29udGVudCAgICAgICAgICAgICAgICAgICAgICAgICAg
ICAgICAgICAgICAgICAgICAgICAgICAgICAgICAgICAgICAgICAgIHwgMTAwICB8
IFN0cmluZyAgICB8IG1pbiAgICAgICAgICAgICAgICAgICAgfCAgICAgICAgICAg
ICAgICAgICAgICAgICAgICAgICAgICAgICAgICAgICAgICAgICAgIHwgseKw/Ljt
CQkgICAgICAgICAgICAgICAgDQptYW5nX29ycHNfZGl2cyAgfCAvc2c6RkxSSU5G
L01hbmFnZXIuSW5mby5EZXRhaWxzL2NjOk9yZ2FuaXphdGlvbk9yUGVyc29uLklk
ZW50aWZpZXIuSW5kaWNhdG9yL0luZGljYXRvci5Db250ZW50ICAgICAgICAgICAg
ICAgICAgICAgICAgICAgICAgICAgICAgIHwgMSAgICB8IFN0cmluZyAgICB8IG1p
biAgICAgICAgICAgICAgICAgICAgfCAgICAgICAgICAgICAgICAgICAgICAgICAg
ICAgICAgICAgICAgICAgICAgICAgICAgIHwgsbi60AkJICAgICAgICAgICAgICAg
IA0KbWFuZ19vcmdhX251bWIgIHwgL3NnOkZMUklORi9NYW5hZ2VyLkluZm8uRGV0
YWlscy9jYzpPcmdhbml6YXRpb24uTnVtYmVyLlRleHQvVGV4dC5Db250ZW50ICAg
ICAgICAgICAgICAgICAgICAgICAgICAgICAgICAgICAgICAgICAgICAgICAgICAg
ICAgICAgICB8IDEzICAgfCBTdHJpbmcgICAgfCBtaW4gICAgICAgICAgICAgICAg
ICAgIHwgICAgICAgICAgICAgICAgICAgICAgICAgICAgICAgICAgICAgICAgICAg
ICAgICAgICB8ILn9wM617rfPufjIowkJICAgICAgICANCm1hbmdfb3Jwc19pZGVu
ICB8IC9zZzpGTFJJTkYvTWFuYWdlci5JbmZvLkRldGFpbHMvY2M6T3JnYW5pemF0
aW9uT3JQZXJzb24uSWRlbnRpZmllci9JZGVudGlmaWVyLkNvbnRlbnQgICAgICAg
ICAgICAgICAgICAgICAgICAgICAgICAgICAgICAgICAgICAgICAgfCAxMyAgIHwg
U3RyaW5nICAgIHwgbWluICAgICAgICAgICAgICAgICAgICB8ICAgICAgICAgICAg
ICAgICAgICAgICAgICAgICAgICAgICAgICAgICAgICAgICAgICAgfCC75773wNov
wda5zrn4yKMJCSAgICAgICAgDQptYW5nX293bnJfbnVtYiAgfCAvc2c6RkxSSU5G
L01hbmFnZXIuSW5mby5EZXRhaWxzL2NjOkN1c3RvbWVyLk51bWJlci5UZXh0L1Rl
eHQuQ29udGVudCAgICAgICAgICAgICAgICAgICAgICAgICAgICAgICAgICAgICAg
ICAgICAgICAgICAgICAgICAgICAgICAgIHwgMTMgICB8IFN0cmluZyAgICB8IG1p
biAgICAgICAgICAgICAgICAgICAgfCAgICAgICAgICAgICAgICAgICAgICAgICAg
ICAgICAgICAgICAgICAgICAgICAgICAgIHwgtOvHpcDaIMHWuc617rfPufjIowkJ
DQptYW5nX293bnJfbmFtZSAgfCAvc2c6RkxSSU5GL01hbmFnZXIuSW5mby5EZXRh
aWxzL2NjOk9yZ2FuaXphdGlvbi5DRU8uTmFtZS9UZXh0LkNvbnRlbnQgICAgICAg
ICAgICAgICAgICAgICAgICAgICAgICAgICAgICAgICAgICAgICAgICAgICAgICAg
ICAgICAgIHwgMzUgICB8IFN0cmluZyAgICB8IG1pbiAgICAgICAgICAgICAgICAg
ICAgfCAgICAgICAgICAgICAgICAgICAgICAgICAgICAgICAgICAgICAgICAgICAg
ICAgICAgIHwgvLq47Si068elwNq47SkJCSAgICAgICAgDQptYW5nX2FkZG5fbmFt
ZSAgfCAvc2c6RkxSSU5GL01hbmFnZXIuSW5mby5EZXRhaWxzL2NjOk9yZ2FuaXph
dGlvbi5BZGRpdGlvbi5OYW1lL1RleHQuQ29udGVudCAgICAgICAgICAgICAgICAg
ICAgICAgICAgICAgICAgICAgICAgICAgICAgICAgICAgICAgICAgIHwgNDAgICB8
IFN0cmluZyAgICB8IG1pbiAgICAgICAgICAgICAgICAgICAgfCAgICAgICAgICAg
ICAgICAgICAgICAgICAgICAgICAgICAgICAgICAgICAgICAgICAgIHwgvPa/5Ci0
68fgKb73w7wgus6wobvzyKMJCQ0KbWFuZ19vcmdhX3Bvc3QgIHwgL3NnOkZMUklO
Ri9NYW5hZ2VyLkluZm8uRGV0YWlscy9jYzpPcmdhbml6YXRpb24uUG9zdC5UZXh0
L1RleHQuQ29udGVudCAgICAgICAgICAgICAgICAgICAgICAgICAgICAgICAgICAg
ICAgICAgICAgICAgICAgICAgICAgICAgICB8IDYgICAgfCBTdHJpbmcgICAgfCBt
aW4gICAgICAgICAgICAgICAgICAgIHwgICAgICAgICAgICAgICAgICAgICAgICAg
ICAgICAgICAgICAgICAgICAgICAgICAgICB8IMi4u+cgv+zG7bn4yKMJCSAgICAg
ICAgDQptYW5nX29yZ2FfYWRkciAgfCAvc2c6RkxSSU5GL01hbmFnZXIuSW5mby5E
ZXRhaWxzL2NjOk9yZ2FuaXphdGlvbi5BZGRyZXNzLlRleHQvVGV4dC5Db250ZW50
ICAgICAgICAgICAgICAgICAgICAgICAgICAgICAgICAgICAgICAgICAgICAgICAg
ICAgICAgICAgIHwgMTAwICB8IFN0cmluZyAgICB8IG1pbiAgICAgICAgICAgICAg
ICAgICAgfCAgICAgICAgICAgICAgICAgICAgICAgICAgICAgICAgICAgICAgICAg
ICAgICAgICAgIHwgyLi75yDB1rzSCQkgICAgICAgIA0KbWFuZ19ib25kX2hvbGQg
IHwgL3NnOkZMUklORi9NYW5hZ2VyLkluZm8uRGV0YWlscy9jYzpPcmdhbml6YXRp
b24uQm9uZGhvbGRlci5OYW1lL1RleHQuQ29udGVudCAgICAgICAgICAgICAgICAg
ICAgICAgICAgICAgICAgICAgICAgICAgICAgICAgICAgICAgICB8IDEwMCAgfCBT
dHJpbmcgICAgfCBtaW4gICAgICAgICAgICAgICAgICAgIHwgICAgICAgICAgICAg
ICAgICAgICAgICAgICAgICAgICAgICAgICAgICAgICAgICAgICB8IMOkscfA2rjt
CQkgICAgICAgIA0KbWFuZ19jaHJnX25hbWUgIHwgL3NnOkZMUklORi9NYW5hZ2Vy
LkluZm8uRGV0YWlscy9jYzpFbXBsb3llZS5OYW1lLlRleHQvVGV4dC5Db250ZW50
ICAgICAgICAgICAgICAgICAgICAgICAgICAgICAgICAgICAgICAgICAgICAgICAg
ICAgICAgICAgICAgICAgICB8IDIwICAgfCBTdHJpbmcgICAgfCBtaW4gICAgICAg
ICAgICAgICAgICAgIHwgICAgICAgICAgICAgICAgICAgICAgICAgICAgICAgICAg
ICAgICAgICAgICAgICAgICB8ILTjtOfA2rjtCQkgICAgICAgIA0KbWFuZ19kZXB0
X25hbWUgIHwgL3NnOkZMUklORi9NYW5hZ2VyLkluZm8uRGV0YWlscy9jYzpEZXBh
cnRtZW50Lk5hbWUuVGV4dC9UZXh0LkNvbnRlbnQgICAgICAgICAgICAgICAgICAg
ICAgICAgICAgICAgICAgICAgICAgICAgICAgICAgICAgICAgICAgICAgICB8IDMw
ICAgfCBTdHJpbmcgICAgfCBtaW4gICAgICAgICAgICAgICAgICAgIHwgICAgICAg
ICAgICAgICAgICAgICAgICAgICAgICAgICAgICAgICAgICAgICAgICAgICB8ILzS
vNO6zrytCQkgICAgICAgIA0KbWFuZ19waG9uX251bWIgIHwgL3NnOkZMUklORi9N
YW5hZ2VyLkluZm8uRGV0YWlscy9jYzpUZWxlcGhvbmUuTnVtYmVyLlRleHQvVGV4
dC5Db250ZW50ICAgICAgICAgICAgICAgICAgICAgICAgICAgICAgICAgICAgICAg
ICAgICAgICAgICAgICAgICAgICAgICB8IDIwICAgfCBTdHJpbmcgICAgfCBtaW4g
ICAgICAgICAgICAgICAgICAgIHwgICAgICAgICAgICAgICAgICAgICAgICAgICAg
ICAgICAgICAgICAgICAgICAgICAgICB8IMD8yK25+MijCQkgICAgICAgIA0KbWFu
Z19jZWxsX3Bob24gIHwgL3NnOkZMUklORi9NYW5hZ2VyLkluZm8uRGV0YWlscy9j
YzpDZWxscGhvbmUuTnVtYmVyLlRleHQvVGV4dC5Db250ZW50ICAgICAgICAgICAg
ICAgICAgICAgICAgICAgICAgICAgICAgICAgICAgICAgICAgICAgICAgICAgICAg
ICB8IDIwICAgfCBTdHJpbmcgICAgfCBtaW4gICAgICAgICAgICAgICAgICAgIHwg
ICAgICAgICAgICAgICAgICAgICAgICAgICAgICAgICAgICAgICAgICAgICAgICAg
ICB8IMfateXG+bn4yKMJCSAgICAgICAgDQptYW5nX3NlbmRfbWFpbCAgfCAvc2c6
RkxSSU5GL01hbmFnZXIuSW5mby5EZXRhaWxzL2NjOkVtcGxveWVlLkVtYWlsLlRl
eHQvVGV4dC5Db250ZW50ICAgICAgICAgICAgICAgICAgICAgICAgICAgICAgICAg
ICAgICAgICAgICAgICAgICAgICAgICAgICAgICAgIHwgNDAgICB8IFN0cmluZyAg
ICB8IG1pbiAgICAgICAgICAgICAgICAgICAgfCAgICAgICAgICAgICAgICAgICAg
ICAgICAgICAgICAgICAgICAgICAgICAgICAgICAgIHwgtOO058DaIEVNQUlMCQkg
ICAgICAgIA0KbWFuZ191c2VyX2lkZW4gIHwgL3NnOkZMUklORi9NYW5hZ2VyLklu
Zm8uRGV0YWlscy9jYzpVc2VyLklkZW50aWZpZXIvSWRlbnRpZmllci5Db250ZW50
ICAgICAgICAgICAgICAgICAgICAgICAgICAgICAgICAgICAgICAgICAgICAgICAg
ICAgICAgICAgICAgICB8IDEzICAgfCBTdHJpbmcgICAgfCBtaW4gICAgICAgICAg
ICAgICAgICAgIHwgICAgICAgICAgICAgICAgICAgICAgICAgICAgICAgICAgICAg
ICAgICAgICAgICAgICB8ILz2vcXDs0lECQkgICAgICAgIA0KbWFuZ191c2VyX3R5
cGUgIHwgL3NnOkZMUklORi9NYW5hZ2VyLkluZm8uRGV0YWlscy9jYzpVc2VyLlR5
cGUuSWRlbnRpZmllci9JZGVudGlmaWVyLkNvbnRlbnQgICAgICAgICAgICAgICAg
ICAgICAgICAgICAgICAgICAgICAgICAgICAgICAgICAgICAgICAgICB8IDMgICAg
fCBTdHJpbmcgICAgfCBtaW4gICAgICAgICAgICAgICAgICAgIHwgICAgICAgICAg
ICAgICAgICAgICAgICAgICAgICAgICAgICAgICAgICAgICAgICAgICB8ILz2vcXD
s1RZUEUJICAgICAgICAgICAgICAgIA0K