IyAgICDri6jstpXrqoUgICAgIHwgICAgICAgIFhQYXRoICAgICAgICAgICAgICAg
ICAgICAgICAgICAgICAgICAgICAgICAgICAgICAgICAgICAgICAJCQkJICAgICAg
ICAgICAgICAgICAgICAgICAgICAgICAgICAgICAgIHwg6ri47J20IHwg7YOA7J6F
ICAgICAgfCDrsJjrs7Ug7Jes67aAIOuwjyDtlYTsiJjsl6zrtoAgIHwg67CY67O1
7Iuc7J6RIO2DnOq3uCAgICAgICAgICAgICAgICAgICAgICAgICAgICAgICAgICAg
ICB8IO2VreuqqSAgICAgICAgICAgDQojIEhFQUQgICAgICAgICAgICAgICAgICAg
ICAgICAgICAgICAgICAgICAgICAgICAgICAgICAgICAgICAgICAgICAgICAgICAg
ICAgICAgICAgICAgICAgICAgICAgICAgICAgICAgICAgICAgICAgICAgICAgICAg
ICAgICAgICAgICAgICAgICAgICAgICAgICAgICAgICAgICAgICAgICAgICAgICAg
ICAgICAgICAgICAgICAgICAgICAgICAgICAgICAgICAgICAgICAgICANCmhlYWRf
bWVzZ19zZW5kICB8IC9zZzpQQVlHVUEvSGVhZGVyLkRldGFpbHMvY2M6TWVzc2Fn
ZS5TZW5kZXIuSWRlbnRpZmllci9JZGVudGlmaWVyLkNvbnRlbnQgICAgICAgICAg
ICAgICAgICAgICAgICAgICAgICAgICAgICAgICAgICAgICAgICAgICAgICAgICAg
fCAxMyAgIHwgU3RyaW5nICAgIHwgbmVjZXNzYXJ5ICAgICAgICAgICAgICB8ICAg
ICAgICAgICAgICAgICAgICAgICAgICAgICAgICAgICAgICAgICAgICAgICAgICAg
fCDsoITrrLjshqHsi6DquLDqtIAJICAgICAgICAgIA0KaGVhZF9tZXNnX3JlY3Yg
IHwgL3NnOlBBWUdVQS9IZWFkZXIuRGV0YWlscy9jYzpNZXNzYWdlLlJlY2VpdmVy
LklkZW50aWZpZXIvSWRlbnRpZmllci5Db250ZW50ICAgICAgICAgICAgICAgICAg
ICAgICAgICAgICAgICAgICAgICAgICAgICAgICAgICAgICAgICB8IDEzICAgfCBT
dHJpbmcgICAgfCBuZWNlc3NhcnkgICAgICAgICAgICAgIHwgICAgICAgICAgICAg
ICAgICAgICAgICAgICAgICAgICAgICAgICAgICAgICAgICAgICB8IOyghOusuOyI
mOyLoOq4sOq0gAkgICAgICAgICAgDQpoZWFkX2Z1bmNfY29kZSAgfCAvc2c6UEFZ
R1VBL0hlYWRlci5EZXRhaWxzL2NjOk1lc3NhZ2UuRnVuY3Rpb24uQ29kZS9Db2Rl
LkNvbnRlbnQgICAgICAgICAgICAgICAgICAgICAgICAgICAgICAgICAgICAgICAg
ICAgICAgICAgICAgICAgICAgICAgICAgICAgIHwgMiAgICB8IFN0cmluZyAgICB8
IG5lY2Vzc2FyeSAgICAgICAgICAgICAgfCAgICAgICAgICAgICAgICAgICAgICAg
ICAgICAgICAgICAgICAgICAgICAgICAgICAgIHwg66y47ISc6riw64qlCSAgICAg
ICAgICANCmhlYWRfbWVzZ190eXBlICB8IC9zZzpQQVlHVUEvSGVhZGVyLkRldGFp
bHMvY2M6TWVzc2FnZS5UeXBlLklkZW50aWZpZXIvSWRlbnRpZmllci5Db250ZW50
ICAgICAgICAgICAgICAgICAgICAgICAgICAgICAgICAgICAgICAgICAgICAgICAg
ICAgICAgICAgICAgfCA2ICAgIHwgU3RyaW5nICAgIHwgbmVjZXNzYXJ5ICAgICAg
ICAgICAgICB8ICAgICAgICAgICAgICAgICAgICAgICAgICAgICAgICAgICAgICAg
ICAgICAgICAgICAgfCDrrLjshJzsvZTrk5wJICAgICAgICAgIA0KaGVhZF9tZXNn
X25hbWUgIHwgL3NnOlBBWUdVQS9IZWFkZXIuRGV0YWlscy9jYzpNZXNzYWdlLk5h
bWUvVGV4dC5Db250ZW50ICAgICAgICAgICAgICAgICAgICAgICAgICAgICAgICAg
ICAgICAgICAgICAgICAgICAgICAgICAgICAgICAgICAgICAgICAgICAgICB8IDMw
ICAgfCBTdHJpbmcgICAgfCBuZWNlc3NhcnkgICAgICAgICAgICAgIHwgICAgICAg
ICAgICAgICAgICAgICAgICAgICAgICAgICAgICAgICAgICAgICAgICAgICB8IOus
uOyEnOuqhQkgICAgICAgICAgICAgICAgICANCmhlYWRfbWVzZ192ZXJzICB8IC9z
ZzpQQVlHVUEvSGVhZGVyLkRldGFpbHMvY2M6TWVzc2FnZS5WZXJzaW9uLlRleHQv
VGV4dC5Db250ZW50ICAgICAgICAgICAgICAgICAgICAgICAgICAgICAgICAgICAg
ICAgICAgICAgICAgICAgICAgICAgICAgICAgICAgICAgfCAxMCAgIHwgU3RyaW5n
ICAgIHwgbWluICAgICAgICAgICAgICAgICAgICB8ICAgICAgICAgICAgICAgICAg
ICAgICAgICAgICAgICAgICAgICAgICAgICAgICAgICAgfCDsoITsnpDrrLjshJzr
soTsoIQJICAgICAgICAgIA0KaGVhZF9kb2N1X251bWIgIHwgL3NnOlBBWUdVQS9I
ZWFkZXIuRGV0YWlscy9jYzpEb2N1bWVudC5OdW1iZXIuVGV4dC9UZXh0LkNvbnRl
bnQgICAgICAgICAgICAgICAgICAgICAgICAgICAgICAgICAgICAgICAgICAgICAg
ICAgICAgICAgICAgICAgICAgICAgICB8IDMwICAgfCBTdHJpbmcgICAgfCBuZWNl
c3NhcnkgICAgICAgICAgICAgIHwgICAgICAgICAgICAgICAgICAgICAgICAgICAg
ICAgICAgICAgICAgICAgICAgICAgICB8IOusuOyEnOuyiO2YuAkgICAgICAgICAg
DQpoZWFkX21hbmdfbnVtYiAgfCAvc2c6UEFZR1VBL0hlYWRlci5EZXRhaWxzL2Nj
OkRvY3VtZW50Lk1hbmFnZW1lbnROdW1iZXIuVGV4dC9UZXh0LkNvbnRlbnQgICAg
ICAgICAgICAgICAgICAgICAgICAgICAgICAgICAgICAgICAgICAgICAgICAgICAg
ICAgICAgIHwgNzAgICB8IFN0cmluZyAgICB8IG5lY2Vzc2FyeSAgICAgICAgICAg
ICAgfCAgICAgICAgICAgICAgICAgICAgICAgICAgICAgICAgICAgICAgICAgICAg
ICAgICAgIHwg66y47ISc6rSA66as67KI7Zi4CSAgICAgICAgICANCmhlYWRfcmVm
cl9udW1iICB8IC9zZzpQQVlHVUEvSGVhZGVyLkRldGFpbHMvY2M6RG9jdW1lbnQu
UmVmZXJlbmNlTnVtYmVyLlRleHQvVGV4dC5Db250ZW50ICAgICAgICAgICAgICAg
ICAgICAgICAgICAgICAgICAgICAgICAgICAgICAgICAgICAgICAgICAgICAgfCAz
MCAgIHwgU3RyaW5nICAgIHwgbmVjZXNzYXJ5ICAgICAgICAgICAgICB8ICAgICAg
ICAgICAgICAgICAgICAgICAgICAgICAgICAgICAgICAgICAgICAgICAgICAgfCDs
sLjsobDrsojtmLgJICAgICAgICAgIA0KaGVhZF90aXRsX25hbWUgIHwgL3NnOlBB
WUdVQS9IZWFkZXIuRGV0YWlscy9jYzpEb2N1bWVudC5UaXRsZS5OYW1lL1RleHQu
Q29udGVudCAgICAgICAgICAgICAgICAgICAgICAgICAgICAgICAgICAgICAgICAg
ICAgICAgICAgICAgICAgICAgICAgICAgICAgICB8IDMwICAgfCBTdHJpbmcgICAg
fCBuZWNlc3NhcnkgICAgICAgICAgICAgIHwgICAgICAgICAgICAgICAgICAgICAg
ICAgICAgICAgICAgICAgICAgICAgICAgICAgICB8IOusuOyEnOqwnOyalCAgICAg
ICAgICAgICAgICAgIA0KaGVhZF9vcmdhX2NvZGUgIHwgL3NnOlBBWUdVQS9IZWFk
ZXIuRGV0YWlscy9jYzpPcmdhbml6YXRpb24uQ29kZS5JZGVudGlmaWVyL0lkZW50
aWZpZXIuQ29udGVudCAgICAgICAgICAgICAgICAgICAgICAgICAgICAgICAgICAg
ICAgICAgICAgICAgICAgICAgICB8IDMgICAgfCBTdHJpbmcgICAgfCBtaW4gICAg
ICAgICAgICAgICAgICAgIHwgICAgICAgICAgICAgICAgICAgICAgICAgICAgICAg
ICAgICAgICAgICAgICAgICAgICB8IOyXsOqzhOq4sOq0gOy9lOuTnA0KIyDrs7Ts
pp3quLDqtIAgICAgICAgICAgICAgICAgICAgICAgICAgICAgICAgICAgICAgICAg
ICAgICAgICAgICAgICAgICAgICAgICAgICAgICAgICAgICAgICAgICAgICAgICAg
ICAgICAgICAgICAgICAgICAgICAgICAgICAgICAgICAgICAgICAgICAgICAgICAg
ICAgICAgICAgICAgICAgICAgICAgICAgICAgICAgICAgICAgICAgICAgICAgICAg
ICAgICAgICAgICAgICAgICAgICAgICAgICAgICAgICAgICAgICAgICAgICAgICAg
ICAgDQpib25kX29yZ2FfbmFtZSAgfCAvc2c6UEFZR1VBL0JvbmQuT3JnYW5pemF0
aW9uLkRldGFpbHMvT3JnYW5pemF0aW9uLkRldGFpbHMvY2M6T3JnYW5pemF0aW9u
Lk5hbWUvVGV4dC5Db250ZW50ICAgICAgICAgICAgICAgICAgICAgICAgICAgICAg
ICAgICAgICAgIHwgMTAwICB8IFN0cmluZyAgICB8IG1pbiAgICAgICAgICAgICAg
ICAgICAgfCAgICAgICAgICAgICAgICAgICAgICAgICAgICAgICAgICAgICAgICAg
ICAgICAgICAgIHwg67O07Kad6riw6rSA66qFICAgIA0KYm9uZF9vcmdhX2lkZW4g
IHwgL3NnOlBBWUdVQS9Cb25kLk9yZ2FuaXphdGlvbi5EZXRhaWxzL09yZ2FuaXph
dGlvbi5EZXRhaWxzL2NjOk9yZ2FuaXphdGlvbi5JZGVudGlmaWVyL0lkZW50aWZp
ZXIuQ29udGVudCAgICAgICAgICAgICAgICAgICAgICAgICAgICB8IDEzICAgfCBT
dHJpbmcgICAgfCBtaW4gICAgICAgICAgICAgICAgICAgIHwgICAgICAgICAgICAg
ICAgICAgICAgICAgICAgICAgICAgICAgICAgICAgICAgICAgICB8IEcyQuuTseuh
ney9lOuTnCAgIA0KYm9uZF9vcmdhX2FkZG4gIHwgL3NnOlBBWUdVQS9Cb25kLk9y
Z2FuaXphdGlvbi5EZXRhaWxzL09yZ2FuaXphdGlvbi5EZXRhaWxzL2NjOk9yZ2Fu
aXphdGlvbi5BZGRpdGlvbmFsLklkZW50aWZpZXIvSWRlbnRpZmllci5Db250ZW50
ICAgICAgICAgICAgICAgICB8IDEzICAgfCBTdHJpbmcgICAgfCBtaW4gICAgICAg
ICAgICAgICAgICAgIHwgICAgICAgICAgICAgICAgICAgICAgICAgICAgICAgICAg
ICAgICAgICAgICAgICAgICB8IOyhsOuLrOyyreuTseuhney9lOuTnA0KYm9uZF9v
cmdhX2NlbyAgIHwgL3NnOlBBWUdVQS9Cb25kLk9yZ2FuaXphdGlvbi5EZXRhaWxz
L09yZ2FuaXphdGlvbi5EZXRhaWxzL2NjOk9yZ2FuaXphdGlvbi5DRU8uTmFtZS9U
ZXh0LkNvbnRlbnQgICAgICAgICAgICAgICAgICAgICAgICAgICAgICAgICAgICB8
IDM1ICAgfCBTdHJpbmcgICAgfCBtaW4gICAgICAgICAgICAgICAgICAgIHwgICAg
ICAgICAgICAgICAgICAgICAgICAgICAgICAgICAgICAgICAgICAgICAgICAgICB8
IOuMgO2RnOyekOyEseuqhSAgICANCiMg6rO16rO16riw6rSAICAgICAgICAgICAg
ICAgICAgICAgICAgICAgICAgICAgICAgICAgICAgICAgICAgICAgICAgICAgICAg
ICAgICAgICAgICAgICAgICAgICAgICAgICAgICAgICAgICAgICAgICAgICAgICAg
ICAgICAgICAgICAgICAgICAgICAgICAgICAgICAgICAgICAgICAgICAgICAgICAg
ICAgICAgICAgICAgICAgICAgICAgICAgICAgICAgICAgICAgICAgICAgICAgICAg
ICAgICAgICAgICAgICAgICAgICAgICAgICAgICAgIA0KZ292bl9vcmdhX25hbWUg
IHwgL3NnOlBBWUdVQS9Hb3Zlcm5tZW50Lk9yZ2FuaXphdGlvbi5EZXRhaWxzL09y
Z2FuaXphdGlvbi5EZXRhaWxzL2NjOk9yZ2FuaXphdGlvbi5OYW1lL1RleHQuQ29u
dGVudCAgICAgICAgICAgICAgICAgICAgICAgICAgICAgICAgICB8IDEwMCAgfCBT
dHJpbmcgICAgfCBtaW4gICAgICAgICAgICAgICAgICAgIHwgICAgICAgICAgICAg
ICAgICAgICAgICAgICAgICAgICAgICAgICAgICAgICAgICAgICB8IOqzteqzteq4
sOq0gOuqhSAgICANCmdvdm5fb3JnYV9pZGVuICB8IC9zZzpQQVlHVUEvR292ZXJu
bWVudC5Pcmdhbml6YXRpb24uRGV0YWlscy9Pcmdhbml6YXRpb24uRGV0YWlscy9j
YzpPcmdhbml6YXRpb24uSWRlbnRpZmllci9JZGVudGlmaWVyLkNvbnRlbnQgICAg
ICAgICAgICAgICAgICAgICAgfCAxMyAgIHwgU3RyaW5nICAgIHwgbWluICAgICAg
ICAgICAgICAgICAgICB8ICAgICAgICAgICAgICAgICAgICAgICAgICAgICAgICAg
ICAgICAgICAgICAgICAgICAgfCBHMkLrk7HroZ3svZTrk5wgICANCmdvdm5fb3Jn
YV9hZGRuICB8IC9zZzpQQVlHVUEvR292ZXJubWVudC5Pcmdhbml6YXRpb24uRGV0
YWlscy9Pcmdhbml6YXRpb24uRGV0YWlscy9jYzpPcmdhbml6YXRpb24uQWRkaXRp
b25hbC5JZGVudGlmaWVyL0lkZW50aWZpZXIuQ29udGVudCAgICAgICAgICAgfCAx
MyAgIHwgU3RyaW5nICAgIHwgbWluICAgICAgICAgICAgICAgICAgICB8ICAgICAg
ICAgICAgICAgICAgICAgICAgICAgICAgICAgICAgICAgICAgICAgICAgICAgfCDs
obDri6zssq3rk7HroZ3svZTrk5wNCmdvdm5fb3ducl9uYW1lICB8IC9zZzpQQVlH
VUEvR292ZXJubWVudC5Pcmdhbml6YXRpb24uRGV0YWlscy9Pcmdhbml6YXRpb24u
RGV0YWlscy9jYzpPcmdhbml6YXRpb24uQ0VPLk5hbWUvVGV4dC5Db250ZW50ICAg
ICAgICAgICAgICAgICAgICAgICAgICAgICAgfCAzNSAgIHwgU3RyaW5nICAgIHwg
bWluICAgICAgICAgICAgICAgICAgICB8ICAgICAgICAgICAgICAgICAgICAgICAg
ICAgICAgICAgICAgICAgICAgICAgICAgICAgfCDrjIDtkZzsnpDshLHrqoUgICAg
DQojIOyekeyEseydvOyekCAgICAgICAgICAgICAgICAgICAgICAgICAgICAgICAg
ICAgICAgICAgICAgICAgICAgICAgICAgICAgICAgICAgICAgICAgICAgICAgICAg
ICAgICAgICAgICAgICAgICAgICAgICAgICAgICAgICAgICAgICAgICAgICAgICAg
ICAgICAgICAgICAgICAgICAgICAgICAgICAgICAgICAgICAgICAgICAgICAgICAg
ICAgICAgICAgICAgICAgICAgICAgICAgICAgICAgICAgICAgICAgICAgICAgICAg
ICAgICAgICAgICANCmRvY3VfaXNzdV9kYXRlICB8IC9zZzpQQVlHVUEvY2M6RG9j
dW1lbnQuSXNzdWUuRGF0ZS9EYXRlVGltZS5Db250ZW50ICAgICAgICAgICAgICAg
ICAgICAgICAgICAgICAgICAgICAgICAgICAgICAgICAgICAgICAgICAgICAgICAg
ICAgICAgICAgICAgICAgICAgfCA4ICAgIHwgU3RyaW5nICAgIHwgbWluICAgICAg
ICAgICAgICAgICAgICB8ICAgICAgICAgICAgICAgICAgICAgICAgICAgICAgICAg
ICAgICAgICAgICAgICAgICAgfCDsnpHshLHsnbzsnpANCiMg7JeF66y06rWs67aE
ICAgICAgICAgICAgICAgICAgICAgICAgICAgICAgICAgICAgICAgICAgICAgICAg
ICAgICAgICAgICAgICAgICAgICAgICAgICAgICAgICAgICAgICAgICAgICAgICAg
ICAgICAgICAgICAgICAgICAgICAgICAgICAgICAgICAgICAgICAgICAgICAgICAg
ICAgICAgICAgICAgICAgICAgICAgICAgICAgICAgICAgICAgICAgICAgICAgICAg
ICAgICAgICAgICAgICAgICAgICAgICAgICAgICAgICAgICAgICAgICAgIA0KYnVz
aV9jbGFzX2NvZGUgIHwgL3NnOlBBWUdVQS9jYzpCdXNpbmVzcy5DbGFzc2lmaWNh
dGlvbi5Db2RlL0NvZGUuQ29udGVudCAgICAgICAgICAgICAgICAgICAgICAgICAg
ICAgICAgICAgICAgICAgICAgICAgICAgICAgICAgICAgICAgICAgICAgICAgICAg
ICB8IDIgICAgfCBTdHJpbmcgICAgfCBtaW4gICAgICAgICAgICAgICAgICAgIHwg
ICAgICAgICAgICAgICAgICAgICAgICAgICAgICAgICAgICAgICAgICAgICAgICAg
ICB8IOyXheustOq1rOu2hOy9lOuTnAkJDQpidXNpX2NsYXNfbmFtZSAgfCAvc2c6
UEFZR1VBL2NjOkJ1c2luZXNzLkNsYXNzaWZpY2F0aW9uLkNvZGUvQ29kZS5OYW1l
ICAgICAgICAgICAgICAgICAgICAgICAgICAgICAgICAgICAgICAgICAgICAgICAg
ICAgICAgICAgICAgICAgICAgICAgICAgICAgICAgIHwgMTAgICB8IFN0cmluZyAg
ICB8IG1pbiAgICAgICAgICAgICAgICAgICAgfCAgICAgICAgICAgICAgICAgICAg
ICAgICAgICAgICAgICAgICAgICAgICAgICAgICAgIHwg7JeF66y06rWs67aE64K0
7JqpCQkNCiMg67O07Kad7IScKOymneq2jCnrsojtmLggICAgICAgICAgICAgICAg
ICAgICAgICAgICAgICAgICAgICAgICAgICAgICAgICAgICAgICAgICAgICAgICAg
ICAgICAgICAgICAgICAgICAgICAgICAgICAgICAgICAgICAgICAgICAgICAgICAg
ICAgICAgICAgICAgICAgICAgICAgICAgICAgICAgICAgICAgICAgICAgICAgICAg
ICAgICAgICAgICAgICAgICAgICAgICAgICAgICAgICAgICAgICAgICAgICAgICAg
ICAgICAgICAgICAgICAgICAgIA0KYm9uZF9udW1iX3RleHQgIHwgL3NnOlBBWUdV
QS9jYzpHdWFyYW50ZWUuRG9jdW1lbnROdW1iZXIuVGV4dC9UZXh0LkNvbnRlbnQg
ICAgICAgICAgICAgICAgICAgICAgICAgICAgICAgICAgICAgICAgICAgICAgICAg
ICAgICAgICAgICAgICAgICAgICAgICAgICB8IDMwICAgfCBTdHJpbmcgICAgfCBt
aW4gICAgICAgICAgICAgICAgICAgIHwgICAgICAgICAgICAgICAgICAgICAgICAg
ICAgICAgICAgICAgICAgICAgICAgICAgICB8IOuztOymneyEnCjspp3qtowp67KI
7Zi4DQojIOuztOymneuCtOyaqSAgICAgICAgICAgICAgICAgICAgICAgICAgICAg
ICAgICAgICAgICAgICAgICAgICAgICAgICAgICAgICAgICAgICAgICAgICAgICAg
ICAgICAgICAgICAgICAgICAgICAgICAgICAgICAgICAgICAgICAgICAgICAgICAg
ICAgICAgICAgICAgICAgICAgICAgICAgICAgICAgICAgICAgICAgICAgICAgICAg
ICAgICAgICAgICAgICAgICAgICAgICAgICAgICAgICAgICAgICAgICAgICAgICAg
ICAgICAgICAgICAgICANCmJvbmRfcGVubF90ZXh0ICB8IC9zZzpQQVlHVUEvQm9u
ZC5JbmZvcm1hdGlvbi5EZXRhaWxzL2NjOkd1YXJhbnRlZS5BbW91bnQuVGV4dC9U
ZXh0LkNvbnRlbnQgICAgICAgICAgICAgICAgICAgICAgICAgICAgICAgICAgICAg
ICAgICAgICAgICAgICAgICAgICAgfCAxMDAgIHwgU3RyaW5nICAgIHwgbWluICAg
ICAgICAgICAgICAgICAgICB8ICAgICAgICAgICAgICAgICAgICAgICAgICAgICAg
ICAgICAgICAgICAgICAgICAgICAgfCDrs7Tspp3quIjslaEo7ZWc6riAKQkgICAg
ICAgICAgICAgIA0KYm9uZF9wZW5sX2FtbnQgIHwgL3NnOlBBWUdVQS9Cb25kLklu
Zm9ybWF0aW9uLkRldGFpbHMvY2M6R3VhcmFudGVlLkFtb3VudC9BbW91bnQuQ29u
dGVudCAgICAgICAgICAgICAgICAgICAgICAgICAgICAgICAgICAgICAgICAgICAg
ICAgICAgICAgICAgICAgICB8IDE1ICAgfCBEZWNpbWFsICAgfCBtaW4gICAgICAg
ICAgICAgICAgICAgIHwgICAgICAgICAgICAgICAgICAgICAgICAgICAgICAgICAg
ICAgICAgICAgICAgICAgICB8IOuztOymneq4iOyVoSjsiKvsnpApCSAgICAgICAg
ICAgICAgDQpwZW5sX2N1cmNfY29kZSAgfCAvc2c6UEFZR1VBL0JvbmQuSW5mb3Jt
YXRpb24uRGV0YWlscy9jYzpHdWFyYW50ZWUuQW1vdW50L0Ftb3VudEN1cnJlbmN5
LklkZW50aWZpY2F0aW9uLkNvZGUgICAgICAgICAgICAgICAgICAgICAgICAgICAg
ICAgICAgICAgICAgIHwgMyAgICB8IFN0cmluZyAgICB8IG1pbiAgICAgICAgICAg
ICAgICAgICAgfCAgICAgICAgICAgICAgICAgICAgICAgICAgICAgICAgICAgICAg
ICAgICAgICAgICAgIHwg67O07Kad6riI7JWhL+2Gte2ZlOy9lOuTnAkgICAgICAN
CmJvbmRfYmVnbl9kYXRlICB8IC9zZzpQQVlHVUEvQm9uZC5JbmZvcm1hdGlvbi5E
ZXRhaWxzL2NjOkd1YXJhbnRlZS5TdGFydC5EYXRlL0RhdGVUaW1lLkNvbnRlbnQg
ICAgICAgICAgICAgICAgICAgICAgICAgICAgICAgICAgICAgICAgICAgICAgICAg
ICAgICAgfCA4ICAgIHwgU3RyaW5nICAgIHwgbWluICAgICAgICAgICAgICAgICAg
ICB8ICAgICAgICAgICAgICAgICAgICAgICAgICAgICAgICAgICAgICAgICAgICAg
ICAgICAgfCDrs7Tspp3si5zsnpHsnbwJICAgICAgICAgICAgICANCmJvbmRfZm5z
aF9kYXRlICB8IC9zZzpQQVlHVUEvQm9uZC5JbmZvcm1hdGlvbi5EZXRhaWxzL2Nj
Okd1YXJhbnRlZS5FbmQuRGF0ZS9EYXRlVGltZS5Db250ZW50ICAgICAgICAgICAg
ICAgICAgICAgICAgICAgICAgICAgICAgICAgICAgICAgICAgICAgICAgICAgfCA4
ICAgIHwgU3RyaW5nICAgIHwgbWluICAgICAgICAgICAgICAgICAgICB8ICAgICAg
ICAgICAgICAgICAgICAgICAgICAgICAgICAgICAgICAgICAgICAgICAgICAgfCDr
s7Tspp3rp4zro4zsnbwJICAgICAgICAgICAgICANCmJvbmRfcHJlbV9hbW50ICB8
IC9zZzpQQVlHVUEvQm9uZC5JbmZvcm1hdGlvbi5EZXRhaWxzL2NjOkluc3VyYW5j
ZS5BbW91bnQvQW1vdW50LkNvbnRlbnQgICAgICAgICAgICAgICAgICAgICAgICAg
ICAgICAgICAgICAgICAgICAgICAgICAgICAgICAgICAgICAgfCAxNSAgIHwgU3Ry
aW5nICAgIHwgbWluICAgICAgICAgICAgICAgICAgICB8ICAgICAgICAgICAgICAg
ICAgICAgICAgICAgICAgICAgICAgICAgICAgICAgICAgICAgfCDrs7Ttl5jro4wJ
ICAgICAgICAgICAgICAgICAgICAgIA0KcHJlbV9jdXJjX2NvZGUgIHwgL3NnOlBB
WUdVQS9Cb25kLkluZm9ybWF0aW9uLkRldGFpbHMvY2M6SW5zdXJhbmNlLkFtb3Vu
dC9BbW91bnRDdXJyZW5jeS5JZGVudGlmaWNhdGlvbi5Db2RlICAgICAgICAgICAg
ICAgICAgICAgICAgICAgICAgICAgICAgICAgICB8IDMgICAgfCBTdHJpbmcgICAg
fCBtaW4gICAgICAgICAgICAgICAgICAgIHwgICAgICAgICAgICAgICAgICAgICAg
ICAgICAgICAgICAgICAgICAgICAgICAgICAgICB8IOuztO2XmOujjC/thrXtmZTs
vZTrk5wJICAgICAgICAgICAgICANCmJvbmRfcHJpY19yYXRlICB8IC9zZzpQQVlH
VUEvQm9uZC5JbmZvcm1hdGlvbi5EZXRhaWxzL2NjOkd1YXJhbnRlZS5QcmljZS5S
YXRlL051bWVyaWMuQ29udGVudCAgICAgICAgICAgICAgICAgICAgICAgICAgICAg
ICAgICAgICAgICAgICAgICAgICAgICAgICAgfCA2ICAgIHwgU3RyaW5nICAgIHwg
bWluICAgICAgICAgICAgICAgICAgICB8ICAgICAgICAgICAgICAgICAgICAgICAg
ICAgICAgICAgICAgICAgICAgICAgICAgICAgfCDrs7Tspp3quIjsnKgJICAgICAg
ICAgICAgICANCmFwcGxfb3JnYV9uYW1lICB8IC9zZzpQQVlHVUEvQm9uZC5JbmZv
cm1hdGlvbi5EZXRhaWxzL1dhcnJhbnRlZXIuRGV0YWlscy9jYzpPcmdhbml6YXRp
b24uTmFtZS9UZXh0LkNvbnRlbnQgICAgICAgICAgICAgICAgICAgICAgICAgICAg
ICAgICAgICAgICAgICAgfCAxMDAgIHwgU3RyaW5nICAgIHwgbWluICAgICAgICAg
ICAgICAgICAgICB8ICAgICAgICAgICAgICAgICAgICAgICAgICAgICAgICAgICAg
ICAgICAgICAgICAgICAgfCDqs4Tslb3snpAv7IOB7Zi4ICAgICAgICAgICAgICAg
ICAgIA0KYXBwbF9vcnBzX2RpdnMgIHwgL3NnOlBBWUdVQS9Cb25kLkluZm9ybWF0
aW9uLkRldGFpbHMvV2FycmFudGVlci5EZXRhaWxzL2NjOk9yZ2FuaXphdGlvbk9y
UGVyc29uLklkZW50aWZpZXIuSW5kaWNhdG9yL0luZGljYXRvci5Db250ZW50ICAg
ICAgICAgICAgICB8IDEzICAgfCBTdHJpbmcgICAgfCBtaW4gICAgICAgICAgICAg
ICAgICAgIHwgICAgICAgICAgICAgICAgICAgICAgICAgICAgICAgICAgICAgICAg
ICAgICAgICAgICB8IOqzhOyVveyekC/sgqzsl4XsnpAv7KO866+865Ox66Gd67KI
7Zi46rWs67aEDQphcHBsX29ycHNfaWRlbiAgfCAvc2c6UEFZR1VBL0JvbmQuSW5m
b3JtYXRpb24uRGV0YWlscy9XYXJyYW50ZWVyLkRldGFpbHMvY2M6T3JnYW5pemF0
aW9uT3JQZXJzb24uSWRlbnRpZmllci9JZGVudGlmaWVyLkNvbnRlbnQgICAgICAg
ICAgICAgICAgICAgICAgIHwgMTMgICB8IFN0cmluZyAgICB8IG1pbiAgICAgICAg
ICAgICAgICAgICAgfCAgICAgICAgICAgICAgICAgICAgICAgICAgICAgICAgICAg
ICAgICAgICAgICAgICAgIHwg6rOE7JW97J6QL+yCrOyXheyekC/so7zrr7zrk7Hr
oZ3rsojtmLggICAgDQphcHBsX293bnJfbmFtZSAgfCAvc2c6UEFZR1VBL0JvbmQu
SW5mb3JtYXRpb24uRGV0YWlscy9XYXJyYW50ZWVyLkRldGFpbHMvY2M6T3JnYW5p
emF0aW9uLkNFTy5OYW1lL1RleHQuQ29udGVudCAgICAgICAgICAgICAgICAgICAg
ICAgICAgICAgICAgICAgICAgIHwgMjAgICB8IFN0cmluZyAgICB8IG1pbiAgICAg
ICAgICAgICAgICAgICAgfCAgICAgICAgICAgICAgICAgICAgICAgICAgICAgICAg
ICAgICAgICAgICAgICAgICAgIHwg6rOE7JW97J6QL+uMgO2RnOyekOyEseuqhSAg
ICAgICAgICAgICANCmNyZWRfb3JnYV9uYW1lICB8IC9zZzpQQVlHVUEvQm9uZC5J
bmZvcm1hdGlvbi5EZXRhaWxzL0NyZWRpdG9yLkRldGFpbHMvY2M6T3JnYW5pemF0
aW9uLk5hbWUvVGV4dC5Db250ZW50ICAgICAgICAgICAgICAgICAgICAgICAgICAg
ICAgICAgICAgICAgICAgICAgfCAxMDAgIHwgU3RyaW5nICAgIHwgbWluICAgICAg
ICAgICAgICAgICAgICB8ICAgICAgICAgICAgICAgICAgICAgICAgICAgICAgICAg
ICAgICAgICAgICAgICAgICAgfCDssYTqtozsnpAv6riw6rSA66qFICAgICAgICAg
ICAgICAgICANCmNyZWRfb3Jwc19kaXZzICB8IC9zZzpQQVlHVUEvQm9uZC5JbmZv
cm1hdGlvbi5EZXRhaWxzL0NyZWRpdG9yLkRldGFpbHMvY2M6T3JnYW5pemF0aW9u
T3JQZXJzb24uSWRlbnRpZmllci5JbmRpY2F0b3IvSW5kaWNhdG9yLkNvbnRlbnQg
ICAgICAgICAgICAgICAgfCAxMyAgIHwgU3RyaW5nICAgIHwgbWluICAgICAgICAg
ICAgICAgICAgICB8ICAgICAgICAgICAgICAgICAgICAgICAgICAgICAgICAgICAg
ICAgICAgICAgICAgICAgfCDssYTqtozsnpAv7IKs7JeF7J6QL+yjvOuvvOuTseuh
neuyiO2YuOq1rOu2hA0KY3JlZF9vcnBzX2lkZW4gIHwgL3NnOlBBWUdVQS9Cb25k
LkluZm9ybWF0aW9uLkRldGFpbHMvQ3JlZGl0b3IuRGV0YWlscy9jYzpPcmdhbml6
YXRpb25PclBlcnNvbi5JZGVudGlmaWVyL0lkZW50aWZpZXIuQ29udGVudCAgICAg
ICAgICAgICAgICAgICAgICAgICB8IDEzICAgfCBTdHJpbmcgICAgfCBtaW4gICAg
ICAgICAgICAgICAgICAgIHwgICAgICAgICAgICAgICAgICAgICAgICAgICAgICAg
ICAgICAgICAgICAgICAgICAgICB8IOyxhOq2jOyekC/sgqzsl4XsnpAv7KO866+8
65Ox66Gd67KI7Zi4ICAgIA0KYm9uZF9ob2xkX25hbWUgIHwgL3NnOlBBWUdVQS9C
b25kLkluZm9ybWF0aW9uLkRldGFpbHMvQ3JlZGl0b3IuRGV0YWlscy9jYzpPcmdh
bml6YXRpb24uQm9uZGhvbGRlci5OYW1lL1RleHQuQ29udGVudCAgICAgICAgICAg
ICAgICAgICAgICAgICAgICAgICAgICAgICB8IDIwICAgfCBTdHJpbmcgICAgfCBt
aW4gICAgICAgICAgICAgICAgICAgIHwgICAgICAgICAgICAgICAgICAgICAgICAg
ICAgICAgICAgICAgICAgICAgICAgICAgICB8IOyxhOq2jOyekC/ssYTqtozsnpDr
qoUgICAgICAgICAgICAgICANCiMg67O07Kad6rOE7JW9KOyjvOqzhOyVvSkgICAg
ICAgICAgICAgICAgICAgICAgICAgICAgICAgICAgICAgICAgICAgICAgICAgICAg
ICAgICAgICAgICAgICAgICAgICAgICAgICAgICAgICAgICAgICAgICAgICAgICAg
ICAgICAgICAgICAgICAgICAgICAgICAgICAgICAgICAgICAgICAgICAgICAgICAg
ICAgICAgICAgICAgICAgICAgICAgICAgICAgICAgICAgICAgICAgICAgICAgICAg
ICAgICAgICAgICAgICAgICAgICAgICAgICAgICAgIA0KY29udF9uYW1lX3RleHQg
IHwgL3NnOlBBWUdVQS9Cb25kLk1haW5Db250cmFjdC5EZXRhaWxzL2NjOkNvbnRy
YWN0Lk5hbWUuVGV4dC9UZXh0LkNvbnRlbnQgICAgICAgICAgICAgICAgICAgICAg
ICAgICAgICAgICAgICAgICAgICAgICAgICAgICAgICAgICAgICB8IDEwMCAgfCBT
dHJpbmcgICAgfCBtaW4gICAgICAgICAgICAgICAgICAgIHwgICAgICAgICAgICAg
ICAgICAgICAgICAgICAgICAgICAgICAgICAgICAgICAgICAgICB8IOqzhOyVveqx
tOuqhQkgICAgICAgICANCmNvbnRfbWFpbl9hbW50ICB8IC9zZzpQQVlHVUEvQm9u
ZC5NYWluQ29udHJhY3QuRGV0YWlscy9jYzpDb250cmFjdC5BbW91bnQvQW1vdW50
LkNvbnRlbnQgICAgICAgICAgICAgICAgICAgICAgICAgICAgICAgICAgICAgICAg
ICAgICAgICAgICAgICAgICAgICAgfCAxNSAgIHwgRGVjaW1hbCAgIHwgbWluICAg
ICAgICAgICAgICAgICAgICB8ICAgICAgICAgICAgICAgICAgICAgICAgICAgICAg
ICAgICAgICAgICAgICAgICAgICAgfCDqs4Tslb3quIjslaEJICAgICAgICANCmNv
bnRfY3VyY19jb2RlICB8IC9zZzpQQVlHVUEvQm9uZC5NYWluQ29udHJhY3QuRGV0
YWlscy9jYzpDb250cmFjdC5BbW91bnQvQW1vdW50Q3VycmVuY3kuSWRlbnRpZmlj
YXRpb24uQ29kZSAgICAgICAgICAgICAgICAgICAgICAgICAgICAgICAgICAgICAg
ICAgfCAzICAgIHwgU3RyaW5nICAgIHwgbWluICAgICAgICAgICAgICAgICAgICB8
ICAgICAgICAgICAgICAgICAgICAgICAgICAgICAgICAgICAgICAgICAgICAgICAg
ICAgfCDqs4Tslb3quIjslaEv7Ya17ZmU7L2U65OcCQ0KY29udF9udW1iX3RleHQg
IHwgL3NnOlBBWUdVQS9Cb25kLk1haW5Db250cmFjdC5EZXRhaWxzL2NjOkNvbnRy
YWN0Lk51bWJlci5UZXh0L1RleHQuQ29udGVudCAgICAgICAgICAgICAgICAgICAg
ICAgICAgICAgICAgICAgICAgICAgICAgICAgICAgICAgICAgICB8IDMwICAgfCBT
dHJpbmcgICAgfCBtaW4gICAgICAgICAgICAgICAgICAgIHwgICAgICAgICAgICAg
ICAgICAgICAgICAgICAgICAgICAgICAgICAgICAgICAgICAgICB8IOqzhOyVveuy
iO2YuAkgICAgICAgIA0KY29udF9tYWluX2RhdGUgIHwgL3NnOlBBWUdVQS9Cb25k
Lk1haW5Db250cmFjdC5EZXRhaWxzL2NjOkNvbnRyYWN0LkRhdGUvRGF0ZVRpbWUu
Q29udGVudCAgICAgICAgICAgICAgICAgICAgICAgICAgICAgICAgICAgICAgICAg
ICAgICAgICAgICAgICAgICAgICB8IDggICAgfCBTdHJpbmcgICAgfCBtaW4gICAg
ICAgICAgICAgICAgICAgIHwgICAgICAgICAgICAgICAgICAgICAgICAgICAgICAg
ICAgICAgICAgICAgICAgICAgICB8IOqzhOyVveydvOyekAkgICAgICAgIA0KY29u
dF9iZWduX2RhdGUgIHwgL3NnOlBBWUdVQS9Cb25kLk1haW5Db250cmFjdC5EZXRh
aWxzL0NvbnRyYWN0LlBlcmlvZC5EZXRhaWxzL2NjOkNvbnRyYWN0LlN0YXJ0LkRh
dGUvRGF0ZVRpbWUuQ29udGVudCAgICAgICAgICAgICAgICAgICAgICAgICAgICAg
ICB8IDggICAgfCBTdHJpbmcgICAgfCBtaW4gICAgICAgICAgICAgICAgICAgIHwg
ICAgICAgICAgICAgICAgICAgICAgICAgICAgICAgICAgICAgICAgICAgICAgICAg
ICB8IOqzhOyVveq4sOqwhC/qs4Tslb3si5zsnpHsnbwgICAgIA0KY29udF9mbnNo
X2RhdGUgIHwgL3NnOlBBWUdVQS9Cb25kLk1haW5Db250cmFjdC5EZXRhaWxzL0Nv
bnRyYWN0LlBlcmlvZC5EZXRhaWxzL2NjOkNvbnRyYWN0LkVuZC5EYXRlL0RhdGVU
aW1lLkNvbnRlbnQgICAgICAgICAgICAgICAgICAgICAgICAgICAgICAgICB8IDgg
ICAgfCBTdHJpbmcgICAgfCBtaW4gICAgICAgICAgICAgICAgICAgIHwgICAgICAg
ICAgICAgICAgICAgICAgICAgICAgICAgICAgICAgICAgICAgICAgICAgICB8IOqz
hOyVveq4sOqwhC/qs4Tslb3rp4zro4zsnbwgICAgIA0Kb2JsaV9tYWluX2FtbnQg
IHwgL3NnOlBBWUdVQS9Cb25kLk1haW5Db250cmFjdC5EZXRhaWxzL2NjOkNvbnRy
YWN0Lk9ibGlnYXRpb24uQW1vdW50L0Ftb3VudC5Db250ZW50ICAgICAgICAgICAg
ICAgICAgICAgICAgICAgICAgICAgICAgICAgICAgICAgICAgICB8IDE1ICAgfCBE
ZWNpbWFsICAgfCBtaW4gICAgICAgICAgICAgICAgICAgIHwgICAgICAgICAgICAg
ICAgICAgICAgICAgICAgICAgICAgICAgICAgICAgICAgICAgICB8IOuztO2XmOq4
sOqwhCDqsJzsi5zsoIQg67Cc7IOd65CcIOyxhOustOyVoS/qs4Tslb3quIjslaEg
ICAgIA0Kb2JsaV9jdXJjX2NvZGUgIHwgL3NnOlBBWUdVQS9Cb25kLk1haW5Db250
cmFjdC5EZXRhaWxzL2NjOkNvbnRyYWN0Lk9ibGlnYXRpb24uQW1vdW50L0Ftb3Vu
dEN1cnJlbmN5LklkZW50aWZpY2F0aW9uLkNvZGUgICAgICAgICAgICAgICAgICAg
ICAgICAgICAgICB8IDMgICAgfCBTdHJpbmcgICAgfCBtaW4gICAgICAgICAgICAg
ICAgICAgIHwgICAgICAgICAgICAgICAgICAgICAgICAgICAgICAgICAgICAgICAg
ICAgICAgICAgICB8IOuztO2XmOq4sOqwhCDqsJzsi5zsoIQg67Cc7IOd65CcIOyx
hOustOyVoS/thrXtmZTsvZTrk5wgICAgIA0KIyDtirnquLDsgqztla0gICAgICAg
ICAgICAgICAgICAgICAgICAgICAgICAgICAgICAgICAgICAgICAgICAgICAgICAg
ICAgICAgICAgICAgICAgICAgICAgICAgICAgICAgICAgICAgICAgICAgICAgICAg
ICAgICAgICAgICAgICAgICAgICAgICAgICAgICAgICAgICAgICAgICAgICAgICAg
ICAgICAgICAgICAgICAgICAgICAgICAgICAgICAgICAgICAgICAgICAgICAgICAg
ICAgICAgICAgICAgICAgICAgICAgICAgICAgICAgICAgICAgDQpzcGNsX2NvbmRf
dGV4dCAgfCAvc2c6UEFZR1VBL2NjOlNwZWNpYWxDb25kaXRpb24uVGV4dC9UZXh0
LkNvbnRlbnQgICAgICAgICAgICAgICAgICAgICAgICAgICAgICAgICAgICAgICAg
ICAgICAgICAgICAgICAgICAgICAgICAgICAgICAgICAgICAgICAgICAgIHwgNTAw
ICB8IFN0cmluZyAgICB8IG1pbiAgICAgICAgICAgICAgICAgICAgfCAgICAgICAg
ICAgICAgICAgICAgICAgICAgICAgICAgICAgICAgICAgICAgICAgICAgIHwg7Yq5
6riw7IKs7ZWtDQojIO2KueuzhOyVveq0gCAgICAgICAgICAgICAgICAgICAgICAg
ICAgICAgICAgICAgICAgICAgICAgICAgICAgICAgICAgICAgICAgICAgICAgICAg
ICAgICAgICAgICAgICAgICAgICAgICAgICAgICAgICAgICAgICAgICAgICAgICAg
ICAgICAgICAgICAgICAgICAgICAgICAgICAgICAgICAgICAgICAgICAgICAgICAg
ICAgICAgICAgICAgICAgICAgICAgICAgICAgICAgICAgICAgICAgICAgICAgICAg
ICAgICAgICAgICAgICAgICAgICANCnNwY2xfcHJvdl90ZXh0ICB8IC9zZzpQQVlH
VUEvY2M6U3BlY2lhbFByb3Zpc2lvbi5UZXh0L1RleHQuQ29udGVudCAgICAgICAg
ICAgICAgICAgICAgICAgICAgICAgICAgICAgICAgICAgICAgICAgICAgICAgICAg
ICAgICAgICAgICAgICAgICAgICAgICAgICAgICAgfCAyMDAgIHwgU3RyaW5nICAg
IHwgbWluICAgICAgICAgICAgICAgICAgICB8ICAgICAgICAgICAgICAgICAgICAg
ICAgICAgICAgICAgICAgICAgICAgICAgICAgICAgfCDtirnrs4Tslb3qtIANCiMg
67O07Kad66y4ICAgICAgICAgICAgICAgICAgICAgICAgICAgICAgICAgICAgICAg
ICAgICAgICAgICAgICAgICAgICAgICAgICAgICAgICAgICAgICAgICAgICAgICAg
ICAgICAgICAgICAgICAgICAgICAgICAgICAgICAgICAgICAgICAgICAgICAgICAg
ICAgICAgICAgICAgICAgICAgICAgICAgICAgICAgICAgICAgICAgICAgICAgICAg
ICAgICAgICAgICAgICAgICAgICAgICAgICAgICAgICAgICAgICAgICAgICAgICAg
ICAgICAgDQpib25kX3N0YXRfdGV4dCAgfCAvc2c6UEFZR1VBL2NjOkd1YXJhbnRl
ZS5TdGF0ZW1lbnQuVGV4dC9UZXh0LkNvbnRlbnQgICAgICAgICAgICAgICAgICAg
ICAgICAgICAgICAgICAgICAgICAgICAgICAgICAgICAgICAgICAgICAgICAgICAg
ICAgICAgICAgICAgIHwgMTAwICB8IFN0cmluZyAgICB8IG1pbiAgICAgICAgICAg
ICAgICAgICAgfCAgICAgICAgICAgICAgICAgICAgICAgICAgICAgICAgICAgICAg
ICAgICAgICAgICAgIHwg67O07Kad66y4DQojIOuwnO2WieyekCAgICAgICAgICAg
ICAgICAgICAgICAgICAgICAgICAgICAgICAgICAgICAgICAgICAgICAgICAgICAg
ICAgICAgICAgICAgICAgICAgICAgICAgICAgICAgICAgICAgICAgICAgICAgICAg
ICAgICAgICAgICAgICAgICAgICAgICAgICAgICAgICAgICAgICAgICAgICAgICAg
ICAgICAgICAgICAgICAgICAgICAgICAgICAgICAgICAgICAgICAgICAgICAgICAg
ICAgICAgICAgICAgICAgICAgICAgICAgICAgICAgICAgIA0KaXNzdV9hZGRyX3R4
dDEgIHwgL3NnOlBBWUdVQS9Jc3N1ZXIuRGV0YWlscy9jYzpBZGRyZXNzLkxpbmUx
LlRleHQvVGV4dC5Db250ZW50ICAgICAgICAgICAgICAgICAgICAgICAgICAgICAg
ICAgICAgICAgICAgICAgICAgICAgICAgICAgICAgICAgICAgICAgICB8IDEwMCAg
fCBTdHJpbmcgICAgfCBtaW4gICAgICAgICAgICAgICAgICAgIHwgICAgICAgICAg
ICAgICAgICAgICAgICAgICAgICAgICAgICAgICAgICAgICAgICAgICB8IOyjvOyG
jDEJICAgICAgICAgICANCmlzc3VfYWRkcl90eHQyICB8IC9zZzpQQVlHVUEvSXNz
dWVyLkRldGFpbHMvY2M6QWRkcmVzcy5MaW5lMi5UZXh0L1RleHQuQ29udGVudCAg
ICAgICAgICAgICAgICAgICAgICAgICAgICAgICAgICAgICAgICAgICAgICAgICAg
ICAgICAgICAgICAgICAgICAgICAgfCAxMDAgIHwgU3RyaW5nICAgIHwgbWluICAg
ICAgICAgICAgICAgICAgICB8ICAgICAgICAgICAgICAgICAgICAgICAgICAgICAg
ICAgICAgICAgICAgICAgICAgICAgfCDso7zshowyCSAgICAgICAgICAgDQppc3N1
X29yZ2FfbmFtZSAgfCAvc2c6UEFZR1VBL0lzc3Vlci5EZXRhaWxzL2NjOk9yZ2Fu
aXphdGlvbi5OYW1lL1RleHQuQ29udGVudCAgICAgICAgICAgICAgICAgICAgICAg
ICAgICAgICAgICAgICAgICAgICAgICAgICAgICAgICAgICAgICAgICAgICAgICAg
IHwgMTAwICB8IFN0cmluZyAgICB8IG1pbiAgICAgICAgICAgICAgICAgICAgfCAg
ICAgICAgICAgICAgICAgICAgICAgICAgICAgICAgICAgICAgICAgICAgICAgICAg
IHwg7IOB7Zi4CSAgICAgICAgICAgDQppc3N1X293bnJfbmFtZSAgfCAvc2c6UEFZ
R1VBL0lzc3Vlci5EZXRhaWxzL2NjOk9yZ2FuaXphdGlvbi5DRU8uTmFtZS9UZXh0
LkNvbnRlbnQgICAgICAgICAgICAgICAgICAgICAgICAgICAgICAgICAgICAgICAg
ICAgICAgICAgICAgICAgICAgICAgICAgICAgIHwgMjAgICB8IFN0cmluZyAgICB8
IG1pbiAgICAgICAgICAgICAgICAgICAgfCAgICAgICAgICAgICAgICAgICAgICAg
ICAgICAgICAgICAgICAgICAgICAgICAgICAgIHwg64yA7ZGc7J6Q7ISx66qFCSAg
IA0KaXNzdV9kZXB0X25hbWUgIHwgL3NnOlBBWUdVQS9Jc3N1ZXIuRGV0YWlscy9B
Z2VuY3kuRGV0YWlscy9jYzpEZXBhcnRtZW50Lk5hbWUvVGV4dC5Db250ZW50ICAg
ICAgICAgICAgICAgICAgICAgICAgICAgICAgICAgICAgICAgICAgICAgICAgICAg
ICAgICAgICB8IDMwICAgfCBTdHJpbmcgICAgfCBtaW4gICAgICAgICAgICAgICAg
ICAgIHwgICAgICAgICAgICAgICAgICAgICAgICAgICAgICAgICAgICAgICAgICAg
ICAgICAgICB8IOuMgOumrOyduC/rtoDshJwo64yA66as7KCQKQ0KaXNzdV9kZXB0
X293bnIgIHwgL3NnOlBBWUdVQS9Jc3N1ZXIuRGV0YWlscy9BZ2VuY3kuRGV0YWls
cy9jYzpFbXBsb3llZS5OYW1lL1RleHQuQ29udGVudCAgICAgICAgICAgICAgICAg
ICAgICAgICAgICAgICAgICAgICAgICAgICAgICAgICAgICAgICAgICAgICB8IDIw
ICAgfCBTdHJpbmcgICAgfCBtaW4gICAgICAgICAgICAgICAgICAgIHwgICAgICAg
ICAgICAgICAgICAgICAgICAgICAgICAgICAgICAgICAgICAgICAgICAgICB8IOuM
gOumrOyduC/shLHrqoUgICAgICAgIA0KY2hyZ19uYW1lX3RleHQgIHwgL3NnOlBB
WUdVQS9Jc3N1ZXIuRGV0YWlscy9DaGFyZ2UuUGVyc29uLkRldGFpbHMvY2M6RW1w
bG95ZWUuTmFtZS9UZXh0LkNvbnRlbnQgICAgICAgICAgICAgICAgICAgICAgICAg
ICAgICAgICAgICAgICAgICAgICAgICAgICAgICB8IDIwICAgfCBTdHJpbmcgICAg
fCBtaW4gICAgICAgICAgICAgICAgICAgIHwgICAgICAgICAgICAgICAgICAgICAg
ICAgICAgICAgICAgICAgICAgICAgICAgICAgICB8IOuLtOuLueyekC/shLHrqoUg
ICAgICAgIA0KY2hyZ19waG9uX3RleHQgIHwgL3NnOlBBWUdVQS9Jc3N1ZXIuRGV0
YWlscy9DaGFyZ2UuUGVyc29uLkRldGFpbHMvY2M6VGVsZXBob25lLk51bWJlci5U
ZXh0L1RleHQuQ29udGVudCAgICAgICAgICAgICAgICAgICAgICAgICAgICAgICAg
ICAgICAgICAgICAgICB8IDIwICAgfCBTdHJpbmcgICAgfCBtaW4gICAgICAgICAg
ICAgICAgICAgIHwgICAgICAgICAgICAgICAgICAgICAgICAgICAgICAgICAgICAg
ICAgICAgICAgICAgICB8IOuLtOuLueyekC/soITtmZQgICAgICAgIA0KY2hyZ19m
YXhzX3RleHQgIHwgL3NnOlBBWUdVQS9Jc3N1ZXIuRGV0YWlscy9DaGFyZ2UuUGVy
c29uLkRldGFpbHMvY2M6RmF4Lk51bWJlci5UZXh0L1RleHQuQ29udGVudCAgICAg
ICAgICAgICAgICAgICAgICAgICAgICAgICAgICAgICAgICAgICAgICAgICAgICB8
IDIwICAgfCBTdHJpbmcgICAgfCBtaW4gICAgICAgICAgICAgICAgICAgIHwgICAg
ICAgICAgICAgICAgICAgICAgICAgICAgICAgICAgICAgICAgICAgICAgICAgICB8
IOuLtOuLueyekC9GYXgg67KI7Zi4ICAgIA0KaW52aV9hZ25jX25hbWUgIHwgL3Nn
OlBBWUdVQS9Jc3N1ZXIuRGV0YWlscy9JbnZpdGF0aW9uLkFnZW5jeS5EZXRhaWxz
L2NjOkFnZW5jeS5OYW1lL1RleHQuQ29udGVudCAgICAgICAgICAgICAgICAgICAg
ICAgICAgICAgICAgICAgICAgICAgICAgICAgICAgICB8IDMwICAgfCBTdHJpbmcg
ICAgfCBtaW4gICAgICAgICAgICAgICAgICAgIHwgICAgICAgICAgICAgICAgICAg
ICAgICAgICAgICAgICAgICAgICAgICAgICAgICAgICB8IOuqqOynkeuMgOumrOyg
kOuqhQ0KaW52aV9vd25yX25hbWUgIHwgL3NnOlBBWUdVQS9Jc3N1ZXIuRGV0YWls
cy9JbnZpdGF0aW9uLkFnZW5jeS5EZXRhaWxzL2NjOkFnZW5jeS5DRU8uTmFtZS9U
ZXh0LkNvbnRlbnQgICAgICAgICAgICAgICAgICAgICAgICAgICAgICAgICAgICAg
ICAgICAgICAgICB8IDIwICAgfCBTdHJpbmcgICAgfCBtaW4gICAgICAgICAgICAg
ICAgICAgIHwgICAgICAgICAgICAgICAgICAgICAgICAgICAgICAgICAgICAgICAg
ICAgICAgICAgICB8IOuqqOynkeuMgOumrOygkOuMgO2RnOuqhQ0KaW52aV9waG9u
X3RleHQgIHwgL3NnOlBBWUdVQS9Jc3N1ZXIuRGV0YWlscy9JbnZpdGF0aW9uLkFn
ZW5jeS5EZXRhaWxzL2NjOlRlbGVwaG9uZS5OdW1iZXIuVGV4dC9UZXh0LkNvbnRl
bnQgICAgICAgICAgICAgICAgICAgICAgICAgICAgICAgICAgICAgICAgICB8IDIw
ICAgfCBTdHJpbmcgICAgfCBtaW4gICAgICAgICAgICAgICAgICAgIHwgICAgICAg
ICAgICAgICAgICAgICAgICAgICAgICAgICAgICAgICAgICAgICAgICAgICB8IOuq
qOynkeuMgOumrOygkOyghO2ZlOuyiO2YuA0KIyDruYTqs6AgICAgICAgICAgICAg
ICAgICAgICAgICAgICAgICAgICAgICAgICAgICAgICAgICAgICAgICAgICAgICAg
ICAgICAgICAgICAgICAgICAgICAgICAgICAgICAgICAgICAgICAgICAgICAgICAg
ICAgICAgICAgICAgICAgICAgICAgICAgICAgICAgICAgICAgICAgICAgICAgICAg
ICAgICAgICAgICAgICAgICAgICAgICAgICAgICAgICAgICAgICAgICAgICAgICAg
ICAgICAgICAgICAgICAgICAgICAgICAgICAgICAgICAgIA0KZ2VuZV9ub3RlX3Rl
eHQgIHwgL3NnOlBBWUdVQS9jYzpHZW5lcmFsLk5vdGUuVGV4dC9UZXh0LkNvbnRl
bnQgICAgICAgICAgICAgICAgICAgICAgICAgICAgICAgICAgICAgICAgICAgICAg
ICAgICAgICAgICAgICAgICAgICAgICAgICAgICAgICAgICAgICAgICB8IDEwMCAg
fCBTdHJpbmcgICAgfCBtaW4gICAgICAgICAgICAgICAgICAgIHwgICAgICAgICAg
ICAgICAgICAgICAgICAgICAgICAgICAgICAgICAgICAgICAgICAgICB8IOu5hOqz
oA==