QGFja190eXBlPVQwMDENDSMgICAg64uo7LaV66qFICAgICB8ICAgICAgICBYUGF0
aCAgICAgICAgICAgICAgICAgICAgICAgICAgICAgICAgICAgICAgICAgICAgICAg
ICAgICAgCQkJCSAgICAgICAgICAgICAgICAgICAgICAgICAgICAgICAgICAgICB8
IOq4uOydtCB8IO2DgOyehSAgICAgIHwg67CY67O1IOyXrOu2gCDrsI8g7ZWE7IiY
7Jes67aAICB8IOuwmOuzteyLnOyekSDtg5zqt7ggICAgICAgICAgICAgICAgICAg
ICAgICAgICAgICAgICAgICAgfCDtla3rqqkgICAgICAgICAgIA0NIyBIRUFEICAg
ICAgICAgICAgICAgICAgICAgICAgICAgICAgICAgICAgICAgICAgICAgICAgICAg
ICAgICAgICAgICAgICAgICAgICAgICAgICAgICAgICAgICAgICAgICAgICAgICAg
ICAgICAgICAgICAgICAgICAgICAgICAgICAgICAgICAgICAgICAgICAgICAgICAg
ICAgICAgICAgICAgICAgICAgICAgICAgICAgICAgICAgICAgICAgICAgICAgICAg
ICAgICAgICAgICAgICAgICAgICAgICAgICAgICAgICAgICAgICAgICAgICANDWhl
YWRfbWVzZ19zZW5kICB8IC9zZzpQQVlJTkYvSGVhZGVyLkRldGFpbHMvY2M6TWVz
c2FnZS5TZW5kZXIuSWRlbnRpZmllci9JZGVudGlmaWVyLkNvbnRlbnQgICAgICAg
ICAgICAgICAgICAgICAgICAgICAgICAgICAgICAgICAgICAgICAgICAgICAgICAg
ICAgfCAxMyAgIHwgU3RyaW5nICAgIHwgbmVjZXNzYXJ5ICAgICAgICAgICAgICB8
ICAgICAgICAgICAgICAgICAgICAgICAgICAgICAgICAgICAgICAgICAgICAgICAg
ICAgfCDsoITrrLjshqHsi6DquLDqtIAJICAgICAgICAgICAgICAgICAgICAgICAg
ICAgICAgICAgICAgICAgIA0NaGVhZF9tZXNnX3JlY3YgIHwgL3NnOlBBWUlORi9I
ZWFkZXIuRGV0YWlscy9jYzpNZXNzYWdlLlJlY2VpdmVyLklkZW50aWZpZXIvSWRl
bnRpZmllci5Db250ZW50ICAgICAgICAgICAgICAgICAgICAgICAgICAgICAgICAg
ICAgICAgICAgICAgICAgICAgICAgICB8IDEzICAgfCBTdHJpbmcgICAgfCBuZWNl
c3NhcnkgICAgICAgICAgICAgIHwgICAgICAgICAgICAgICAgICAgICAgICAgICAg
ICAgICAgICAgICAgICAgICAgICAgICB8IOyghOusuOyImOyLoOq4sOq0gAkgICAg
ICAgICAgICAgICAgICAgICAgICAgICAgICAgICAgICAgICAgDQ1oZWFkX2Z1bmNf
Y29kZSAgfCAvc2c6UEFZSU5GL0hlYWRlci5EZXRhaWxzL2NjOk1lc3NhZ2UuRnVu
Y3Rpb24uQ29kZS9Db2RlLkNvbnRlbnQgICAgICAgICAgICAgICAgICAgICAgICAg
ICAgICAgICAgICAgICAgICAgICAgICAgICAgICAgICAgICAgICAgICAgIHwgMiAg
ICB8IFN0cmluZyAgICB8IG5lY2Vzc2FyeSAgICAgICAgICAgICAgfCAgICAgICAg
ICAgICAgICAgICAgICAgICAgICAgICAgICAgICAgICAgICAgICAgICAgIHwg66y4
7ISc6riw64qlCSAgICAgICAgICAgICAgICAgICAgICAgICAgICAgICAgICAgICAg
ICANDWhlYWRfbWVzZ190eXBlICB8IC9zZzpQQVlJTkYvSGVhZGVyLkRldGFpbHMv
Y2M6TWVzc2FnZS5UeXBlLklkZW50aWZpZXIvSWRlbnRpZmllci5Db250ZW50ICAg
ICAgICAgICAgICAgICAgICAgICAgICAgICAgICAgICAgICAgICAgICAgICAgICAg
ICAgICAgICAgfCA2ICAgIHwgU3RyaW5nICAgIHwgbmVjZXNzYXJ5ICAgICAgICAg
ICAgICB8ICAgICAgICAgICAgICAgICAgICAgICAgICAgICAgICAgICAgICAgICAg
ICAgICAgICAgfCDrrLjshJzsvZTrk5wJICAgICAgICAgICAgICAgICAgICAgICAg
ICAgICAgICAgICAgICAgIA0NaGVhZF9tZXNnX25hbWUgIHwgL3NnOlBBWUlORi9I
ZWFkZXIuRGV0YWlscy9jYzpNZXNzYWdlLk5hbWUvVGV4dC5Db250ZW50ICAgICAg
ICAgICAgICAgICAgICAgICAgICAgICAgICAgICAgICAgICAgICAgICAgICAgICAg
ICAgICAgICAgICAgICAgICAgICAgICB8IDMwICAgfCBTdHJpbmcgICAgfCBuZWNl
c3NhcnkgICAgICAgICAgICAgIHwgICAgICAgICAgICAgICAgICAgICAgICAgICAg
ICAgICAgICAgICAgICAgICAgICAgICB8IOusuOyEnOuqhQkgICAgICAgICAgICAg
ICAgICAgICAgICAgICAgICAgICAgICAgDQ1oZWFkX21lc2dfdmVycyAgfCAvc2c6
UEFZSU5GL0hlYWRlci5EZXRhaWxzL2NjOk1lc3NhZ2UuVmVyc2lvbi5UZXh0L1Rl
eHQuQ29udGVudCAgICAgICAgICAgICAgICAgICAgICAgICAgICAgICAgICAgICAg
ICAgICAgICAgICAgICAgICAgICAgICAgICAgICAgIHwgMTAgICB8IFN0cmluZyAg
ICB8IG1pbiAgICAgICAgICAgICAgICAgICAgfCAgICAgICAgICAgICAgICAgICAg
ICAgICAgICAgICAgICAgICAgICAgICAgICAgICAgIHwg7KCE7J6Q66y47ISc67KE
7KCECSAgICAgICAgICAgICAgICAgICAgICAgICAgICAgICAgICAgICAgICANDWhl
YWRfZG9jdV9udW1iICB8IC9zZzpQQVlJTkYvSGVhZGVyLkRldGFpbHMvY2M6RG9j
dW1lbnQuTnVtYmVyLlRleHQvVGV4dC5Db250ZW50ICAgICAgICAgICAgICAgICAg
ICAgICAgICAgICAgICAgICAgICAgICAgICAgICAgICAgICAgICAgICAgICAgICAg
ICAgfCAzMCAgIHwgU3RyaW5nICAgIHwgbmVjZXNzYXJ5ICAgICAgICAgICAgICB8
ICAgICAgICAgICAgICAgICAgICAgICAgICAgICAgICAgICAgICAgICAgICAgICAg
ICAgfCDrrLjshJzrsojtmLgJICAgICAgICAgICAgICAgICAgICAgICAgICAgICAg
ICAgICAgICAgIA0NaGVhZF9tYW5nX251bWIgIHwgL3NnOlBBWUlORi9IZWFkZXIu
RGV0YWlscy9jYzpEb2N1bWVudC5NYW5hZ2VtZW50TnVtYmVyLlRleHQvVGV4dC5D
b250ZW50ICAgICAgICAgICAgICAgICAgICAgICAgICAgICAgICAgICAgICAgICAg
ICAgICAgICAgICAgICAgICB8IDcwICAgfCBTdHJpbmcgICAgfCBuZWNlc3Nhcnkg
ICAgICAgICAgICAgIHwgICAgICAgICAgICAgICAgICAgICAgICAgICAgICAgICAg
ICAgICAgICAgICAgICAgICB8IOusuOyEnOq0gOumrOuyiO2YuAkgICAgICAgICAg
ICAgICAgICAgICAgICAgICAgICAgICAgICAgICAgDQ1oZWFkX3JlZnJfbnVtYiAg
fCAvc2c6UEFZSU5GL0hlYWRlci5EZXRhaWxzL2NjOkRvY3VtZW50LlJlZmVyZW5j
ZU51bWJlci5UZXh0L1RleHQuQ29udGVudCAgICAgICAgICAgICAgICAgICAgICAg
ICAgICAgICAgICAgICAgICAgICAgICAgICAgICAgICAgICAgIHwgMzAgICB8IFN0
cmluZyAgICB8IG5lY2Vzc2FyeSAgICAgICAgICAgICAgfCAgICAgICAgICAgICAg
ICAgICAgICAgICAgICAgICAgICAgICAgICAgICAgICAgICAgIHwg7LC47KGw67KI
7Zi4CSAgICAgICAgICAgICAgICAgICAgICAgICAgICAgICAgICAgICAgICANDWhl
YWRfdGl0bF9uYW1lICB8IC9zZzpQQVlJTkYvSGVhZGVyLkRldGFpbHMvY2M6RG9j
dW1lbnQuVGl0bGUuTmFtZS9UZXh0LkNvbnRlbnQgICAgICAgICAgICAgICAgICAg
ICAgICAgICAgICAgICAgICAgICAgICAgICAgICAgICAgICAgICAgICAgICAgICAg
ICAgfCAzMCAgIHwgU3RyaW5nICAgIHwgbmVjZXNzYXJ5ICAgICAgICAgICAgICB8
ICAgICAgICAgICAgICAgICAgICAgICAgICAgICAgICAgICAgICAgICAgICAgICAg
ICAgfCDrrLjshJzqsJzsmpQgICAgICAgICAgICAgICAgICAgICAgICAgICAgICAg
ICAgICAgICAgICANDWhlYWRfb3JnYV9jb2RlICB8IC9zZzpQQVlJTkYvSGVhZGVy
LkRldGFpbHMvY2M6T3JnYW5pemF0aW9uLkNvZGUuSWRlbnRpZmllci9JZGVudGlm
aWVyLkNvbnRlbnQgICAgICAgICAgICAgICAgICAgICAgICAgICAgICAgICAgICAg
ICAgICAgICAgICAgICAgICAgfCAzICAgIHwgU3RyaW5nICAgIHwgbmVjZXNzYXJ5
ICAgICAgICAgICAgICB8ICAgICAgICAgICAgICAgICAgICAgICAgICAgICAgICAg
ICAgICAgICAgICAgICAgICAgfCDsl7Dqs4TsvZTrk5wNDSMg67O07ZeY6rOE7JW9
7KCV67O0ICAgICAgICAgICAgICAgICAgICAgICAgICAgICAgICAgICAgICAgICAg
ICAgICAgICAgICAgICAgICAgICAgICAgICAgICAgICAgICAgICAgICAgICAgICAg
ICAgICAgICAgICAgICAgICAgICAgICAgICAgICAgICAgICAgICAgICAgICAgICAg
ICAgICAgICAgICAgICAgICAgICAgICAgICAgICAgICAgICAgICAgICAgICAgICAg
ICAgICAgICAgICAgICAgICAgICAgICAgICAgICAgICAgICAgICAgICAgICAgDQ1i
b25kX2tpbmRfY29kZSAgfCAvc2c6UEFZSU5GL0d1YXJhbnRlZS5JbmZvLkRldGFp
bHMvY2M6R3VhcmFudGVlLlR5cGUuSWRlbnRpZmllci9JZGVudGlmaWVyLkNvbnRl
bnQgICAgICAgICAgICAgICAgICAgICAgICAgICAgICAgICAgICAgICAgICAgICAg
ICAgIHwgMyAgICB8IFN0cmluZyAgICB8IG5lY2Vzc2FyeSAgICAgICAgICAgICAg
fCAgICAgICAgICAgICAgICAgICAgICAgICAgICAgICAgICAgICAgICAgICAgICAg
ICAgIHwg67O07ZeY7KKF66qp6rWs67aECQkgICAgICAgIA0NYm9uZF9iZWduX2Rh
dGUgIHwgL3NnOlBBWUlORi9HdWFyYW50ZWUuSW5mby5EZXRhaWxzL2NjOkd1YXJh
bnRlZS5CZWduLkRhdGUvRGF0ZVRpbWUuQ29udGVudCAgICAgICAgICAgICAgICAg
ICAgICAgICAgICAgICAgICAgICAgICAgICAgICAgICAgICAgICAgICB8IDggICAg
fCBTdHJpbmcgICAgfCBuZWNlc3NhcnkgICAgICAgICAgICAgIHwgICAgICAgICAg
ICAgICAgICAgICAgICAgICAgICAgICAgICAgICAgICAgICAgICAgICB8IOuztO2X
mOqwnOyLnOydvOyekAkJICAgICAgICANDWJvbmRfZm5zaF9kYXRlICB8IC9zZzpQ
QVlJTkYvR3VhcmFudGVlLkluZm8uRGV0YWlscy9jYzpHdWFyYW50ZWUuRm5zaC5E
YXRlL0RhdGVUaW1lLkNvbnRlbnQgICAgICAgICAgICAgICAgICAgICAgICAgICAg
ICAgICAgICAgICAgICAgICAgICAgICAgICAgICAgfCA4ICAgIHwgU3RyaW5nICAg
IHwgbmVjZXNzYXJ5ICAgICAgICAgICAgICB8ICAgICAgICAgICAgICAgICAgICAg
ICAgICAgICAgICAgICAgICAgICAgICAgICAgICAgfCDrs7Ttl5jsooXro4zsnbzs
npAJCSAgICAgICAgDQ1ib25kX2N1cmNfY29kZSAgfCAvc2c6UEFZSU5GL0d1YXJh
bnRlZS5JbmZvLkRldGFpbHMvY2M6R3VhcmFudGVlLkFtb3VudC9BbW91bnRDdXJy
ZW5jeS5JZGVudGlmaWNhdGlvbi5Db2RlICAgICAgICAgICAgICAgICAgICAgICAg
ICAgICAgICAgICAgICAgICAgIHwgMyAgICB8IFN0cmluZyAgICB8IG5lY2Vzc2Fy
eSAgICAgICAgICAgICAgfCAgICAgICAgICAgICAgICAgICAgICAgICAgICAgICAg
ICAgICAgICAgICAgICAgICAgIHwg67O07ZeY6rCA7J6F6riI7JWhL+2Gte2ZlOy9
lOuTnAkgICAgICAgIA0NYm9uZF9wZW5sX2FtbnQgIHwgL3NnOlBBWUlORi9HdWFy
YW50ZWUuSW5mby5EZXRhaWxzL2NjOkd1YXJhbnRlZS5BbW91bnQvQW1vdW50LkNv
bnRlbnQgICAgICAgICAgICAgICAgICAgICAgICAgICAgICAgICAgICAgICAgICAg
ICAgICAgICAgICAgICAgICAgICB8IDE4ICAgfCBTdHJpbmcgICAgfCBuZWNlc3Nh
cnkgICAgICAgICAgICAgIHwgICAgICAgICAgICAgICAgICAgICAgICAgICAgICAg
ICAgICAgICAgICAgICAgICAgICB8IOuztO2XmOqwgOyeheq4iOyVoS/rs7Ttl5jq
sIDsnoXquIjslaEgICAgICAgDQ1ib25kX29wZXJfY29kZSAgfCAvc2c6UEFZSU5G
L0d1YXJhbnRlZS5JbmZvLkRldGFpbHMvY2M6R3VhcmFudGVlLk9wZXJhdGlvbi5D
b2RlL0NvZGUuQ29udGVudCAgICAgICAgICAgICAgICAgICAgICAgICAgICAgICAg
ICAgICAgICAgICAgICAgICAgICAgICAgIHwgMTAgICB8IFN0cmluZyAgICB8IG1p
biAgICAgICAgICAgICAgICAgICAgfCAgICAgICAgICAgICAgICAgICAgICAgICAg
ICAgICAgICAgICAgICAgICAgICAgICAgIHwg7KGw7ZqM65Ox66GdIOyXheustOq1
rOu2hAkJDQ1ib25kX2FwcGxfY29kZSAgfCAvc2c6UEFZSU5GL0d1YXJhbnRlZS5J
bmZvLkRldGFpbHMvY2M6R3VhcmFudGVlLkFwcGxpY2F0aW9uLkNvZGUvQ29kZS5D
b250ZW50ICAgICAgICAgICAgICAgICAgICAgICAgICAgICAgICAgICAgICAgICAg
ICAgICAgICAgICAgIHwgMiAgICB8IFN0cmluZyAgICB8IG5lY2Vzc2FyeSAgICAg
ICAgICAgICAgfCAgICAgICAgICAgICAgICAgICAgICAgICAgICAgICAgICAgICAg
ICAgICAgICAgICAgIHwg7Iug6rec67Cw7IScIOyXheustOq1rOu2hAkgICAgICAg
IA0NYm9uZF9jdXRiX2NvZGUgIHwgL3NnOlBBWUlORi9HdWFyYW50ZWUuSW5mby5E
ZXRhaWxzL2NjOkd1YXJhbnRlZS5DdXRiYWNrL0NvZGUuQ29udGVudCAgICAgICAg
ICAgICAgICAgICAgICAgICAgICAgICAgICAgICAgICAgICAgICAgICAgICAgICAg
ICAgICAgICB8IDEgICAgfCBTdHJpbmcgICAgfCBtaW4gICAgICAgICAgICAgICAg
ICAgIHwgICAgICAgICAgICAgICAgICAgICAgICAgICAgICAgICAgICAgICAgICAg
ICAgICAgICB8IOuztO2XmOqwgOyeheq4iOyVoSDqsJDslaHsgqzsnKAJICAgICAg
ICANDWJvbmRfY3V0Yl90ZXh0ICB8IC9zZzpQQVlJTkYvR3VhcmFudGVlLkluZm8u
RGV0YWlscy9jYzpHdWFyYW50ZWUuQ3V0YmFjay9UZXh0LkNvbnRlbnQgICAgICAg
ICAgICAgICAgICAgICAgICAgICAgICAgICAgICAgICAgICAgICAgICAgICAgICAg
ICAgICAgICAgfCAzMCAgIHwgU3RyaW5nICAgIHwgbWluICAgICAgICAgICAgICAg
ICAgICB8ICAgICAgICAgICAgICAgICAgICAgICAgICAgICAgICAgICAgICAgICAg
ICAgICAgICAgfCDquLDtg4Ag6rCQ7JWh7IKs7JygCSAgICAgICAgDQ1ib25kX21h
c3NfY29kZSAgfCAvc2c6UEFZSU5GL0d1YXJhbnRlZS5JbmZvLkRldGFpbHMvY2M6
R3VhcmFudGVlLk1hc3MvQ29kZS5Db250ZW50ICAgICAgICAgICAgICAgICAgICAg
ICAgICAgICAgICAgICAgICAgICAgICAgICAgICAgICAgICAgICAgICAgICAgIHwg
MSAgICB8IFN0cmluZyAgICB8IG1pbiAgICAgICAgICAgICAgICAgICAgfCAgICAg
ICAgICAgICAgICAgICAgICAgICAgICAgICAgICAgICAgICAgICAgICAgICAgIHwg
7J286rSE6rCA7J6FIOuMgOyDgeyXrOu2gAkgICAgICAgIA0NYm9uZF9tYXNzX251
bWIgIHwgL3NnOlBBWUlORi9HdWFyYW50ZWUuSW5mby5EZXRhaWxzL2NjOkd1YXJh
bnRlZS5NYXNzL1RleHQuQ29udGVudCAgICAgICAgICAgICAgICAgICAgICAgICAg
ICAgICAgICAgICAgICAgICAgICAgICAgICAgICAgICAgICAgICAgICB8IDE4ICAg
fCBTdHJpbmcgICAgfCBtaW4gICAgICAgICAgICAgICAgICAgIHwgICAgICAgICAg
ICAgICAgICAgICAgICAgICAgICAgICAgICAgICAgICAgICAgICAgICB8IOydvOq0
hOqwgOyehSDrrLbsnYzrsojtmLgJICAgICAgICANDSMg7KO87JqU6rOE7JW97KCV
67O0ICAgICAgICAgICAgICAgICAgICAgICAgICAgICAgICAgICAgICAgICAgICAg
ICAgICAgICAgICAgICAgICAgICAgICAgICAgICAgICAgICAgICAgICAgICAgICAg
ICAgICAgICAgICAgICAgICAgICAgICAgICAgICAgICAgICAgICAgICAgICAgICAg
ICAgICAgICAgICAgICAgICAgICAgICAgICAgICAgICAgICAgICAgICAgICAgICAg
ICAgICAgICAgICAgICAgICAgICAgICAgICAgICAgICAgICAgICAgICAgDQ1jb250
X251bWJfdGV4dCAgfCAvc2c6UEFZSU5GL01haW5Db250cmFjdC5JbmZvLkRldGFp
bHMvY2M6Q29udHJhY3QuTnVtYmVyLlRleHQvVGV4dC5Db250ZW50ICAgICAgICAg
ICAgICAgICAgICAgICAgICAgICAgICAgICAgICAgICAgICAgICAgICAgICAgICAg
IHwgMzAgICB8IFN0cmluZyAgICB8IG5lY2Vzc2FyeSAgICAgICAgICAgICAgfCAg
ICAgICAgICAgICAgICAgICAgICAgICAgICAgICAgICAgICAgICAgICAgICAgICAg
IHwg6rOE7JW967KI7Zi4CQkgICAgICAgIA0NY29udF9uYW1lX3RleHQgIHwgL3Nn
OlBBWUlORi9NYWluQ29udHJhY3QuSW5mby5EZXRhaWxzL2NjOkNvbnRyYWN0Lk5h
bWUuVGV4dC9UZXh0LkNvbnRlbnQgICAgICAgICAgICAgICAgICAgICAgICAgICAg
ICAgICAgICAgICAgICAgICAgICAgICAgICAgICAgICB8IDEwMCAgfCBTdHJpbmcg
ICAgfCBuZWNlc3NhcnkgICAgICAgICAgICAgIHwgICAgICAgICAgICAgICAgICAg
ICAgICAgICAgICAgICAgICAgICAgICAgICAgICAgICB8IOqzhOyVveqxtOuqhQkJ
ICAgICAgICANDWNvbnRfcHJvY190eXBlICB8IC9zZzpQQVlJTkYvTWFpbkNvbnRy
YWN0LkluZm8uRGV0YWlscy9jYzpQcm9jdXJlbWVudC5UeXBlLklkZW50aWZpZXIv
SWRlbnRpZmllci5Db250ZW50ICAgICAgICAgICAgICAgICAgICAgICAgICAgICAg
ICAgICAgICAgICAgICAgfCAzICAgIHwgU3RyaW5nICAgIHwgbmVjZXNzYXJ5ICAg
ICAgICAgICAgICB8ICAgICAgICAgICAgICAgICAgICAgICAgICAgICAgICAgICAg
ICAgICAgICAgICAgICAgfCDqs4Tslb3qtazrtoQJCSAgICAgICAgDQ1jb250X3R5
cGVfaWRlbiAgfCAvc2c6UEFZSU5GL01haW5Db250cmFjdC5JbmZvLkRldGFpbHMv
Y2M6Q29udHJhY3QuVHlwZS5JZGVudGlmaWVyL0lkZW50aWZpZXIuQ29udGVudCAg
ICAgICAgICAgICAgICAgICAgICAgICAgICAgICAgICAgICAgICAgICAgICAgIHwg
MSAgICB8IFN0cmluZyAgICB8IG5lY2Vzc2FyeSAgICAgICAgICAgICAgfCAgICAg
ICAgICAgICAgICAgICAgICAgICAgICAgICAgICAgICAgICAgICAgICAgICAgIHwg
6rOE7JW967Cp7IudCQkgICAgICAgIA0NY29udF9hc2duX3JhdGUgIHwgL3NnOlBB
WUlORi9NYWluQ29udHJhY3QuSW5mby5EZXRhaWxzL2NjOkNvbnRyYWN0LkFzc2ln
bmVkLlJhdGUvTnVtZXJpYy5Db250ZW50ICAgICAgICAgICAgICAgICAgICAgICAg
ICAgICAgICAgICAgICAgICAgICAgICAgICAgICB8IDYgICAgfCBTdHJpbmcgICAg
fCBtaW4gICAgICAgICAgICAgICAgICAgIHwgICAgICAgICAgICAgICAgICAgICAg
ICAgICAgICAgICAgICAgICAgICAgICAgICAgICB8IOyngOu2hOycqAkJICAgICAg
ICAgICAgICAgIA0NY29udF9uZXdzX2RpdnMgIHwgL3NnOlBBWUlORi9NYWluQ29u
dHJhY3QuSW5mby5EZXRhaWxzL2NjOkNvbnRpbnVlTmV3LkluZGljYXRvci5Db2Rl
L0NvZGUuQ29udGVudCAgICAgICAgICAgICAgICAgICAgICAgICAgICAgICAgICAg
ICAgICAgICAgICAgICAgICB8IDEgICAgfCBTdHJpbmcgICAgfCBuZWNlc3Nhcnkg
ICAgICAgICAgICAgIHwgICAgICAgICAgICAgICAgICAgICAgICAgICAgICAgICAg
ICAgICAgICAgICAgICAgICB8IOyLoOq3nC/qsLHsi6Ag6rOE7JW96rWs67aECQkN
DWNvbnRfcGxhbl9kYXRlICB8IC9zZzpQQVlJTkYvTWFpbkNvbnRyYWN0LkluZm8u
RGV0YWlscy9jYzpDb25zdHJ1Y3Rpb24uQ29tcGxldGUuRGF0ZS9EYXRlVGltZS5D
b250ZW50ICAgICAgICAgICAgICAgICAgICAgICAgICAgICAgICAgICAgICAgICAg
ICAgICAgfCA4ICAgIHwgU3RyaW5nICAgIHwgbWluICAgICAgICAgICAgICAgICAg
ICB8ICAgICAgICAgICAgICAgICAgICAgICAgICAgICAgICAgICAgICAgICAgICAg
ICAgICAgfCDspIDqs7XsmIjsoJXsnbwJCSAgICAgICAgDQ1jb250X21haW5fZGF0
ZSAgfCAvc2c6UEFZSU5GL01haW5Db250cmFjdC5JbmZvLkRldGFpbHMvY2M6Q29u
dHJhY3QuRGF0ZS9EYXRlVGltZS5Db250ZW50ICAgICAgICAgICAgICAgICAgICAg
ICAgICAgICAgICAgICAgICAgICAgICAgICAgICAgICAgICAgICAgIHwgOCAgICB8
IFN0cmluZyAgICB8IG1pbiAgICAgICAgICAgICAgICAgICAgfCAgICAgICAgICAg
ICAgICAgICAgICAgICAgICAgICAgICAgICAgICAgICAgICAgICAgIHwg6rOE7JW9
7LK06rKw7J287J6QCQkgICAgICAgIA0NY29udF9jdXJjX2NvZGUgIHwgL3NnOlBB
WUlORi9NYWluQ29udHJhY3QuSW5mby5EZXRhaWxzL2NjOkNvbnRyYWN0LkFtb3Vu
dC9BbW91bnRDdXJyZW5jeS5JZGVudGlmaWNhdGlvbi5Db2RlICAgICAgICAgICAg
ICAgICAgICAgICAgICAgICAgICAgICAgICAgICB8IDMgICAgfCBTdHJpbmcgICAg
fCBuZWNlc3NhcnkgICAgICAgICAgICAgIHwgICAgICAgICAgICAgICAgICAgICAg
ICAgICAgICAgICAgICAgICAgICAgICAgICAgICB8IOqzhOyVveq4iOyVoSjsm5Dt
mZQpL+2Gte2ZlOy9lOuTnAkgICAgICAgIA0NY29udF9tYWluX2FtbnQgIHwgL3Nn
OlBBWUlORi9NYWluQ29udHJhY3QuSW5mby5EZXRhaWxzL2NjOkNvbnRyYWN0LkFt
b3VudC9BbW91bnQuQ29udGVudCAgICAgICAgICAgICAgICAgICAgICAgICAgICAg
ICAgICAgICAgICAgICAgICAgICAgICAgICAgICAgICB8IDE4ICAgfCBTdHJpbmcg
ICAgfCBuZWNlc3NhcnkgICAgICAgICAgICAgIHwgICAgICAgICAgICAgICAgICAg
ICAgICAgICAgICAgICAgICAgICAgICAgICAgICAgICB8IOqzhOyVveq4iOyVoSjs
m5DtmZQpL+qzhOyVveq4iOyVoSAgICAgICAgIA0NZm9ybl9jdXJjX2NvZGUgIHwg
L3NnOlBBWUlORi9NYWluQ29udHJhY3QuSW5mby5EZXRhaWxzL2NjOkZvcmVpZ24u
Q29udHJhY3QuQW1vdW50L0Ftb3VudEN1cnJlbmN5LklkZW50aWZpY2F0aW9uLkNv
ZGUgICAgICAgICAgICAgICAgICAgICAgICAgICAgICAgICB8IDMgICAgfCBTdHJp
bmcgICAgfCBtaW4gICAgICAgICAgICAgICAgICAgIHwgICAgICAgICAgICAgICAg
ICAgICAgICAgICAgICAgICAgICAgICAgICAgICAgICAgICB8IOqzhOyVveq4iOyV
oSjsmbjtmZQpL+2Gte2ZlOy9lOuTnAkgICAgICAgIA0NZm9ybl9tYWluX2FtbnQg
IHwgL3NnOlBBWUlORi9NYWluQ29udHJhY3QuSW5mby5EZXRhaWxzL2NjOkZvcmVp
Z24uQ29udHJhY3QuQW1vdW50L0Ftb3VudC5Db250ZW50ICAgICAgICAgICAgICAg
ICAgICAgICAgICAgICAgICAgICAgICAgICAgICAgICAgICAgICB8IDE4ICAgfCBT
dHJpbmcgICAgfCBtaW4gICAgICAgICAgICAgICAgICAgIHwgICAgICAgICAgICAg
ICAgICAgICAgICAgICAgICAgICAgICAgICAgICAgICAgICAgICB8IOqzhOyVveq4
iOyVoSjsmbjtmZQpL+qzhOyVveq4iOyVoQkgICAgICAgIA0NaGlzdF9ib25kX251
bWIgIHwgL3NnOlBBWUlORi9NYWluQ29udHJhY3QuSW5mby5EZXRhaWxzL2NjOkhp
c3RvcnkuQm9uZE51bWJlci5UZXh0L1RleHQuQ29udGVudCAgICAgICAgICAgICAg
ICAgICAgICAgICAgICAgICAgICAgICAgICAgICAgICAgICAgICAgICB8IDIwICAg
fCBTdHJpbmcgICAgfCBtaW4gICAgICAgICAgICAgIHwgICAgICAgICAgICAgICAg
ICAgICAgICAgICAgICAgICAgICAgICAgICAgICAgICAgICB8IOuwsOyEnOuMgOyD
gSDspp3qtozrsojtmLggICAgICAgICAgICAgICANDSMgQk9EWSAgICAgICAgICAg
ICAgICAgICAgICAgICAgICAgICAgICAgICAgICAgICAgICAgICAgICAgICAgICAg
ICAgICAgICAgICAgICAgICAgICAgICAgICAgICAgICAgICAgICAgICAgICAgICAg
ICAgICAgICAgICAgICAgICAgICAgICAgICAgICAgICAgICAgICAgICAgICAgICAg
ICAgICAgICAgICAgICAgICAgICAgICAgICAgICAgICAgICAgICAgICAgICAgICAg
ICAgICAgICAgICAgICAgICAgICAgICAgICAgICAgICAgICAgICAgIA0NY29udF9j
b21tX2RpdnMgIHwgL3NnOlBBWUlORi9jYzpDb21tYW5kLlR5cGUuSWRlbnRpZmll
ci9JZGVudGlmaWVyLkNvbnRlbnQgICAgICAgICAgICAgICAgICAgICAgICAgICAg
ICAgICAgICAgICAgICAgICAgICAgICAgICAgICAgICAgICAgICAgICAgICAgICB8
IDEgICAgfCBTdHJpbmcgICAgfCBuZWNlc3NhcnkgICAgICAgICAgICAgIHwgICAg
ICAgICAgICAgICAgICAgICAgICAgICAgICAgICAgICAgICAgICAgICAgICAgICB8
IOuwnOyjvOq1rOu2hAkJICAgICAgICANDWNvbnRfcGxkZ195c25vICB8IC9zZzpQ
QVlJTkYvY2M6UGxlZGdlLlR5cGUuSWRlbnRpZmllci9JZGVudGlmaWVyLkNvbnRl
bnQgICAgICAgICAgICAgICAgICAgICAgICAgICAgICAgICAgICAgICAgICAgICAg
ICAgICAgICAgICAgICAgICAgICAgICAgICAgICAgfCAxICAgIHwgU3RyaW5nICAg
IHwgbWluCQkgICAgICAgICAgICAgfCAgICAgICAgICAgICAgICAgICAgICAgICAg
ICAgICAgICAgICAgICAgICAgICAgICAgIHwg7KeI6raM7ISk7KCV7Jes67aACQkg
ICAgICAgICAgICAgICAgDQ1jb250X3BsZGdfZGl2cyAgfCAvc2c6UEFZSU5GL2Nj
OlBsZWRnZS5JZGVudGlmaWVyLkluZGljYXRvci9JbmRpY2F0b3IuQ29udGVudCAg
ICAgICAgICAgICAgICAgICAgICAgICAgICAgICAgICAgICAgICAgICAgICAgICAg
ICAgICAgICAgICAgICAgICAgICAgIHwgMSAgICB8IFN0cmluZyAgICB8IG1pbgkg
ICAgICAgICAgICAgICAgIHwgICAgICAgICAgICAgICAgICAgICAgICAgICAgICAg
ICAgICAgICAgICAgICAgICAgICB8IOyEpOygleyekOq1rOu2hAkJICAgICAgICAN
DWNvbnRfcGxkZ19pZGVuICB8IC9zZzpQQVlJTkYvY2M6UGxlZGdlLkN1c3RvbWVy
LklkZW50aWZpZXIvSWRlbnRpZmllci5Db250ZW50ICAgICAgICAgICAgICAgICAg
ICAgICAgICAgICAgICAgICAgICAgICAgICAgICAgICAgICAgICAgICAgICAgICAg
ICAgICAgfCAxMyAgIHwgU3RyaW5nICAgIHwgbWluICAgICAgICAgICAgICAJCSB8
ICAgICAgICAgICAgICAgICAgICAgICAgICAgICAgICAgICAgICAgICAgICAgICAg
ICAgfCDshKTsoJXsnpAg7IKs7JeF7J6QL+yjvOuvvOuyiO2YuAkJDQ1jb250X3Bs
ZGdfbmFtZSAgfCAvc2c6UEFZSU5GL2NjOlBsZWRnZS5OYW1lLlRleHQvVGV4dC5D
b250ZW50ICAgICAgICAgICAgICAgICAgICAgICAgICAgICAgICAgICAgICAgICAg
ICAgICAgICAgICAgICAgICAgICAgICAgICAgICAgICAgICAgICAgICAgICAgIHwg
NDAgICB8IFN0cmluZyAgICB8IG1pbiAgICAgICAgICAgICAgCQkgfCAgICAgICAg
ICAgICAgICAgICAgICAgICAgICAgICAgICAgICAgICAgICAgICAgICAgIHwg7ISk
7KCV7J6QIOyDge2YuOuqhS/shLHrqoUJCQ0NY29udF9wcmVtX3lzbm8gIHwgL3Nn
OlBBWUlORi9jYzpQcmVtaXVtUGF5bWVudC5UeXBlLklkZW50aWZpZXIvSWRlbnRp
Zmllci5Db250ZW50ICAgICAgICAgICAgICAgICAgICAgICAgICAgICAgICAgICAg
ICAgICAgICAgICAgICAgICAgICAgICAgICAgICAgICB8IDEgICAgfCBTdHJpbmcg
ICAgfCBtaW4gICAgICAgICAgICAgIAkJIHwgICAgICAgICAgICAgICAgICAgICAg
ICAgICAgICAgICAgICAgICAgICAgICAgICAgICB8IOygnDPsnpAg67O07ZeY66OM
64Kp67aA7Jes67aACQkNDWNvbnRfcHJlbV9kaXZzICB8IC9zZzpQQVlJTkYvY2M6
UHJlbWl1bVBheW1lbnQuSWRlbnRpZmllci5JbmRpY2F0b3IvSW5kaWNhdG9yLkNv
bnRlbnQgICAgICAgICAgICAgICAgICAgICAgICAgICAgICAgICAgICAgICAgICAg
ICAgICAgICAgICAgICAgICAgICAgfCAxICAgIHwgU3RyaW5nICAgIHwgbWluICAg
ICAgICAgICAgICAJCSB8ICAgICAgICAgICAgICAgICAgICAgICAgICAgICAgICAg
ICAgICAgICAgICAgICAgICAgfCDsoJwz7J6QIOq1rOu2hAkJICAgICAgICANDWNv
bnRfcHJlbV9pZGVuICB8IC9zZzpQQVlJTkYvY2M6UHJlbWl1bVBheW1lbnQuQ3Vz
dG9tZXIuSWRlbnRpZmllci9JZGVudGlmaWVyLkNvbnRlbnQgICAgICAgICAgICAg
ICAgICAgICAgICAgICAgICAgICAgICAgICAgICAgICAgICAgICAgICAgICAgICAg
ICAgfCAxMyAgIHwgU3RyaW5nICAgIHwgbWluICAgICAgICAgICAgICAJCSB8ICAg
ICAgICAgICAgICAgICAgICAgICAgICAgICAgICAgICAgICAgICAgICAgICAgICAg
fCDsoJwz7J6QIOyCrOyXheyekC/so7zrr7zrsojtmLgJCQ0NY29udF9wcmVtX25h
bWUgIHwgL3NnOlBBWUlORi9jYzpQcmVtaXVtUGF5bWVudC5OYW1lLlRleHQvVGV4
dC5Db250ZW50ICAgICAgICAgICAgICAgICAgICAgICAgICAgICAgICAgICAgICAg
ICAgICAgICAgICAgICAgICAgICAgICAgICAgICAgICAgICAgICAgICB8IDQwICAg
fCBTdHJpbmcgICAgfCBtaW4gICAgICAgICAgICAgIAkJIHwgICAgICAgICAgICAg
ICAgICAgICAgICAgICAgICAgICAgICAgICAgICAgICAgICAgICB8IOygnDPsnpAg
7IOB7Zi466qFL+yEseuqhSAgICAgICAgICAgICAgIA0NIyDsnbTtlonsp4DquIkg
ICAgICAgICAgICAgICAgICAgICAgICAgICAgICAgICAgICAgICAgICAgICAgICAg
ICAgICAgICAgICAgICAgICAgICAgICAgICAgICAgICAgICAgICAgICAgICAgICAg
ICAgICAgICAgICAgICAgICAgICAgICAgICAgICAgICAgICAgICAgICAgICAgICAg
ICAgICAgICAgICAgICAgICAgICAgICAgICAgICAgICAgICAgICAgICAgICAgICAg
ICAgICAgICAgICAgICAgICAgICAgICAgICAgICAgICAgICAgICAgICAgDQ1wYXlt
X2JlZ25fZGF0ZSAgfCAvc2c6UEFZSU5GL1BheW1lbnQuSW5mby5EZXRhaWxzL2Nj
OkNvbnRyYWN0LkJlZ24uRGF0ZS9EYXRlVGltZS5Db250ZW50ICAgICAgICAgICAg
ICAgICAgICAgICAgICAgICAgICAgICAgICAgICAgICAgICAgICAgICAgICAgICAg
IHwgOCAgICB8IFN0cmluZyAgICB8IG5lY2Vzc2FyeSAgICAgICAgICAgICAgfCAg
ICAgICAgICAgICAgICAgICAgICAgICAgICAgICAgICAgICAgICAgICAgICAgICAg
IHwg6rOE7JW97Iuc7J6R7J287J6QCQkgICAgICAgICAgICAgICAgICAgICAgICAg
ICAgICAgIA0NcGF5bV9mbnNoX2RhdGUgIHwgL3NnOlBBWUlORi9QYXltZW50Lklu
Zm8uRGV0YWlscy9jYzpDb250cmFjdC5GbnNoLkRhdGUvRGF0ZVRpbWUuQ29udGVu
dCAgICAgICAgICAgICAgICAgICAgICAgICAgICAgICAgICAgICAgICAgICAgICAg
ICAgICAgICAgICAgICB8IDggICAgfCBTdHJpbmcgICAgfCBuZWNlc3NhcnkgICAg
ICAgICAgICAgIHwgICAgICAgICAgICAgICAgICAgICAgICAgICAgICAgICAgICAg
ICAgICAgICAgICAgICB8IOqzhOyVveyiheujjOydvOyekAkJICAgICAgICAgICAg
ICAgICAgICAgICAgICAgICAgICANDXBheW1fdGVybV90ZXh0ICB8IC9zZzpQQVlJ
TkYvUGF5bWVudC5JbmZvLkRldGFpbHMvQ29udHJhY3QuUGVyaW9kLlRleHQvVGV4
dC5Db250ZW50ICAgICAgICAgICAgICAgICAgICAgICAgICAgICAgICAgICAgICAg
ICAgICAgICAgICAgICAgICAgICAgICAgICAgfCAzMCAgIHwgU3RyaW5nICAgIHwg
bWluCQkgICAgICAgICAgICAgfCAgICAgICAgICAgICAgICAgICAgICAgICAgICAg
ICAgICAgICAgICAgICAgICAgICAgIHwg6rOE7JW96riw6rCECQkgICAgICAgICAg
ICAgICAgICAgICAgICAgICAgICAgIA0NcGF5bV9iZWZyX2N1cmMgIHwgL3NnOlBB
WUlORi9QYXltZW50LkluZm8uRGV0YWlscy9jYzpCZWZvcmVEZWJ0LkFtb3VudC9B
bW91bnRDdXJyZW5jeS5JZGVudGlmaWNhdGlvbi5Db2RlICAgICAgICAgICAgICAg
ICAgICAgICAgICAgICAgICAgICAgICAgICAgICB8IDMgICAgfCBTdHJpbmcgICAg
fCBuZWNlc3NhcnkgICAgICAgICAgICAgIHwgICAgICAgICAgICAgICAgICAgICAg
ICAgICAgICAgICAgICAgICAgICAgICAgICAgICB8IOuztO2XmOq4sOqwhCDqsJzs
i5zsoIQg7LGE66y07JWhKOybkO2ZlCkv7Ya17ZmU7L2U65OcCSAgICAgICAgICAg
ICAgICANDXBheW1fYmVmcl9hbW50ICB8IC9zZzpQQVlJTkYvUGF5bWVudC5JbmZv
LkRldGFpbHMvY2M6QmVmb3JlRGVidC5BbW91bnQvQW1vdW50LkNvbnRlbnQgICAg
ICAgICAgICAgICAgICAgICAgICAgICAgICAgICAgICAgICAgICAgICAgICAgICAg
ICAgICAgICAgICAgfCAxNSAgIHwgU3RyaW5nICAgIHwgbmVjZXNzYXJ5ICAgICAg
ICAgICAgICB8ICAgICAgICAgICAgICAgICAgICAgICAgICAgICAgICAgICAgICAg
ICAgICAgICAgICAgfCDrs7Ttl5jquLDqsIQg6rCc7Iuc7KCEIOyxhOustOyVoSjs
m5DtmZQpL+uztO2XmOq4sOqwhCDqsJzsi5zsoIQg7LGE66y07JWhCQ0Nc2FsZV9k
ZWx5X2N1cmMgIHwgL3NnOlBBWUlORi9QYXltZW50LkluZm8uRGV0YWlscy9jYzpT
YWxlLkRlbGF5LkFtb3VudC9BbW91bnRDdXJyZW5jeS5JZGVudGlmaWNhdGlvbi5D
b2RlICAgICAgICAgICAgICAgICAgICAgICAgICAgICAgICAgICAgICAgICAgIHwg
MyAgICB8IFN0cmluZyAgICB8IG1pbiAgICAgICAgICAgIAkJIHwgICAgICAgICAg
ICAgICAgICAgICAgICAgICAgICAgICAgICAgICAgICAgICAgICAgICB8IOqxsOue
mCDspJEg7Jew7LK06riI7JWhIO2Gte2ZlOy9lOuTnAkgICAgICAgICAgICAgICAg
DQ1zYWxlX2RlbHlfYW1udCAgfCAvc2c6UEFZSU5GL1BheW1lbnQuSW5mby5EZXRh
aWxzL2NjOlNhbGUuRGVsYXkuQW1vdW50L0Ftb3VudC5Db250ZW50ICAgICAgICAg
ICAgICAgICAgICAgICAgICAgICAgICAgICAgICAgICAgICAgICAgICAgICAgICAg
ICAgICAgfCAxOCAgIHwgU3RyaW5nICAgIHwgbWluICAgICAJCSAgICAgICAgIHwg
ICAgICAgICAgICAgICAgICAgICAgICAgICAgICAgICAgICAgICAgICAgICAgICAg
ICB8IOqxsOuemCDspJEg7Jew7LK06riI7JWhIO2Gte2ZlOyWkQkNDXNhbGVfaW5j
bV9jdXJjICB8IC9zZzpQQVlJTkYvUGF5bWVudC5JbmZvLkRldGFpbHMvY2M6U2Fs
ZS5JbmNvbWUuQW1vdW50L0Ftb3VudEN1cnJlbmN5LklkZW50aWZpY2F0aW9uLkNv
ZGUgICAgICAgICAgICAgICAgICAgICAgICAgICAgICAgICAgICAgICAgICAgfCAz
ICAgIHwgU3RyaW5nICAgIHwgbWluICAgICAgICAgICAgCQkgfCAgICAgICAgICAg
ICAgICAgICAgICAgICAgICAgICAgICAgICAgICAgICAgICAgICAgIHwg66ek7Lac
7JWhIO2Gte2ZlOy9lOuTnAkgICAgICAgICAgICAgICAgDQ1zYWxlX2JmaW5fYW1u
dCAgfCAvc2c6UEFZSU5GL1BheW1lbnQuSW5mby5EZXRhaWxzL2NjOlNhbGUuQmVm
b3JlSW5jb21lLkFtb3VudC9BbW91bnQuQ29udGVudCAgICAgICAgICAgICAgICAg
ICAgICAgICAgICAgICAgICAgICAgICAgICAgICAgICAgICAgICAgfCAxOCAgIHwg
U3RyaW5nICAgIHwgbWluICAgICAJCSAgICAgICAgIHwgICAgICAgICAgICAgICAg
ICAgICAgICAgICAgICAgICAgICAgICAgICAgICAgICAgICB8IOyngeyghOuFhOuP
hCDrp6TstpzslaEJDQ1zYWxlX253aW5fYW1udCAgfCAvc2c6UEFZSU5GL1BheW1l
bnQuSW5mby5EZXRhaWxzL2NjOlNhbGUuTm93SW5jb21lLkFtb3VudC9BbW91bnQu
Q29udGVudCAgICAgICAgICAgICAgICAgICAgICAgICAgICAgICAgICAgICAgICAg
ICAgICAgICAgICAgICAgICAgfCAxOCAgIHwgU3RyaW5nICAgIHwgbWluICAgICAJ
CSAgICAgICAgIHwgICAgICAgICAgICAgICAgICAgICAgICAgICAgICAgICAgICAg
ICAgICAgICAgICAgICB8IOq4iOuFhOuPhCDrp6TstpzslaEJDQ1wYXltX2RlYnRf
ZGF0ZSAgfCAvc2c6UEFZSU5GL1BheW1lbnQuSW5mby5EZXRhaWxzL2NjOkRlYnRB
bW91bnQuU3RhbmRhcmQuRGF0ZS9EYXRlVGltZS5Db250ZW50ICAgICAgICAgICAg
ICAgICAgICAgICAgICAgICAgICAgICAgICAgICAgICAgICAgICAgICAgIHwgOCAg
ICB8IFN0cmluZyAgICB8IG1pbgkJICAgICAgICAgICAgIHwgICAgICAgICAgICAg
ICAgICAgICAgICAgICAgICAgICAgICAgICAgICAgICAgICAgICB8IOyxhOustOyV
oeyCsOyglSDquLDspIDsnbzsnpAJCSAgICAgICAgICAgICAgICAgICAgICAgIA0N
cGF5bV9hY250X21ldGggIHwgL3NnOlBBWUlORi9QYXltZW50LkluZm8uRGV0YWls
cy9jYzpBY2NvdW50Lk1ldGhvZC5JZGVudGlmaWVyL0lkZW50aWZpZXIuQ29udGVu
dCAgICAgICAgICAgICAgICAgICAgICAgICAgICAgICAgICAgICAgICAgICAgICAg
ICAgICB8IDEgICAgfCBTdHJpbmcgICAgfCBuZWNlc3NhcnkgICAgICAgICAgICAg
IHwgICAgICAgICAgICAgICAgICAgICAgICAgICAgICAgICAgICAgICAgICAgICAg
ICAgICB8IOqysOygnOyImOuLqCAgICAgICAgICAgICAgICAgICAgICAgICAgICAg
ICAgICAgICAgICAgICAgICAgIA0NIyDtg4Dri7Trs7Qg67O07Jyg7KCV67O0DW1v
cnRfaG9sZF9pbmZvCXwgL3NnOlBBWUlORi9Nb3J0Z2FnZS5JbmZvLkRldGFpbHMJ
CQkJCQkJCQkJCQkJCQkJCQkgICAgICAgICAgICAgICAgICAgICAgICAgICAgICAg
ICAgICAgICAgICAgICAgICAgICAgICAgICAgICAgICB8IDUwMDAwIAl8IFN0cmlu
ZyAgIAl8IG1heGVsZQkJCSAgICAgICB8IHNnOlBBWUlORi9Nb3J0Z2FnZS5JbmZv
LkRldGFpbHMJIAkgICAgICAgICAgICAgICB8IOuwmOuztQkJDW1vcnRfaG9sZF9j
b2RlICB8IC9zZzpQQVlJTkYvTW9ydGdhZ2UuSW5mby5EZXRhaWxzL2NjOk1vcnRn
YWdlLkhvbGQvQ29kZS5Db250ZW50ICAgICAgICAgICAgICAgICAgICAgICAgICAg
ICAgICAgICAgICAgICAgICAgICAgICAgICAgICAgICAgICAgICAgICAgfCAxICAg
ICB8IFN0cmluZyAgICB8IG1pbgkJICAgICAgICAgICAgIHwgY2M6TW9ydGdhZ2Uu
SG9sZC9Db2RlLkNvbnRlbnQgICAgICAgICAgICAgICAgICAgICAgICAgICAgICAg
ICAgICAgICAgICAgICAgICAgICAgICAgICAgICAgICAgICAgICAgICAgIHwg7YOA
64u067O0IOuztOycoOyXrOu2gA1tb3J0X2tpbmRfY29kZSAgfCAvc2c6UEFZSU5G
L01vcnRnYWdlLkluZm8uRGV0YWlscy9jYzpNb3J0Z2FnZS5LaW5kL0NvZGUuQ29u
dGVudCAgICAgICAgICAgICAgICAgICAgICAgICAgICAgICAgICAgICAgICAgICAg
ICAgICAgICAgICAgICAgICAgICAgICAgIHwgMSAgICAgfCBTdHJpbmcgICAgfCBt
aW4JCSAgICAgICAgICAgICB8IGNjOk1vcnRnYWdlLktpbmQvQ29kZS5Db250ZW50
ICAgICAgICAgICAgICAgICAgICAgICAgICAgICAgICAgICAgICAgICAgICAgICAg
ICAgICAgICAgICAgICAgICAgICAgICAgICB8IOy3qOuTneuLtOuztOusvOyiheul
mA1tb3J0X2tpbmRfdGV4dCAgfCAvc2c6UEFZSU5GL01vcnRnYWdlLkluZm8uRGV0
YWlscy9jYzpNb3J0Z2FnZS5LaW5kL1RleHQuQ29udGVudCAgICAgICAgICAgICAg
ICAgICAgICAgICAgICAgICAgICAgICAgICAgICAgICAgICAgICAgICAgICAgICAg
ICAgICAgIHwgMzAgICAgfCBTdHJpbmcgICAgfCBtaW4JCSAgICAgICAgICAgICB8
IGNjOk1vcnRnYWdlLktpbmQvVGV4dC5Db250ZW50ICAgICAgICAgICAgICAgICAg
ICAgICAgICAgICAgICAgICAgICAgICAgICAgICAgICAgICAgICAgICAgICAgICAg
ICAgICAgICB8IOq4sO2DgCDri7Trs7TrgrTsmqkNbW9ydF9lc3RhX2N1cmMgIHwg
L3NnOlBBWUlORi9Nb3J0Z2FnZS5JbmZvLkRldGFpbHMvY2M6TW9ydGdhZ2UuQW1v
dW50L0Ftb3VudEN1cnJlbmN5LklkZW50aWZpY2F0aW9uLkNvZGUgICAgICAgICAg
ICAgICAgICAgICAgICAgICAgICAgICAgICAgICAgICAgICB8IDEzICAgIHwgU3Ry
aW5nICAgIHwgbWluCQkgICAgICAgICAgICAgfCBjYzpNb3J0Z2FnZS5BbW91bnQv
QW1vdW50Q3VycmVuY3kuSWRlbnRpZmljYXRpb24uQ29kZSAgICAgICAgICAgICAg
ICAgICAgICAgICAgICAgICAgICAgICAgICAgICAgICAgICAgfCDri7Trs7TquIjs
laEg7Ya17ZmU7L2U65OcDW1vcnRfZXN0YV9hbW50ICB8IC9zZzpQQVlJTkYvTW9y
dGdhZ2UuSW5mby5EZXRhaWxzL2NjOk1vcnRnYWdlLkFtb3VudC9BbW91bnQuQ29u
dGVudCAgICAgICAgICAgICAgICAgICAgICAgICAgICAgICAgICAgICAgICAgICAg
ICAgICAgICAgICAgICAgICAgICAgfCAxNSAgICB8IFN0cmluZyAgICB8IG1pbgkJ
ICAgICAgICAgICAgIHwgY2M6TW9ydGdhZ2UuQW1vdW50L0Ftb3VudC5Db250ZW50
ICAgICAgICAgICAgICAgICAgICAgICAgICAgICAgICAgICAgICAgICAgICAgICAg
ICAgICAgICAgICAgICAgICAgICAgIHwg64u067O06riI7JWhIO2Gte2ZlOufiQ1t
b3J0X2JlZ25fZGF0ZSAgfCAvc2c6UEFZSU5GL01vcnRnYWdlLkluZm8uRGV0YWls
cy9jYzpNb3J0Z2FnZS5Db250cmFjdC5CZWduLkRhdGUvRGF0ZVRpbWUuQ29udGVu
dCAgICAgICAgICAgICAgICAgICAgICAgICAgICAgICAgICAgICAgICAgICAgICAg
ICAgIHwgOCAgICB8IFN0cmluZyAgICB8IG1pbgkJICAgICAgICAgICAgIHwgICBj
YzpNb3J0Z2FnZS5Db250cmFjdC5CZWduLkRhdGUvRGF0ZVRpbWUuQ29udGVudCAg
ICAgICAgICAgICAgICAgICAgICAgICAgICAgICAgICAgICAgICAgICAgICAgICAg
ICAgIHwg64u067O06riw6rCE7Iuc7J6R7J287J6QDW1vcnRfZm5zaF9kYXRlICB8
IC9zZzpQQVlJTkYvTW9ydGdhZ2UuSW5mby5EZXRhaWxzL2NjOk1vcnRnYWdlLkNv
bnRyYWN0LkZuc2guRGF0ZS9EYXRlVGltZS5Db250ZW50ICAgICAgICAgICAgICAg
ICAgICAgICAgICAgICAgICAgICAgICAgICAgICAgICAgICAgfCA4ICAgIHwgU3Ry
aW5nICAgIHwgbWluCQkgICAgICAgICAgICAgfCAgIGNjOk1vcnRnYWdlLkNvbnRy
YWN0LkZuc2guRGF0ZS9EYXRlVGltZS5Db250ZW50ICAgICAgICAgICAgICAgICAg
ICAgICAgICAgICAgICAgICAgICAgICAgICAgICAgICAgICAgfCDri7Trs7TquLDq
sITsooXro4zsnbzsnpANDQ0jIO2VmOuPhOq4ieuMgOq4iCAgICAgICAgICAgICAg
ICAgICAgICAgICAgICAgICAgICAgICAgICAgICAgICAgICAgICAgICAgICAgICAg
ICAgICAgICAgICAgICAgICAgICAgICAgICAgICAgICAgICAgICAgICAgICAgICAg
ICAgICAgICAgICAgICAgICAgICAgICAgICAgICAgICAgICAgICAgICAgICAgICAg
ICAgICAgICAgICAgICAgICAgICAgICAgICAgICAgICAgICAgICAgICAgICAgICAg
ICAgICAgICAgICAgICAgICAgICAgICAgICAgDQ11bmRlX2xhc3RfZGF0ZSAgfCAv
c2c6UEFZSU5GL1VuZGVydGFraW5nLkluZm8uRGV0YWlscy9jYzpMYXN0LkNvbnRy
YWN0LkRhdGUvRGF0ZVRpbWUuQ29udGVudCAgICAgICAgICAgICAgICAgICAgICAg
ICAgICAgICAgICAgIHwgOCAgICB8IFN0cmluZyAgICB8IG1pbgkJICAgICAgICAg
ICAgIHwgICAgICAgICAgICAgICAgICAgICAgICAgICAgICAgICAgICAgICAgICAg
ICAgICAgICB8IOy1nOyiheqzhOyVveyytOqysOydvOyekAkJICAgICAgICAgICAg
ICAgIA0NdW5kZV90b3RhX2N1cmMgIHwgL3NnOlBBWUlORi9VbmRlcnRha2luZy5J
bmZvLkRldGFpbHMvY2M6VG90YWwuQ29udHJhY3QuQW1vdW50L0Ftb3VudEN1cnJl
bmN5LklkZW50aWZpY2F0aW9uLkNvZGUgICAgICAgICAgICAgICB8IDMgICAgfCBT
dHJpbmcgICAgfCBuZWNlc3NhcnkgICAgICAgICAgICAgIHwgICAgICAgICAgICAg
ICAgICAgICAgICAgICAgICAgICAgICAgICAgICAgICAgICAgICB8IOy0neqzhOyV
veq4iOyVoSjsm5DtmZQpL+2Gte2ZlOy9lOuTnAkgICAgICAgICAgICAgICAgDQ11
bmRlX3RvdGFfYW1udCAgfCAvc2c6UEFZSU5GL1VuZGVydGFraW5nLkluZm8uRGV0
YWlscy9jYzpUb3RhbC5Db250cmFjdC5BbW91bnQvQW1vdW50LkNvbnRlbnQgICAg
ICAgICAgICAgICAgICAgICAgICAgICAgICAgICAgIHwgMTUgICB8IFN0cmluZyAg
ICB8IG5lY2Vzc2FyeSAgICAgICAgICAgICAgfCAgICAgICAgICAgICAgICAgICAg
ICAgICAgICAgICAgICAgICAgICAgICAgICAgICAgIHwg7LSd6rOE7JW96riI7JWh
KOybkO2ZlCkv7LSd6rOE7JW96riI7JWhCSAgICAgICAgICAgICAgICANDXVuZGVf
ZnRhbF9jdXJjICB8IC9zZzpQQVlJTkYvVW5kZXJ0YWtpbmcuSW5mby5EZXRhaWxz
L2NjOkZvcmVpZ24uVG90YWwuQ29udHJhY3QuQW1vdW50L0Ftb3VudEN1cnJlbmN5
LklkZW50aWZpY2F0aW9uLkNvZGUgICAgICAgfCAzICAgIHwgU3RyaW5nICAgIHwg
bWluCQkgICAgICAgICAgICAgfCAgICAgICAgICAgICAgICAgICAgICAgICAgICAg
ICAgICAgICAgICAgICAgICAgICAgIHwg7LSd6rOE7JW96riI7JWhKOyZuO2ZlCkv
7Ya17ZmU7L2U65OcCSAgICAgICAgICAgICAgICANDXVuZGVfZnRhbF9hbW50ICB8
IC9zZzpQQVlJTkYvVW5kZXJ0YWtpbmcuSW5mby5EZXRhaWxzL2NjOkZvcmVpZ24u
VG90YWwuQ29udHJhY3QuQW1vdW50L0Ftb3VudC5Db250ZW50ICAgICAgICAgICAg
ICAgICAgICAgICAgICAgfCAxOCAgIHwgU3RyaW5nICAgIHwgbWluCQkgICAgICAg
ICAgICAgfCAgICAgICAgICAgICAgICAgICAgICAgICAgICAgICAgICAgICAgICAg
ICAgICAgICAgIHwg7LSd6rOE7JW96riI7JWhKOyZuO2ZlCkv7LSd6rOE7JW96riI
7JWhCSAgICAgICAgICAgICAgICANDXVuZGVfaW5kaV9jdXJjICB8IC9zZzpQQVlJ
TkYvVW5kZXJ0YWtpbmcuSW5mby5EZXRhaWxzL2NjOlNlcnZpY2UuSW5kaWNhdG9y
LkNvZGUvQ29kZS5Db250ZW50ICAgICAgICAgICAgICAgICAgICAgICAgICAgICAg
ICAgICAgfCAxICAgIHwgU3RyaW5nICAgIHwgbmVjZXNzYXJ5ICAgICAgICAgICAg
ICB8ICAgICAgICAgICAgICAgICAgICAgICAgICAgICAgICAgICAgICAgICAgICAg
ICAgICAgfCDshKDquIjsp4DquIko7JiI7KCVKeyXrOu2gAkJICAgICAgICAgICAg
ICAgIA0NdW5kZV9udW1iX2NvbnQgIHwgL3NnOlBBWUlORi9VbmRlcnRha2luZy5J
bmZvLkRldGFpbHMvY2M6U2VydmljZS5OdW1iZXIuVmFsdWUvTnVtZXJpYy5Db250
ZW50ICAgICAgICAgICAgICAgICAgICAgICAgICAgICAgICAgICB8IDIgICAgfCBT
dHJpbmcgICAgfCBuZWNlc3NhcnkgICAgICAgICAgICAgIHwgICAgICAgICAgICAg
ICAgICAgICAgICAgICAgICAgICAgICAgICAgICAgICAgICAgICB8IOyEoOq4iOyn
gOq4iSjsmIjsoJUpIOyghOyytO2ajOyImAkJCSAgICAgICAgDQ1hZHZuX2luZm9f
bWF4ICAgfCAvc2c6UEFZSU5GL1VuZGVydGFraW5nLkluZm8uRGV0YWlscy9BZHZh
bmNlLkluZm8uRGV0YWlscyAgICAgICAgICAgICAgICAgICAgICAgICAgICAgICAg
ICAgICAgICAgICAgICAgICAgICAgIHwgMTAwMDAgfCBTdHJpbmcgICB8IG1heGVs
ZSAgICAgICAgICAgICAgICAgfCBzZzpQQVlJTkYvVW5kZXJ0YWtpbmcuSW5mby5E
ZXRhaWxzL0FkdmFuY2UuSW5mby5EZXRhaWxzIHwg67CY67O1DQ11bmRlX3NlcXVf
Y29udCAgfCAvc2c6UEFZSU5GL1VuZGVydGFraW5nLkluZm8uRGV0YWlscy9BZHZh
bmNlLkluZm8uRGV0YWlscy9jYzpTZXJ2aWNlLlNlcXVlbmNlLlZhbHVlL051bWVy
aWMuQ29udGVudCAgICAgICAgICAgIHwgMiAgICB8IFN0cmluZyAgICB8IG5lY2Vz
c2FyeSAgICAgICAgICAgICAgfCBjYzpTZXJ2aWNlLlNlcXVlbmNlLlZhbHVlL051
bWVyaWMuQ29udGVudCAgICAgICAgICAgICAgICAgICAgICAgICAgICAgICAgICAg
IHwg7ISg6riI7KeA6riJKOyYiOyglSkg7ZiE7J6s7ZqM7LCoCQkJICAgICAgICAN
DXVuZGVfc2VxdV90aW1lICB8IC9zZzpQQVlJTkYvVW5kZXJ0YWtpbmcuSW5mby5E
ZXRhaWxzL0FkdmFuY2UuSW5mby5EZXRhaWxzL2NjOlNlcnZpY2UuU2VxdWVuY2Uu
RGF0ZS9EYXRlVGltZS5Db250ZW50ICAgICAgICAgICAgfCA4ICAgIHwgU3RyaW5n
ICAgIHwgbmVjZXNzYXJ5ICAgICAgICAgICAgICB8IGNjOlNlcnZpY2UuU2VxdWVu
Y2UuRGF0ZS9EYXRlVGltZS5Db250ZW50ICAgICAgICAgICAgICAgICAgICAgICAg
ICAgICAgICAgICAgfCDshKDquIjsp4DquIko7JiI7KCVKeydvOyekAkJCSAgICAg
ICAgDQ11bmRlX3NlcXVfYW1udCAgfCAvc2c6UEFZSU5GL1VuZGVydGFraW5nLklu
Zm8uRGV0YWlscy9BZHZhbmNlLkluZm8uRGV0YWlscy9jYzpTZXJ2aWNlLlNlcXVl
bmNlLkFtb3VudC9BbW91bnQuQ29udGVudCAgICAgICAgICAgIHwgMTUgICB8IFN0
cmluZyAgICB8IG5lY2Vzc2FyeSAgICAgICAgICAgICAgfCBjYzpTZXJ2aWNlLlNl
cXVlbmNlLkFtb3VudC9BbW91bnQuQ29udGVudCAgICAgICAgICAgICAgICAgICAg
ICAgICAgICAgICAgICAgIHwg7ISg6riI7KeA6riJKOyYiOyglSnquIjslaEJCQkg
ICAgICAgIA0NdW5kZV9zZXF1X2N1cmMgIHwgL3NnOlBBWUlORi9VbmRlcnRha2lu
Zy5JbmZvLkRldGFpbHMvQWR2YW5jZS5JbmZvLkRldGFpbHMvY2M6U2VydmljZS5T
ZXF1ZW5jZS5Db2RlL0NvZGUuQ29udGVudCAgICAgICAgICAgICAgICB8IDEgICAg
fCBTdHJpbmcgICAgfCBuZWNlc3NhcnkgICAgICAgICAgICAgIHwgY2M6U2Vydmlj
ZS5TZXF1ZW5jZS5Db2RlL0NvZGUuQ29udGVudCAgICAgICAgICAgICAgICAgICAg
ICAgICAgICAgICAgICAgICAgICB8IOyEoOq4iOyngOq4iSDsmYTro4zsl6zrtoAJ
DQ11bmRlX2ZpbmlfdGltZSAgfCAvc2c6UEFZSU5GL1VuZGVydGFraW5nLkluZm8u
RGV0YWlscy9jYzpTZXJ2aWNlLkZpbmlzaC5EYXRlL0RhdGVUaW1lLkNvbnRlbnQg
ICAgICAgICAgICAgICAgICAgICAgICAgICAgICAgICAgIHwgOCAgICB8IFN0cmlu
ZyAgICB8IG5lY2Vzc2FyeSAgICAgICAgICAgICAgfCAgICAgICAgICAgICAgICAg
ICAgICAgICAgICAgICAgICAgICAgICAgICAgICAgICAgIHwg7LWc7KKF6rKw7KCc
6riw7J28CQkJCSAgICAgICAgDQ11bmRlX21vbnRfbnVtZSAgfCAvc2c6UEFZSU5G
L1VuZGVydGFraW5nLkluZm8uRGV0YWlscy9jYzpTZXJ2aWNlLk1vbnRoLlZhbHVl
L051bWVyaWMuQ29udGVudCAgICAgICAgICAgICAgICAgICAgICAgICAgICAgICAg
ICAgIHwgMiAgICB8IFN0cmluZyAgICB8IG5lY2Vzc2FyeSAgICAgICAgICAgICAg
fCAgICAgICAgICAgICAgICAgICAgICAgICAgICAgICAgICAgICAgICAgICAgICAg
ICAgIHwg6riw7ISx6riIIOyngOq4ieyjvOq4sCjsm5TsiJgpCQkJICAgICAgICAN
DWhhbGZfaW5kaV9jb2RlICB8IC9zZzpQQVlJTkYvVW5kZXJ0YWtpbmcuSW5mby5E
ZXRhaWxzL0hhbGZ3YXkuSW5mby5EZXRhaWxzL2NjOkhhbGZ3YXkuSW5kaWNhdG9y
LkNvZGUvQ29kZS5Db250ZW50ICAgICAgICAgICAgICAgICAgICAgICAgICAgICAg
ICAgICAgfCAxICAgIHwgU3RyaW5nICAgIHwgbWluICAgICAgICAgICAgICB8ICAg
ICAgICAgICAgICAgICAgICAgICAgICAgICAgICAgICAgICAgICAgICAgICAgICAg
fCDspJHrj4TqsIDsnoXsl6zrtoAJCQkgICAgICAgIA0NcHBheV9jb250X2FtbnQg
IHwgL3NnOlBBWUlORi9VbmRlcnRha2luZy5JbmZvLkRldGFpbHMvSGFsZndheS5J
bmZvLkRldGFpbHMvY2M6UHJlcGF5LkNvbnRyYWN0LkFtb3VudC9BbW91bnQuQ29u
dGVudCAgICAgICAgICAgICAgICAgICAgICAgICAgICAgICAgICAgIHwgMTUgICB8
IFN0cmluZyAgICB8IG1pbiAgICAgICAgICAgICAgfCAgICAgICAgICAgICAgICAg
ICAgICAgICAgICAgICAgICAgICAgICAgICAgICAgICAgIHwg6riw7KeA6riJIOq4
sOyEseq4ieyVoQkJCSAgICAgICAgDQ1maW5hX2NvbXBfZGF0ZSAgfCAvc2c6UEFZ
SU5GL1VuZGVydGFraW5nLkluZm8uRGV0YWlscy9IYWxmd2F5LkluZm8uRGV0YWls
cy9jYzpGaW5hbC5Db21wbGV0ZS5EYXRlL0RhdGVUaW1lLkNvbnRlbnQgICAgICAg
ICAgICAgICAgICAgICAgICAgICAgICAgICAgICB8IDggICAgfCBTdHJpbmcgICAg
fCBtaW4gICAgICAgICAgICAgIHwgICAgICAgICAgICAgICAgICAgICAgICAgICAg
ICAgICAgICAgICAgICAgICAgICAgICB8IOy1nOyihSDquLDshLHquIgg7KeA6riJ
7J28CQkJICAgICAgICANDXVuZGVfYWNjb19jdXJjICB8IC9zZzpQQVlJTkYvVW5k
ZXJ0YWtpbmcuSW5mby5EZXRhaWxzL2NjOlNlcnZpY2UuQWNjb3VudC5Db2RlL0Nv
ZGUuQ29udGVudCAgICAgICAgICAgICAgICAgICAgICAgICAgICAgICAgICAgICAg
fCAxICAgIHwgU3RyaW5nICAgIHwgbmVjZXNzYXJ5ICAgICAgICAgICAgICB8ICAg
ICAgICAgICAgICAgICAgICAgICAgICAgICAgICAgICAgICAgICAgICAgICAgICAg
fCDquLDshLHquIjsoJXsgrDtmZXsnbjsm5Ag7LKo67aA7Jes67aACQkJDQ11bmRl
X2NvbnRfY3VyYyAgfCAvc2c6UEFZSU5GL1VuZGVydGFraW5nLkluZm8uRGV0YWls
cy9jYzpTZXJ2aWNlLkNvbnRyYWN0LkNvZGUvQ29kZS5Db250ZW50ICAgICAgICAg
ICAgICAgICAgICAgICAgICAgICAgICAgICAgIHwgMSAgICB8IFN0cmluZyAgICB8
IG5lY2Vzc2FyeSAgICAgICAgICAgICAgfCAgICAgICAgICAgICAgICAgICAgICAg
ICAgICAgICAgICAgICAgICAgICAgICAgICAgIHwg7ZWY64+E6riJIOyyqOu2gOyX
rOu2gAkgICAgICAgICAgICAgICAgICAgICAgICAgICAgICAgIA0Na2lzY19pbmRp
X2NvZGUgIHwgL3NnOlBBWUlORi9VbmRlcnRha2luZy5JbmZvLkRldGFpbHMvY2M6
U2VydmljZS5Db25zdHJ1Y3Rpb24uSW5kaWNhdG9yLkNvZGUvQ29kZS5Db250ZW50
ICAgICAgICAgICAgICAgICAgICAgICB8IDEgICAgfCBTdHJpbmcgICAgfCBtaW4g
ICAgICAgICAgICAgICAgICAgIHwgICAgICAgICAgICAgICAgICAgICAgICAgICAg
ICAgICAgICAgICAgICAgICAgICAgICB8IOqxtOyEpOqzteyCrOuMgOyepe2Gteuz
tOqzteyCrOyXrOu2gA0Na2lzY19jb25zX2lkZW4gIHwgL3NnOlBBWUlORi9VbmRl
cnRha2luZy5JbmZvLkRldGFpbHMvY2M6U2VydmljZS5Db25zdHJ1Y3Rpb24uSWRl
bnRpZmllci9JZGVudGlmaWVyLkNvbnRlbnQgICAgICAgICAgICAgICAgICAgICB8
IDEwICAgfCBTdHJpbmcgICAgfCBtaW4gICAgICAgICAgICAgICAgICAgIHwgICAg
ICAgICAgICAgICAgICAgICAgICAgICAgICAgICAgICAgICAgICAgICAgICAgICB8
IOqxtOyEpOqzteyCrOuMgOyepeqzteyCrGlkDQ1jbnN0X292cnNfY29kZSAgfCAv
c2c6UEFZSU5GL1VuZGVydGFraW5nLkluZm8uRGV0YWlscy9jYzpTZXJ2aWNlLkNv
bnN0cnVjdGlvbi5PdmVyc2Vhcy5Db2RlL0NvZGUuQ29udGVudCAgICAgICAgICAg
ICAgICAgICAgICAgIHwgMSAgICB8IFN0cmluZyAgICB8IG1pbiAgICAgICAgICAg
ICAgICAgICAgfCAgICAgICAgICAgICAgICAgICAgICAgICAgICAgICAgICAgICAg
ICAgICAgICAgICAgIHwg7ZW07Jm46rO17IKsIOyXrOu2gCAoWS9OKQ1jbnN0X3dy
dGVfY29kZSAgfCAvc2c6UEFZSU5GL1VuZGVydGFraW5nLkluZm8uRGV0YWlscy9j
YzpTZXJ2aWNlLkNvbnN0cnVjdGlvbi5Xcml0ZS5Db2RlL0NvZGUuQ29udGVudCAg
ICAgICAgICAgICAgICAgICAgICAgICAgIHwgMSAgICB8IFN0cmluZyAgICB8IG1p
biAgICAgICAgICAgICAgICAgICAgfCAgICAgICAgICAgICAgICAgICAgICAgICAg
ICAgICAgICAgICAgICAgICAgICAgICAgIHwg6rG07ISk6rO17IKs64yA7J6l7J6R
7ISxIOyXrOu2gCAoWS9OKQ1jbnN0X29yZ25fdGV4dCAgfCAvc2c6UEFZSU5GL1Vu
ZGVydGFraW5nLkluZm8uRGV0YWlscy9jYzpTZXJ2aWNlLkNvbnN0cnVjdGlvbi5P
cmlnaW5hbC9UZXh0LkNvbnRlbnQgICAgICAgICAgICAgICAgICAgICAgICAgICAg
IHwgMTAwICB8IFN0cmluZyAgICB8IG1pbiAgICAgICAgICAgICAgICAgICAgfCAg
ICAgICAgICAgICAgICAgICAgICAgICAgICAgICAgICAgICAgICAgICAgICAgICAg
IHwg7JuQ64+E6riJ6rO17IKs66qFDWNuc3Rfc2l0ZV90ZXh0ICB8IC9zZzpQQVlJ
TkYvVW5kZXJ0YWtpbmcuSW5mby5EZXRhaWxzL2NjOlNlcnZpY2UuQ29uc3RydWN0
aW9uLkFkZHJlc3MvVGV4dC5Db250ZW50ICAgICAgICAgICAgICAgICAgICAgICAg
ICAgICAgfCAzMCAgIHwgU3RyaW5nICAgIHwgbWluICAgICAgICAgICAgICAgICAg
ICB8ICAgICAgICAgICAgICAgICAgICAgICAgICAgICAgICAgICAgICAgICAgICAg
ICAgICAgfCDtmITsnqXso7zshowNY25zdF9jbG50X2NvZGUgIHwgL3NnOlBBWUlO
Ri9VbmRlcnRha2luZy5JbmZvLkRldGFpbHMvY2M6U2VydmljZS5Db25zdHJ1Y3Rp
b24uQ2xpZW50L0NvZGUuQ29udGVudCAgICAgICAgICAgICAgICAgICAgICAgICAg
ICAgICB8IDEgICAgfCBTdHJpbmcgICAgfCBtaW4gICAgICAgICAgICAgICAgICAg
IHwgICAgICAgICAgICAgICAgICAgICAgICAgICAgICAgICAgICAgICAgICAgICAg
ICAgICB8IOuwnOyjvOyekOq1rOu2hCAtIDE66rO16rO1LCAyOuuvvOqwhCjrspXs
nbgpLCAzOuuvvOqwhCjqsJzsnbgpDWNuc3RfY2xudF9udW1iICB8IC9zZzpQQVlJ
TkYvVW5kZXJ0YWtpbmcuSW5mby5EZXRhaWxzL2NjOlNlcnZpY2UuQ29uc3RydWN0
aW9uLkNsaWVudC9UZXh0LkNvbnRlbnQgICAgICAgICAgICAgICAgICAgICAgICAg
ICAgICAgfCAxMCAgIHwgU3RyaW5nICAgIHwgbWluICAgICAgICAgICAgICAgICAg
ICB8ICAgICAgICAgICAgICAgICAgICAgICAgICAgICAgICAgICAgICAgICAgICAg
ICAgICAgfCDrsJzso7zsnpAg7IKs7JeF7J6Q67KI7Zi4DWNuc3RfY2xudF9vcmdh
ICB8IC9zZzpQQVlJTkYvVW5kZXJ0YWtpbmcuSW5mby5EZXRhaWxzL2NjOlNlcnZp
Y2UuQ29uc3RydWN0aW9uLkNsaWVudC5OdW1iZXIvVGV4dC5Db250ZW50ICAgICAg
ICAgICAgICAgICAgICAgICAgfCAxMyAgIHwgU3RyaW5nICAgIHwgbWluICAgICAg
ICAgICAgICAgICAgICB8ICAgICAgICAgICAgICAgICAgICAgICAgICAgICAgICAg
ICAgICAgICAgICAgICAgICAgfCDrsJzso7zsnpAg67KV7J2467KI7Zi4DWNuc3Rf
Y2xudF9uYW1lICB8IC9zZzpQQVlJTkYvVW5kZXJ0YWtpbmcuSW5mby5EZXRhaWxz
L2NjOlNlcnZpY2UuQ29uc3RydWN0aW9uLkNsaWVudC5OYW1lL1RleHQuQ29udGVu
dCAgICAgICAgICAgICAgICAgICAgICAgICAgfCAxMDAgIHwgU3RyaW5nICAgIHwg
bWluICAgICAgICAgICAgICAgICAgICB8ICAgICAgICAgICAgICAgICAgICAgICAg
ICAgICAgICAgICAgICAgICAgICAgICAgICAgfCDrsJzso7zsnpDrqoUNY25zdF9j
bG50X3JlcHIgIHwgL3NnOlBBWUlORi9VbmRlcnRha2luZy5JbmZvLkRldGFpbHMv
Y2M6U2VydmljZS5Db25zdHJ1Y3Rpb24uQ2xpZW50LlJlcHJlc2VudC9UZXh0LkNv
bnRlbnQgICAgICAgICAgICAgICAgICAgICB8IDM1ICAgfCBTdHJpbmcgICAgfCBt
aW4gICAgICAgICAgICAgICAgICAgIHwgICAgICAgICAgICAgICAgICAgICAgICAg
ICAgICAgICAgICAgICAgICAgICAgICAgICB8IOuwnOyjvOyekCDrjIDtkZzsnpDs
hLHrqoUNY25zdF9jbG50X3B1YmwgIHwgL3NnOlBBWUlORi9VbmRlcnRha2luZy5J
bmZvLkRldGFpbHMvY2M6U2VydmljZS5Db25zdHJ1Y3Rpb24uQ2xpZW50LlB1Ymxp
Yy9Db2RlLkNvbnRlbnQgICAgICAgICAgICAgICAgICAgICAgICB8IDcgICAgfCBT
dHJpbmcgICAgfCBtaW4gICAgICAgICAgICAgICAgICAgIHwgICAgICAgICAgICAg
ICAgICAgICAgICAgICAgICAgICAgICAgICAgICAgICAgICAgICB8IOqzteqzteq4
sOq0gOy9lOuTnA0NIyDssYTqtozsnpAg7KCV67O0ICAgICAgICAgICAgICAgICAg
ICAgICAgICAgICAgICAgICAgICAgICAgICAgICAgICAgICAgICAgICAgICAgICAg
ICAgICAgICAgICAgICAgICAgICAgICAgICAgICAgICAgICAgICAgICAgICAgICAg
ICAgICAgICAgICAgICAgICAgICAgICAgICAgICAgICAgICAgICAgICAgICAgICAg
ICAgICAgICAgICAgICAgICAgICAgICAgICAgICAgICAgICAgICAgICAgICAgICAg
ICAgICAgICAgICAgICAgICAgICAgIA0NY3JlZF9leHN0X2NvZGUJfCAvc2c6UEFZ
SU5GL0NyZWRpdG9yLkluZm8uRGV0YWlscy9jYzpDcmVkaXRvci5FeGlzdGVuY2Uu
SW5kaWNhdG9yL0luZGljYXRvci5Db250ZW50CQkJCQkJCQkJCQkJCXwgMSAgICAJ
CXwgU3RyaW5nICAgIHwgbWluCQkJCXwgICAgICAgICAgICAgICAgICAgICAgICAg
ICAgICAgICAgICAgICAgICAgICAgICAgICAJCQkJfCDssYTqtozsnpAg7KG07J6s
IO2Yle2DnCDqtazrtoQNDWNyZWRfb3JnYV9uYW1lICB8IC9zZzpQQVlJTkYvQ3Jl
ZGl0b3IuSW5mby5EZXRhaWxzL2NjOk9yZ2FuaXphdGlvbi5OYW1lL1RleHQuQ29u
dGVudCAgICAgICAgICAgICAgICAgICAgICAgICAgICAgICAgICAgICAgICAgICAg
ICAgICAgICAgICAgICAgICAgICAgfCAxMDAgIHwgU3RyaW5nICAgIHwgbmVjZXNz
YXJ5ICAgICAgICAgICAgICB8ICAgICAgICAgICAgICAgICAgICAgICAgICAgICAg
ICAgICAgICAgICAgICAgICAgICAgfCDquLDqtIDrqoUJCQkgICAgICAgICAgICAg
ICAgICAgICAgICAgICAgICAgICAgICAgICAgICANDWNyZWRfb3Jwc19kaXZzICB8
IC9zZzpQQVlJTkYvQ3JlZGl0b3IuSW5mby5EZXRhaWxzL2NjOk9yZ2FuaXphdGlv
bk9yUGVyc29uLklkZW50aWZpZXIuSW5kaWNhdG9yL0luZGljYXRvci5Db250ZW50
ICAgICAgICAgICAgICAgICAgICAgICAgICAgICAgICAgICAgfCAxICAgIHwgU3Ry
aW5nICAgIHwgbmVjZXNzYXJ5ICAgICAgICAgICAgICB8ICAgICAgICAgICAgICAg
ICAgICAgICAgICAgICAgICAgICAgICAgICAgICAgICAgICAgfCDqtazrtoQJCQkg
ICAgICAgICAgICAgICAgDQ1jcmVkX29yZ2FfbnVtYiAgfCAvc2c6UEFZSU5GL0Ny
ZWRpdG9yLkluZm8uRGV0YWlscy9jYzpPcmdhbml6YXRpb24uTnVtYmVyLlRleHQv
VGV4dC5Db250ZW50ICAgICAgICAgICAgICAgICAgICAgICAgICAgICAgICAgICAg
ICAgICAgICAgICAgICAgICAgICAgIHwgMTMgICB8IFN0cmluZyAgICB8IG5lY2Vz
c2FyeSAgICAgICAgICAgICAgfCAgICAgICAgICAgICAgICAgICAgICAgICAgICAg
ICAgICAgICAgICAgICAgICAgICAgIHwg67KV7J2465Ox66Gd67KI7Zi4CQkgICAg
ICAgICAgICAgICAgDQ1jcmVkX29ycHNfaWRlbiAgfCAvc2c6UEFZSU5GL0NyZWRp
dG9yLkluZm8uRGV0YWlscy9jYzpPcmdhbml6YXRpb25PclBlcnNvbi5JZGVudGlm
aWVyL0lkZW50aWZpZXIuQ29udGVudCAgICAgICAgICAgICAgICAgICAgICAgICAg
ICAgICAgICAgICAgICAgICAgIHwgMTMgICB8IFN0cmluZyAgICB8IG5lY2Vzc2Fy
eSAgICAgICAgICAgICAgfCAgICAgICAgICAgICAgICAgICAgICAgICAgICAgICAg
ICAgICAgICAgICAgICAgICAgIHwg7IKs7JeF7J6QL+yjvOuvvOuyiO2YuAkJICAg
ICAgICAgICAgICAgIA0NY3JlZF9vd25yX251bWIgIHwgL3NnOlBBWUlORi9DcmVk
aXRvci5JbmZvLkRldGFpbHMvY2M6Q3VzdG9tZXIuTnVtYmVyLlRleHQvVGV4dC5D
b250ZW50ICAgICAgICAgICAgICAgICAgICAgICAgICAgICAgICAgICAgICAgICAg
ICAgICAgICAgICAgICAgICAgICB8IDEzICAgfCBTdHJpbmcgICAgfCBtaW4gICAg
ICAgICAgICAgICAgICAgIHwgICAgICAgICAgICAgICAgICAgICAgICAgICAgICAg
ICAgICAgICAgICAgICAgICAgICB8IOuMgO2RnOyekCDso7zrr7zrk7HroZ3rsojt
mLgJCQkNDWNyZWRfb3ducl9uYW1lICB8IC9zZzpQQVlJTkYvQ3JlZGl0b3IuSW5m
by5EZXRhaWxzL2NjOk9yZ2FuaXphdGlvbi5DRU8uTmFtZS9UZXh0LkNvbnRlbnQg
ICAgICAgICAgICAgICAgICAgICAgICAgICAgICAgICAgICAgICAgICAgICAgICAg
ICAgICAgICAgICAgfCAzNSAgIHwgU3RyaW5nICAgIHwgbmVjZXNzYXJ5ICAgICAg
ICAgICAgICB8ICAgICAgICAgICAgICAgICAgICAgICAgICAgICAgICAgICAgICAg
ICAgICAgICAgICAgfCDshLHrqoUo64yA7ZGc7J6Q66qFKQkJCSAgICAgICAgDQ1j
cmVkX2JvbmRfaG9sZCAgfCAvc2c6UEFZSU5GL0NyZWRpdG9yLkluZm8uRGV0YWls
cy9jYzpPcmdhbml6YXRpb24uQm9uZGhvbGRlci5OYW1lL1RleHQuQ29udGVudCAg
ICAgICAgICAgICAgICAgICAgICAgICAgICAgICAgICAgICAgICAgICAgICAgICAg
ICAgIHwgMTAwICB8IFN0cmluZyAgICB8IG5lY2Vzc2FyeSAgICAgICAgICAgICAg
fCAgICAgICAgICAgICAgICAgICAgICAgICAgICAgICAgICAgICAgICAgICAgICAg
ICAgIHwg7LGE6raM7J6Q66qFCQkJICAgICAgICANDWNyZWRfYWRkbl9uYW1lICB8
IC9zZzpQQVlJTkYvQ3JlZGl0b3IuSW5mby5EZXRhaWxzL2NjOk9yZ2FuaXphdGlv
bi5BZGRpdGlvbi5OYW1lL1RleHQuQ29udGVudCAgICAgICAgICAgICAgICAgICAg
ICAgICAgICAgICAgICAgICAgICAgICAgICAgICAgICAgICAgfCA0MCAgIHwgU3Ry
aW5nICAgIHwgbWluICAgICAgICAgICAgICAgICAgICB8ICAgICAgICAgICAgICAg
ICAgICAgICAgICAgICAgICAgICAgICAgICAgICAgICAgICAgfCDssYTqtozquLDq
tIAg67aA6rCA7IOB7Zi4CQkgICAgICAgIA0NY3JlZF9vcmdhX3Bvc3QgIHwgL3Nn
OlBBWUlORi9DcmVkaXRvci5JbmZvLkRldGFpbHMvY2M6T3JnYW5pemF0aW9uLlBv
c3QuVGV4dC9UZXh0LkNvbnRlbnQgICAgICAgICAgICAgICAgICAgICAgICAgICAg
ICAgICAgICAgICAgICAgICAgICAgICAgICAgICAgICB8IDYgICAgfCBTdHJpbmcg
ICAgfCBuZWNlc3NhcnkgICAgICAgICAgICAgIHwgICAgICAgICAgICAgICAgICAg
ICAgICAgICAgICAgICAgICAgICAgICAgICAgICAgICB8IO2ajOyCrCDsmrDtjrjr
sojtmLgJCQkgICAgICAgIA0NY3JlZF9vcmdhX2FkZHIgIHwgL3NnOlBBWUlORi9D
cmVkaXRvci5JbmZvLkRldGFpbHMvY2M6T3JnYW5pemF0aW9uLkFkZHJlc3MuVGV4
dC9UZXh0LkNvbnRlbnQgICAgICAgICAgICAgICAgICAgICAgICAgICAgICAgICAg
ICAgICAgICAgICAgICAgICAgICAgICB8IDEwMCAgfCBTdHJpbmcgICAgfCBuZWNl
c3NhcnkgICAgICAgICAgICAgIHwgICAgICAgICAgICAgICAgICAgICAgICAgICAg
ICAgICAgICAgICAgICAgICAgICAgICB8IO2ajOyCrCDso7zshowJCQkgICAgICAg
IA0NY3JlZF9jaHJnX25hbWUgIHwgL3NnOlBBWUlORi9DcmVkaXRvci5JbmZvLkRl
dGFpbHMvY2M6RW1wbG95ZWUuTmFtZS5UZXh0L1RleHQuQ29udGVudCAgICAgICAg
ICAgICAgICAgICAgICAgICAgICAgICAgICAgICAgICAgICAgICAgICAgICAgICAg
ICAgICAgICB8IDIwICAgfCBTdHJpbmcgICAgfCBuZWNlc3NhcnkgICAgICAgICAg
ICAgIHwgICAgICAgICAgICAgICAgICAgICAgICAgICAgICAgICAgICAgICAgICAg
ICAgICAgICB8IOuLtOuLueyekOuqhQkJCSAgICAgICAgDQ1jcmVkX2RlcHRfbmFt
ZSAgfCAvc2c6UEFZSU5GL0NyZWRpdG9yLkluZm8uRGV0YWlscy9jYzpEZXBhcnRt
ZW50Lk5hbWUuVGV4dC9UZXh0LkNvbnRlbnQgICAgICAgICAgICAgICAgICAgICAg
ICAgICAgICAgICAgICAgICAgICAgICAgICAgICAgICAgICAgICAgIHwgMzAgICB8
IFN0cmluZyAgICB8IG5lY2Vzc2FyeSAgICAgICAgICAgICAgfCAgICAgICAgICAg
ICAgICAgICAgICAgICAgICAgICAgICAgICAgICAgICAgICAgICAgIHwg7IaM7IaN
67aA7IScCQkJICAgICAgICANDWNyZWRfcGhvbl9udW1iICB8IC9zZzpQQVlJTkYv
Q3JlZGl0b3IuSW5mby5EZXRhaWxzL2NjOlRlbGVwaG9uZS5OdW1iZXIuVGV4dC9U
ZXh0LkNvbnRlbnQgICAgICAgICAgICAgICAgICAgICAgICAgICAgICAgICAgICAg
ICAgICAgICAgICAgICAgICAgICAgICAgfCAyMCAgIHwgU3RyaW5nICAgIHwgbmVj
ZXNzYXJ5ICAgICAgICAgICAgICB8ICAgICAgICAgICAgICAgICAgICAgICAgICAg
ICAgICAgICAgICAgICAgICAgICAgICAgfCDsoITtmZTrsojtmLgJCQkgICAgICAg
IA0NY3JlZF9jZWxsX3Bob24gIHwgL3NnOlBBWUlORi9DcmVkaXRvci5JbmZvLkRl
dGFpbHMvY2M6Q2VsbHBob25lLk51bWJlci5UZXh0L1RleHQuQ29udGVudCAgICAg
ICAgICAgICAgICAgICAgICAgICAgICAgICAgICAgICAgICAgICAgICAgICAgICAg
ICAgICAgICB8IDIwICAgfCBTdHJpbmcgICAgfCBuZWNlc3NhcnkgICAgICAgICAg
ICAgIHwgICAgICAgICAgICAgICAgICAgICAgICAgICAgICAgICAgICAgICAgICAg
ICAgICAgICB8IO2VuOuTnO2PsOuyiO2YuAkJCSAgICAgICAgDQ1jcmVkX3NlbmRf
bWFpbCAgfCAvc2c6UEFZSU5GL0NyZWRpdG9yLkluZm8uRGV0YWlscy9jYzpFbXBs
b3llZS5FbWFpbC5UZXh0L1RleHQuQ29udGVudCAgICAgICAgICAgICAgICAgICAg
ICAgICAgICAgICAgICAgICAgICAgICAgICAgICAgICAgICAgICAgICAgIHwgNDAg
ICB8IFN0cmluZyAgICB8IG5lY2Vzc2FyeSAgICAgICAgICAgICAgfCAgICAgICAg
ICAgICAgICAgICAgICAgICAgICAgICAgICAgICAgICAgICAgICAgICAgIHwg64u0
64u57J6QIEVNQUlMCQkJICAgICAgICANDWNyZWRfdXNlcl9pZGVuICB8IC9zZzpQ
QVlJTkYvQ3JlZGl0b3IuSW5mby5EZXRhaWxzL2NjOlVzZXIuSWRlbnRpZmllci9J
ZGVudGlmaWVyLkNvbnRlbnQgICAgICAgICAgICAgICAgICAgICAgICAgICAgICAg
ICAgICAgICAgICAgICAgICAgICAgICAgICAgICAgfCAxMyAgIHwgU3RyaW5nICAg
IHwgbmVjZXNzYXJ5ICAgICAgICAgICAgICB8ICAgICAgICAgICAgICAgICAgICAg
ICAgICAgICAgICAgICAgICAgICAgICAgICAgICAgfCDsiJjsi6DssphJRAkJCSAg
ICAgICAgDQ1jcmVkX3VzZXJfdHlwZSAgfCAvc2c6UEFZSU5GL0NyZWRpdG9yLklu
Zm8uRGV0YWlscy9jYzpVc2VyLlR5cGUuSWRlbnRpZmllci9JZGVudGlmaWVyLkNv
bnRlbnQgICAgICAgICAgICAgICAgICAgICAgICAgICAgICAgICAgICAgICAgICAg
ICAgICAgICAgICAgIHwgMyAgICB8IFN0cmluZyAgICB8IG5lY2Vzc2FyeSAgICAg
ICAgICAgICAgfCAgICAgICAgICAgICAgICAgICAgICAgICAgICAgICAgICAgICAg
ICAgICAgICAgICAgIHwg7IiY7Iug7LKYVFlQRQkgICAgICAgICAgICAgICAgICAg
ICAgICANDW11bHRfY3JlZF9pbmZvCXwgL3NnOlBBWUlORi9DcmVkaXRvci5JbmZv
LkRldGFpbHMvTXVsdGlwbGVDcmVkaXRvci5JbmZvLkRldGFpbHMJCQkJCQkJCQkJ
CQkJCQkJCQl8IDUwMDAwIAl8IFN0cmluZyAgIAl8IG1heGVsZQkJCXwgc2c6UEFZ
SU5GL0NyZWRpdG9yLkluZm8uRGV0YWlscy9NdWx0aXBsZUNyZWRpdG9yLkluZm8u
RGV0YWlscyAJfCDrsJjrs7UNDW1jcmVfb3JnYV9uYW1lCXwgL3NnOlBBWUlORi9D
cmVkaXRvci5JbmZvLkRldGFpbHMvTXVsdGlwbGVDcmVkaXRvci5JbmZvLkRldGFp
bHMvY2M6T3JnYW5pemF0aW9uLk5hbWUvVGV4dC5Db250ZW50CQkJCQkJCQkJfCAx
MDAgICAgCXwgU3RyaW5nICAgIHwgbWluCQkJCXwgY2M6T3JnYW5pemF0aW9uLk5h
bWUvVGV4dC5Db250ZW50CQkJCQkJCQkgICAgfCDqs7Xrj5kg7LGE6raM7J6QIOq4
sOq0gOuqhQ0NbWNyZV9vcnBzX2RpdnMJfCAvc2c6UEFZSU5GL0NyZWRpdG9yLklu
Zm8uRGV0YWlscy9NdWx0aXBsZUNyZWRpdG9yLkluZm8uRGV0YWlscy9jYzpPcmdh
bml6YXRpb25PclBlcnNvbi5JZGVudGlmaWVyLkluZGljYXRvci9JbmRpY2F0b3Iu
Q29udGVudAkJfCAxCSAgICAJfCBTdHJpbmcgICAgfCBtaW4JCQkJfCBjYzpPcmdh
bml6YXRpb25PclBlcnNvbi5JZGVudGlmaWVyLkluZGljYXRvci9JbmRpY2F0b3Iu
Q29udGVudAl8IOqzteuPmSDssYTqtozsnpAg6rWs67aECQkNDW1jcmVfb3JnYV9u
dW1iCXwgL3NnOlBBWUlORi9DcmVkaXRvci5JbmZvLkRldGFpbHMvTXVsdGlwbGVD
cmVkaXRvci5JbmZvLkRldGFpbHMvY2M6T3JnYW5pemF0aW9uLk51bWJlci5UZXh0
L1RleHQuQ29udGVudAkJCQkJCQkJfCAxMyAgICAJfCBTdHJpbmcgICAgfCBtaW4J
CQkJfCBjYzpPcmdhbml6YXRpb24uTnVtYmVyLlRleHQvVGV4dC5Db250ZW50CQkJ
CQkJCXwg6rO164+ZIOyxhOq2jOyekCDrspXsnbjrk7HroZ3rsojtmLgJCQkJCQkJ
DQ1tY3JlX29ycHNfaWRlbgl8IC9zZzpQQVlJTkYvQ3JlZGl0b3IuSW5mby5EZXRh
aWxzL011bHRpcGxlQ3JlZGl0b3IuSW5mby5EZXRhaWxzL2NjOk9yZ2FuaXphdGlv
bk9yUGVyc29uLklkZW50aWZpZXIvSWRlbnRpZmllci5Db250ZW50CQkJICAgIHwg
MTMgICAgCXwgU3RyaW5nICAgIHwgbWluCQkJCXwgY2M6T3JnYW5pemF0aW9uT3JQ
ZXJzb24uSWRlbnRpZmllci9JZGVudGlmaWVyLkNvbnRlbnQJCQkgICAgfCDqs7Xr
j5kg7LGE6raM7J6QIOyCrOyXheyekC/so7zrr7zrsojtmLgNDW1jcmVfb3ducl9u
dW1iCXwgL3NnOlBBWUlORi9DcmVkaXRvci5JbmZvLkRldGFpbHMvTXVsdGlwbGVD
cmVkaXRvci5JbmZvLkRldGFpbHMvY2M6Q3VzdG9tZXIuTnVtYmVyLlRleHQvVGV4
dC5Db250ZW50CQkJCQkJCQkJfCAxMyAgICAJfCBTdHJpbmcgICAgfCBtaW4JCQkJ
fCBjYzpDdXN0b21lci5OdW1iZXIuVGV4dC9UZXh0LkNvbnRlbnQJCQkJCQkJCXwg
6rO164+ZIOyxhOq2jOyekCDrjIDtkZzsnpAg7KO866+865Ox66Gd67KI7Zi4CQkJ
CQkNDW1jcmVfb3ducl9uYW1lCXwgL3NnOlBBWUlORi9DcmVkaXRvci5JbmZvLkRl
dGFpbHMvTXVsdGlwbGVDcmVkaXRvci5JbmZvLkRldGFpbHMvY2M6T3JnYW5pemF0
aW9uLkNFTy5OYW1lL1RleHQuQ29udGVudAkJCQkJCQkJfCAzNSAgICAJfCBTdHJp
bmcgICAgfCBtaW4JCQkJfCBjYzpPcmdhbml6YXRpb24uQ0VPLk5hbWUvVGV4dC5D
b250ZW50CQkJCQkJCSAgICB8IOqzteuPmSDssYTqtozsnpAg7ISx66qFKOuMgO2R
nOyekOuqhSkJCQkJCQ0NbWNyZV9ib25kX2hvbGQJfCAvc2c6UEFZSU5GL0NyZWRp
dG9yLkluZm8uRGV0YWlscy9NdWx0aXBsZUNyZWRpdG9yLkluZm8uRGV0YWlscy9j
YzpPcmdhbml6YXRpb24uQm9uZGhvbGRlci5OYW1lL1RleHQuQ29udGVudAkJCQkJ
CSAgICB8IDEwMCAgICAJfCBTdHJpbmcgICAgfCBtaW4JCQkJfCBjYzpPcmdhbml6
YXRpb24uQm9uZGhvbGRlci5OYW1lL1RleHQuQ29udGVudAkJCQkJCXwg6rO164+Z
IOyxhOq2jOyekCDssYTqtozsnpDrqoUNDW1jcmVfYWRkbl9uYW1lCXwgL3NnOlBB
WUlORi9DcmVkaXRvci5JbmZvLkRldGFpbHMvTXVsdGlwbGVDcmVkaXRvci5JbmZv
LkRldGFpbHMvY2M6T3JnYW5pemF0aW9uLkFkZGl0aW9uLk5hbWUvVGV4dC5Db250
ZW50ICAgICAgICAgICAgICAgICAgICAgICAgICAgfCA0MCAgICAJfCBTdHJpbmcg
ICAgfCBtaW4JCQkJfCBjYzpPcmdhbml6YXRpb24uQWRkaXRpb24uTmFtZS9UZXh0
LkNvbnRlbnQgICAgICAgICAgICAgICAgICAgICAgICB8IOqzteuPmSDssYTqtozs
npAg7LGE6raM6riw6rSAIOu2gOqwgOyDge2YuAkJCQkJCQ0NbWNyZV9vcmdhX3Bv
c3QJfCAvc2c6UEFZSU5GL0NyZWRpdG9yLkluZm8uRGV0YWlscy9NdWx0aXBsZUNy
ZWRpdG9yLkluZm8uRGV0YWlscy9jYzpPcmdhbml6YXRpb24uUG9zdC5UZXh0L1Rl
eHQuQ29udGVudAkJCQkJCQkJfCA2CSAgICAJfCBTdHJpbmcgICAgfCBtaW4JCQkJ
fCBjYzpPcmdhbml6YXRpb24uUG9zdC5UZXh0L1RleHQuQ29udGVudAkJCQkJCQl8
IOqzteuPmSDssYTqtozsnpAg7ZqM7IKsIOyasO2OuOyjvOyGjA0NbWNyZV9vcmdh
X2FkZHIJfCAvc2c6UEFZSU5GL0NyZWRpdG9yLkluZm8uRGV0YWlscy9NdWx0aXBs
ZUNyZWRpdG9yLkluZm8uRGV0YWlscy9jYzpPcmdhbml6YXRpb24uQWRkcmVzcy5U
ZXh0L1RleHQuQ29udGVudAkJCQkJCQl8IDEwMCAgICAJfCBTdHJpbmcgICAgfCBt
aW4JCQkJfCBjYzpPcmdhbml6YXRpb24uQWRkcmVzcy5UZXh0L1RleHQuQ29udGVu
dAkJCQkJCSAgICB8IOqzteuPmSDssYTqtozsnpAg7ZqM7IKsIOyjvOyGjA0NbWNy
ZV9jaHJnX25hbWUJfCAvc2c6UEFZSU5GL0NyZWRpdG9yLkluZm8uRGV0YWlscy9N
dWx0aXBsZUNyZWRpdG9yLkluZm8uRGV0YWlscy9jYzpFbXBsb3llZS5OYW1lLlRl
eHQvVGV4dC5Db250ZW50CQkJCQkJCQkJfCAyMCAgICAJfCBTdHJpbmcgICAgfCBt
aW4JCQkJfCBjYzpFbXBsb3llZS5OYW1lLlRleHQvVGV4dC5Db250ZW50CQkJCQkJ
CQl8IOqzteuPmSDssYTqtozsnpAg64u064u57J6Q66qFDQ1tY3JlX2RlcHRfbmFt
ZQl8IC9zZzpQQVlJTkYvQ3JlZGl0b3IuSW5mby5EZXRhaWxzL011bHRpcGxlQ3Jl
ZGl0b3IuSW5mby5EZXRhaWxzL2NjOkRlcGFydG1lbnQuTmFtZS5UZXh0L1RleHQu
Q29udGVudAkJCQkJCQkJICAgIHwgMzAgICAgCXwgU3RyaW5nICAgIHwgbWluCQkJ
CXwgY2M6RGVwYXJ0bWVudC5OYW1lLlRleHQvVGV4dC5Db250ZW50CQkJCQkJCQl8
IOqzteuPmSDssYTqtozsnpAg7IaM7IaN67aA7IScDQ1tY3JlX3Bob25fbnVtYgl8
IC9zZzpQQVlJTkYvQ3JlZGl0b3IuSW5mby5EZXRhaWxzL011bHRpcGxlQ3JlZGl0
b3IuSW5mby5EZXRhaWxzL2NjOlRlbGVwaG9uZS5OdW1iZXIuVGV4dC9UZXh0LkNv
bnRlbnQJCQkJCQkJCXwgMjAgICAgCXwgU3RyaW5nICAgIHwgbWluCQkJCXwgY2M6
VGVsZXBob25lLk51bWJlci5UZXh0L1RleHQuQ29udGVudAkJCQkJCQkgICAgfCDq
s7Xrj5kg7LGE6raM7J6QIOyghO2ZlOuyiO2YuA0NbWNyZV9jZWxsX3Bob24JfCAv
c2c6UEFZSU5GL0NyZWRpdG9yLkluZm8uRGV0YWlscy9NdWx0aXBsZUNyZWRpdG9y
LkluZm8uRGV0YWlscy9jYzpDZWxscGhvbmUuTnVtYmVyLlRleHQvVGV4dC5Db250
ZW50CQkJCQkJCQl8IDIwICAgIAl8IFN0cmluZyAgICB8IG1pbgkJCQl8IGNjOkNl
bGxwaG9uZS5OdW1iZXIuVGV4dC9UZXh0LkNvbnRlbnQJCQkJCQkJICAgIHwg6rO1
64+ZIOyxhOq2jOyekCDtlbjrk5ztj7DrsojtmLgNDW1jcmVfc2VuZF9tYWlsCXwg
L3NnOlBBWUlORi9DcmVkaXRvci5JbmZvLkRldGFpbHMvTXVsdGlwbGVDcmVkaXRv
ci5JbmZvLkRldGFpbHMvY2M6RW1wbG95ZWUuRW1haWwuVGV4dC9UZXh0LkNvbnRl
bnQJCQkJCQkJCQl8IDQwICAgIAl8IFN0cmluZyAgICB8IG1pbgkJCQl8IGNjOkVt
cGxveWVlLkVtYWlsLlRleHQvVGV4dC5Db250ZW50CQkJCQkJCQl8IOqzteuPmSDs
sYTqtozsnpAg64u064u57J6QIEVtYWlsDQ0jIOqzhOyVveyekCDsoJXrs7QgICAg
ICAgICAgICAgICAgICAgICAgICAgICAgICAgICAgICAgICAgICAgICAgICAgICAg
ICAgICAgICAgICAgICAgICAgICAgICAgICAgICAgICAgICAgICAgICAgICAgICAg
ICAgICAgICAgICAgICAgICAgICAgICAgICAgICAgICAgICAgICAgICAgICAgICAg
ICAgICAgICAgICAgICAgICAgICAgICAgICAgICAgICAgICAgICAgICAgICAgICAg
ICAgICAgICAgICAgICAgICAgICAgICAgICAgICAgICAgICAgDQ1hcHBsX2V4c3Rf
Y29kZQl8IC9zZzpQQVlJTkYvQXBwbGllci5JbmZvLkRldGFpbHMvY2M6QXBwbGll
ci5FeGlzdGVuY2UuSW5kaWNhdG9yL0luZGljYXRvci5Db250ZW50CQkJCQkJCQkJ
CQkJCXwgMSAgICAJCXwgU3RyaW5nICAgIHwgbWluCQkgICAgICAgIHwgICAgICAg
ICAgICAgICAgICAgICAgICAgICAgICAgICAgICAgICAgICAgICAgICAgICAJCQkJ
fCDqs4Tslb3snpAg7KG07J6sIO2Yle2DnCDqtazrtoQJCQkJDQ1hcHBsX29yZ2Ff
bmFtZSAgfCAvc2c6UEFZSU5GL0FwcGxpZXIuSW5mby5EZXRhaWxzL2NjOk9yZ2Fu
aXphdGlvbi5OYW1lL1RleHQuQ29udGVudCAgICAgICAgICAgICAgICAgICAgICAg
ICAgICAgICAgICAgICAgICAgICAgICAgICAgICAgICAgICAgICAgICAgIHwgMTAw
ICB8IFN0cmluZyAgICB8IG5lY2Vzc2FyeSAgICAgICAgICAgICAgfCAgICAgICAg
ICAgICAgICAgICAgICAgICAgICAgICAgICAgICAgICAgICAgICAgICAgIHwg6riw
6rSA66qFCQkJCSAgICAgICAgICAgICAgICAgICAgICANDWFwcGxfb3Jwc19kaXZz
ICB8IC9zZzpQQVlJTkYvQXBwbGllci5JbmZvLkRldGFpbHMvY2M6T3JnYW5pemF0
aW9uT3JQZXJzb24uSWRlbnRpZmllci5JbmRpY2F0b3IvSW5kaWNhdG9yLkNvbnRl
bnQgICAgICAgICAgICAgICAgICAgICAgICAgICAgICAgICAgICAgfCAxICAgIHwg
U3RyaW5nICAgIHwgbmVjZXNzYXJ5ICAgICAgICAgICAgICB8ICAgICAgICAgICAg
ICAgICAgICAgICAgICAgICAgICAgICAgICAgICAgICAgICAgICAgfCDqtazrtoQJ
CQkJICAgICAgICAgICAgICAgICAgICAgIA0NYXBwbF9vcmdhX251bWIgIHwgL3Nn
OlBBWUlORi9BcHBsaWVyLkluZm8uRGV0YWlscy9jYzpPcmdhbml6YXRpb24uTnVt
YmVyLlRleHQvVGV4dC5Db250ZW50ICAgICAgICAgICAgICAgICAgICAgICAgICAg
ICAgICAgICAgICAgICAgICAgICAgICAgICAgICAgICB8IDEzICAgfCBTdHJpbmcg
ICAgfCBtaW4gICAgICAgICAgICAgICAgICAgIHwgICAgICAgICAgICAgICAgICAg
ICAgICAgICAgICAgICAgICAgICAgICAgICAgICAgICB8IOuyleyduOuTseuhneuy
iO2YuAkJCSAgICAgICAgICAgICAgICAgICAgICANDWFwcGxfb3Jwc19pZGVuICB8
IC9zZzpQQVlJTkYvQXBwbGllci5JbmZvLkRldGFpbHMvY2M6T3JnYW5pemF0aW9u
T3JQZXJzb24uSWRlbnRpZmllci9JZGVudGlmaWVyLkNvbnRlbnQgICAgICAgICAg
ICAgICAgICAgICAgICAgICAgICAgICAgICAgICAgICAgICAgfCAxMyAgIHwgU3Ry
aW5nICAgIHwgbmVjZXNzYXJ5ICAgICAgICAgICAgICB8ICAgICAgICAgICAgICAg
ICAgICAgICAgICAgICAgICAgICAgICAgICAgICAgICAgICAgfCDsgqzsl4XsnpAv
7KO866+867KI7Zi4CQkJCSAgICAgICAgICAgICAgDQ1hcHBsX293bnJfbnVtYiAg
fCAvc2c6UEFZSU5GL0FwcGxpZXIuSW5mby5EZXRhaWxzL2NjOkN1c3RvbWVyLk51
bWJlci5UZXh0L1RleHQuQ29udGVudCAgICAgICAgICAgICAgICAgICAgICAgICAg
ICAgICAgICAgICAgICAgICAgICAgICAgICAgICAgICAgICAgIHwgMTMgICB8IFN0
cmluZyAgICB8IG1pbiAgICAgICAgICAgICAgICAgICAgfCAgICAgICAgICAgICAg
ICAgICAgICAgICAgICAgICAgICAgICAgICAgICAgICAgICAgIHwg64yA7ZGc7J6Q
IOyjvOuvvOuTseuhneuyiO2YuAkJCSAgICAgICAgICAgICAgDQ1hcHBsX293bnJf
bmFtZSAgfCAvc2c6UEFZSU5GL0FwcGxpZXIuSW5mby5EZXRhaWxzL2NjOk9yZ2Fu
aXphdGlvbi5DRU8uTmFtZS9UZXh0LkNvbnRlbnQgICAgICAgICAgICAgICAgICAg
ICAgICAgICAgICAgICAgICAgICAgICAgICAgICAgICAgICAgICAgICAgIHwgMzUg
ICB8IFN0cmluZyAgICB8IG5lY2Vzc2FyeSAgICAgICAgICAgICAgfCAgICAgICAg
ICAgICAgICAgICAgICAgICAgICAgICAgICAgICAgICAgICAgICAgICAgIHwg7ISx
66qFKOuMgO2RnOyekOuqhSkJCQkJICAgICAgICAgICAgICANDWFwcGxfYWRkbl9u
YW1lICB8IC9zZzpQQVlJTkYvQXBwbGllci5JbmZvLkRldGFpbHMvY2M6T3JnYW5p
emF0aW9uLkFkZGl0aW9uLk5hbWUvVGV4dC5Db250ZW50ICAgICAgICAgICAgICAg
ICAgICAgICAgICAgICAgICAgICAgICAgICAgICAgICAgICAgICAgICAgfCA0MCAg
IHwgU3RyaW5nICAgIHwgbWluICAgICAgICAgICAgICAgICAgICB8ICAgICAgICAg
ICAgICAgICAgICAgICAgICAgICAgICAgICAgICAgICAgICAgICAgICAgfCDqs4Ts
lb3sl4XssrQg67aA6rCA7IOB7Zi4CQkJICAgICAgICAgICAgICANDWFwcGxfb3Jn
YV9wb3N0ICB8IC9zZzpQQVlJTkYvQXBwbGllci5JbmZvLkRldGFpbHMvY2M6T3Jn
YW5pemF0aW9uLlBvc3QuVGV4dC9UZXh0LkNvbnRlbnQgICAgICAgICAgICAgICAg
ICAgICAgICAgICAgICAgICAgICAgICAgICAgICAgICAgICAgICAgICAgICAgfCA2
ICAgIHwgU3RyaW5nICAgIHwgbWluICAgICAgICAgICAgICAgICAgICB8ICAgICAg
ICAgICAgICAgICAgICAgICAgICAgICAgICAgICAgICAgICAgICAgICAgICAgfCDt
mozsgqwg7Jqw7Y6467KI7Zi4CQkJCSAgICAgICAgICAgICAgDQ1hcHBsX29yZ2Ff
YWRkciAgfCAvc2c6UEFZSU5GL0FwcGxpZXIuSW5mby5EZXRhaWxzL2NjOk9yZ2Fu
aXphdGlvbi5BZGRyZXNzLlRleHQvVGV4dC5Db250ZW50ICAgICAgICAgICAgICAg
ICAgICAgICAgICAgICAgICAgICAgICAgICAgICAgICAgICAgICAgICAgIHwgMTAw
ICB8IFN0cmluZyAgICB8IG1pbiAgICAgICAgICAgICAgICAgICAgfCAgICAgICAg
ICAgICAgICAgICAgICAgICAgICAgICAgICAgICAgICAgICAgICAgICAgIHwg7ZqM
7IKsIOyjvOyGjAkJCQkgICAgICAgICAgICAgIA0NYXBwbF9jaHJnX25hbWUgIHwg
L3NnOlBBWUlORi9BcHBsaWVyLkluZm8uRGV0YWlscy9jYzpFbXBsb3llZS5OYW1l
LlRleHQvVGV4dC5Db250ZW50ICAgICAgICAgICAgICAgICAgICAgICAgICAgICAg
ICAgICAgICAgICAgICAgICAgICAgICAgICAgICAgICAgICB8IDIwICAgfCBTdHJp
bmcgICAgfCBtaW4gICAgICAgICAgICAgICAgICAgIHwgICAgICAgICAgICAgICAg
ICAgICAgICAgICAgICAgICAgICAgICAgICAgICAgICAgICB8IOuLtOuLueyekOuq
hQkJCQkgICAgICAgICAgICAgIA0NYXBwbF9kZXB0X25hbWUgIHwgL3NnOlBBWUlO
Ri9BcHBsaWVyLkluZm8uRGV0YWlscy9jYzpEZXBhcnRtZW50Lk5hbWUuVGV4dC9U
ZXh0LkNvbnRlbnQgICAgICAgICAgICAgICAgICAgICAgICAgICAgICAgICAgICAg
ICAgICAgICAgICAgICAgICAgICAgICAgICB8IDMwICAgfCBTdHJpbmcgICAgfCBt
aW4gICAgICAgICAgICAgICAgICAgIHwgICAgICAgICAgICAgICAgICAgICAgICAg
ICAgICAgICAgICAgICAgICAgICAgICAgICB8IOyGjOyGjeu2gOyEnAkJCQkgICAg
ICAgICAgICAgIA0NYXBwbF9vZmZjX3Bob24gIHwgL3NnOlBBWUlORi9BcHBsaWVy
LkluZm8uRGV0YWlscy9jYzpUZWxlcGhvbmUuTnVtYmVyLlRleHQvVGV4dC5Db250
ZW50ICAgICAgICAgICAgICAgICAgICAgICAgICAgICAgICAgICAgICAgICAgICAg
ICAgICAgICAgICAgICAgICB8IDIwICAgfCBTdHJpbmcgICAgfCBtaW4gICAgICAg
ICAgICAgICAgICAgIHwgICAgICAgICAgICAgICAgICAgICAgICAgICAgICAgICAg
ICAgICAgICAgICAgICAgICB8IOyghO2ZlOuyiO2YuAkJCQkgICAgICAgICAgICAg
IA0NYXBwbF9jZWxsX3Bob24gIHwgL3NnOlBBWUlORi9BcHBsaWVyLkluZm8uRGV0
YWlscy9jYzpDZWxscGhvbmUuTnVtYmVyLlRleHQvVGV4dC5Db250ZW50ICAgICAg
ICAgICAgICAgICAgICAgICAgICAgICAgICAgICAgICAgICAgICAgICAgICAgICAg
ICAgICAgICB8IDIwICAgfCBTdHJpbmcgICAgfCBtaW4gICAgICAgICAgICAgICAg
ICAgIHwgICAgICAgICAgICAgICAgICAgICAgICAgICAgICAgICAgICAgICAgICAg
ICAgICAgICB8IO2VuOuTnO2PsOuyiO2YuAkJCQkgICAgICAgICAgICAgIA0NYXBw
bF9zZW5kX21haWwgIHwgL3NnOlBBWUlORi9BcHBsaWVyLkluZm8uRGV0YWlscy9j
YzpFbXBsb3llZS5FbWFpbC5UZXh0L1RleHQuQ29udGVudCAgICAgICAgICAgICAg
ICAgICAgICAgICAgICAgICAgICAgICAgICAgICAgICAgICAgICAgICAgICAgICAg
ICB8IDQwICAgfCBTdHJpbmcgICAgfCBtaW4gICAgICAgICAgICAgICAgICAgIHwg
ICAgICAgICAgICAgICAgICAgICAgICAgICAgICAgICAgICAgICAgICAgICAgICAg
ICB8IOuLtOuLueyekCBFTUFJTAkJCQkgICAgICAgICAgICAgIA0NYXBwbF9ob21l
X3Bvc3QgIHwgL3NnOlBBWUlORi9BcHBsaWVyLkluZm8uRGV0YWlscy9jYzpIb21l
LlBvc3QuVGV4dC9UZXh0LkNvbnRlbnQgICAgICAgICAgICAgICAgICAgICAgICAg
ICAgICAgICAgICAgICAgICAgICAgICAgICAgICAgICAgICAgICAgICAgICB8IDYg
ICAgfCBTdHJpbmcgICAgfCBtaW4gICAgICAgICAgICAgICAgICAgIHwgICAgICAg
ICAgICAgICAgICAgICAgICAgICAgICAgICAgICAgICAgICAgICAgICAgICB8IOye
kO2DnSDsmrDtjrjrsojtmLgJCQkJICAgICAgICAgICAgICANDWFwcGxfaG9tZV9h
ZGRyICB8IC9zZzpQQVlJTkYvQXBwbGllci5JbmZvLkRldGFpbHMvY2M6SG9tZS5B
ZGRyZXNzLlRleHQvVGV4dC5Db250ZW50ICAgICAgICAgICAgICAgICAgICAgICAg
ICAgICAgICAgICAgICAgICAgICAgICAgICAgICAgICAgICAgICAgICAgfCAxMDAg
IHwgU3RyaW5nICAgIHwgbWluICAgICAgICAgICAgICAgICAgICB8ICAgICAgICAg
ICAgICAgICAgICAgICAgICAgICAgICAgICAgICAgICAgICAgICAgICAgfCDsnpDt
g50g7KO87IaMCQkJCSAgICAgICAgICAgICAgDQ1hcHBsX2hvbWVfcGhvbiAgfCAv
c2c6UEFZSU5GL0FwcGxpZXIuSW5mby5EZXRhaWxzL2NjOkhvbWUuVGVsZXBob25l
LlRleHQvVGV4dC5Db250ZW50ICAgICAgICAgICAgICAgICAgICAgICAgICAgICAg
ICAgICAgICAgICAgICAgICAgICAgICAgICAgICAgICAgIHwgMjAgICB8IFN0cmlu
ZyAgICB8IG1pbiAgICAgICAgICAgICAgICAgICAgfCAgICAgICAgICAgICAgICAg
ICAgICAgICAgICAgICAgICAgICAgICAgICAgICAgICAgIHwg7J6Q7YOdIOyghO2Z
lOuyiO2YuAkJCQkgICAgICAgICAgICAgIA0NYXBwbF91c2VyX2lkZW4gIHwgL3Nn
OlBBWUlORi9BcHBsaWVyLkluZm8uRGV0YWlscy9jYzpVc2VyLklkZW50aWZpZXIv
SWRlbnRpZmllci5Db250ZW50ICAgICAgICAgICAgICAgICAgICAgICAgICAgICAg
ICAgICAgICAgICAgICAgICAgICAgICAgICAgICAgICB8IDEzICAgfCBTdHJpbmcg
ICAgfCBuZWNlc3NhcnkgICAgICAgICAgICAgIHwgICAgICAgICAgICAgICAgICAg
ICAgICAgICAgICAgICAgICAgICAgICAgICAgICAgICB8IOyImOyLoOyymElECQkJ
CSAgICAgICAgICAgICAgDQ1hcHBsX3VzZXJfdHlwZSAgfCAvc2c6UEFZSU5GL0Fw
cGxpZXIuSW5mby5EZXRhaWxzL2NjOlVzZXIuVHlwZS5JZGVudGlmaWVyL0lkZW50
aWZpZXIuQ29udGVudCAgICAgICAgICAgICAgICAgICAgICAgICAgICAgICAgICAg
ICAgICAgICAgICAgICAgICAgICAgIHwgMyAgICB8IFN0cmluZyAgICB8IG5lY2Vz
c2FyeSAgICAgICAgICAgICAgfCAgICAgICAgICAgICAgICAgICAgICAgICAgICAg
ICAgICAgICAgICAgICAgICAgICAgIHwg7IiY7Iug7LKYVFlQRQkgICAgICAgICAg
ICAgICAgICAgICAgICAgICAgICAgICAgICAgIA0NbXVsdF9hcHBsX2luZm8JfCAv
c2c6UEFZSU5GL0FwcGxpZXIuSW5mby5EZXRhaWxzL011bHRpcGxlQXBwbGllci5J
bmZvLkRldGFpbHMJCQkJCQkJCQkJCQkJCQkJCQl8IDUwMDAwIAl8IFN0cmluZyAg
IAl8IG1heGVsZQkJCXwgc2c6UEFZSU5GL0FwcGxpZXIuSW5mby5EZXRhaWxzL011
bHRpcGxlQXBwbGllci5JbmZvLkRldGFpbHMJIAl8IOuwmOuztQkJDQ1tYXBsX29y
Z2FfbmFtZQl8IC9zZzpQQVlJTkYvQXBwbGllci5JbmZvLkRldGFpbHMvTXVsdGlw
bGVBcHBsaWVyLkluZm8uRGV0YWlscy9jYzpPcmdhbml6YXRpb24uTmFtZS9UZXh0
LkNvbnRlbnQJCQkJCQkJCQkJfCAxMDAgICAgCXwgU3RyaW5nICAgIHwgbWluCQkJ
CXwgY2M6T3JnYW5pemF0aW9uLk5hbWUvVGV4dC5Db250ZW50CQkJCQkJCQkgICAg
fCDqs7Xrj5kg6rOE7JW97J6QIOq4sOq0gOuqhQ0NbWFwbF9vcnBzX2RpdnMJfCAv
c2c6UEFZSU5GL0FwcGxpZXIuSW5mby5EZXRhaWxzL011bHRpcGxlQXBwbGllci5J
bmZvLkRldGFpbHMvY2M6T3JnYW5pemF0aW9uT3JQZXJzb24uSWRlbnRpZmllci5J
bmRpY2F0b3IvSW5kaWNhdG9yLkNvbnRlbnQJCQl8IDEJICAgIAl8IFN0cmluZyAg
ICB8IG1pbgkJCQl8IGNjOk9yZ2FuaXphdGlvbk9yUGVyc29uLklkZW50aWZpZXIu
SW5kaWNhdG9yL0luZGljYXRvci5Db250ZW50CXwg6rO164+ZIOqzhOyVveyekCDq
tazrtoQJCQkJDQ1tYXBsX29yZ2FfbnVtYgl8IC9zZzpQQVlJTkYvQXBwbGllci5J
bmZvLkRldGFpbHMvTXVsdGlwbGVBcHBsaWVyLkluZm8uRGV0YWlscy9jYzpPcmdh
bml6YXRpb24uTnVtYmVyLlRleHQvVGV4dC5Db250ZW50CQkJCQkJCQl8IDEzICAg
IAl8IFN0cmluZyAgICB8IG1pbgkJCQl8IGNjOk9yZ2FuaXphdGlvbi5OdW1iZXIu
VGV4dC9UZXh0LkNvbnRlbnQJCQkJCQkJfCDqs7Xrj5kg6rOE7JW97J6QIOuyleyd
uOuTseuhneuyiO2YuAkJCQkJCQkJCQkJCQ0NbWFwbF9vcnBzX2lkZW4JfCAvc2c6
UEFZSU5GL0FwcGxpZXIuSW5mby5EZXRhaWxzL011bHRpcGxlQXBwbGllci5JbmZv
LkRldGFpbHMvY2M6T3JnYW5pemF0aW9uT3JQZXJzb24uSWRlbnRpZmllci9JZGVu
dGlmaWVyLkNvbnRlbnQJCQkJCXwgMTMgICAgCXwgU3RyaW5nICAgIHwgbWluCQkJ
CXwgY2M6T3JnYW5pemF0aW9uT3JQZXJzb24uSWRlbnRpZmllci9JZGVudGlmaWVy
LkNvbnRlbnQJCQkgICAgfCDqs7Xrj5kg6rOE7JW97J6QIOyCrOyXheyekC/so7zr
r7zrsojtmLgJCQkNDW1hcGxfb3ducl9udW1iCXwgL3NnOlBBWUlORi9BcHBsaWVy
LkluZm8uRGV0YWlscy9NdWx0aXBsZUFwcGxpZXIuSW5mby5EZXRhaWxzL2NjOkN1
c3RvbWVyLk51bWJlci5UZXh0L1RleHQuQ29udGVudAkJCQkJCQkJCXwgMTMgICAg
CXwgU3RyaW5nICAgIHwgbWluCQkJCXwgY2M6Q3VzdG9tZXIuTnVtYmVyLlRleHQv
VGV4dC5Db250ZW50CQkJCQkJCQl8IOqzteuPmSDqs4Tslb3snpAg64yA7ZGc7J6Q
IOyjvOuvvOuTseuhneuyiO2YuAkJCQkJCQkJCQkJCQ0NbWFwbF9vd25yX25hbWUJ
fCAvc2c6UEFZSU5GL0FwcGxpZXIuSW5mby5EZXRhaWxzL011bHRpcGxlQXBwbGll
ci5JbmZvLkRldGFpbHMvY2M6T3JnYW5pemF0aW9uLkNFTy5OYW1lL1RleHQuQ29u
dGVudAkJCQkJCQkJCXwgMzUgICAgCXwgU3RyaW5nICAgIHwgbWluCQkJCXwgY2M6
T3JnYW5pemF0aW9uLkNFTy5OYW1lL1RleHQuQ29udGVudAkJCQkJCQkgICAgfCDq
s7Xrj5kg6rOE7JW97J6QIOyEseuqhSjrjIDtkZzsnpDrqoUpCQkJCQkJCQkJCQkJ
DQ1tYXBsX2FkZG5fbmFtZQl8IC9zZzpQQVlJTkYvQXBwbGllci5JbmZvLkRldGFp
bHMvTXVsdGlwbGVBcHBsaWVyLkluZm8uRGV0YWlscy9jYzpPcmdhbml6YXRpb24u
QWRkaXRpb24uTmFtZS9UZXh0LkNvbnRlbnQJCQkJCQkJCXwgNDAgICAgCXwgU3Ry
aW5nICAgIHwgbWluCQkJCXwgY2M6T3JnYW5pemF0aW9uLkFkZGl0aW9uLk5hbWUv
VGV4dC5Db250ZW50ICAgICAgICAgICAgICAgICAgICAgICAgfCDqs7Xrj5kg6rOE
7JW97J6QIOyxhOq2jOq4sOq0gCDrtoDqsIDsg4HtmLgJCQkJCQkJCQkJDQ1tYXBs
X29yZ2FfcG9zdAl8IC9zZzpQQVlJTkYvQXBwbGllci5JbmZvLkRldGFpbHMvTXVs
dGlwbGVBcHBsaWVyLkluZm8uRGV0YWlscy9jYzpPcmdhbml6YXRpb24uUG9zdC5U
ZXh0L1RleHQuQ29udGVudAkJCQkJCQkJCXwgNgkgICAgCXwgU3RyaW5nICAgIHwg
bWluCQkJCXwgY2M6T3JnYW5pemF0aW9uLlBvc3QuVGV4dC9UZXh0LkNvbnRlbnQJ
CQkJCQkJfCDqs7Xrj5kg6rOE7JW97J6QIO2ajOyCrCDsmrDtjrjso7zshowJCQkJ
CQ0NbWFwbF9vcmdhX2FkZHIJfCAvc2c6UEFZSU5GL0FwcGxpZXIuSW5mby5EZXRh
aWxzL011bHRpcGxlQXBwbGllci5JbmZvLkRldGFpbHMvY2M6T3JnYW5pemF0aW9u
LkFkZHJlc3MuVGV4dC9UZXh0LkNvbnRlbnQJCQkJCQkJCXwgMTAwICAgIAl8IFN0
cmluZyAgICB8IG1pbgkJCQl8IGNjOk9yZ2FuaXphdGlvbi5BZGRyZXNzLlRleHQv
VGV4dC5Db250ZW50CQkJCQkJICAgIHwg6rO164+ZIOqzhOyVveyekCDtmozsgqwg
7KO87IaMCQkJCQkNDW1hcGxfY2hyZ19uYW1lCXwgL3NnOlBBWUlORi9BcHBsaWVy
LkluZm8uRGV0YWlscy9NdWx0aXBsZUFwcGxpZXIuSW5mby5EZXRhaWxzL2NjOkVt
cGxveWVlLk5hbWUuVGV4dC9UZXh0LkNvbnRlbnQJCQkJCQkJCQkJfCAyMCAgICAJ
fCBTdHJpbmcgICAgfCBtaW4JCQkJfCBjYzpFbXBsb3llZS5OYW1lLlRleHQvVGV4
dC5Db250ZW50CQkJCQkJCQl8IOqzteuPmSDqs4Tslb3snpAg64u064u57J6Q66qF
CQkJCQkJDQ1tYXBsX2RlcHRfbmFtZQl8IC9zZzpQQVlJTkYvQXBwbGllci5JbmZv
LkRldGFpbHMvTXVsdGlwbGVBcHBsaWVyLkluZm8uRGV0YWlscy9jYzpEZXBhcnRt
ZW50Lk5hbWUuVGV4dC9UZXh0LkNvbnRlbnQJCQkJCQkJCQl8IDMwICAgIAl8IFN0
cmluZyAgICB8IG1pbgkJCQl8IGNjOkRlcGFydG1lbnQuTmFtZS5UZXh0L1RleHQu
Q29udGVudAkJCQkJCQkJfCDqs7Xrj5kg6rOE7JW97J6QIOyGjOyGjeu2gOyEnAkJ
CQkJCQkNDW1hcGxfb2ZmY19waG9uCXwgL3NnOlBBWUlORi9BcHBsaWVyLkluZm8u
RGV0YWlscy9NdWx0aXBsZUFwcGxpZXIuSW5mby5EZXRhaWxzL2NjOlRlbGVwaG9u
ZS5OdW1iZXIuVGV4dC9UZXh0LkNvbnRlbnQJCQkJCQkJCQl8IDIwICAgIAl8IFN0
cmluZyAgICB8IG1pbgkJCQl8IGNjOlRlbGVwaG9uZS5OdW1iZXIuVGV4dC9UZXh0
LkNvbnRlbnQJCQkJCQkJICAgIHwg6rO164+ZIOqzhOyVveyekCDsoITtmZTrsojt
mLgJCQkJCQkNDW1hcGxfY2VsbF9waG9uCXwgL3NnOlBBWUlORi9BcHBsaWVyLklu
Zm8uRGV0YWlscy9NdWx0aXBsZUFwcGxpZXIuSW5mby5EZXRhaWxzL2NjOkNlbGxw
aG9uZS5OdW1iZXIuVGV4dC9UZXh0LkNvbnRlbnQJCQkJCQkJCQl8IDIwICAgIAl8
IFN0cmluZyAgICB8IG1pbgkJCQl8IGNjOkNlbGxwaG9uZS5OdW1iZXIuVGV4dC9U
ZXh0LkNvbnRlbnQJCQkJCQkJICAgIHwg6rO164+ZIOqzhOyVveyekCDtlbjrk5zt
j7DrsojtmLgJCQkJCQkJDQ1tYXBsX3NlbmRfbWFpbAl8IC9zZzpQQVlJTkYvQXBw
bGllci5JbmZvLkRldGFpbHMvTXVsdGlwbGVBcHBsaWVyLkluZm8uRGV0YWlscy9j
YzpFbXBsb3llZS5FbWFpbC5UZXh0L1RleHQuQ29udGVudAkJCQkJCQkJCXwgNDAg
ICAgCXwgU3RyaW5nICAgIHwgbWluCQkJCXwgY2M6RW1wbG95ZWUuRW1haWwuVGV4
dC9UZXh0LkNvbnRlbnQJCQkJCQkJCXwg6rO164+ZIOqzhOyVveyekCDri7Tri7ns
npAgRW1haWwJCQkJCQkJDQ1tYXBsX2hvbWVfcG9zdAl8IC9zZzpQQVlJTkYvQXBw
bGllci5JbmZvLkRldGFpbHMvTXVsdGlwbGVBcHBsaWVyLkluZm8uRGV0YWlscy9j
YzpIb21lLlBvc3QuVGV4dC9UZXh0LkNvbnRlbnQJCQkJCQkJCQkJCXwgNgkgICAg
CXwgU3RyaW5nICAgIHwgbWluCQkJCXwgY2M6SG9tZS5Qb3N0LlRleHQvVGV4dC5D
b250ZW50CQkJCQkJCQkJfCDqs7Xrj5kg6rOE7JW97J6QIOyekO2DnSDsmrDtjrjs
o7zshowJCQkJCQ0NbWFwbF9ob21lX2FkZHIJfCAvc2c6UEFZSU5GL0FwcGxpZXIu
SW5mby5EZXRhaWxzL011bHRpcGxlQXBwbGllci5JbmZvLkRldGFpbHMvY2M6SG9t
ZS5BZGRyZXNzLlRleHQvVGV4dC5Db250ZW50CQkJCQkJCQkJCXwgMTAwICAgIAl8
IFN0cmluZyAgICB8IG1pbgkJCQl8IGNjOkhvbWUuQWRkcmVzcy5UZXh0L1RleHQu
Q29udGVudAkJCQkJCQkJICAgIHwg6rO164+ZIOqzhOyVveyekCDsnpDtg50g7KO8
7IaMCQkJCQkJCQkJCQkJDQ1tYXBsX2hvbWVfcGhvbgl8IC9zZzpQQVlJTkYvQXBw
bGllci5JbmZvLkRldGFpbHMvTXVsdGlwbGVBcHBsaWVyLkluZm8uRGV0YWlscy9j
YzpIb21lLlRlbGVwaG9uZS5UZXh0L1RleHQuQ29udGVudAkJCQkJCQkJCXwgMjAg
ICAgCXwgU3RyaW5nICAgIHwgbWluCQkJCXwgY2M6SG9tZS5UZWxlcGhvbmUuVGV4
dC9UZXh0LkNvbnRlbnQJCQkJCQkJCXwg6rO164+ZIOqzhOyVveyekCDsnpDtg50g
7KCE7ZmU67KI7Zi4CQkJCQkJCQkJCQkJDQ0jIOyImOyalOyekCDsoJXrs7QgICAg
ICAgICAgICAgICAgICAgICAgICAgICAgICAgICAgICAgICAgICAgICAgICAgICAg
ICAgICAgICAgICAgICAgICAgICAgICAgICAgICAgICAgICAgICAgICAgICAgICAg
ICAgICAgICAgICAgICAgICAgICAgICAgICAgICAgICAgICAgICAgICAgICAgICAg
ICAgICAgICAgICAgICAgICAgICAgICAgICAgICAgICAgICAgICAgICAgICAgICAg
ICAgICAgICAgICAgICAgICAgICAgICAgICAgICAgICAgICAgDQ1tYW5nX29yZ2Ff
bmFtZSAgfCAvc2c6UEFZSU5GL01hbmFnZXIuSW5mby5EZXRhaWxzL2NjOk9yZ2Fu
aXphdGlvbi5OYW1lL1RleHQuQ29udGVudCAgICAgICAgICAgICAgICAgICAgICAg
ICAgICAgICAgICAgICAgICAgICAgICAgICAgICAgICAgICAgICAgICAgIHwgMTAw
ICB8IFN0cmluZyAgICB8IG1pbiAgICAgICAgICAgICAgICAgICAgfCAgICAgICAg
ICAgICAgICAgICAgICAgICAgICAgICAgICAgICAgICAgICAgICAgICAgIHwg6riw
6rSA66qFCQkJCSAgICAgICAgICAgICANDW1hbmdfb3Jwc19kaXZzICB8IC9zZzpQ
QVlJTkYvTWFuYWdlci5JbmZvLkRldGFpbHMvY2M6T3JnYW5pemF0aW9uT3JQZXJz
b24uSWRlbnRpZmllci5JbmRpY2F0b3IvSW5kaWNhdG9yLkNvbnRlbnQgICAgICAg
ICAgICAgICAgICAgICAgICAgICAgICAgICAgICAgfCAxICAgIHwgU3RyaW5nICAg
IHwgbWluICAgICAgICAgICAgICAgICAgICB8ICAgICAgICAgICAgICAgICAgICAg
ICAgICAgICAgICAgICAgICAgICAgICAgICAgICAgfCDqtazrtoQJCQkJICAgICAg
ICANDW1hbmdfb3JnYV9udW1iICB8IC9zZzpQQVlJTkYvTWFuYWdlci5JbmZvLkRl
dGFpbHMvY2M6T3JnYW5pemF0aW9uLk51bWJlci5UZXh0L1RleHQuQ29udGVudCAg
ICAgICAgICAgICAgICAgICAgICAgICAgICAgICAgICAgICAgICAgICAgICAgICAg
ICAgICAgICAgfCAxMyAgIHwgU3RyaW5nICAgIHwgbWluICAgICAgICAgICAgICAg
ICAgICB8ICAgICAgICAgICAgICAgICAgICAgICAgICAgICAgICAgICAgICAgICAg
ICAgICAgICAgfCDrspXsnbjrk7HroZ3rsojtmLgJCQkgICAgICAgIA0NbWFuZ19v
cnBzX2lkZW4gIHwgL3NnOlBBWUlORi9NYW5hZ2VyLkluZm8uRGV0YWlscy9jYzpP
cmdhbml6YXRpb25PclBlcnNvbi5JZGVudGlmaWVyL0lkZW50aWZpZXIuQ29udGVu
dCAgICAgICAgICAgICAgICAgICAgICAgICAgICAgICAgICAgICAgICAgICAgICB8
IDEzICAgfCBTdHJpbmcgICAgfCBtaW4gICAgICAgICAgICAgICAgICAgIHwgICAg
ICAgICAgICAgICAgICAgICAgICAgICAgICAgICAgICAgICAgICAgICAgICAgICB8
IOyCrOyXheyekC/so7zrr7zrsojtmLgJCQkgICAgICAgIA0NbWFuZ19vd25yX251
bWIgIHwgL3NnOlBBWUlORi9NYW5hZ2VyLkluZm8uRGV0YWlscy9jYzpDdXN0b21l
ci5OdW1iZXIuVGV4dC9UZXh0LkNvbnRlbnQgICAgICAgICAgICAgICAgICAgICAg
ICAgICAgICAgICAgICAgICAgICAgICAgICAgICAgICAgICAgICAgICB8IDEzICAg
fCBTdHJpbmcgICAgfCBtaW4gICAgICAgICAgICAgICAgICAgIHwgICAgICAgICAg
ICAgICAgICAgICAgICAgICAgICAgICAgICAgICAgICAgICAgICAgICB8IOuMgO2R
nOyekCDso7zrr7zrk7HroZ3rsojtmLgJCQkNDW1hbmdfb3ducl9uYW1lICB8IC9z
ZzpQQVlJTkYvTWFuYWdlci5JbmZvLkRldGFpbHMvY2M6T3JnYW5pemF0aW9uLkNF
Ty5OYW1lL1RleHQuQ29udGVudCAgICAgICAgICAgICAgICAgICAgICAgICAgICAg
ICAgICAgICAgICAgICAgICAgICAgICAgICAgICAgICAgfCAzNSAgIHwgU3RyaW5n
ICAgIHwgbWluICAgICAgICAgICAgICAgICAgICB8ICAgICAgICAgICAgICAgICAg
ICAgICAgICAgICAgICAgICAgICAgICAgICAgICAgICAgfCDshLHrqoUo64yA7ZGc
7J6Q66qFKQkJCQkNDW1hbmdfYWRkbl9uYW1lICB8IC9zZzpQQVlJTkYvTWFuYWdl
ci5JbmZvLkRldGFpbHMvY2M6T3JnYW5pemF0aW9uLkFkZGl0aW9uLk5hbWUvVGV4
dC5Db250ZW50ICAgICAgICAgICAgICAgICAgICAgICAgICAgICAgICAgICAgICAg
ICAgICAgICAgICAgICAgICAgfCA0MCAgIHwgU3RyaW5nICAgIHwgbWluICAgICAg
ICAgICAgICAgICAgICB8ICAgICAgICAgICAgICAgICAgICAgICAgICAgICAgICAg
ICAgICAgICAgICAgICAgICAgfCDsiJjsmpQo64yA7ZaJKeyXheyytCDrtoDqsIDs
g4HtmLgJCQkgICAgIA0NbWFuZ19vcmdhX3Bvc3QgIHwgL3NnOlBBWUlORi9NYW5h
Z2VyLkluZm8uRGV0YWlscy9jYzpPcmdhbml6YXRpb24uUG9zdC5UZXh0L1RleHQu
Q29udGVudCAgICAgICAgICAgICAgICAgICAgICAgICAgICAgICAgICAgICAgICAg
ICAgICAgICAgICAgICAgICAgICB8IDYgICAgfCBTdHJpbmcgICAgfCBtaW4gICAg
ICAgICAgICAgICAgICAgIHwgICAgICAgICAgICAgICAgICAgICAgICAgICAgICAg
ICAgICAgICAgICAgICAgICAgICB8IO2ajOyCrCDsmrDtjrjrsojtmLgJCQkJDQ1t
YW5nX29yZ2FfYWRkciAgfCAvc2c6UEFZSU5GL01hbmFnZXIuSW5mby5EZXRhaWxz
L2NjOk9yZ2FuaXphdGlvbi5BZGRyZXNzLlRleHQvVGV4dC5Db250ZW50ICAgICAg
ICAgICAgICAgICAgICAgICAgICAgICAgICAgICAgICAgICAgICAgICAgICAgICAg
ICAgIHwgMTAwICB8IFN0cmluZyAgICB8IG1pbiAgICAgICAgICAgICAgICAgICAg
fCAgICAgICAgICAgICAgICAgICAgICAgICAgICAgICAgICAgICAgICAgICAgICAg
ICAgIHwg7ZqM7IKsIOyjvOyGjAkJCQkNDW1hbmdfYm9uZF9ob2xkICB8IC9zZzpQ
QVlJTkYvTWFuYWdlci5JbmZvLkRldGFpbHMvY2M6T3JnYW5pemF0aW9uLkJvbmRo
b2xkZXIuTmFtZS9UZXh0LkNvbnRlbnQgICAgICAgICAgICAgICAgICAgICAgICAg
ICAgICAgICAgICAgICAgICAgICAgICAgICAgICAgfCAxMDAgIHwgU3RyaW5nICAg
IHwgbWluICAgICAgICAgICAgICAgICAgICB8ICAgICAgICAgICAgICAgICAgICAg
ICAgICAgICAgICAgICAgICAgICAgICAgICAgICAgfCDssYTqtozsnpDrqoUJCQkJ
DQ1tYW5nX2NocmdfbmFtZSAgfCAvc2c6UEFZSU5GL01hbmFnZXIuSW5mby5EZXRh
aWxzL2NjOkVtcGxveWVlLk5hbWUuVGV4dC9UZXh0LkNvbnRlbnQgICAgICAgICAg
ICAgICAgICAgICAgICAgICAgICAgICAgICAgICAgICAgICAgICAgICAgICAgICAg
ICAgICAgIHwgMjAgICB8IFN0cmluZyAgICB8IG1pbiAgICAgICAgICAgICAgICAg
ICAgfCAgICAgICAgICAgICAgICAgICAgICAgICAgICAgICAgICAgICAgICAgICAg
ICAgICAgIHwg64u064u57J6Q66qFCQkJCSAgICAgDQ1tYW5nX2RlcHRfbmFtZSAg
fCAvc2c6UEFZSU5GL01hbmFnZXIuSW5mby5EZXRhaWxzL2NjOkRlcGFydG1lbnQu
TmFtZS5UZXh0L1RleHQuQ29udGVudCAgICAgICAgICAgICAgICAgICAgICAgICAg
ICAgICAgICAgICAgICAgICAgICAgICAgICAgICAgICAgICAgIHwgMzAgICB8IFN0
cmluZyAgICB8IG1pbiAgICAgICAgICAgICAgICAgICAgfCAgICAgICAgICAgICAg
ICAgICAgICAgICAgICAgICAgICAgICAgICAgICAgICAgICAgIHwg7IaM7IaN67aA
7IScCQkJICAgICAgICANDW1hbmdfcGhvbl9udW1iICB8IC9zZzpQQVlJTkYvTWFu
YWdlci5JbmZvLkRldGFpbHMvY2M6VGVsZXBob25lLk51bWJlci5UZXh0L1RleHQu
Q29udGVudCAgICAgICAgICAgICAgICAgICAgICAgICAgICAgICAgICAgICAgICAg
ICAgICAgICAgICAgICAgICAgICAgfCAyMCAgIHwgU3RyaW5nICAgIHwgbWluICAg
ICAgICAgICAgICAgICAgICB8ICAgICAgICAgICAgICAgICAgICAgICAgICAgICAg
ICAgICAgICAgICAgICAgICAgICAgfCDsoITtmZTrsojtmLgJCQkgICAgICAgIA0N
bWFuZ19jZWxsX3Bob24gIHwgL3NnOlBBWUlORi9NYW5hZ2VyLkluZm8uRGV0YWls
cy9jYzpDZWxscGhvbmUuTnVtYmVyLlRleHQvVGV4dC5Db250ZW50ICAgICAgICAg
ICAgICAgICAgICAgICAgICAgICAgICAgICAgICAgICAgICAgICAgICAgICAgICAg
ICAgICB8IDIwICAgfCBTdHJpbmcgICAgfCBtaW4gICAgICAgICAgICAgICAgICAg
IHwgICAgICAgICAgICAgICAgICAgICAgICAgICAgICAgICAgICAgICAgICAgICAg
ICAgICB8IO2VuOuTnO2PsOuyiO2YuAkJCSAgICAgICAgDQ1tYW5nX3NlbmRfbWFp
bCAgfCAvc2c6UEFZSU5GL01hbmFnZXIuSW5mby5EZXRhaWxzL2NjOkVtcGxveWVl
LkVtYWlsLlRleHQvVGV4dC5Db250ZW50ICAgICAgICAgICAgICAgICAgICAgICAg
ICAgICAgICAgICAgICAgICAgICAgICAgICAgICAgICAgICAgICAgIHwgNDAgICB8
IFN0cmluZyAgICB8IG1pbiAgICAgICAgICAgICAgICAgICAgfCAgICAgICAgICAg
ICAgICAgICAgICAgICAgICAgICAgICAgICAgICAgICAgICAgICAgIHwg64u064u5
7J6QIEVNQUlMCQkJICAgICAgICAgICAgIA0NbWFuZ191c2VyX2lkZW4gIHwgL3Nn
OlBBWUlORi9NYW5hZ2VyLkluZm8uRGV0YWlscy9jYzpVc2VyLklkZW50aWZpZXIv
SWRlbnRpZmllci5Db250ZW50ICAgICAgICAgICAgICAgICAgICAgICAgICAgICAg
ICAgICAgICAgICAgICAgICAgICAgICAgICAgICAgICB8IDEzICAgfCBTdHJpbmcg
ICAgfCBtaW4gICAgICAgICAgICAgICAgICAgIHwgICAgICAgICAgICAgICAgICAg
ICAgICAgICAgICAgICAgICAgICAgICAgICAgICAgICB8IOyImOyLoOyymElECQkJ
ICAgICAgICANDW1hbmdfdXNlcl90eXBlICB8IC9zZzpQQVlJTkYvTWFuYWdlci5J
bmZvLkRldGFpbHMvY2M6VXNlci5UeXBlLklkZW50aWZpZXIvSWRlbnRpZmllci5D
b250ZW50ICAgICAgICAgICAgICAgICAgICAgICAgICAgICAgICAgICAgICAgICAg
ICAgICAgICAgICAgICAgfCAzICAgIHwgU3RyaW5nICAgIHwgbWluICAgICAgICAg
ICAgICAgICAgICB8ICAgICAgICAgICAgICAgICAgICAgICAgICAgICAgICAgICAg
ICAgICAgICAgICAgICAgfCDsiJjsi6DssphUWVBFCSAgICAgICAgICAgICAgICAg
ICAgICAgIA==