IyAgICDri6jstpXrqoUgICAgIHwgICAgICAgIFhQYXRoICAgICAgICAgICAgICAg
ICAgICAgICAgICAgICAgICAgICAgICAgICAgICAgICAgICAgICAJCQkJICAgICAg
ICAgICAgICAgICAgICAgICAgICAgICAgICAgICAgIHwg6ri47J20IHwg7YOA7J6F
ICAgICAgfCDrsJjrs7Ug7Jes67aAIOuwjyDtlYTsiJjsl6zrtoAgIHwg67CY67O1
7Iuc7J6RIO2DnOq3uCAgICAgICAgICAgICAgICAgICAgICAgICAgICAgICAgICAg
ICB8IO2VreuqqSAgICAgICAgICAgDQojIEhFQUQgICAgICAgICAgICAgICAgICAg
ICAgICAgICAgICAgICAgICAgICAgICAgICAgICAgICAgICAgICAgICAgICAgICAg
ICAgICAgICAgICAgICAgICAgICAgICAgICAgICAgICAgICAgICAgICAgICAgICAg
ICAgICAgICAgICAgICAgICAgICAgICAgICAgICAgICAgICAgICAgICAgICAgICAg
ICAgICAgICAgICAgICAgICAgICAgICAgICAgICAgICAgICAgICAgICANCmhlYWRf
bWVzZ19zZW5kICB8IC9zZzpQUkVHVUEvSGVhZGVyLkRldGFpbHMvY2M6TWVzc2Fn
ZS5TZW5kZXIuSWRlbnRpZmllci9JZGVudGlmaWVyLkNvbnRlbnQgICAgICAgICAg
ICAgICAgICAgICAgICAgICAgICAgICAgICAgICAgICAgICAgICAgICAgICAgICAg
fCAxMyAgIHwgU3RyaW5nICAgIHwgbmVjZXNzYXJ5ICAgICAgICAgICAgICB8ICAg
ICAgICAgICAgICAgICAgICAgICAgICAgICAgICAgICAgICAgICAgICAgICAgICAg
fCDsoITrrLjshqHsi6DquLDqtIAJICAgICAgICAgIA0KaGVhZF9tZXNnX3JlY3Yg
IHwgL3NnOlBSRUdVQS9IZWFkZXIuRGV0YWlscy9jYzpNZXNzYWdlLlJlY2VpdmVy
LklkZW50aWZpZXIvSWRlbnRpZmllci5Db250ZW50ICAgICAgICAgICAgICAgICAg
ICAgICAgICAgICAgICAgICAgICAgICAgICAgICAgICAgICAgICB8IDEzICAgfCBT
dHJpbmcgICAgfCBuZWNlc3NhcnkgICAgICAgICAgICAgIHwgICAgICAgICAgICAg
ICAgICAgICAgICAgICAgICAgICAgICAgICAgICAgICAgICAgICB8IOyghOusuOyI
mOyLoOq4sOq0gAkgICAgICAgICAgDQpoZWFkX2Z1bmNfY29kZSAgfCAvc2c6UFJF
R1VBL0hlYWRlci5EZXRhaWxzL2NjOk1lc3NhZ2UuRnVuY3Rpb24uQ29kZS9Db2Rl
LkNvbnRlbnQgICAgICAgICAgICAgICAgICAgICAgICAgICAgICAgICAgICAgICAg
ICAgICAgICAgICAgICAgICAgICAgICAgICAgIHwgMiAgICB8IFN0cmluZyAgICB8
IG5lY2Vzc2FyeSAgICAgICAgICAgICAgfCAgICAgICAgICAgICAgICAgICAgICAg
ICAgICAgICAgICAgICAgICAgICAgICAgICAgIHwg66y47ISc6riw64qlCSAgICAg
ICAgICANCmhlYWRfbWVzZ190eXBlICB8IC9zZzpQUkVHVUEvSGVhZGVyLkRldGFp
bHMvY2M6TWVzc2FnZS5UeXBlLklkZW50aWZpZXIvSWRlbnRpZmllci5Db250ZW50
ICAgICAgICAgICAgICAgICAgICAgICAgICAgICAgICAgICAgICAgICAgICAgICAg
ICAgICAgICAgICAgfCA2ICAgIHwgU3RyaW5nICAgIHwgbmVjZXNzYXJ5ICAgICAg
ICAgICAgICB8ICAgICAgICAgICAgICAgICAgICAgICAgICAgICAgICAgICAgICAg
ICAgICAgICAgICAgfCDrrLjshJzsvZTrk5wJICAgICAgICAgIA0KaGVhZF9tZXNn
X25hbWUgIHwgL3NnOlBSRUdVQS9IZWFkZXIuRGV0YWlscy9jYzpNZXNzYWdlLk5h
bWUvVGV4dC5Db250ZW50ICAgICAgICAgICAgICAgICAgICAgICAgICAgICAgICAg
ICAgICAgICAgICAgICAgICAgICAgICAgICAgICAgICAgICAgICAgICAgICB8IDMw
ICAgfCBTdHJpbmcgICAgfCBuZWNlc3NhcnkgICAgICAgICAgICAgIHwgICAgICAg
ICAgICAgICAgICAgICAgICAgICAgICAgICAgICAgICAgICAgICAgICAgICB8IOus
uOyEnOuqhQkgICAgICAgICAgICAgICAgICANCmhlYWRfbWVzZ192ZXJzICB8IC9z
ZzpQUkVHVUEvSGVhZGVyLkRldGFpbHMvY2M6TWVzc2FnZS5WZXJzaW9uLlRleHQv
VGV4dC5Db250ZW50ICAgICAgICAgICAgICAgICAgICAgICAgICAgICAgICAgICAg
ICAgICAgICAgICAgICAgICAgICAgICAgICAgICAgICAgfCAxMCAgIHwgU3RyaW5n
ICAgIHwgbWluICAgICAgICAgICAgICAgICAgICB8ICAgICAgICAgICAgICAgICAg
ICAgICAgICAgICAgICAgICAgICAgICAgICAgICAgICAgfCDsoITsnpDrrLjshJzr
soTsoIQJICAgICAgICAgIA0KaGVhZF9kb2N1X251bWIgIHwgL3NnOlBSRUdVQS9I
ZWFkZXIuRGV0YWlscy9jYzpEb2N1bWVudC5OdW1iZXIuVGV4dC9UZXh0LkNvbnRl
bnQgICAgICAgICAgICAgICAgICAgICAgICAgICAgICAgICAgICAgICAgICAgICAg
ICAgICAgICAgICAgICAgICAgICAgICB8IDMwICAgfCBTdHJpbmcgICAgfCBuZWNl
c3NhcnkgICAgICAgICAgICAgIHwgICAgICAgICAgICAgICAgICAgICAgICAgICAg
ICAgICAgICAgICAgICAgICAgICAgICB8IOusuOyEnOuyiO2YuAkgICAgICAgICAg
DQpoZWFkX21hbmdfbnVtYiAgfCAvc2c6UFJFR1VBL0hlYWRlci5EZXRhaWxzL2Nj
OkRvY3VtZW50Lk1hbmFnZW1lbnROdW1iZXIuVGV4dC9UZXh0LkNvbnRlbnQgICAg
ICAgICAgICAgICAgICAgICAgICAgICAgICAgICAgICAgICAgICAgICAgICAgICAg
ICAgICAgIHwgNzAgICB8IFN0cmluZyAgICB8IG5lY2Vzc2FyeSAgICAgICAgICAg
ICAgfCAgICAgICAgICAgICAgICAgICAgICAgICAgICAgICAgICAgICAgICAgICAg
ICAgICAgIHwg66y47ISc6rSA66as67KI7Zi4CSAgICAgICAgICANCmhlYWRfcmVm
cl9udW1iICB8IC9zZzpQUkVHVUEvSGVhZGVyLkRldGFpbHMvY2M6RG9jdW1lbnQu
UmVmZXJlbmNlTnVtYmVyLlRleHQvVGV4dC5Db250ZW50ICAgICAgICAgICAgICAg
ICAgICAgICAgICAgICAgICAgICAgICAgICAgICAgICAgICAgICAgICAgICAgfCAz
MCAgIHwgU3RyaW5nICAgIHwgbmVjZXNzYXJ5ICAgICAgICAgICAgICB8ICAgICAg
ICAgICAgICAgICAgICAgICAgICAgICAgICAgICAgICAgICAgICAgICAgICAgfCDs
sLjsobDrsojtmLgJICAgICAgICAgIA0KaGVhZF90aXRsX25hbWUgIHwgL3NnOlBS
RUdVQS9IZWFkZXIuRGV0YWlscy9jYzpEb2N1bWVudC5UaXRsZS5OYW1lL1RleHQu
Q29udGVudCAgICAgICAgICAgICAgICAgICAgICAgICAgICAgICAgICAgICAgICAg
ICAgICAgICAgICAgICAgICAgICAgICAgICAgICB8IDMwICAgfCBTdHJpbmcgICAg
fCBuZWNlc3NhcnkgICAgICAgICAgICAgIHwgICAgICAgICAgICAgICAgICAgICAg
ICAgICAgICAgICAgICAgICAgICAgICAgICAgICB8IOusuOyEnOqwnOyalCAgICAg
ICAgICAgICAgICAgIA0KIyDrs7Tspp3quLDqtIAgICAgICAgICAgICAgICAgICAg
ICAgICAgICAgICAgICAgICAgICAgICAgICAgICAgICAgICAgICAgICAgICAgICAg
ICAgICAgICAgICAgICAgICAgICAgICAgICAgICAgICAgICAgICAgICAgICAgICAg
ICAgICAgICAgICAgICAgICAgICAgICAgICAgICAgICAgICAgICAgICAgICAgICAg
ICAgICAgICAgICAgICAgICAgICAgICAgICAgICAgICAgICAgICAgICAgICAgICAg
ICAgICAgICAgICAgICAgICAgICAgICAgDQpib25kX29yZ2FfbmFtZSAgfCAvc2c6
UFJFR1VBL0JvbmQuT3JnYW5pemF0aW9uLkRldGFpbHMvT3JnYW5pemF0aW9uLkRl
dGFpbHMvY2M6T3JnYW5pemF0aW9uLk5hbWUvVGV4dC5Db250ZW50ICAgICAgICAg
ICAgICAgICAgICAgICAgICAgICAgICAgICAgICAgIHwgMTAwICB8IFN0cmluZyAg
ICB8IG1pbiAgICAgICAgICAgICAgICAgICAgfCAgICAgICAgICAgICAgICAgICAg
ICAgICAgICAgICAgICAgICAgICAgICAgICAgICAgIHwg67O07Kad6riw6rSA66qF
ICAgIA0KYm9uZF9vcmdhX2lkZW4gIHwgL3NnOlBSRUdVQS9Cb25kLk9yZ2FuaXph
dGlvbi5EZXRhaWxzL09yZ2FuaXphdGlvbi5EZXRhaWxzL2NjOk9yZ2FuaXphdGlv
bi5JZGVudGlmaWVyL0lkZW50aWZpZXIuQ29udGVudCAgICAgICAgICAgICAgICAg
ICAgICAgICAgICB8IDEzICAgfCBTdHJpbmcgICAgfCBtaW4gICAgICAgICAgICAg
ICAgICAgIHwgICAgICAgICAgICAgICAgICAgICAgICAgICAgICAgICAgICAgICAg
ICAgICAgICAgICB8IEcyQuuTseuhney9lOuTnCAgIA0KYm9uZF9vcmdhX2FkZG4g
IHwgL3NnOlBSRUdVQS9Cb25kLk9yZ2FuaXphdGlvbi5EZXRhaWxzL09yZ2FuaXph
dGlvbi5EZXRhaWxzL2NjOk9yZ2FuaXphdGlvbi5BZGRpdGlvbmFsLklkZW50aWZp
ZXIvSWRlbnRpZmllci5Db250ZW50ICAgICAgICAgICAgICAgICB8IDEzICAgfCBT
dHJpbmcgICAgfCBtaW4gICAgICAgICAgICAgICAgICAgIHwgICAgICAgICAgICAg
ICAgICAgICAgICAgICAgICAgICAgICAgICAgICAgICAgICAgICB8IOyhsOuLrOyy
reuTseuhney9lOuTnA0KYm9uZF9vcmdhX2NlbyAgIHwgL3NnOlBSRUdVQS9Cb25k
Lk9yZ2FuaXphdGlvbi5EZXRhaWxzL09yZ2FuaXphdGlvbi5EZXRhaWxzL2NjOk9y
Z2FuaXphdGlvbi5DRU8uTmFtZS9UZXh0LkNvbnRlbnQgICAgICAgICAgICAgICAg
ICAgICAgICAgICAgICAgICAgICB8IDM1ICAgfCBTdHJpbmcgICAgfCBtaW4gICAg
ICAgICAgICAgICAgICAgIHwgICAgICAgICAgICAgICAgICAgICAgICAgICAgICAg
ICAgICAgICAgICAgICAgICAgICB8IOuMgO2RnOyekOyEseuqhSAgICANCiMg6rO1
6rO16riw6rSAICAgICAgICAgICAgICAgICAgICAgICAgICAgICAgICAgICAgICAg
ICAgICAgICAgICAgICAgICAgICAgICAgICAgICAgICAgICAgICAgICAgICAgICAg
ICAgICAgICAgICAgICAgICAgICAgICAgICAgICAgICAgICAgICAgICAgICAgICAg
ICAgICAgICAgICAgICAgICAgICAgICAgICAgICAgICAgICAgICAgICAgICAgICAg
ICAgICAgICAgICAgICAgICAgICAgICAgICAgICAgICAgICAgICAgICAgICAgICAg
ICAgIA0KZ292bl9vcmdhX25hbWUgIHwgL3NnOlBSRUdVQS9Hb3Zlcm5tZW50Lk9y
Z2FuaXphdGlvbi5EZXRhaWxzL09yZ2FuaXphdGlvbi5EZXRhaWxzL2NjOk9yZ2Fu
aXphdGlvbi5OYW1lL1RleHQuQ29udGVudCAgICAgICAgICAgICAgICAgICAgICAg
ICAgICAgICAgICB8IDEwMCAgfCBTdHJpbmcgICAgfCBtaW4gICAgICAgICAgICAg
ICAgICAgIHwgICAgICAgICAgICAgICAgICAgICAgICAgICAgICAgICAgICAgICAg
ICAgICAgICAgICB8IOqzteqzteq4sOq0gOuqhSAgICANCmdvdm5fb3JnYV9pZGVu
ICB8IC9zZzpQUkVHVUEvR292ZXJubWVudC5Pcmdhbml6YXRpb24uRGV0YWlscy9P
cmdhbml6YXRpb24uRGV0YWlscy9jYzpPcmdhbml6YXRpb24uSWRlbnRpZmllci9J
ZGVudGlmaWVyLkNvbnRlbnQgICAgICAgICAgICAgICAgICAgICAgfCAxMyAgIHwg
U3RyaW5nICAgIHwgbWluICAgICAgICAgICAgICAgICAgICB8ICAgICAgICAgICAg
ICAgICAgICAgICAgICAgICAgICAgICAgICAgICAgICAgICAgICAgfCBHMkLrk7Hr
oZ3svZTrk5wgICANCmdvdm5fb3JnYV9hZGRuICB8IC9zZzpQUkVHVUEvR292ZXJu
bWVudC5Pcmdhbml6YXRpb24uRGV0YWlscy9Pcmdhbml6YXRpb24uRGV0YWlscy9j
YzpPcmdhbml6YXRpb24uQWRkaXRpb25hbC5JZGVudGlmaWVyL0lkZW50aWZpZXIu
Q29udGVudCAgICAgICAgICAgfCAxMyAgIHwgU3RyaW5nICAgIHwgbWluICAgICAg
ICAgICAgICAgICAgICB8ICAgICAgICAgICAgICAgICAgICAgICAgICAgICAgICAg
ICAgICAgICAgICAgICAgICAgfCDsobDri6zssq3rk7HroZ3svZTrk5wNCmdvdm5f
b3ducl9uYW1lICB8IC9zZzpQUkVHVUEvR292ZXJubWVudC5Pcmdhbml6YXRpb24u
RGV0YWlscy9Pcmdhbml6YXRpb24uRGV0YWlscy9jYzpPcmdhbml6YXRpb24uQ0VP
Lk5hbWUvVGV4dC5Db250ZW50ICAgICAgICAgICAgICAgICAgICAgICAgICAgICAg
fCAzNSAgIHwgU3RyaW5nICAgIHwgbWluICAgICAgICAgICAgICAgICAgICB8ICAg
ICAgICAgICAgICAgICAgICAgICAgICAgICAgICAgICAgICAgICAgICAgICAgICAg
fCDrjIDtkZzsnpDshLHrqoUgICAgDQojIOyekeyEseydvOyekCAgICAgICAgICAg
ICAgICAgICAgICAgICAgICAgICAgICAgICAgICAgICAgICAgICAgICAgICAgICAg
ICAgICAgICAgICAgICAgICAgICAgICAgICAgICAgICAgICAgICAgICAgICAgICAg
ICAgICAgICAgICAgICAgICAgICAgICAgICAgICAgICAgICAgICAgICAgICAgICAg
ICAgICAgICAgICAgICAgICAgICAgICAgICAgICAgICAgICAgICAgICAgICAgICAg
ICAgICAgICAgICAgICAgICAgICAgICAgICAgICAgICANCmRvY3VfaXNzdV9kYXRl
ICB8IC9zZzpQUkVHVUEvY2M6RG9jdW1lbnQuSXNzdWUuRGF0ZS9EYXRlVGltZS5D
b250ZW50ICAgICAgICAgICAgICAgICAgICAgICAgICAgICAgICAgICAgICAgICAg
ICAgICAgICAgICAgICAgICAgICAgICAgICAgICAgICAgICAgICAgfCA4ICAgIHwg
U3RyaW5nICAgIHwgbWluICAgICAgICAgICAgICAgICAgICB8ICAgICAgICAgICAg
ICAgICAgICAgICAgICAgICAgICAgICAgICAgICAgICAgICAgICAgfCDsnpHshLHs
nbzsnpANCiMg7JeF66y06rWs67aEICAgICAgICAgICAgICAgICAgICAgICAgICAg
ICAgICAgICAgICAgICAgICAgICAgICAgICAgICAgICAgICAgICAgICAgICAgICAg
ICAgICAgICAgICAgICAgICAgICAgICAgICAgICAgICAgICAgICAgICAgICAgICAg
ICAgICAgICAgICAgICAgICAgICAgICAgICAgICAgICAgICAgICAgICAgICAgICAg
ICAgICAgICAgICAgICAgICAgICAgICAgICAgICAgICAgICAgICAgICAgICAgICAg
ICAgICAgICAgICAgICAgIA0KYnVzaV9jbGFzX2NvZGUgIHwgL3NnOlBSRUdVQS9j
YzpCdXNpbmVzcy5DbGFzc2lmaWNhdGlvbi5Db2RlL0NvZGUuQ29udGVudCAgICAg
ICAgICAgICAgICAgICAgICAgICAgICAgICAgICAgICAgICAgICAgICAgICAgICAg
ICAgICAgICAgICAgICAgICAgICAgICB8IDEgICAgfCBTdHJpbmcgICAgfCBtaW4g
ICAgICAgICAgICAgICAgICAgIHwgICAgICAgICAgICAgICAgICAgICAgICAgICAg
ICAgICAgICAgICAgICAgICAgICAgICB8IOyXheustOq1rOu2hOy9lOuTnAkJDQpi
dXNpX2NsYXNfbmFtZSAgfCAvc2c6UFJFR1VBL2NjOkJ1c2luZXNzLkNsYXNzaWZp
Y2F0aW9uLkNvZGUvQ29kZS5OYW1lICAgICAgICAgICAgICAgICAgICAgICAgICAg
ICAgICAgICAgICAgICAgICAgICAgICAgICAgICAgICAgICAgICAgICAgICAgICAg
ICAgIHwgMTAgICB8IFN0cmluZyAgICB8IG1pbiAgICAgICAgICAgICAgICAgICAg
fCAgICAgICAgICAgICAgICAgICAgICAgICAgICAgICAgICAgICAgICAgICAgICAg
ICAgIHwg7JeF66y06rWs67aE64K07JqpCQkNCiMg67O07Kad7IScKOymneq2jCnr
sojtmLggICAgICAgICAgICAgICAgICAgICAgICAgICAgICAgICAgICAgICAgICAg
ICAgICAgICAgICAgICAgICAgICAgICAgICAgICAgICAgICAgICAgICAgICAgICAg
ICAgICAgICAgICAgICAgICAgICAgICAgICAgICAgICAgICAgICAgICAgICAgICAg
ICAgICAgICAgICAgICAgICAgICAgICAgICAgICAgICAgICAgICAgICAgICAgICAg
ICAgICAgICAgICAgICAgICAgICAgICAgICAgICAgICAgICAgICAgIA0KYm9uZF9u
dW1iX3RleHQgIHwgL3NnOlBSRUdVQS9jYzpHdWFyYW50ZWUuRG9jdW1lbnROdW1i
ZXIuVGV4dC9UZXh0LkNvbnRlbnQgICAgICAgICAgICAgICAgICAgICAgICAgICAg
ICAgICAgICAgICAgICAgICAgICAgICAgICAgICAgICAgICAgICAgICAgICAgICB8
IDMwICAgfCBTdHJpbmcgICAgfCBtaW4gICAgICAgICAgICAgICAgICAgIHwgICAg
ICAgICAgICAgICAgICAgICAgICAgICAgICAgICAgICAgICAgICAgICAgICAgICB8
IOuztOymneyEnCjspp3qtowp67KI7Zi4DQojIOuztOymneuCtOyaqSAgICAgICAg
ICAgICAgICAgICAgICAgICAgICAgICAgICAgICAgICAgICAgICAgICAgICAgICAg
ICAgICAgICAgICAgICAgICAgICAgICAgICAgICAgICAgICAgICAgICAgICAgICAg
ICAgICAgICAgICAgICAgICAgICAgICAgICAgICAgICAgICAgICAgICAgICAgICAg
ICAgICAgICAgICAgICAgICAgICAgICAgICAgICAgICAgICAgICAgICAgICAgICAg
ICAgICAgICAgICAgICAgICAgICAgICAgICAgICAgICAgICANCmJvbmRfcGVubF90
ZXh0ICB8IC9zZzpQUkVHVUEvQm9uZC5JbmZvcm1hdGlvbi5EZXRhaWxzL2NjOkd1
YXJhbnRlZS5BbW91bnQuVGV4dC9UZXh0LkNvbnRlbnQgICAgICAgICAgICAgICAg
ICAgICAgICAgICAgICAgICAgICAgICAgICAgICAgICAgICAgICAgICAgfCAxMDAg
IHwgU3RyaW5nICAgIHwgbWluICAgICAgICAgICAgICAgICAgICB8ICAgICAgICAg
ICAgICAgICAgICAgICAgICAgICAgICAgICAgICAgICAgICAgICAgICAgfCDrs7Ts
pp3quIjslaEo7ZWc6riAKQkgICAgICAgICAgICAgICAgDQpib25kX3BlbmxfYW1u
dCAgfCAvc2c6UFJFR1VBL0JvbmQuSW5mb3JtYXRpb24uRGV0YWlscy9jYzpHdWFy
YW50ZWUuQW1vdW50L0Ftb3VudC5Db250ZW50ICAgICAgICAgICAgICAgICAgICAg
ICAgICAgICAgICAgICAgICAgICAgICAgICAgICAgICAgICAgICAgIHwgMTUgICB8
IERlY2ltYWwgICB8IG1pbiAgICAgICAgICAgICAgICAgICAgfCAgICAgICAgICAg
ICAgICAgICAgICAgICAgICAgICAgICAgICAgICAgICAgICAgICAgIHwg67O07Kad
6riI7JWhKOyIq+yekCkJICAgICAgICAgICAgICAgIA0KcGVubF9jdXJjX2NvZGUg
IHwgL3NnOlBSRUdVQS9Cb25kLkluZm9ybWF0aW9uLkRldGFpbHMvY2M6R3VhcmFu
dGVlLkFtb3VudC9BbW91bnRDdXJyZW5jeS5JZGVudGlmaWNhdGlvbi5Db2RlICAg
ICAgICAgICAgICAgICAgICAgICAgICAgICAgICAgICAgICAgICB8IDMgICAgfCBT
dHJpbmcgICAgfCBtaW4gICAgICAgICAgICAgICAgICAgIHwgICAgICAgICAgICAg
ICAgICAgICAgICAgICAgICAgICAgICAgICAgICAgICAgICAgICB8IOuztOymneq4
iOyVoS/thrXtmZTsvZTrk5wJICAgICAgICANCmJvbmRfYmVnbl9kYXRlICB8IC9z
ZzpQUkVHVUEvQm9uZC5JbmZvcm1hdGlvbi5EZXRhaWxzL2NjOkd1YXJhbnRlZS5T
dGFydC5EYXRlL0RhdGVUaW1lLkNvbnRlbnQgICAgICAgICAgICAgICAgICAgICAg
ICAgICAgICAgICAgICAgICAgICAgICAgICAgICAgICAgfCA4ICAgIHwgU3RyaW5n
ICAgIHwgbWluICAgICAgICAgICAgICAgICAgICB8ICAgICAgICAgICAgICAgICAg
ICAgICAgICAgICAgICAgICAgICAgICAgICAgICAgICAgfCDrs7Tspp3si5zsnpHs
nbwJICAgICAgICAgICAgICAgIA0KYm9uZF9mbnNoX2RhdGUgIHwgL3NnOlBSRUdV
QS9Cb25kLkluZm9ybWF0aW9uLkRldGFpbHMvY2M6R3VhcmFudGVlLkVuZC5EYXRl
L0RhdGVUaW1lLkNvbnRlbnQgICAgICAgICAgICAgICAgICAgICAgICAgICAgICAg
ICAgICAgICAgICAgICAgICAgICAgICAgICB8IDggICAgfCBTdHJpbmcgICAgfCBt
aW4gICAgICAgICAgICAgICAgICAgIHwgICAgICAgICAgICAgICAgICAgICAgICAg
ICAgICAgICAgICAgICAgICAgICAgICAgICB8IOuztOymneunjOujjOydvAkgICAg
ICAgICAgICAgICAgDQpib25kX3ByZW1fYW1udCAgfCAvc2c6UFJFR1VBL0JvbmQu
SW5mb3JtYXRpb24uRGV0YWlscy9jYzpJbnN1cmFuY2UuQW1vdW50L0Ftb3VudC5D
b250ZW50ICAgICAgICAgICAgICAgICAgICAgICAgICAgICAgICAgICAgICAgICAg
ICAgICAgICAgICAgICAgICAgIHwgMTUgICB8IFN0cmluZyAgICB8IG1pbiAgICAg
ICAgICAgICAgICAgICAgfCAgICAgICAgICAgICAgICAgICAgICAgICAgICAgICAg
ICAgICAgICAgICAgICAgICAgIHwg67O07ZeY66OMCSAgICAgICAgICAgICAgICAg
ICAgICAgIA0KcHJlbV9jdXJjX2NvZGUgIHwgL3NnOlBSRUdVQS9Cb25kLkluZm9y
bWF0aW9uLkRldGFpbHMvY2M6SW5zdXJhbmNlLkFtb3VudC9BbW91bnRDdXJyZW5j
eS5JZGVudGlmaWNhdGlvbi5Db2RlICAgICAgICAgICAgICAgICAgICAgICAgICAg
ICAgICAgICAgICAgICB8IDMgICAgfCBTdHJpbmcgICAgfCBtaW4gICAgICAgICAg
ICAgICAgICAgIHwgICAgICAgICAgICAgICAgICAgICAgICAgICAgICAgICAgICAg
ICAgICAgICAgICAgICB8IOuztO2XmOujjC/thrXtmZTsvZTrk5wJICAgICAgICAg
ICAgICAgIA0KYm9uZF9wcmljX3JhdGUgIHwgL3NnOlBSRUdVQS9Cb25kLkluZm9y
bWF0aW9uLkRldGFpbHMvY2M6R3VhcmFudGVlLlByaWNlLlJhdGUvTnVtZXJpYy5D
b250ZW50ICAgICAgICAgICAgICAgICAgICAgICAgICAgICAgICAgICAgICAgICAg
ICAgICAgICAgICAgICB8IDYgICAgfCBTdHJpbmcgICAgfCBtaW4gICAgICAgICAg
ICAgICAgICAgIHwgICAgICAgICAgICAgICAgICAgICAgICAgICAgICAgICAgICAg
ICAgICAgICAgICAgICB8IOuztOymneq4iOycqAkgICAgICAgICAgICAgICAgDQph
cHBsX29yZ2FfbmFtZSAgfCAvc2c6UFJFR1VBL0JvbmQuSW5mb3JtYXRpb24uRGV0
YWlscy9XYXJyYW50ZWVyLkRldGFpbHMvY2M6T3JnYW5pemF0aW9uLk5hbWUvVGV4
dC5Db250ZW50ICAgICAgICAgICAgICAgICAgICAgICAgICAgICAgICAgICAgICAg
ICAgIHwgMTAwICB8IFN0cmluZyAgICB8IG1pbiAgICAgICAgICAgICAgICAgICAg
fCAgICAgICAgICAgICAgICAgICAgICAgICAgICAgICAgICAgICAgICAgICAgICAg
ICAgIHwg6rOE7JW97J6QL+yDge2YuCAgICAgICAgICAgICAgICAgICAgIA0KYXBw
bF9vcnBzX2RpdnMgIHwgL3NnOlBSRUdVQS9Cb25kLkluZm9ybWF0aW9uLkRldGFp
bHMvV2FycmFudGVlci5EZXRhaWxzL2NjOk9yZ2FuaXphdGlvbk9yUGVyc29uLklk
ZW50aWZpZXIuSW5kaWNhdG9yL0luZGljYXRvci5Db250ZW50ICAgICAgICAgICAg
ICB8IDEzICAgfCBTdHJpbmcgICAgfCBtaW4gICAgICAgICAgICAgICAgICAgIHwg
ICAgICAgICAgICAgICAgICAgICAgICAgICAgICAgICAgICAgICAgICAgICAgICAg
ICB8IOqzhOyVveyekC/sgqzsl4XsnpAv7KO866+865Ox66Gd67KI7Zi46rWs67aE
CQ0KYXBwbF9vcnBzX2lkZW4gIHwgL3NnOlBSRUdVQS9Cb25kLkluZm9ybWF0aW9u
LkRldGFpbHMvV2FycmFudGVlci5EZXRhaWxzL2NjOk9yZ2FuaXphdGlvbk9yUGVy
c29uLklkZW50aWZpZXIvSWRlbnRpZmllci5Db250ZW50ICAgICAgICAgICAgICAg
ICAgICAgICB8IDEzICAgfCBTdHJpbmcgICAgfCBtaW4gICAgICAgICAgICAgICAg
ICAgIHwgICAgICAgICAgICAgICAgICAgICAgICAgICAgICAgICAgICAgICAgICAg
ICAgICAgICB8IOqzhOyVveyekC/sgqzsl4XsnpAv7KO866+865Ox66Gd67KI7Zi4
ICAgICAgDQphcHBsX293bnJfbmFtZSAgfCAvc2c6UFJFR1VBL0JvbmQuSW5mb3Jt
YXRpb24uRGV0YWlscy9XYXJyYW50ZWVyLkRldGFpbHMvY2M6T3JnYW5pemF0aW9u
LkNFTy5OYW1lL1RleHQuQ29udGVudCAgICAgICAgICAgICAgICAgICAgICAgICAg
ICAgICAgICAgICAgIHwgMjAgICB8IFN0cmluZyAgICB8IG1pbiAgICAgICAgICAg
ICAgICAgICAgfCAgICAgICAgICAgICAgICAgICAgICAgICAgICAgICAgICAgICAg
ICAgICAgICAgICAgIHwg6rOE7JW97J6QL+uMgO2RnOyekOyEseuqhSAgICAgICAg
ICAgICAgIA0KY3JlZF9vcmdhX25hbWUgIHwgL3NnOlBSRUdVQS9Cb25kLkluZm9y
bWF0aW9uLkRldGFpbHMvQ3JlZGl0b3IuRGV0YWlscy9jYzpPcmdhbml6YXRpb24u
TmFtZS9UZXh0LkNvbnRlbnQgICAgICAgICAgICAgICAgICAgICAgICAgICAgICAg
ICAgICAgICAgICAgICB8IDEwMCAgfCBTdHJpbmcgICAgfCBtaW4gICAgICAgICAg
ICAgICAgICAgIHwgICAgICAgICAgICAgICAgICAgICAgICAgICAgICAgICAgICAg
ICAgICAgICAgICAgICB8IOyxhOq2jOyekC/quLDqtIDrqoUgICAgICAgICAgICAg
ICAgICAgDQpjcmVkX29ycHNfZGl2cyAgfCAvc2c6UFJFR1VBL0JvbmQuSW5mb3Jt
YXRpb24uRGV0YWlscy9DcmVkaXRvci5EZXRhaWxzL2NjOk9yZ2FuaXphdGlvbk9y
UGVyc29uLklkZW50aWZpZXIuSW5kaWNhdG9yL0luZGljYXRvci5Db250ZW50ICAg
ICAgICAgICAgICAgIHwgMTMgICB8IFN0cmluZyAgICB8IG1pbiAgICAgICAgICAg
ICAgICAgICAgfCAgICAgICAgICAgICAgICAgICAgICAgICAgICAgICAgICAgICAg
ICAgICAgICAgICAgIHwg7LGE6raM7J6QL+yCrOyXheyekC/so7zrr7zrk7HroZ3r
sojtmLjqtazrtoQgIA0KY3JlZF9vcnBzX2lkZW4gIHwgL3NnOlBSRUdVQS9Cb25k
LkluZm9ybWF0aW9uLkRldGFpbHMvQ3JlZGl0b3IuRGV0YWlscy9jYzpPcmdhbml6
YXRpb25PclBlcnNvbi5JZGVudGlmaWVyL0lkZW50aWZpZXIuQ29udGVudCAgICAg
ICAgICAgICAgICAgICAgICAgICB8IDEzICAgfCBTdHJpbmcgICAgfCBtaW4gICAg
ICAgICAgICAgICAgICAgIHwgICAgICAgICAgICAgICAgICAgICAgICAgICAgICAg
ICAgICAgICAgICAgICAgICAgICB8IOyxhOq2jOyekC/sgqzsl4XsnpAv7KO866+8
65Ox66Gd67KI7Zi4ICAgICAgDQpib25kX2hvbGRfbmFtZSAgfCAvc2c6UFJFR1VB
L0JvbmQuSW5mb3JtYXRpb24uRGV0YWlscy9DcmVkaXRvci5EZXRhaWxzL2NjOk9y
Z2FuaXphdGlvbi5Cb25kaG9sZGVyLk5hbWUvVGV4dC5Db250ZW50ICAgICAgICAg
ICAgICAgICAgICAgICAgICAgICAgICAgICAgIHwgMjAgICB8IFN0cmluZyAgICB8
IG1pbiAgICAgICAgICAgICAgICAgICAgfCAgICAgICAgICAgICAgICAgICAgICAg
ICAgICAgICAgICAgICAgICAgICAgICAgICAgIHwg7LGE6raM7J6QL+yxhOq2jOye
kOuqhSAgICAgICAgICAgICAgICAgDQojIOuztOymneqzhOyVvSjso7zqs4Tslb0p
ICAgICAgICAgICAgICAgICAgICAgICAgICAgICAgICAgICAgICAgICAgICAgICAg
ICAgICAgICAgICAgICAgICAgICAgICAgICAgICAgICAgICAgICAgICAgICAgICAg
ICAgICAgICAgICAgICAgICAgICAgICAgICAgICAgICAgICAgICAgICAgICAgICAg
ICAgICAgICAgICAgICAgICAgICAgICAgICAgICAgICAgICAgICAgICAgICAgICAg
ICAgICAgICAgICAgICAgICAgICAgICAgICAgICAgICAgICANCmNvbnRfbmFtZV90
ZXh0ICB8IC9zZzpQUkVHVUEvQm9uZC5NYWluQ29udHJhY3QuRGV0YWlscy9jYzpD
b250cmFjdC5OYW1lLlRleHQvVGV4dC5Db250ZW50ICAgICAgICAgICAgICAgICAg
ICAgICAgICAgICAgICAgICAgICAgICAgICAgICAgICAgICAgICAgICAgfCAxMDAg
IHwgU3RyaW5nICAgIHwgbWluICAgICAgICAgICAgICAgICAgICB8ICAgICAgICAg
ICAgICAgICAgICAgICAgICAgICAgICAgICAgICAgICAgICAgICAgICAgfCDqs4Ts
lb3qsbTrqoUJICAgICAgICANCmNvbnRfbWFpbl9hbW50ICB8IC9zZzpQUkVHVUEv
Qm9uZC5NYWluQ29udHJhY3QuRGV0YWlscy9jYzpDb250cmFjdC5BbW91bnQvQW1v
dW50LkNvbnRlbnQgICAgICAgICAgICAgICAgICAgICAgICAgICAgICAgICAgICAg
ICAgICAgICAgICAgICAgICAgICAgICAgfCAxNSAgIHwgRGVjaW1hbCAgIHwgbWlu
ICAgICAgICAgICAgICAgICAgICB8ICAgICAgICAgICAgICAgICAgICAgICAgICAg
ICAgICAgICAgICAgICAgICAgICAgICAgfCDqs4Tslb3quIjslaEJICAgICAgICAN
CmNvbnRfY3VyY19jb2RlICB8IC9zZzpQUkVHVUEvQm9uZC5NYWluQ29udHJhY3Qu
RGV0YWlscy9jYzpDb250cmFjdC5BbW91bnQvQW1vdW50Q3VycmVuY3kuSWRlbnRp
ZmljYXRpb24uQ29kZSAgICAgICAgICAgICAgICAgICAgICAgICAgICAgICAgICAg
ICAgICAgfCAzICAgIHwgU3RyaW5nICAgIHwgbWluICAgICAgICAgICAgICAgICAg
ICB8ICAgICAgICAgICAgICAgICAgICAgICAgICAgICAgICAgICAgICAgICAgICAg
ICAgICAgfCDqs4Tslb3quIjslaEv7Ya17ZmU7L2U65OcCQ0KY29udF9udW1iX3Rl
eHQgIHwgL3NnOlBSRUdVQS9Cb25kLk1haW5Db250cmFjdC5EZXRhaWxzL2NjOkNv
bnRyYWN0Lk51bWJlci5UZXh0L1RleHQuQ29udGVudCAgICAgICAgICAgICAgICAg
ICAgICAgICAgICAgICAgICAgICAgICAgICAgICAgICAgICAgICAgICB8IDMwICAg
fCBTdHJpbmcgICAgfCBtaW4gICAgICAgICAgICAgICAgICAgIHwgICAgICAgICAg
ICAgICAgICAgICAgICAgICAgICAgICAgICAgICAgICAgICAgICAgICB8IOqzhOyV
veuyiO2YuAkgICAgICAgIA0KY29udF9tYWluX2RhdGUgIHwgL3NnOlBSRUdVQS9C
b25kLk1haW5Db250cmFjdC5EZXRhaWxzL2NjOkNvbnRyYWN0LkRhdGUvRGF0ZVRp
bWUuQ29udGVudCAgICAgICAgICAgICAgICAgICAgICAgICAgICAgICAgICAgICAg
ICAgICAgICAgICAgICAgICAgICAgICB8IDggICAgfCBTdHJpbmcgICAgfCBtaW4g
ICAgICAgICAgICAgICAgICAgIHwgICAgICAgICAgICAgICAgICAgICAgICAgICAg
ICAgICAgICAgICAgICAgICAgICAgICB8IOqzhOyVveydvOyekAkgICAgICAgIA0K
Y29udF9iZWduX2RhdGUgIHwgL3NnOlBSRUdVQS9Cb25kLk1haW5Db250cmFjdC5E
ZXRhaWxzL0NvbnRyYWN0LlBlcmlvZC5EZXRhaWxzL2NjOkNvbnRyYWN0LlN0YXJ0
LkRhdGUvRGF0ZVRpbWUuQ29udGVudCAgICAgICAgICAgICAgICAgICAgICAgICAg
ICAgICB8IDggICAgfCBTdHJpbmcgICAgfCBtaW4gICAgICAgICAgICAgICAgICAg
IHwgICAgICAgICAgICAgICAgICAgICAgICAgICAgICAgICAgICAgICAgICAgICAg
ICAgICB8IOqzhOyVveq4sOqwhC/qs4Tslb3si5zsnpHsnbwgICAgIA0KY29udF9m
bnNoX2RhdGUgIHwgL3NnOlBSRUdVQS9Cb25kLk1haW5Db250cmFjdC5EZXRhaWxz
L0NvbnRyYWN0LlBlcmlvZC5EZXRhaWxzL2NjOkNvbnRyYWN0LkVuZC5EYXRlL0Rh
dGVUaW1lLkNvbnRlbnQgICAgICAgICAgICAgICAgICAgICAgICAgICAgICAgICB8
IDggICAgfCBTdHJpbmcgICAgfCBtaW4gICAgICAgICAgICAgICAgICAgIHwgICAg
ICAgICAgICAgICAgICAgICAgICAgICAgICAgICAgICAgICAgICAgICAgICAgICB8
IOqzhOyVveq4sOqwhC/qs4Tslb3rp4zro4zsnbwgICAgIA0KIyDrtoDsiJjqs4Ts
lb0gICAgICAgICAgICAgICAgICAgICAgICAgICAgICAgICAgICAgICAgICAgICAg
ICAgICAgICAgICAgICAgICAgICAgICAgICAgICAgICAgICAgICAgICAgICAgICAg
ICAgICAgICAgICAgICAgICAgICAgICAgICAgICAgICAgICAgICAgICAgICAgICAg
ICAgICAgICAgICAgICAgICAgICAgICAgICAgICAgICAgICAgICAgICAgICAgICAg
ICAgICAgICAgICAgICAgICAgICAgICAgICAgICAgICAgICAgICAgICAgICAgDQpj
b250X3BheW1fYW1udCAgfCAvc2c6UFJFR1VBL0JvbmQuU3ViQ29udHJhY3QuRGV0
YWlscy9jYzpQcmVwYXltZW50LkFtb3VudC9BbW91bnQuQ29udGVudCAgICAgICAg
ICAgICAgICAgICAgICAgICAgICAgICAgICAgICAgICAgICAgICAgICAgICAgICAg
ICAgIHwgMTUgICB8IERlY2ltYWwgICB8IG1pbiAgICAgICAgICAgICAgICAgICAg
fCAgICAgICAgICAgICAgICAgICAgICAgICAgICAgICAgICAgICAgICAgICAgICAg
ICAgIHwg7ISg6riI7JWhCSAgICAgICAgDQpwYXltX2N1cmNfY29kZSAgfCAvc2c6
UFJFR1VBL0JvbmQuU3ViQ29udHJhY3QuRGV0YWlscy9jYzpQcmVwYXltZW50LkFt
b3VudC9BbW91bnRDdXJyZW5jeS5JZGVudGlmaWNhdGlvbi5Db2RlICAgICAgICAg
ICAgICAgICAgICAgICAgICAgICAgICAgICAgICAgIHwgMyAgICB8IFN0cmluZyAg
ICB8IG1pbiAgICAgICAgICAgICAgICAgICAgfCAgICAgICAgICAgICAgICAgICAg
ICAgICAgICAgICAgICAgICAgICAgICAgICAgICAgIHwg7ISg6riI7JWhL+2Gte2Z
lOy9lOuTnAkNCmNvbnRfcGF5bV9kYXRlICB8IC9zZzpQUkVHVUEvQm9uZC5TdWJD
b250cmFjdC5EZXRhaWxzL2NjOlBheW1lbnQuUHJvY2Vzc2luZy5EYXRlL0RhdGVU
aW1lLkNvbnRlbnQgICAgICAgICAgICAgICAgICAgICAgICAgICAgICAgICAgICAg
ICAgICAgICAgICAgICAgfCA4ICAgIHwgU3RyaW5nICAgIHwgbWluICAgICAgICAg
ICAgICAgICAgICB8ICAgICAgICAgICAgICAgICAgICAgICAgICAgICAgICAgICAg
ICAgICAgICAgICAgICAgfCDsp4DquInsmIjsoJXsnbwJDQpjb250X3BlcmZfZGF0
ZSAgfCAvc2c6UFJFR1VBL0JvbmQuU3ViQ29udHJhY3QuRGV0YWlscy9jYzpDb250
cmFjdC5QZXJmb3JtLkRhdGUvRGF0ZVRpbWUuQ29udGVudCAgICAgICAgICAgICAg
ICAgICAgICAgICAgICAgICAgICAgICAgICAgICAgICAgICAgICAgIHwgOCAgICB8
IFN0cmluZyAgICB8IG1pbiAgICAgICAgICAgICAgICAgICAgfCAgICAgICAgICAg
ICAgICAgICAgICAgICAgICAgICAgICAgICAgICAgICAgICAgICAgIHwg6rOE7JW9
7J207ZaJ6riw7J28CQ0KIyDtirnquLDsgqztla0gICAgICAgICAgICAgICAgICAg
ICAgICAgICAgICAgICAgICAgICAgICAgICAgICAgICAgICAgICAgICAgICAgICAg
ICAgICAgICAgICAgICAgICAgICAgICAgICAgICAgICAgICAgICAgICAgICAgICAg
ICAgICAgICAgICAgICAgICAgICAgICAgICAgICAgICAgICAgICAgICAgICAgICAg
ICAgICAgICAgICAgICAgICAgICAgICAgICAgICAgICAgICAgICAgICAgICAgICAg
ICAgICAgICAgICAgICAgICAgICAgICAgDQpzcGNsX2NvbmRfdGV4dCAgfCAvc2c6
UFJFR1VBL2NjOlNwZWNpYWxDb25kaXRpb24uVGV4dC9UZXh0LkNvbnRlbnQgICAg
ICAgICAgICAgICAgICAgICAgICAgICAgICAgICAgICAgICAgICAgICAgICAgICAg
ICAgICAgICAgICAgICAgICAgICAgICAgICAgICAgIHwgNTAwICB8IFN0cmluZyAg
ICB8IG1pbiAgICAgICAgICAgICAgICAgICAgfCAgICAgICAgICAgICAgICAgICAg
ICAgICAgICAgICAgICAgICAgICAgICAgICAgICAgIHwg7Yq56riw7IKs7ZWtDQoj
IO2KueuzhOyVveq0gCAgICAgICAgICAgICAgICAgICAgICAgICAgICAgICAgICAg
ICAgICAgICAgICAgICAgICAgICAgICAgICAgICAgICAgICAgICAgICAgICAgICAg
ICAgICAgICAgICAgICAgICAgICAgICAgICAgICAgICAgICAgICAgICAgICAgICAg
ICAgICAgICAgICAgICAgICAgICAgICAgICAgICAgICAgICAgICAgICAgICAgICAg
ICAgICAgICAgICAgICAgICAgICAgICAgICAgICAgICAgICAgICAgICAgICAgICAg
ICAgICAgICANCnNwY2xfcHJvdl90ZXh0ICB8IC9zZzpQUkVHVUEvY2M6U3BlY2lh
bFByb3Zpc2lvbi5UZXh0L1RleHQuQ29udGVudCAgICAgICAgICAgICAgICAgICAg
ICAgICAgICAgICAgICAgICAgICAgICAgICAgICAgICAgICAgICAgICAgICAgICAg
ICAgICAgICAgICAgICAgICAgfCAyMDAgIHwgU3RyaW5nICAgIHwgbWluICAgICAg
ICAgICAgICAgICAgICB8ICAgICAgICAgICAgICAgICAgICAgICAgICAgICAgICAg
ICAgICAgICAgICAgICAgICAgfCDtirnrs4Tslb3qtIANCiMg67O07Kad66y4ICAg
ICAgICAgICAgICAgICAgICAgICAgICAgICAgICAgICAgICAgICAgICAgICAgICAg
ICAgICAgICAgICAgICAgICAgICAgICAgICAgICAgICAgICAgICAgICAgICAgICAg
ICAgICAgICAgICAgICAgICAgICAgICAgICAgICAgICAgICAgICAgICAgICAgICAg
ICAgICAgICAgICAgICAgICAgICAgICAgICAgICAgICAgICAgICAgICAgICAgICAg
ICAgICAgICAgICAgICAgICAgICAgICAgICAgICAgICAgICAgICAgICAgDQpib25k
X3N0YXRfdGV4dCAgfCAvc2c6UFJFR1VBL2NjOkd1YXJhbnRlZS5TdGF0ZW1lbnQu
VGV4dC9UZXh0LkNvbnRlbnQgICAgICAgICAgICAgICAgICAgICAgICAgICAgICAg
ICAgICAgICAgICAgICAgICAgICAgICAgICAgICAgICAgICAgICAgICAgICAgICAg
IHwgMTAwICB8IFN0cmluZyAgICB8IG1pbiAgICAgICAgICAgICAgICAgICAgfCAg
ICAgICAgICAgICAgICAgICAgICAgICAgICAgICAgICAgICAgICAgICAgICAgICAg
IHwg67O07Kad66y4DQojIOuwnO2WieyekCAgICAgICAgICAgICAgICAgICAgICAg
ICAgICAgICAgICAgICAgICAgICAgICAgICAgICAgICAgICAgICAgICAgICAgICAg
ICAgICAgICAgICAgICAgICAgICAgICAgICAgICAgICAgICAgICAgICAgICAgICAg
ICAgICAgICAgICAgICAgICAgICAgICAgICAgICAgICAgICAgICAgICAgICAgICAg
ICAgICAgICAgICAgICAgICAgICAgICAgICAgICAgICAgICAgICAgICAgICAgICAg
ICAgICAgICAgICAgICAgICAgICAgIA0KaXNzdV9hZGRyX3R4dDEgIHwgL3NnOlBS
RUdVQS9Jc3N1ZXIuRGV0YWlscy9jYzpBZGRyZXNzLkxpbmUxLlRleHQvVGV4dC5D
b250ZW50ICAgICAgICAgICAgICAgICAgICAgICAgICAgICAgICAgICAgICAgICAg
ICAgICAgICAgICAgICAgICAgICAgICAgICAgICB8IDEwMCAgfCBTdHJpbmcgICAg
fCBtaW4gICAgICAgICAgICAgICAgICAgIHwgICAgICAgICAgICAgICAgICAgICAg
ICAgICAgICAgICAgICAgICAgICAgICAgICAgICB8IOyjvOyGjDEJICAgICAgICAg
ICANCmlzc3VfYWRkcl90eHQyICB8IC9zZzpQUkVHVUEvSXNzdWVyLkRldGFpbHMv
Y2M6QWRkcmVzcy5MaW5lMi5UZXh0L1RleHQuQ29udGVudCAgICAgICAgICAgICAg
ICAgICAgICAgICAgICAgICAgICAgICAgICAgICAgICAgICAgICAgICAgICAgICAg
ICAgICAgICAgfCAxMDAgIHwgU3RyaW5nICAgIHwgbWluICAgICAgICAgICAgICAg
ICAgICB8ICAgICAgICAgICAgICAgICAgICAgICAgICAgICAgICAgICAgICAgICAg
ICAgICAgICAgfCDso7zshowyCSAgICAgICAgICAgDQppc3N1X29yZ2FfbmFtZSAg
fCAvc2c6UFJFR1VBL0lzc3Vlci5EZXRhaWxzL2NjOk9yZ2FuaXphdGlvbi5OYW1l
L1RleHQuQ29udGVudCAgICAgICAgICAgICAgICAgICAgICAgICAgICAgICAgICAg
ICAgICAgICAgICAgICAgICAgICAgICAgICAgICAgICAgICAgIHwgMTAwICB8IFN0
cmluZyAgICB8IG1pbiAgICAgICAgICAgICAgICAgICAgfCAgICAgICAgICAgICAg
ICAgICAgICAgICAgICAgICAgICAgICAgICAgICAgICAgICAgIHwg7IOB7Zi4CSAg
ICAgICAgICAgDQppc3N1X293bnJfbmFtZSAgfCAvc2c6UFJFR1VBL0lzc3Vlci5E
ZXRhaWxzL2NjOk9yZ2FuaXphdGlvbi5DRU8uTmFtZS9UZXh0LkNvbnRlbnQgICAg
ICAgICAgICAgICAgICAgICAgICAgICAgICAgICAgICAgICAgICAgICAgICAgICAg
ICAgICAgICAgICAgICAgIHwgMjAgICB8IFN0cmluZyAgICB8IG1pbiAgICAgICAg
ICAgICAgICAgICAgfCAgICAgICAgICAgICAgICAgICAgICAgICAgICAgICAgICAg
ICAgICAgICAgICAgICAgIHwg64yA7ZGc7J6Q7ISx66qFCSAgIA0KaXNzdV9kZXB0
X25hbWUgIHwgL3NnOlBSRUdVQS9Jc3N1ZXIuRGV0YWlscy9BZ2VuY3kuRGV0YWls
cy9jYzpEZXBhcnRtZW50Lk5hbWUvVGV4dC5Db250ZW50ICAgICAgICAgICAgICAg
ICAgICAgICAgICAgICAgICAgICAgICAgICAgICAgICAgICAgICAgICAgICB8IDMw
ICAgfCBTdHJpbmcgICAgfCBtaW4gICAgICAgICAgICAgICAgICAgIHwgICAgICAg
ICAgICAgICAgICAgICAgICAgICAgICAgICAgICAgICAgICAgICAgICAgICB8IOuM
gOumrOyduC/rtoDshJwo64yA66as7KCQKQ0KaXNzdV9kZXB0X293bnIgIHwgL3Nn
OlBSRUdVQS9Jc3N1ZXIuRGV0YWlscy9BZ2VuY3kuRGV0YWlscy9jYzpFbXBsb3ll
ZS5OYW1lL1RleHQuQ29udGVudCAgICAgICAgICAgICAgICAgICAgICAgICAgICAg
ICAgICAgICAgICAgICAgICAgICAgICAgICAgICAgICB8IDIwICAgfCBTdHJpbmcg
ICAgfCBtaW4gICAgICAgICAgICAgICAgICAgIHwgICAgICAgICAgICAgICAgICAg
ICAgICAgICAgICAgICAgICAgICAgICAgICAgICAgICB8IOuMgOumrOyduC/shLHr
qoUgICAgICAgIA0KY2hyZ19uYW1lX3RleHQgIHwgL3NnOlBSRUdVQS9Jc3N1ZXIu
RGV0YWlscy9DaGFyZ2UuUGVyc29uLkRldGFpbHMvY2M6RW1wbG95ZWUuTmFtZS9U
ZXh0LkNvbnRlbnQgICAgICAgICAgICAgICAgICAgICAgICAgICAgICAgICAgICAg
ICAgICAgICAgICAgICAgICB8IDIwICAgfCBTdHJpbmcgICAgfCBtaW4gICAgICAg
ICAgICAgICAgICAgIHwgICAgICAgICAgICAgICAgICAgICAgICAgICAgICAgICAg
ICAgICAgICAgICAgICAgICB8IOuLtOuLueyekC/shLHrqoUgICAgICAgIA0KY2hy
Z19waG9uX3RleHQgIHwgL3NnOlBSRUdVQS9Jc3N1ZXIuRGV0YWlscy9DaGFyZ2Uu
UGVyc29uLkRldGFpbHMvY2M6VGVsZXBob25lLk51bWJlci5UZXh0L1RleHQuQ29u
dGVudCAgICAgICAgICAgICAgICAgICAgICAgICAgICAgICAgICAgICAgICAgICAg
ICB8IDIwICAgfCBTdHJpbmcgICAgfCBtaW4gICAgICAgICAgICAgICAgICAgIHwg
ICAgICAgICAgICAgICAgICAgICAgICAgICAgICAgICAgICAgICAgICAgICAgICAg
ICB8IOuLtOuLueyekC/soITtmZQgICAgICAgIA0KY2hyZ19mYXhzX3RleHQgIHwg
L3NnOlBSRUdVQS9Jc3N1ZXIuRGV0YWlscy9DaGFyZ2UuUGVyc29uLkRldGFpbHMv
Y2M6RmF4Lk51bWJlci5UZXh0L1RleHQuQ29udGVudCAgICAgICAgICAgICAgICAg
ICAgICAgICAgICAgICAgICAgICAgICAgICAgICAgICAgICB8IDIwICAgfCBTdHJp
bmcgICAgfCBtaW4gICAgICAgICAgICAgICAgICAgIHwgICAgICAgICAgICAgICAg
ICAgICAgICAgICAgICAgICAgICAgICAgICAgICAgICAgICB8IOuLtOuLueyekC9G
YXgg67KI7Zi4ICAgIA0KIyDruYTqs6AgICAgICAgICAgICAgICAgICAgICAgICAg
ICAgICAgICAgICAgICAgICAgICAgICAgICAgICAgICAgICAgICAgICAgICAgICAg
ICAgICAgICAgICAgICAgICAgICAgICAgICAgICAgICAgICAgICAgICAgICAgICAg
ICAgICAgICAgICAgICAgICAgICAgICAgICAgICAgICAgICAgICAgICAgICAgICAg
ICAgICAgICAgICAgICAgICAgICAgICAgICAgICAgICAgICAgICAgICAgICAgICAg
ICAgICAgICAgICAgICAgICAgICAgIA0KZ2VuZV9ub3RlX3RleHQgIHwgL3NnOlBS
RUdVQS9jYzpHZW5lcmFsLk5vdGUuVGV4dC9UZXh0LkNvbnRlbnQgICAgICAgICAg
ICAgICAgICAgICAgICAgICAgICAgICAgICAgICAgICAgICAgICAgICAgICAgICAg
ICAgICAgICAgICAgICAgICAgICAgICAgICAgICB8IDEwMCAgfCBTdHJpbmcgICAg
fCBtaW4gICAgICAgICAgICAgICAgICAgIHwgICAgICAgICAgICAgICAgICAgICAg
ICAgICAgICAgICAgICAgICAgICAgICAgICAgICB8IOu5hOqzoA0K