IyAgICC03MPguO0gICAgIHwgICAgICAgIFhQYXRoICAgICAgICAgICAgICAgICAg
ICAgICAgICAgICAgICAgICAgICAgICAgICAgICAgICAgICAJCQkJICAgICAgICAg
ICAgICAgICAgICAgICAgICAgICAgICAgICAgICAgICAgICAgICAgICAgICAgICAg
ICB8ILHmwMwgfCDFuMDUICAgICAgfCC53bq5IL+pus4gudcgx8q89r+pus4gIHwg
ud26ub3DwNsgxcKx1yAgICAgICAgICAgICAgICAgICAgICAgICAgICAgICAgICAg
ICAgICAgICAgICAgICAgICAgIHwgx9e48SAgICAgICAgICAgDQojIEhFQUQgICAg
ICAgICAgICAgICAgICAgICAgICAgICAgICAgICAgICAgICAgICAgICAgICAgICAg
ICAgICAgICAgICAgICAgICAgICAgICAgICAgICAgICAgICAgICAgICAgICAgICAg
ICAgICAgICAgICAgICAgICAgICAgICAgICAgICAgICAgICAgICAgICAgICAgICAg
ICAgICAgICAgICAgICAgICAgICAgICAgICAgICAgICAgICAgICAgICAgICAgICAg
ICAgICAgICAgICAgICAgICAgICAgICAgICAgICAgICAgICAgICAgICAgICAgICAg
ICAgICAgICAgICAgDQpoZWFkX21lc2dfc2VuZCAgfCAvc2c6UFJFR1VBL0hlYWRl
ci5EZXRhaWxzL2NjOk1lc3NhZ2UuU2VuZGVyLklkZW50aWZpZXIvSWRlbnRpZmll
ci5Db250ZW50ICAgICAgICAgICAgICAgICAgICAgICAgICAgICAgICAgICAgICAg
ICAgICAgICAgICAgICAgICAgIHwgMTMgICB8IFN0cmluZyAgICB8IG5lY2Vzc2Fy
eSAgICAgICAgICAgICAgfCAgICAgICAgICAgICAgICAgICAgICAgICAgICAgICAg
ICAgICAgICAgICAgICAgICAgICAgICAgICAgICAgICAgICAgfCDA/LmuvNu9xbHi
sPwJICAgICAgICAgIA0KaGVhZF9tZXNnX3JlY3YgIHwgL3NnOlBSRUdVQS9IZWFk
ZXIuRGV0YWlscy9jYzpNZXNzYWdlLlJlY2VpdmVyLklkZW50aWZpZXIvSWRlbnRp
Zmllci5Db250ZW50ICAgICAgICAgICAgICAgICAgICAgICAgICAgICAgICAgICAg
ICAgICAgICAgICAgICAgICAgICB8IDEzICAgfCBTdHJpbmcgICAgfCBuZWNlc3Nh
cnkgICAgICAgICAgICAgIHwgICAgICAgICAgICAgICAgICAgICAgICAgICAgICAg
ICAgICAgICAgICAgICAgICAgICAgICAgICAgICAgICAgICAgIHwgwPy5rrz2vcWx
4rD8CSAgICAgICAgICANCmhlYWRfZnVuY19jb2RlICB8IC9zZzpQUkVHVUEvSGVh
ZGVyLkRldGFpbHMvY2M6TWVzc2FnZS5GdW5jdGlvbi5Db2RlL0NvZGUuQ29udGVu
dCAgICAgICAgICAgICAgICAgICAgICAgICAgICAgICAgICAgICAgICAgICAgICAg
ICAgICAgICAgICAgICAgICAgICAgfCAyICAgIHwgU3RyaW5nICAgIHwgbmVjZXNz
YXJ5ICAgICAgICAgICAgICB8ICAgICAgICAgICAgICAgICAgICAgICAgICAgICAg
ICAgICAgICAgICAgICAgICAgICAgICAgICAgICAgICAgICAgICB8ILmuvK2x4rTJ
CSAgICAgICAgICANCmhlYWRfbWVzZ190eXBlICB8IC9zZzpQUkVHVUEvSGVhZGVy
LkRldGFpbHMvY2M6TWVzc2FnZS5UeXBlLklkZW50aWZpZXIvSWRlbnRpZmllci5D
b250ZW50ICAgICAgICAgICAgICAgICAgICAgICAgICAgICAgICAgICAgICAgICAg
ICAgICAgICAgICAgICAgICAgfCA2ICAgIHwgU3RyaW5nICAgIHwgbmVjZXNzYXJ5
ICAgICAgICAgICAgICB8ICAgICAgICAgICAgICAgICAgICAgICAgICAgICAgICAg
ICAgICAgICAgICAgICAgICAgICAgICAgICAgICAgICAgICB8ILmuvK3E2rXlCSAg
ICAgICAgICANCmhlYWRfbWVzZ19uYW1lICB8IC9zZzpQUkVHVUEvSGVhZGVyLkRl
dGFpbHMvY2M6TWVzc2FnZS5OYW1lL1RleHQuQ29udGVudCAgICAgICAgICAgICAg
ICAgICAgICAgICAgICAgICAgICAgICAgICAgICAgICAgICAgICAgICAgICAgICAg
ICAgICAgICAgICAgICAgfCAzMCAgIHwgU3RyaW5nICAgIHwgbmVjZXNzYXJ5ICAg
ICAgICAgICAgICB8ICAgICAgICAgICAgICAgICAgICAgICAgICAgICAgICAgICAg
ICAgICAgICAgICAgICAgICAgICAgICAgICAgICAgICB8ILmuvK247QkgICAgICAg
ICAgICAgICAgICANCmhlYWRfbWVzZ192ZXJzICB8IC9zZzpQUkVHVUEvSGVhZGVy
LkRldGFpbHMvY2M6TWVzc2FnZS5WZXJzaW9uLlRleHQvVGV4dC5Db250ZW50ICAg
ICAgICAgICAgICAgICAgICAgICAgICAgICAgICAgICAgICAgICAgICAgICAgICAg
ICAgICAgICAgICAgICAgICAgfCAxMCAgIHwgU3RyaW5nICAgIHwgbWluICAgICAg
ICAgICAgICAgICAgICB8ICAgICAgICAgICAgICAgICAgICAgICAgICAgICAgICAg
ICAgICAgICAgICAgICAgICAgICAgICAgICAgICAgICAgICB8IMD8wNq5rrytufbA
/AkgICAgICAgICAgDQpoZWFkX2RvY3VfbnVtYiAgfCAvc2c6UFJFR1VBL0hlYWRl
ci5EZXRhaWxzL2NjOkRvY3VtZW50Lk51bWJlci5UZXh0L1RleHQuQ29udGVudCAg
ICAgICAgICAgICAgICAgICAgICAgICAgICAgICAgICAgICAgICAgICAgICAgICAg
ICAgICAgICAgICAgICAgICAgIHwgMzAgICB8IFN0cmluZyAgICB8IG5lY2Vzc2Fy
eSAgICAgICAgICAgICAgfCAgICAgICAgICAgICAgICAgICAgICAgICAgICAgICAg
ICAgICAgICAgICAgICAgICAgICAgICAgICAgICAgICAgICAgfCC5rrytufjIowkg
ICAgICAgICAgDQpoZWFkX21hbmdfbnVtYiAgfCAvc2c6UFJFR1VBL0hlYWRlci5E
ZXRhaWxzL2NjOkRvY3VtZW50Lk1hbmFnZW1lbnROdW1iZXIuVGV4dC9UZXh0LkNv
bnRlbnQgICAgICAgICAgICAgICAgICAgICAgICAgICAgICAgICAgICAgICAgICAg
ICAgICAgICAgICAgICAgIHwgNzAgICB8IFN0cmluZyAgICB8IG5lY2Vzc2FyeSAg
ICAgICAgICAgICAgfCAgICAgICAgICAgICAgICAgICAgICAgICAgICAgICAgICAg
ICAgICAgICAgICAgICAgICAgICAgICAgICAgICAgICAgfCC5rrytsPy4rrn4yKMJ
ICAgICAgICAgIA0KaGVhZF9yZWZyX251bWIgIHwgL3NnOlBSRUdVQS9IZWFkZXIu
RGV0YWlscy9jYzpEb2N1bWVudC5SZWZlcmVuY2VOdW1iZXIuVGV4dC9UZXh0LkNv
bnRlbnQgICAgICAgICAgICAgICAgICAgICAgICAgICAgICAgICAgICAgICAgICAg
ICAgICAgICAgICAgICAgICB8IDMwICAgfCBTdHJpbmcgICAgfCBuZWNlc3Nhcnkg
ICAgICAgICAgICAgIHwgICAgICAgICAgICAgICAgICAgICAgICAgICAgICAgICAg
ICAgICAgICAgICAgICAgICAgICAgICAgICAgICAgICAgIHwgwvzBtrn4yKMJICAg
ICAgICAgIA0KaGVhZF90aXRsX25hbWUgIHwgL3NnOlBSRUdVQS9IZWFkZXIuRGV0
YWlscy9jYzpEb2N1bWVudC5UaXRsZS5OYW1lL1RleHQuQ29udGVudCAgICAgICAg
ICAgICAgICAgICAgICAgICAgICAgICAgICAgICAgICAgICAgICAgICAgICAgICAg
ICAgICAgICAgICAgICB8IDMwICAgfCBTdHJpbmcgICAgfCBuZWNlc3NhcnkgICAg
ICAgICAgICAgIHwgICAgICAgICAgICAgICAgICAgICAgICAgICAgICAgICAgICAg
ICAgICAgICAgICAgICAgICAgICAgICAgICAgICAgIHwgua68rbCzv+QgICAgICAg
ICAgICAgICAgICANCmhlYWRfb3JnYV9jb2RlICB8IC9zZzpQUkVHVUEvSGVhZGVy
LkRldGFpbHMvY2M6T3JnYW5pemF0aW9uLkNvZGUuSWRlbnRpZmllci9JZGVudGlm
aWVyLkNvbnRlbnQgICAgICAgICAgICAgICAgICAgICAgICAgICAgICAgICAgICAg
ICAgICAgICAgICAgICAgICAgfCAzICAgIHwgU3RyaW5nICAgIHwgbWluICAgICAg
ICAgICAgICAgICAgICB8ICAgICAgICAgICAgICAgICAgICAgICAgICAgICAgICAg
ICAgICAgICAgICAgICAgICAgICAgICAgICAgICAgICAgICB8IL+ssOix4rD8xNq1
5Q0KIyC6uMH1seKw/CAgICAgICAgICAgICAgICAgICAgICAgICAgICAgICAgICAg
ICAgICAgICAgICAgICAgICAgICAgICAgICAgICAgICAgICAgICAgICAgICAgICAg
ICAgICAgICAgICAgICAgICAgICAgICAgICAgICAgICAgICAgICAgICAgICAgICAg
ICAgICAgICAgICAgICAgICAgICAgICAgICAgICAgICAgICAgICAgICAgICAgICAg
ICAgICAgICAgICAgICAgICAgICAgICAgICAgICAgICAgICAgICAgICAgICAgICAg
ICAgICAgICAgICAgICAgICAgICAgICAgIA0KYm9uZF9vcmdhX25hbWUgIHwgL3Nn
OlBSRUdVQS9Cb25kLk9yZ2FuaXphdGlvbi5EZXRhaWxzL09yZ2FuaXphdGlvbi5E
ZXRhaWxzL2NjOk9yZ2FuaXphdGlvbi5OYW1lL1RleHQuQ29udGVudCAgICAgICAg
ICAgICAgICAgICAgICAgICAgICAgICAgICAgICAgICB8IDEwMCAgfCBTdHJpbmcg
ICAgfCBtaW4gICAgICAgICAgICAgICAgICAgIHwgICAgICAgICAgICAgICAgICAg
ICAgICAgICAgICAgICAgICAgICAgICAgICAgICAgICAgICAgICAgICAgICAgICAg
IHwgurjB9bHisPy47SAgICANCmJvbmRfb3JnYV9pZGVuICB8IC9zZzpQUkVHVUEv
Qm9uZC5Pcmdhbml6YXRpb24uRGV0YWlscy9Pcmdhbml6YXRpb24uRGV0YWlscy9j
YzpPcmdhbml6YXRpb24uSWRlbnRpZmllci9JZGVudGlmaWVyLkNvbnRlbnQgICAg
ICAgICAgICAgICAgICAgICAgICAgICAgfCAxMyAgIHwgU3RyaW5nICAgIHwgbWlu
ICAgICAgICAgICAgICAgICAgICB8ICAgICAgICAgICAgICAgICAgICAgICAgICAg
ICAgICAgICAgICAgICAgICAgICAgICAgICAgICAgICAgICAgICAgICB8IEcyQrXu
t8/E2rXlICAgDQpib25kX29yZ2FfYWRkbiAgfCAvc2c6UFJFR1VBL0JvbmQuT3Jn
YW5pemF0aW9uLkRldGFpbHMvT3JnYW5pemF0aW9uLkRldGFpbHMvY2M6T3JnYW5p
emF0aW9uLkFkZGl0aW9uYWwuSWRlbnRpZmllci9JZGVudGlmaWVyLkNvbnRlbnQg
ICAgICAgICAgICAgICAgIHwgMTMgICB8IFN0cmluZyAgICB8IG1pbiAgICAgICAg
ICAgICAgICAgICAgfCAgICAgICAgICAgICAgICAgICAgICAgICAgICAgICAgICAg
ICAgICAgICAgICAgICAgICAgICAgICAgICAgICAgICAgfCDBtrTew7u17rfPxNq1
5Q0KYm9uZF9vcmdhX2NlbyAgIHwgL3NnOlBSRUdVQS9Cb25kLk9yZ2FuaXphdGlv
bi5EZXRhaWxzL09yZ2FuaXphdGlvbi5EZXRhaWxzL2NjOk9yZ2FuaXphdGlvbi5D
RU8uTmFtZS9UZXh0LkNvbnRlbnQgICAgICAgICAgICAgICAgICAgICAgICAgICAg
ICAgICAgICB8IDM1ICAgfCBTdHJpbmcgICAgfCBtaW4gICAgICAgICAgICAgICAg
ICAgIHwgICAgICAgICAgICAgICAgICAgICAgICAgICAgICAgICAgICAgICAgICAg
ICAgICAgICAgICAgICAgICAgICAgICAgIHwgtOvHpcDavLq47SAgICANCiMgsPiw
+LHisPwgICAgICAgICAgICAgICAgICAgICAgICAgICAgICAgICAgICAgICAgICAg
ICAgICAgICAgICAgICAgICAgICAgICAgICAgICAgICAgICAgICAgICAgICAgICAg
ICAgICAgICAgICAgICAgICAgICAgICAgICAgICAgICAgICAgICAgICAgICAgICAg
ICAgICAgICAgICAgICAgICAgICAgICAgICAgICAgICAgICAgICAgICAgICAgICAg
ICAgICAgICAgICAgICAgICAgICAgICAgICAgICAgICAgICAgICAgICAgICAgICAg
ICAgICAgICAgICAgICAgICANCmdvdm5fb3JnYV9uYW1lICB8IC9zZzpQUkVHVUEv
R292ZXJubWVudC5Pcmdhbml6YXRpb24uRGV0YWlscy9Pcmdhbml6YXRpb24uRGV0
YWlscy9jYzpPcmdhbml6YXRpb24uTmFtZS9UZXh0LkNvbnRlbnQgICAgICAgICAg
ICAgICAgICAgICAgICAgICAgICAgICAgfCAxMDAgIHwgU3RyaW5nICAgIHwgbWlu
ICAgICAgICAgICAgICAgICAgICB8ICAgICAgICAgICAgICAgICAgICAgICAgICAg
ICAgICAgICAgICAgICAgICAgICAgICAgICAgICAgICAgICAgICAgICB8ILD4sPix
4rD8uO0gICAgDQpnb3ZuX29yZ2FfaWRlbiAgfCAvc2c6UFJFR1VBL0dvdmVybm1l
bnQuT3JnYW5pemF0aW9uLkRldGFpbHMvT3JnYW5pemF0aW9uLkRldGFpbHMvY2M6
T3JnYW5pemF0aW9uLklkZW50aWZpZXIvSWRlbnRpZmllci5Db250ZW50ICAgICAg
ICAgICAgICAgICAgICAgIHwgMTMgICB8IFN0cmluZyAgICB8IG1pbiAgICAgICAg
ICAgICAgICAgICAgfCAgICAgICAgICAgICAgICAgICAgICAgICAgICAgICAgICAg
ICAgICAgICAgICAgICAgICAgICAgICAgICAgICAgICAgfCBHMkK17rfPxNq15SAg
IA0KZ292bl9vcmdhX2FkZG4gIHwgL3NnOlBSRUdVQS9Hb3Zlcm5tZW50Lk9yZ2Fu
aXphdGlvbi5EZXRhaWxzL09yZ2FuaXphdGlvbi5EZXRhaWxzL2NjOk9yZ2FuaXph
dGlvbi5BZGRpdGlvbmFsLklkZW50aWZpZXIvSWRlbnRpZmllci5Db250ZW50ICAg
ICAgICAgICB8IDEzICAgfCBTdHJpbmcgICAgfCBtaW4gICAgICAgICAgICAgICAg
ICAgIHwgICAgICAgICAgICAgICAgICAgICAgICAgICAgICAgICAgICAgICAgICAg
ICAgICAgICAgICAgICAgICAgICAgICAgIHwgwba03sO7te63z8TateUNCmdvdm5f
b3ducl9uYW1lICB8IC9zZzpQUkVHVUEvR292ZXJubWVudC5Pcmdhbml6YXRpb24u
RGV0YWlscy9Pcmdhbml6YXRpb24uRGV0YWlscy9jYzpPcmdhbml6YXRpb24uQ0VP
Lk5hbWUvVGV4dC5Db250ZW50ICAgICAgICAgICAgICAgICAgICAgICAgICAgICAg
fCAzNSAgIHwgU3RyaW5nICAgIHwgbWluICAgICAgICAgICAgICAgICAgICB8ICAg
ICAgICAgICAgICAgICAgICAgICAgICAgICAgICAgICAgICAgICAgICAgICAgICAg
ICAgICAgICAgICAgICAgICB8ILTrx6XA2ry6uO0gICAgDQojIMDbvLrAz8DaICAg
ICAgICAgICAgICAgICAgICAgICAgICAgICAgICAgICAgICAgICAgICAgICAgICAg
ICAgICAgICAgICAgICAgICAgICAgICAgICAgICAgICAgICAgICAgICAgICAgICAg
ICAgICAgICAgICAgICAgICAgICAgICAgICAgICAgICAgICAgICAgICAgICAgICAg
ICAgICAgICAgICAgICAgICAgICAgICAgICAgICAgICAgICAgICAgICAgICAgICAg
ICAgICAgICAgICAgICAgICAgICAgICAgICAgICAgICAgICAgICAgICAgICAgICAg
ICAgICAgICAgDQpkb2N1X2lzc3VfZGF0ZSAgfCAvc2c6UFJFR1VBL2NjOkRvY3Vt
ZW50Lklzc3VlLkRhdGUvRGF0ZVRpbWUuQ29udGVudCAgICAgICAgICAgICAgICAg
ICAgICAgICAgICAgICAgICAgICAgICAgICAgICAgICAgICAgICAgICAgICAgICAg
ICAgICAgICAgICAgICAgIHwgOCAgICB8IFN0cmluZyAgICB8IG1pbiAgICAgICAg
ICAgICAgICAgICAgfCAgICAgICAgICAgICAgICAgICAgICAgICAgICAgICAgICAg
ICAgICAgICAgICAgICAgICAgICAgICAgICAgICAgICAgfCDA27y6wM/A2g0KIyC+
97mrsbi60CAgICAgICAgICAgICAgICAgICAgICAgICAgICAgICAgICAgICAgICAg
ICAgICAgICAgICAgICAgICAgICAgICAgICAgICAgICAgICAgICAgICAgICAgICAg
ICAgICAgICAgICAgICAgICAgICAgICAgICAgICAgICAgICAgICAgICAgICAgICAg
ICAgICAgICAgICAgICAgICAgICAgICAgICAgICAgICAgICAgICAgICAgICAgICAg
ICAgICAgICAgICAgICAgICAgICAgICAgICAgICAgICAgICAgICAgICAgICAgICAg
ICAgICAgICAgICAgICAgICAgIA0KYnVzaV9jbGFzX2NvZGUgIHwgL3NnOlBSRUdV
QS9jYzpCdXNpbmVzcy5DbGFzc2lmaWNhdGlvbi5Db2RlL0NvZGUuQ29udGVudCAg
ICAgICAgICAgICAgICAgICAgICAgICAgICAgICAgICAgICAgICAgICAgICAgICAg
ICAgICAgICAgICAgICAgICAgICAgICAgICB8IDEgICAgfCBTdHJpbmcgICAgfCBt
aW4gICAgICAgICAgICAgICAgICAgIHwgICAgICAgICAgICAgICAgICAgICAgICAg
ICAgICAgICAgICAgICAgICAgICAgICAgICAgICAgICAgICAgICAgICAgIHwgvve5
q7G4utDE2rXlCQkNCmJ1c2lfY2xhc19uYW1lICB8IC9zZzpQUkVHVUEvY2M6QnVz
aW5lc3MuQ2xhc3NpZmljYXRpb24uQ29kZS9Db2RlLk5hbWUgICAgICAgICAgICAg
ICAgICAgICAgICAgICAgICAgICAgICAgICAgICAgICAgICAgICAgICAgICAgICAg
ICAgICAgICAgICAgICAgICAgfCAxMCAgIHwgU3RyaW5nICAgIHwgbWluICAgICAg
ICAgICAgICAgICAgICB8ICAgICAgICAgICAgICAgICAgICAgICAgICAgICAgICAg
ICAgICAgICAgICAgICAgICAgICAgICAgICAgICAgICAgICB8IL73uauxuLrQs7u/
6wkJDQojILq4wfW8rSjB9bHHKbn4yKMgICAgICAgICAgICAgICAgICAgICAgICAg
ICAgICAgICAgICAgICAgICAgICAgICAgICAgICAgICAgICAgICAgICAgICAgICAg
ICAgICAgICAgICAgICAgICAgICAgICAgICAgICAgICAgICAgICAgICAgICAgICAg
ICAgICAgICAgICAgICAgICAgICAgICAgICAgICAgICAgICAgICAgICAgICAgICAg
ICAgICAgICAgICAgICAgICAgICAgICAgICAgICAgICAgICAgICAgICAgICAgICAg
ICAgICAgICAgICAgICAgICAgICAgICAgICAgICAgICAgDQpib25kX251bWJfdGV4
dCAgfCAvc2c6UFJFR1VBL2NjOkd1YXJhbnRlZS5Eb2N1bWVudE51bWJlci5UZXh0
L1RleHQuQ29udGVudCAgICAgICAgICAgICAgICAgICAgICAgICAgICAgICAgICAg
ICAgICAgICAgICAgICAgICAgICAgICAgICAgICAgICAgICAgICAgIHwgMzAgICB8
IFN0cmluZyAgICB8IG1pbiAgICAgICAgICAgICAgICAgICAgfCAgICAgICAgICAg
ICAgICAgICAgICAgICAgICAgICAgICAgICAgICAgICAgICAgICAgICAgICAgICAg
ICAgICAgICAgfCC6uMH1vK0owfWxxym5+MijDQojILq4wfWzu7/rIC0gseK6u8Gk
urggICAgICAgICAgICAgICAgICAgICAgICAgICAgICAgICAgICAgICAgICAgICAg
ICAgICAgICAgICAgICAgICAgICAgICAgICAgICAgICAgICAgICAgICAgICAgICAg
ICAgICAgICAgICAgICAgICAgICAgICAgICAgICAgICAgICAgICAgICAgICAgICAg
ICAgICAgICAgICAgICAgICAgICAgICAgICAgICAgICAgICAgICAgICAgICAgICAg
ICAgICAgICAgICAgICAgICAgICAgICAgICAgICAgICAgICAgICAgICAgICAgICAg
ICAgICAgICAgICANCmJvbmRfcGVubF90ZXh0ICB8IC9zZzpQUkVHVUEvQm9uZC5J
bmZvcm1hdGlvbi5EZXRhaWxzL2NjOkd1YXJhbnRlZS5BbW91bnQuVGV4dC9UZXh0
LkNvbnRlbnQgICAgICAgICAgICAgICAgICAgICAgICAgICAgICAgICAgICAgICAg
ICAgICAgICAgICAgICAgICAgfCAxMDAgIHwgU3RyaW5nICAgIHwgbWluICAgICAg
ICAgICAgICAgICAgICB8ICAgICAgICAgICAgICAgICAgICAgICAgICAgICAgICAg
ICAgICAgICAgICAgICAgICAgICAgICAgICAgICAgICAgICB8ILq4wfWx3b7XKMfR
sdspCSAgICAgICAgICAgICAgICANCmJvbmRfcGVubF9hbW50ICB8IC9zZzpQUkVH
VUEvQm9uZC5JbmZvcm1hdGlvbi5EZXRhaWxzL2NjOkd1YXJhbnRlZS5BbW91bnQv
QW1vdW50LkNvbnRlbnQgICAgICAgICAgICAgICAgICAgICAgICAgICAgICAgICAg
ICAgICAgICAgICAgICAgICAgICAgICAgICAgfCAxOCAgIHwgU3RyaW5nICAgIHwg
bWluICAgICAgICAgICAgICAgICAgICB8ICAgICAgICAgICAgICAgICAgICAgICAg
ICAgICAgICAgICAgICAgICAgICAgICAgICAgICAgICAgICAgICAgICAgICB8ILq4
wfWx3b7XKLz9wNopCSAgICAgICAgICAgICAgICANCnBlbmxfY3VyY19jb2RlICB8
IC9zZzpQUkVHVUEvQm9uZC5JbmZvcm1hdGlvbi5EZXRhaWxzL2NjOkd1YXJhbnRl
ZS5BbW91bnQvQW1vdW50Q3VycmVuY3kuSWRlbnRpZmljYXRpb24uQ29kZSAgICAg
ICAgICAgICAgICAgICAgICAgICAgICAgICAgICAgICAgICAgfCAzICAgIHwgU3Ry
aW5nICAgIHwgbWluICAgICAgICAgICAgICAgICAgICB8ICAgICAgICAgICAgICAg
ICAgICAgICAgICAgICAgICAgICAgICAgICAgICAgICAgICAgICAgICAgICAgICAg
ICAgICB8ILq4wfWx3b7XL8XryK3E2rXlCSAgICAgICAgDQpib25kX2JlZ25fZGF0
ZSAgfCAvc2c6UFJFR1VBL0JvbmQuSW5mb3JtYXRpb24uRGV0YWlscy9jYzpHdWFy
YW50ZWUuU3RhcnQuRGF0ZS9EYXRlVGltZS5Db250ZW50ICAgICAgICAgICAgICAg
ICAgICAgICAgICAgICAgICAgICAgICAgICAgICAgICAgICAgICAgIHwgOCAgICB8
IFN0cmluZyAgICB8IG1pbiAgICAgICAgICAgICAgICAgICAgfCAgICAgICAgICAg
ICAgICAgICAgICAgICAgICAgICAgICAgICAgICAgICAgICAgICAgICAgICAgICAg
ICAgICAgICAgfCC6uMH1vcPA28DPCSAgICAgICAgICAgICAgICANCmJvbmRfZm5z
aF9kYXRlICB8IC9zZzpQUkVHVUEvQm9uZC5JbmZvcm1hdGlvbi5EZXRhaWxzL2Nj
Okd1YXJhbnRlZS5FbmQuRGF0ZS9EYXRlVGltZS5Db250ZW50ICAgICAgICAgICAg
ICAgICAgICAgICAgICAgICAgICAgICAgICAgICAgICAgICAgICAgICAgICAgfCA4
ICAgIHwgU3RyaW5nICAgIHwgbWluICAgICAgICAgICAgICAgICAgICB8ICAgICAg
ICAgICAgICAgICAgICAgICAgICAgICAgICAgICAgICAgICAgICAgICAgICAgICAg
ICAgICAgICAgICAgICB8ILq4wfW4uLfhwM8JICAgICAgICAgICAgICAgIA0KYm9u
ZF9wcmVtX2FtbnQgIHwgL3NnOlBSRUdVQS9Cb25kLkluZm9ybWF0aW9uLkRldGFp
bHMvY2M6SW5zdXJhbmNlLkFtb3VudC9BbW91bnQuQ29udGVudCAgICAgICAgICAg
ICAgICAgICAgICAgICAgICAgICAgICAgICAgICAgICAgICAgICAgICAgICAgICAg
ICB8IDE4ICAgfCBTdHJpbmcgICAgfCBtaW4gICAgICAgICAgICAgICAgICAgIHwg
ICAgICAgICAgICAgICAgICAgICAgICAgICAgICAgICAgICAgICAgICAgICAgICAg
ICAgICAgICAgICAgICAgICAgIHwgurjH6LfhCSAgICAgICAgICAgICAgICAgICAg
ICAgIA0KcHJlbV9jdXJjX2NvZGUgIHwgL3NnOlBSRUdVQS9Cb25kLkluZm9ybWF0
aW9uLkRldGFpbHMvY2M6SW5zdXJhbmNlLkFtb3VudC9BbW91bnRDdXJyZW5jeS5J
ZGVudGlmaWNhdGlvbi5Db2RlICAgICAgICAgICAgICAgICAgICAgICAgICAgICAg
ICAgICAgICAgICB8IDMgICAgfCBTdHJpbmcgICAgfCBtaW4gICAgICAgICAgICAg
ICAgICAgIHwgICAgICAgICAgICAgICAgICAgICAgICAgICAgICAgICAgICAgICAg
ICAgICAgICAgICAgICAgICAgICAgICAgICAgIHwgurjH6LfhL8XryK3E2rXlCSAg
ICAgICAgICAgICAgICANCmJvbmRfcHJpY19yYXRlICB8IC9zZzpQUkVHVUEvQm9u
ZC5JbmZvcm1hdGlvbi5EZXRhaWxzL2NjOkd1YXJhbnRlZS5QcmljZS5SYXRlL051
bWVyaWMuQ29udGVudCAgICAgICAgICAgICAgICAgICAgICAgICAgICAgICAgICAg
ICAgICAgICAgICAgICAgICAgICAgfCA2ICAgIHwgU3RyaW5nICAgIHwgbWluICAg
ICAgICAgICAgICAgICAgICB8ICAgICAgICAgICAgICAgICAgICAgICAgICAgICAg
ICAgICAgICAgICAgICAgICAgICAgICAgICAgICAgICAgICAgICB8ILq4wfWx3cCy
CSAgICAgICAgICAgICAgICANCiMgurjB9bO7v+sgLSC068elILDovuDA2iDBpLq4
ICAgICAgICAgICAgICAgICAgICAgICAgICAgICAgICAgICAgICAgICAgICAgICAg
ICAgICAgICAgICAgICAgICAgICAgICAgICAgICAgICAgICAgICAgICAgICAgICAg
ICAgICAgICAgICAgICAgICAgICAgICAgICAgICAgICAgICAgICAgICAgICAgICAg
ICAgICAgICAgICAgICAgICAgICAgICAgICAgICAgICAgICAgICAgICAgICAgICAg
ICAgICAgICAgICAgICAgICAgICAgICAgICAgICAgICAgICAgICAgICAgICAgICAN
CmFwcGxfb3JnYV9uYW1lICB8IC9zZzpQUkVHVUEvQm9uZC5JbmZvcm1hdGlvbi5E
ZXRhaWxzL1dhcnJhbnRlZXIuRGV0YWlscy9jYzpPcmdhbml6YXRpb24uTmFtZS9U
ZXh0LkNvbnRlbnQgICAgICAgICAgICAgICAgICAgICAgICAgICAgICAgICAgICAg
ICAgICAgfCAxMDAgIHwgU3RyaW5nICAgIHwgbWluICAgICAgICAgICAgICAgICAg
ICB8ICAgICAgICAgICAgICAgICAgICAgICAgICAgICAgICAgICAgICAgICAgICAg
ICAgICAgICAgICAgICAgICAgICAgICB8ILTrx6UgsOi+4MDaL7vzyKMgICAgICAg
ICAgICAgICAgICAgICANCmFwcGxfb3Jwc19kaXZzICB8IC9zZzpQUkVHVUEvQm9u
ZC5JbmZvcm1hdGlvbi5EZXRhaWxzL1dhcnJhbnRlZXIuRGV0YWlscy9jYzpPcmdh
bml6YXRpb25PclBlcnNvbi5JZGVudGlmaWVyLkluZGljYXRvci9JbmRpY2F0b3Iu
Q29udGVudCAgICAgICAgICAgICAgfCAxMyAgIHwgU3RyaW5nICAgIHwgbWluICAg
ICAgICAgICAgICAgICAgICB8ICAgICAgICAgICAgICAgICAgICAgICAgICAgICAg
ICAgICAgICAgICAgICAgICAgICAgICAgICAgICAgICAgICAgICB8ILTrx6UgsOi+
4MDaL7vnvvfA2i/B1rnOte63z7n4yKOxuLrQCQ0KYXBwbF9vcnBzX2lkZW4gIHwg
L3NnOlBSRUdVQS9Cb25kLkluZm9ybWF0aW9uLkRldGFpbHMvV2FycmFudGVlci5E
ZXRhaWxzL2NjOk9yZ2FuaXphdGlvbk9yUGVyc29uLklkZW50aWZpZXIvSWRlbnRp
Zmllci5Db250ZW50ICAgICAgICAgICAgICAgICAgICAgICB8IDEzICAgfCBTdHJp
bmcgICAgfCBtaW4gICAgICAgICAgICAgICAgICAgIHwgICAgICAgICAgICAgICAg
ICAgICAgICAgICAgICAgICAgICAgICAgICAgICAgICAgICAgICAgICAgICAgICAg
ICAgIHwgtOvHpSCw6L7gwNovu+e+98DaL8HWuc617rfPufjIoyAgICAgIA0KYXBw
bF9vd25yX25hbWUgIHwgL3NnOlBSRUdVQS9Cb25kLkluZm9ybWF0aW9uLkRldGFp
bHMvV2FycmFudGVlci5EZXRhaWxzL2NjOk9yZ2FuaXphdGlvbi5DRU8uTmFtZS9U
ZXh0LkNvbnRlbnQgICAgICAgICAgICAgICAgICAgICAgICAgICAgICAgICAgICAg
ICB8IDQwICAgfCBTdHJpbmcgICAgfCBtaW4gICAgICAgICAgICAgICAgICAgIHwg
ICAgICAgICAgICAgICAgICAgICAgICAgICAgICAgICAgICAgICAgICAgICAgICAg
ICAgICAgICAgICAgICAgICAgIHwgtOvHpSCw6L7gwNovtOvHpcDavLq47SAgICAg
ICAgICAgICAgIA0KIyC6uMH1s7u/6yAtICCw+LW/sOi+4MDaIMGkurgoud26uSkg
DQptdWx0X3dhcm5faW5mbyAgfCAvc2c6UFJFR1VBL0JvbmQuSW5mb3JtYXRpb24u
RGV0YWlscy9NdWx0aXBsZVdhcnJhbnRlZXIuSW5mby5EZXRhaWxzCQkJCQkJCQkJ
CQkJCQkJCQkJICAgICAgICAgICAgICAgICAgICAgICAgICAgICB8IDUwMDAwfCBT
dHJpbmcgICAJfCBtYXhlbGUJCQkgICAgICAgICAgIHwgc2c6UFJFR1VBL0JvbmQu
SW5mb3JtYXRpb24uRGV0YWlscy9NdWx0aXBsZVdhcnJhbnRlZXIuSW5mby5EZXRh
aWxzCXwgud26uQ0KbWFwbF9vcmdhX25hbWUJfCAvc2c6UFJFR1VBL0JvbmQuSW5m
b3JtYXRpb24uRGV0YWlscy9NdWx0aXBsZVdhcnJhbnRlZXIuSW5mby5EZXRhaWxz
L2NjOk9yZ2FuaXphdGlvbi5OYW1lL1RleHQuQ29udGVudAkJCQkJCQkJICAgICAg
ICAgICAgICAgfCAxMDAgIHwgU3RyaW5nICAgIHwgbWluCQkJCSAgICAgICAgICAg
ICB8IGNjOk9yZ2FuaXphdGlvbi5OYW1lL1RleHQuQ29udGVudAkJCQkJCQkJICAg
ICAgICAgICAgICAgICAgfCCw+LW/ILq4x+ggsOi+4MDaILvzyKMowMy4pykNCm1h
cGxfb3Jwc19kaXZzCXwgL3NnOlBSRUdVQS9Cb25kLkluZm9ybWF0aW9uLkRldGFp
bHMvTXVsdGlwbGVXYXJyYW50ZWVyLkluZm8uRGV0YWlscy9jYzpPcmdhbml6YXRp
b25PclBlcnNvbi5JZGVudGlmaWVyLkluZGljYXRvci9JbmRpY2F0b3IuQ29udGVu
dCB8IDEzICAgfCBTdHJpbmcgICAgfCBtaW4JCQkJICAgICAgICAgICAgIHwgY2M6
T3JnYW5pemF0aW9uT3JQZXJzb24uSWRlbnRpZmllci5JbmRpY2F0b3IvSW5kaWNh
dG9yLkNvbnRlbnQgICAgIHwgsPi1vyC6uMfoILDovuDA2iC75773wNovwda5zrXu
t8+5+MijILG4utDE2rXlKE8tu+e+98DaufjIoywgUC3B1rnOte63z7n4yKMpDQpt
YXBsX29ycHNfaWRlbgl8IC9zZzpQUkVHVUEvQm9uZC5JbmZvcm1hdGlvbi5EZXRh
aWxzL011bHRpcGxlV2FycmFudGVlci5JbmZvLkRldGFpbHMvY2M6T3JnYW5pemF0
aW9uT3JQZXJzb24uSWRlbnRpZmllci9JZGVudGlmaWVyLkNvbnRlbnQgICAgICAg
ICAgfCAxMyAgIHwgU3RyaW5nICAgIHwgbWluCQkJCSAgICAgICAgICAgICB8IGNj
Ok9yZ2FuaXphdGlvbk9yUGVyc29uLklkZW50aWZpZXIvSWRlbnRpZmllci5Db250
ZW50ICAgICAgICAgICAgICB8ILD4tb8gurjH6CCw6L7gwNogu+e+98DaufjIoyC2
x7TCIMHWuc617rfPufjIoyhPwM4gsOa/7CC75773wNq5+MijLCBQwM4gsOa/7CDB
1rnOte63z7n4yKMpDQptYXBsX293bnJfbmFtZQl8IC9zZzpQUkVHVUEvQm9uZC5J
bmZvcm1hdGlvbi5EZXRhaWxzL011bHRpcGxlV2FycmFudGVlci5JbmZvLkRldGFp
bHMvY2M6T3JnYW5pemF0aW9uLkNFTy5OYW1lL1RleHQuQ29udGVudCAgICAgICAg
ICAgICAgICAgICAgICAgICAgfCA0MCAgIHwgU3RyaW5nICAgIHwgbWluCQkJCSAg
ICAgICAgICAgICB8IGNjOk9yZ2FuaXphdGlvbi5DRU8uTmFtZS9UZXh0LkNvbnRl
bnQgICAgICAgICAgICAgICAgICAgICAgICAgICAgICB8ILD4tb8gurjH6CCw6L7g
wNogtOvHpcDaILy6uO0NCiMgurjB9bO7v+sgLSAgtOvHpSDHx7q4x+jA2ijDpLHH
wNopIMGkurggDQpjcmVkX29yZ2FfbmFtZSAgfCAvc2c6UFJFR1VBL0JvbmQuSW5m
b3JtYXRpb24uRGV0YWlscy9DcmVkaXRvci5EZXRhaWxzL2NjOk9yZ2FuaXphdGlv
bi5OYW1lL1RleHQuQ29udGVudCAgICAgICAgICAgICAgICAgICAgICAgICAgICAg
ICAgICAgICAgICAgICAgIHwgMTAwICB8IFN0cmluZyAgICB8IG1pbiAgICAgICAg
ICAgICAgICAgICAgfCAgICAgICAgICAgICAgICAgICAgICAgICAgICAgICAgICAg
ICAgICAgICAgICAgICAgICAgICAgICAgICAgICAgICAgfCC068elIMOkscfA2i+x
4rD8uO0gICAgICAgICAgICAgICAgICAgDQpjcmVkX29ycHNfZGl2cyAgfCAvc2c6
UFJFR1VBL0JvbmQuSW5mb3JtYXRpb24uRGV0YWlscy9DcmVkaXRvci5EZXRhaWxz
L2NjOk9yZ2FuaXphdGlvbk9yUGVyc29uLklkZW50aWZpZXIuSW5kaWNhdG9yL0lu
ZGljYXRvci5Db250ZW50ICAgICAgICAgICAgICAgIHwgMTMgICB8IFN0cmluZyAg
ICB8IG1pbiAgICAgICAgICAgICAgICAgICAgfCAgICAgICAgICAgICAgICAgICAg
ICAgICAgICAgICAgICAgICAgICAgICAgICAgICAgICAgICAgICAgICAgICAgICAg
fCC068elIMOkscfA2i+75773wNovwda5zrXut8+5+Mijsbi60CAgDQpjcmVkX29y
cHNfaWRlbiAgfCAvc2c6UFJFR1VBL0JvbmQuSW5mb3JtYXRpb24uRGV0YWlscy9D
cmVkaXRvci5EZXRhaWxzL2NjOk9yZ2FuaXphdGlvbk9yUGVyc29uLklkZW50aWZp
ZXIvSWRlbnRpZmllci5Db250ZW50ICAgICAgICAgICAgICAgICAgICAgICAgIHwg
MTMgICB8IFN0cmluZyAgICB8IG1pbiAgICAgICAgICAgICAgICAgICAgfCAgICAg
ICAgICAgICAgICAgICAgICAgICAgICAgICAgICAgICAgICAgICAgICAgICAgICAg
ICAgICAgICAgICAgICAgfCC068elIMOkscfA2i+75773wNovwda5zrXut8+5+Mij
ICAgICAgDQpib25kX2hvbGRfbmFtZSAgfCAvc2c6UFJFR1VBL0JvbmQuSW5mb3Jt
YXRpb24uRGV0YWlscy9DcmVkaXRvci5EZXRhaWxzL2NjOk9yZ2FuaXphdGlvbi5C
b25kaG9sZGVyLk5hbWUvVGV4dC5Db250ZW50ICAgICAgICAgICAgICAgICAgICAg
ICAgICAgICAgICAgIHwgNDAgICB8IFN0cmluZyAgICB8IG1pbiAgICAgICAgICAg
ICAgICAgICAgfCAgICAgICAgICAgICAgICAgICAgICAgICAgICAgICAgICAgICAg
ICAgICAgICAgICAgICAgICAgICAgICAgICAgICAgfCC068elIMOkscfA2i/DpLHH
wNq47SAgICAgICAgICAgICAgICAgDQojILq4wfWzu7/rIC0gILD4tb8gx8e6uMfo
wNoow6Sxx8DaKSDBpLq4KLndurkpDQptdWx0X2NyZWRfaW5mbyAgfCAvc2c6UFJF
R1VBL0JvbmQuSW5mb3JtYXRpb24uRGV0YWlscy9NdWx0aXBsZUNyZWRpdG9yLklu
Zm8uRGV0YWlscwkJCQkJCQkJCQkJCQkJCQkJCSAgICAgICAgICAgICAgICAgICAg
ICAgICAgICAgICB8IDUwMDAwfCBTdHJpbmcgICAJfCBtYXhlbGUJCQkgICAgICAg
ICAgIHwgc2c6UFJFR1VBL0JvbmQuSW5mb3JtYXRpb24uRGV0YWlscy9NdWx0aXBs
ZUNyZWRpdG9yLkluZm8uRGV0YWlscwkgIHwgud26uQ0KbWNyZV9vcmdhX25hbWUJ
fCAvc2c6UFJFR1VBL0JvbmQuSW5mb3JtYXRpb24uRGV0YWlscy9NdWx0aXBsZUNy
ZWRpdG9yLkluZm8uRGV0YWlscy9jYzpPcmdhbml6YXRpb24uTmFtZS9UZXh0LkNv
bnRlbnQJCQkJCQkJCSAgICAgICAgICAgICAgICAgfCAxMDAgIHwgU3RyaW5nICAg
IHwgbWluCQkJCSAgICAgICAgICAgICB8IGNjOk9yZ2FuaXphdGlvbi5OYW1lL1Rl
eHQuQ29udGVudAkJCQkJCQkJICAgICAgICAgICAgICAgICAgfCCw+LW/IMOkscfA
2iCx4rD8uO0NCm1jcmVfb3Jwc19kaXZzCXwgL3NnOlBSRUdVQS9Cb25kLkluZm9y
bWF0aW9uLkRldGFpbHMvTXVsdGlwbGVDcmVkaXRvci5JbmZvLkRldGFpbHMvY2M6
T3JnYW5pemF0aW9uT3JQZXJzb24uSWRlbnRpZmllci5JbmRpY2F0b3IvSW5kaWNh
dG9yLkNvbnRlbnQgICB8IDEzICAgfCBTdHJpbmcgICAgfCBtaW4JCQkJICAgICAg
ICAgICAgIHwgY2M6T3JnYW5pemF0aW9uT3JQZXJzb24uSWRlbnRpZmllci5JbmRp
Y2F0b3IvSW5kaWNhdG9yLkNvbnRlbnQgICAgIHwgsPi1vyDDpLHHwNogu+e+98Da
L8HWuc617rfPufjIoyCxuLrQxNq15ShPLbvnvvfA2rn4yKMsIFAtwda5zrXut8+5
+MijKQ0KbWNyZV9vcnBzX2lkZW4JfCAvc2c6UFJFR1VBL0JvbmQuSW5mb3JtYXRp
b24uRGV0YWlscy9NdWx0aXBsZUNyZWRpdG9yLkluZm8uRGV0YWlscy9jYzpPcmdh
bml6YXRpb25PclBlcnNvbi5JZGVudGlmaWVyL0lkZW50aWZpZXIuQ29udGVudCAg
ICAgICAgICAgIHwgMTMgICB8IFN0cmluZyAgICB8IG1pbgkJCQkgICAgICAgICAg
ICAgfCBjYzpPcmdhbml6YXRpb25PclBlcnNvbi5JZGVudGlmaWVyL0lkZW50aWZp
ZXIuQ29udGVudCAgICAgICAgICAgICAgfCCw+LW/IMOkscfA2iC75773wNq5+Mij
ILbHtMIgwda5zrn4yKMoT8DOILDmv+wgu+e+98DaufjIoywgUMDOILDmv+wgwda5
zrn4yKMpDQptY3JlX2JvbmRfaG9sZAl8IC9zZzpQUkVHVUEvQm9uZC5JbmZvcm1h
dGlvbi5EZXRhaWxzL011bHRpcGxlQ3JlZGl0b3IuSW5mby5EZXRhaWxzL2NjOk9y
Z2FuaXphdGlvbi5Cb25kaG9sZGVyLk5hbWUvVGV4dC5Db250ZW50ICAgICAgICAg
ICAgICAgICAgICAgfCAxMDAgIHwgU3RyaW5nICAgIHwgbWluCQkJCSAgICAgICAg
ICAgICB8IGNjOk9yZ2FuaXphdGlvbi5Cb25kaG9sZGVyLk5hbWUvVGV4dC5Db250
ZW50ICAgICAgICAgICAgICAgICAgICAgICB8ILD4tb8gw6Sxx8DaIMOkscfA2rjt
DQojILq4wfWw6L7gKMHWsOi+4CkgICAgICAgICAgICAgICAgICAgICAgICAgICAg
ICAgICAgICAgICAgICAgICAgICAgICAgICAgICAgICAgICAgICAgICAgICAgICAg
ICAgICAgICAgICAgICAgICAgICAgICAgICAgICAgICAgICAgICAgICAgICAgICAg
ICAgICAgICAgICAgICAgICAgICAgICAgICAgICAgICAgICAgICAgICAgICAgICAg
ICAgICAgICAgICAgICAgICAgICAgICAgICAgICAgICAgICAgICAgICAgICAgICAg
ICAgICAgIA0KY29udF9uYW1lX3RleHQgIHwgL3NnOlBSRUdVQS9Cb25kLk1haW5D
b250cmFjdC5EZXRhaWxzL2NjOkNvbnRyYWN0Lk5hbWUuVGV4dC9UZXh0LkNvbnRl
bnQgICAgICAgICAgICAgICAgICAgICAgICAgICAgICAgICAgICAgICAgICAgICAg
ICAgICAgICAgICAgICB8IDEwMCAgfCBTdHJpbmcgICAgfCBtaW4gICAgICAgICAg
ICAgICAgICAgIHwgICAgICAgICAgICAgICAgICAgICAgICAgICAgICAgICAgICAg
ICAgICAgICAgICAgICAgICAgICAgICAgICAgICAgIHwgsOi+4LDHuO0JICAgICAg
ICANCmNvbnRfbWFpbl9hbW50ICB8IC9zZzpQUkVHVUEvQm9uZC5NYWluQ29udHJh
Y3QuRGV0YWlscy9jYzpDb250cmFjdC5BbW91bnQvQW1vdW50LkNvbnRlbnQgICAg
ICAgICAgICAgICAgICAgICAgICAgICAgICAgICAgICAgICAgICAgICAgICAgICAg
ICAgICAgICAgfCAxOCAgIHwgU3RyaW5nICAgIHwgbWluICAgICAgICAgICAgICAg
ICAgICB8ICAgICAgICAgICAgICAgICAgICAgICAgICAgICAgICAgICAgICAgICAg
ICAgICAgICAgICAgICAgICAgICAgICAgICB8ILDovuCx3b7XCSAgICAgICAgDQpj
b250X2N1cmNfY29kZSAgfCAvc2c6UFJFR1VBL0JvbmQuTWFpbkNvbnRyYWN0LkRl
dGFpbHMvY2M6Q29udHJhY3QuQW1vdW50L0Ftb3VudEN1cnJlbmN5LklkZW50aWZp
Y2F0aW9uLkNvZGUgICAgICAgICAgICAgICAgICAgICAgICAgICAgICAgICAgICAg
ICAgIHwgMyAgICB8IFN0cmluZyAgICB8IG1pbiAgICAgICAgICAgICAgICAgICAg
fCAgICAgICAgICAgICAgICAgICAgICAgICAgICAgICAgICAgICAgICAgICAgICAg
ICAgICAgICAgICAgICAgICAgICAgfCCw6L7gsd2+1y/F68itxNq15QkNCmNvbnRf
bnVtYl90ZXh0ICB8IC9zZzpQUkVHVUEvQm9uZC5NYWluQ29udHJhY3QuRGV0YWls
cy9jYzpDb250cmFjdC5OdW1iZXIuVGV4dC9UZXh0LkNvbnRlbnQgICAgICAgICAg
ICAgICAgICAgICAgICAgICAgICAgICAgICAgICAgICAgICAgICAgICAgICAgICAg
fCAzMCAgIHwgU3RyaW5nICAgIHwgbWluICAgICAgICAgICAgICAgICAgICB8ICAg
ICAgICAgICAgICAgICAgICAgICAgICAgICAgICAgICAgICAgICAgICAgICAgICAg
ICAgICAgICAgICAgICAgICB8ILDovuC5+MijCSAgICAgICAgDQpjb250X21haW5f
ZGF0ZSAgfCAvc2c6UFJFR1VBL0JvbmQuTWFpbkNvbnRyYWN0LkRldGFpbHMvY2M6
Q29udHJhY3QuRGF0ZS9EYXRlVGltZS5Db250ZW50ICAgICAgICAgICAgICAgICAg
ICAgICAgICAgICAgICAgICAgICAgICAgICAgICAgICAgICAgICAgICAgIHwgOCAg
ICB8IFN0cmluZyAgICB8IG1pbiAgICAgICAgICAgICAgICAgICAgfCAgICAgICAg
ICAgICAgICAgICAgICAgICAgICAgICAgICAgICAgICAgICAgICAgICAgICAgICAg
ICAgICAgICAgICAgfCCw6L7gwM/A2gkgICAgICAgIA0KY29udF9iZWduX2RhdGUg
IHwgL3NnOlBSRUdVQS9Cb25kLk1haW5Db250cmFjdC5EZXRhaWxzL0NvbnRyYWN0
LlBlcmlvZC5EZXRhaWxzL2NjOkNvbnRyYWN0LlN0YXJ0LkRhdGUvRGF0ZVRpbWUu
Q29udGVudCAgICAgICAgICAgICAgICAgICAgICAgICAgICAgICB8IDggICAgfCBT
dHJpbmcgICAgfCBtaW4gICAgICAgICAgICAgICAgICAgIHwgICAgICAgICAgICAg
ICAgICAgICAgICAgICAgICAgICAgICAgICAgICAgICAgICAgICAgICAgICAgICAg
ICAgICAgIHwgsOi+4LHisKMvsOi+4L3DwNvAzyAgICAgDQpjb250X2Zuc2hfZGF0
ZSAgfCAvc2c6UFJFR1VBL0JvbmQuTWFpbkNvbnRyYWN0LkRldGFpbHMvQ29udHJh
Y3QuUGVyaW9kLkRldGFpbHMvY2M6Q29udHJhY3QuRW5kLkRhdGUvRGF0ZVRpbWUu
Q29udGVudCAgICAgICAgICAgICAgICAgICAgICAgICAgICAgICAgIHwgOCAgICB8
IFN0cmluZyAgICB8IG1pbiAgICAgICAgICAgICAgICAgICAgfCAgICAgICAgICAg
ICAgICAgICAgICAgICAgICAgICAgICAgICAgICAgICAgICAgICAgICAgICAgICAg
ICAgICAgICAgfCCw6L7gseKwoy+w6L7guLi34cDPICAgICANCiMgus689rDovuAg
ICAgICAgICAgICAgICAgICAgICAgICAgICAgICAgICAgICAgICAgICAgICAgICAg
ICAgICAgICAgICAgICAgICAgICAgICAgICAgICAgICAgICAgICAgICAgICAgICAg
ICAgICAgICAgICAgICAgICAgICAgICAgICAgICAgICAgICAgICAgICAgICAgICAg
ICAgICAgICAgICAgICAgICAgICAgICAgICAgICAgICAgICAgICAgICAgICAgICAg
ICAgICAgICAgICAgICAgICAgICAgICAgICAgICAgICAgICAgICAgICAgICAgICAg
ICAgICAgICAgICANCmNvbnRfcGF5bV9hbW50ICB8IC9zZzpQUkVHVUEvQm9uZC5T
dWJDb250cmFjdC5EZXRhaWxzL2NjOlByZXBheW1lbnQuQW1vdW50L0Ftb3VudC5D
b250ZW50ICAgICAgICAgICAgICAgICAgICAgICAgICAgICAgICAgICAgICAgICAg
ICAgICAgICAgICAgICAgICAgfCAxOCAgIHwgU3RyaW5nICAgIHwgbWluICAgICAg
ICAgICAgICAgICAgICB8ICAgICAgICAgICAgICAgICAgICAgICAgICAgICAgICAg
ICAgICAgICAgICAgICAgICAgICAgICAgICAgICAgICAgICB8ILyxsd2+1wkgICAg
ICAgIA0KcGF5bV9jdXJjX2NvZGUgIHwgL3NnOlBSRUdVQS9Cb25kLlN1YkNvbnRy
YWN0LkRldGFpbHMvY2M6UHJlcGF5bWVudC5BbW91bnQvQW1vdW50Q3VycmVuY3ku
SWRlbnRpZmljYXRpb24uQ29kZSAgICAgICAgICAgICAgICAgICAgICAgICAgICAg
ICAgICAgICAgICB8IDMgICAgfCBTdHJpbmcgICAgfCBtaW4gICAgICAgICAgICAg
ICAgICAgIHwgICAgICAgICAgICAgICAgICAgICAgICAgICAgICAgICAgICAgICAg
ICAgICAgICAgICAgICAgICAgICAgICAgICAgIHwgvLGx3b7XL8XryK3E2rXlCQ0K
Y29udF9wYXltX2RhdGUgIHwgL3NnOlBSRUdVQS9Cb25kLlN1YkNvbnRyYWN0LkRl
dGFpbHMvY2M6UGF5bWVudC5Qcm9jZXNzaW5nLkRhdGUvRGF0ZVRpbWUuQ29udGVu
dCAgICAgICAgICAgICAgICAgICAgICAgICAgICAgICAgICAgICAgICAgICAgICAg
ICAgICB8IDggICAgfCBTdHJpbmcgICAgfCBtaW4gICAgICAgICAgICAgICAgICAg
IHwgICAgICAgICAgICAgICAgICAgICAgICAgICAgICAgICAgICAgICAgICAgICAg
ICAgICAgICAgICAgICAgICAgICAgIHwgwfax3r+5waTAzwkNCmNvbnRfcGVyZl9k
YXRlICB8IC9zZzpQUkVHVUEvQm9uZC5TdWJDb250cmFjdC5EZXRhaWxzL2NjOkNv
bnRyYWN0LlBlcmZvcm0uRGF0ZS9EYXRlVGltZS5Db250ZW50ICAgICAgICAgICAg
ICAgICAgICAgICAgICAgICAgICAgICAgICAgICAgICAgICAgICAgICAgfCA4ICAg
IHwgU3RyaW5nICAgIHwgbWluICAgICAgICAgICAgICAgICAgICB8ICAgICAgICAg
ICAgICAgICAgICAgICAgICAgICAgICAgICAgICAgICAgICAgICAgICAgICAgICAg
ICAgICAgICAgICB8ILDovuDAzMfgseLAzwkNCiMgxq+x4rvnx9cgICAgICAgICAg
ICAgICAgICAgICAgICAgICAgICAgICAgICAgICAgICAgICAgICAgICAgICAgICAg
ICAgICAgICAgICAgICAgICAgICAgICAgICAgICAgICAgICAgICAgICAgICAgICAg
ICAgICAgICAgICAgICAgICAgICAgICAgICAgICAgICAgICAgICAgICAgICAgICAg
ICAgICAgICAgICAgICAgICAgICAgICAgICAgICAgICAgICAgICAgICAgICAgICAg
ICAgICAgICAgICAgICAgICAgICAgICAgICAgICAgICAgICAgICAgICAgICAgICAg
ICANCnNwY2xfY29uZF90ZXh0ICB8IC9zZzpQUkVHVUEvY2M6U3BlY2lhbENvbmRp
dGlvbi5UZXh0L1RleHQuQ29udGVudCAgICAgICAgICAgICAgICAgICAgICAgICAg
ICAgICAgICAgICAgICAgICAgICAgICAgICAgICAgICAgICAgICAgICAgICAgICAg
ICAgICAgICAgfCA1MDAgIHwgU3RyaW5nICAgIHwgbWluICAgICAgICAgICAgICAg
ICAgICB8ICAgICAgICAgICAgICAgICAgICAgICAgICAgICAgICAgICAgICAgICAg
ICAgICAgICAgICAgICAgICAgICAgICAgICB8IMavseK758fXDQojIMavurC+4LD8
ICAgICAgICAgICAgICAgICAgICAgICAgICAgICAgICAgICAgICAgICAgICAgICAg
ICAgICAgICAgICAgICAgICAgICAgICAgICAgICAgICAgICAgICAgICAgICAgICAg
ICAgICAgICAgICAgICAgICAgICAgICAgICAgICAgICAgICAgICAgICAgICAgICAg
ICAgICAgICAgICAgICAgICAgICAgICAgICAgICAgICAgICAgICAgICAgICAgICAg
ICAgICAgICAgICAgICAgICAgICAgICAgICAgICAgICAgICAgICAgICAgICAgICAg
ICAgICAgICAgICAgDQpzcGNsX3Byb3ZfdGV4dCAgfCAvc2c6UFJFR1VBL2NjOlNw
ZWNpYWxQcm92aXNpb24uVGV4dC9UZXh0LkNvbnRlbnQgICAgICAgICAgICAgICAg
ICAgICAgICAgICAgICAgICAgICAgICAgICAgICAgICAgICAgICAgICAgICAgICAg
ICAgICAgICAgICAgICAgICAgIHwgMjAwICB8IFN0cmluZyAgICB8IG1pbiAgICAg
ICAgICAgICAgICAgICAgfCAgICAgICAgICAgICAgICAgICAgICAgICAgICAgICAg
ICAgICAgICAgICAgICAgICAgICAgICAgICAgICAgICAgICAgfCDGr7qwvuCw/A0K
IyC6uMH1ua4gICAgICAgICAgICAgICAgICAgICAgICAgICAgICAgICAgICAgICAg
ICAgICAgICAgICAgICAgICAgICAgICAgICAgICAgICAgICAgICAgICAgICAgICAg
ICAgICAgICAgICAgICAgICAgICAgICAgICAgICAgICAgICAgICAgICAgICAgICAg
ICAgICAgICAgICAgICAgICAgICAgICAgICAgICAgICAgICAgICAgICAgICAgICAg
ICAgICAgICAgICAgICAgICAgICAgICAgICAgICAgICAgICAgICAgICAgICAgICAg
ICAgICAgICAgICAgICAgICAgICAgIA0KYm9uZF9zdGF0X3RleHQgIHwgL3NnOlBS
RUdVQS9jYzpHdWFyYW50ZWUuU3RhdGVtZW50LlRleHQvVGV4dC5Db250ZW50ICAg
ICAgICAgICAgICAgICAgICAgICAgICAgICAgICAgICAgICAgICAgICAgICAgICAg
ICAgICAgICAgICAgICAgICAgICAgICAgICAgICB8IDEwMCAgfCBTdHJpbmcgICAg
fCBtaW4gICAgICAgICAgICAgICAgICAgIHwgICAgICAgICAgICAgICAgICAgICAg
ICAgICAgICAgICAgICAgICAgICAgICAgICAgICAgICAgICAgICAgICAgICAgIHwg
urjB9bmuDQojILnfx+DA2iAgICAgICAgICAgICAgICAgICAgICAgICAgICAgICAg
ICAgICAgICAgICAgICAgICAgICAgICAgICAgICAgICAgICAgICAgICAgICAgICAg
ICAgICAgICAgICAgICAgICAgICAgICAgICAgICAgICAgICAgICAgICAgICAgICAg
ICAgICAgICAgICAgICAgICAgICAgICAgICAgICAgICAgICAgICAgICAgICAgICAg
ICAgICAgICAgICAgICAgICAgICAgICAgICAgICAgICAgICAgICAgICAgICAgICAg
ICAgICAgICAgICAgICAgICAgICAgICAgICAgICAgDQppc3N1X2FkZHJfdHh0MSAg
fCAvc2c6UFJFR1VBL0lzc3Vlci5EZXRhaWxzL2NjOkFkZHJlc3MuTGluZTEuVGV4
dC9UZXh0LkNvbnRlbnQgICAgICAgICAgICAgICAgICAgICAgICAgICAgICAgICAg
ICAgICAgICAgICAgICAgICAgICAgICAgICAgICAgICAgICAgIHwgMTAwICB8IFN0
cmluZyAgICB8IG1pbiAgICAgICAgICAgICAgICAgICAgfCAgICAgICAgICAgICAg
ICAgICAgICAgICAgICAgICAgICAgICAgICAgICAgICAgICAgICAgICAgICAgICAg
ICAgICAgfCDB1rzSMQkgICAgICAgICAgIA0KaXNzdV9hZGRyX3R4dDIgIHwgL3Nn
OlBSRUdVQS9Jc3N1ZXIuRGV0YWlscy9jYzpBZGRyZXNzLkxpbmUyLlRleHQvVGV4
dC5Db250ZW50ICAgICAgICAgICAgICAgICAgICAgICAgICAgICAgICAgICAgICAg
ICAgICAgICAgICAgICAgICAgICAgICAgICAgICAgICB8IDEwMCAgfCBTdHJpbmcg
ICAgfCBtaW4gICAgICAgICAgICAgICAgICAgIHwgICAgICAgICAgICAgICAgICAg
ICAgICAgICAgICAgICAgICAgICAgICAgICAgICAgICAgICAgICAgICAgICAgICAg
IHwgwda80jIJICAgICAgICAgICANCmlzc3Vfb3JnYV9uYW1lICB8IC9zZzpQUkVH
VUEvSXNzdWVyLkRldGFpbHMvY2M6T3JnYW5pemF0aW9uLk5hbWUvVGV4dC5Db250
ZW50ICAgICAgICAgICAgICAgICAgICAgICAgICAgICAgICAgICAgICAgICAgICAg
ICAgICAgICAgICAgICAgICAgICAgICAgICAgfCAxMDAgIHwgU3RyaW5nICAgIHwg
bWluICAgICAgICAgICAgICAgICAgICB8ICAgICAgICAgICAgICAgICAgICAgICAg
ICAgICAgICAgICAgICAgICAgICAgICAgICAgICAgICAgICAgICAgICAgICB8ILvz
yKMJICAgICAgICAgICANCmlzc3Vfb3ducl9uYW1lICB8IC9zZzpQUkVHVUEvSXNz
dWVyLkRldGFpbHMvY2M6T3JnYW5pemF0aW9uLkNFTy5OYW1lL1RleHQuQ29udGVu
dCAgICAgICAgICAgICAgICAgICAgICAgICAgICAgICAgICAgICAgICAgICAgICAg
ICAgICAgICAgICAgICAgICAgICAgfCAyMCAgIHwgU3RyaW5nICAgIHwgbWluICAg
ICAgICAgICAgICAgICAgICB8ICAgICAgICAgICAgICAgICAgICAgICAgICAgICAg
ICAgICAgICAgICAgICAgICAgICAgICAgICAgICAgICAgICAgICB8ILTrx6XA2ry6
uO0JICAgDQppc3N1X2RlcHRfbmFtZSAgfCAvc2c6UFJFR1VBL0lzc3Vlci5EZXRh
aWxzL0FnZW5jeS5EZXRhaWxzL2NjOkRlcGFydG1lbnQuTmFtZS9UZXh0LkNvbnRl
bnQgICAgICAgICAgICAgICAgICAgICAgICAgICAgICAgICAgICAgICAgICAgICAg
ICAgICAgICAgICAgIHwgMzAgICB8IFN0cmluZyAgICB8IG1pbiAgICAgICAgICAg
ICAgICAgICAgfCAgICAgICAgICAgICAgICAgICAgICAgICAgICAgICAgICAgICAg
ICAgICAgICAgICAgICAgICAgICAgICAgICAgICAgfCC067iuwM4vus68rSi067iu
waEpDQppc3N1X2RlcHRfb3duciAgfCAvc2c6UFJFR1VBL0lzc3Vlci5EZXRhaWxz
L0FnZW5jeS5EZXRhaWxzL2NjOkVtcGxveWVlLk5hbWUvVGV4dC5Db250ZW50ICAg
ICAgICAgICAgICAgICAgICAgICAgICAgICAgICAgICAgICAgICAgICAgICAgICAg
ICAgICAgICAgIHwgMjAgICB8IFN0cmluZyAgICB8IG1pbiAgICAgICAgICAgICAg
ICAgICAgfCAgICAgICAgICAgICAgICAgICAgICAgICAgICAgICAgICAgICAgICAg
ICAgICAgICAgICAgICAgICAgICAgICAgICAgfCC067iuwM4vvLq47SAgICAgICAg
DQpjaHJnX25hbWVfdGV4dCAgfCAvc2c6UFJFR1VBL0lzc3Vlci5EZXRhaWxzL0No
YXJnZS5QZXJzb24uRGV0YWlscy9jYzpFbXBsb3llZS5OYW1lL1RleHQuQ29udGVu
dCAgICAgICAgICAgICAgICAgICAgICAgICAgICAgICAgICAgICAgICAgICAgICAg
ICAgICAgIHwgMjAgICB8IFN0cmluZyAgICB8IG1pbiAgICAgICAgICAgICAgICAg
ICAgfCAgICAgICAgICAgICAgICAgICAgICAgICAgICAgICAgICAgICAgICAgICAg
ICAgICAgICAgICAgICAgICAgICAgICAgfCC047TnwNovvLq47SAgICAgICAgDQpj
aHJnX3Bob25fdGV4dCAgfCAvc2c6UFJFR1VBL0lzc3Vlci5EZXRhaWxzL0NoYXJn
ZS5QZXJzb24uRGV0YWlscy9jYzpUZWxlcGhvbmUuTnVtYmVyLlRleHQvVGV4dC5D
b250ZW50ICAgICAgICAgICAgICAgICAgICAgICAgICAgICAgICAgICAgICAgICAg
ICAgIHwgMjAgICB8IFN0cmluZyAgICB8IG1pbiAgICAgICAgICAgICAgICAgICAg
fCAgICAgICAgICAgICAgICAgICAgICAgICAgICAgICAgICAgICAgICAgICAgICAg
ICAgICAgICAgICAgICAgICAgICAgfCC047TnwNovwPzIrSAgICAgICAgDQpjaHJn
X2ZheHNfdGV4dCAgfCAvc2c6UFJFR1VBL0lzc3Vlci5EZXRhaWxzL0NoYXJnZS5Q
ZXJzb24uRGV0YWlscy9jYzpGYXguTnVtYmVyLlRleHQvVGV4dC5Db250ZW50ICAg
ICAgICAgICAgICAgICAgICAgICAgICAgICAgICAgICAgICAgICAgICAgICAgICAg
IHwgMjAgICB8IFN0cmluZyAgICB8IG1pbiAgICAgICAgICAgICAgICAgICAgfCAg
ICAgICAgICAgICAgICAgICAgICAgICAgICAgICAgICAgICAgICAgICAgICAgICAg
ICAgICAgICAgICAgICAgICAgfCC047TnwNovRmF4ILn4yKMgICAgDQppbnZpX2Fn
bmNfbmFtZSAgfCAvc2c6UFJFR1VBL0lzc3Vlci5EZXRhaWxzL0ludml0YXRpb24u
QWdlbmN5LkRldGFpbHMvY2M6QWdlbmN5Lk5hbWUvVGV4dC5Db250ZW50ICAgICAg
ICAgICAgICAgICAgICAgICAgICAgICAgICAgICAgICAgICAgICAgICAgICAgIHwg
MzAgICB8IFN0cmluZyAgICB8IG1pbiAgICAgICAgICAgICAgICAgICAgfCAgICAg
ICAgICAgICAgICAgICAgICAgICAgICAgICAgICAgICAgICAgICAgICAgICAgICAg
ICAgICAgICAgICAgICAgfCC48MH9tOu4rsGhuO0NCmludmlfb3ducl9uYW1lICB8
IC9zZzpQUkVHVUEvSXNzdWVyLkRldGFpbHMvSW52aXRhdGlvbi5BZ2VuY3kuRGV0
YWlscy9jYzpBZ2VuY3kuQ0VPLk5hbWUvVGV4dC5Db250ZW50ICAgICAgICAgICAg
ICAgICAgICAgICAgICAgICAgICAgICAgICAgICAgICAgICAgfCAyMCAgIHwgU3Ry
aW5nICAgIHwgbWluICAgICAgICAgICAgICAgICAgICB8ICAgICAgICAgICAgICAg
ICAgICAgICAgICAgICAgICAgICAgICAgICAgICAgICAgICAgICAgICAgICAgICAg
ICAgICB8ILjwwf2067iuwaG068eluO0NCmludmlfcGhvbl90ZXh0ICB8IC9zZzpQ
UkVHVUEvSXNzdWVyLkRldGFpbHMvSW52aXRhdGlvbi5BZ2VuY3kuRGV0YWlscy9j
YzpUZWxlcGhvbmUuTnVtYmVyLlRleHQvVGV4dC5Db250ZW50ICAgICAgICAgICAg
ICAgICAgICAgICAgICAgICAgICAgICAgICAgICAgfCAyMCAgIHwgU3RyaW5nICAg
IHwgbWluICAgICAgICAgICAgICAgICAgICB8ICAgICAgICAgICAgICAgICAgICAg
ICAgICAgICAgICAgICAgICAgICAgICAgICAgICAgICAgICAgICAgICAgICAgICB8
ILjwwf2067iuwaHA/MitufjIow0KIyC68bDtICAgICAgICAgICAgICAgICAgICAg
ICAgICAgICAgICAgICAgICAgICAgICAgICAgICAgICAgICAgICAgICAgICAgICAg
ICAgICAgICAgICAgICAgICAgICAgICAgICAgICAgICAgICAgICAgICAgICAgICAg
ICAgICAgICAgICAgICAgICAgICAgICAgICAgICAgICAgICAgICAgICAgICAgICAg
ICAgICAgICAgICAgICAgICAgICAgICAgICAgICAgICAgICAgICAgICAgICAgICAg
ICAgICAgICAgICAgICAgICAgICAgICAgICAgICAgICAgICAgICAgICAgIA0KZ2Vu
ZV9ub3RlX3RleHQgIHwgL3NnOlBSRUdVQS9jYzpHZW5lcmFsLk5vdGUuVGV4dC9U
ZXh0LkNvbnRlbnQgICAgICAgICAgICAgICAgICAgICAgICAgICAgICAgICAgICAg
ICAgICAgICAgICAgICAgICAgICAgICAgICAgICAgICAgICAgICAgICAgICAgICAg
ICB8IDEwMCAgfCBTdHJpbmcgICAgfCBtaW4gICAgICAgICAgICAgICAgICAgIHwg
ICAgICAgICAgICAgICAgICAgICAgICAgICAgICAgICAgICAgICAgICAgICAgICAg
ICAgICAgICAgICAgICAgICAgIHwguvGw7Q==