IyAgICDri6jstpXrqoUgICAgICAgIHwgICAgICAgIFhQYXRoICAgICAgICAgICAg
ICAgICAgICAgICAgICAgICAgICAgICAgICAgICAgfCDquLjsnbQgfCDtg4DsnoUg
ICB8IOuwmOuztSDsl6zrtoAg67CPIO2VhOyImOyXrOu2gCAgfCDrsJjrs7Xsi5zs
npEg7YOc6re4IHwg7ZWt66qpICAgICAgICAgICANCnJlc19neG1saGVhZCAgICAg
ICB8IC9SZXNwb25zZS9HeG1sSGVhZCAgICAgICAgICAgICAgICAgICAgICAgICAg
ICAgICAgICAgIHwgMTAwICB8IFN0cmluZyB8IG1pbiAgICAgICAgICAgICAgICAg
ICAgfCAgICAgICAgICAgICAgIHwgMQ0KcmVzX3Jlc3VsdCAgICAgICAgIHwgL1Jl
c3BvbnNlL3Jlc3VsdCAgICAgICAgICAgICAgICAgICAgICAgICAgICAgICAgICAg
ICAgfCAxMDAgIHwgU3RyaW5nIHwgbWluICAgICAgICAgICAgICAgICAgICB8ICAg
ICAgICAgICAgICAgfCAyDQpyZXNfY29udF9udW0gICAgICAgfCAvUmVzcG9uc2Uv
Q29udHJhY3QuTnVtYmVyLlRleHQgICAgICAgICAgICAgICAgICAgICAgICB8IDEw
MCAgfCBTdHJpbmcgfCBtaW4gICAgICAgICAgICAgICAgICAgIHwgICAgICAgICAg
ICAgICB8IDMNCnJlc19kb2N1X251bSAgICAgICB8IC9SZXNwb25zZS9Eb2N1bWVu
dC5OdW1iZXIuVGV4dCAgICAgICAgICAgICAgICAgICAgICAgIHwgMTAwICB8IFN0
cmluZyB8IG1pbiAgICAgICAgICAgICAgICAgICAgfCAgICAgICAgICAgICAgIHwg
NA0KcmVzX2luZm9fY29kZSAgICAgIHwgL1Jlc3BvbnNlL1Jlc3BvbnNlLkluZm8u
RGV0YWlscy9SZXNwb25zZS5UeXBlLkNvZGUgICAgfCAxMDAgIHwgU3RyaW5nIHwg
bWluICAgICAgICAgICAgICAgICAgICB8ICAgICAgICAgICAgICAgfCA1DQpyZXNf
aW5mb19yZXN1bHQgICAgfCAvUmVzcG9uc2UvUmVzcG9uc2UuSW5mby5EZXRhaWxz
L1Jlc3BvbnNlLlJlc3VsdC5UZXh0ICB8IDEwMCAgfCBTdHJpbmcgfCBtaW4gICAg
ICAgICAgICAgICAgICAgIHwgICAgICAgICAgICAgICB8IDYNCnJlc19pbmZvX3R5
cGVuYW1lICB8IC9SZXNwb25zZS9SZXNwb25zZS5JbmZvLkRldGFpbHMvUmVzcG9u
c2UuVHlwZS5OYW1lICAgIHwgMTAwICB8IFN0cmluZyB8IG1pbiAgICAgICAgICAg
ICAgICAgICAgfCAgICAgICAgICAgICAgIHwgNw0KcmVzX25leHRwYXNzICAgICAg
IHwgL1Jlc3BvbnNlL25leHRwYXNzICAgICAgICAgICAgICAgICAgICAgICAgICAg
ICAgICAgICAgfCAxMDAgIHwgU3RyaW5nIHwgbWluICAgICAgICAgICAgICAgICAg
ICB8ICAgICAgICAgICAgICAgfCA4DQpyZXNfbWVzc2FnZSAgICAgICAgfCAvUmVz
cG9uc2UvTWVzc2FnZSAgICAgICAgICAgICAgICAgICAgICAgICAgICAgICAgICAg
ICB8IDEwMCAgfCBTdHJpbmcgfCBtaW4gICAgICAgICAgICAgICAgICAgIHwgICAg
ICAgICAgICAgICB8IDk=