IyDri6jstpXrqoUgICB8IFhQYXRoICAgICAgICAgICAgICAgICAgICAgICAgICAg
ICAgICAgICAgICAgICAgICAgICAgICAgICAgICAgICAgICAgICAgICAgICAgICAg
ICAgICAgICAgICB8IOq4uOydtCB8IO2DgOyehSAgICAgIHwg67CY67O1IOyXrOu2
gCDrsI8g7ZWE7IiY7Jes67aAIHwg67CY67O17Iuc7J6RIO2DnOq3uCAgICAgIHwg
7ZWt66qpCiMgSEVBRCAgICAgICAgICAgICAgICAgICAgICAgICAgICAgICAgICAg
ICAgICAgICAgICAgICAgICAgICAgICAgICAgICAgICAgICAgICAgICAgICAgICAg
ICAgICAgICAgICAgICAgICAgICAgICAgICAgICAgICAgICAgICAgICAgICAgICAg
ICAgICAgICAgICAgICAgICAgICAgICAgICAgICAgICAgICAgICAgICAgICAgICAg
ICAgICAgICAgICAgICAgICAKZG9jdV9pZGVuICB8IC9Eb2N1bWVudC9NZXNzYWdl
SGVhZGVyL0RvY3VtZW50LklkZW50aWZpY2F0aW9uICAgICAgICAgICAgICAgICAg
ICAgICAgICAgICAgICAgICAgICAgICB8IDI5ICAgfCBTdHJpbmcgICAgfCBuZWNl
c3NhcnkgICAgICAgICAgICAgfCAgICAgICAgICAgICAgICAgICAgfCBET0NfSUQg
ICAgICAKZG9jdV9raW5kICB8IC9Eb2N1bWVudC9NZXNzYWdlSGVhZGVyL0RvY3Vt
ZW50LktpbmQgICAgICAgICAgICAgICAgICAgICAgICAgICAgICAgICAgICAgICAg
ICAgICAgICAgICB8IDQgICAgfCBTdHJpbmcgICAgfCBuZWNlc3NhcnkgICAgICAg
ICAgICAgfCAgICAgICAgICAgICAgICAgICAgfCDsoITrrLjsooXrpZjsvZTrk5wK
ZG9jdV9kZXNjICB8IC9Eb2N1bWVudC9NZXNzYWdlSGVhZGVyL0RvY3VtZW50LkRl
c2NyaXB0aW9uICAgICAgICAgICAgICAgICAgICAgICAgICAgICAgICAgICAgICAg
ICAgICB8IDEwMCAgfCBTdHJpbmcgICAgfCBtaW4gICAgICAgICAgICAgICAgICAg
fCAgICAgICAgICAgICAgICAgICAgfCDrrLjshJzquLDriqUJCmRvY3Vfc2VuZCAg
fCAvRG9jdW1lbnQvTWVzc2FnZUhlYWRlci9TZW5kZXIgICAgICAgICAgICAgICAg
ICAgICAgICAgICAgICAgICAgICAgICAgICAgICAgICAgICAgICAgICAgfCAxMCAg
IHwgU3RyaW5nICAgIHwgbmVjZXNzYXJ5ICAgICAgICAgICAgIHwgICAgICAgICAg
ICAgICAgICAgIHwg66y47ISc7L2U65OcCQpkb2N1X3JlY3YgIHwgL0RvY3VtZW50
L01lc3NhZ2VIZWFkZXIvUmVjZWl2ZXIgICAgICAgICAgICAgICAgICAgICAgICAg
ICAgICAgICAgICAgICAgICAgICAgICAgICAgICAgIHwgMTAgICB8IFN0cmluZyAg
ICB8IG5lY2Vzc2FyeSAgICAgICAgICAgICB8ICAgICAgICAgICAgICAgICAgICB8
IOusuOyEnOuqhQkgICAgCnJlcXVfZG9jdSAgfCAvRG9jdW1lbnQvTWVzc2FnZUhl
YWRlci9SZXF1ZXN0LkRvY3VtZW50LklkZW50aWZpY2F0aW9uICAgICAgICAgICAg
ICAgICAgICAgICAgICAgICAgICAgfCAyOCAgIHwgU3RyaW5nICAgIHwgbWluICAg
ICAgICAgICAgICAgICAgIHwgICAgICAgICAgICAgICAgICAgIHwg7KCE7J6Q66y4
7ISc67KE7KCECiMg64yA7Lac6riw7JeF7KCV67O0ICAgICAgICAgICAgICAgICAg
ICAgICAgICAgICAgICAgICAgICAgICAgICAgICAgICAgICAgICAgICAgICAgICAg
ICAgICAgICAgICAgICAgICAgICAgICAgICAgICAgICAgICAgICAgICAgICAgICAg
ICAgICAgICAgICAgICAgICAgICAgICAgICAgICAgICAgICAgICAgIApvcmdhX2lu
ZGkgIHwgL0RvY3VtZW50L01lc3NhZ2VCb2R5L0ZpbmFuY2lhbFN0YXRlbWVudHNJ
bmZvcm1hdGlvblJlcXVlc3QvQXBwbGllci5JbmZvLkRldGFpbHMvT3JnYW5pemF0
aW9uT3JQZXJzb24uSWRlbnRpZmllci5JbmRpY2F0b3IgICAgfCAxICAgIHwgU3Ry
aW5nICAgIHwgbWluICAgICAgICAgICAgICAgICAgIHwgICAgICAgICAgICAgICAg
ICAgIHwg6rWs67aEKE8667KV7J24LCBQOuqwnOyduCkKb3JnYV9pZGVuICB8IC9E
b2N1bWVudC9NZXNzYWdlQm9keS9GaW5hbmNpYWxTdGF0ZW1lbnRzSW5mb3JtYXRp
b25SZXF1ZXN0L0FwcGxpZXIuSW5mby5EZXRhaWxzL09yZ2FuaXphdGlvbi5JZGVu
dGlmaWVyICAgICAgICAgICAgICB8IDEwICAgfCBTdHJpbmcgICAgfCBtaW4gICAg
ICAgICAgICAgICAgICAgfCAgICAgICAgICAgICAgICAgICAgfCDsgqzsl4XsnpDr
k7HroZ3rsojtmLgKb3JnYV9udW1iICB8IC9Eb2N1bWVudC9NZXNzYWdlQm9keS9G
aW5hbmNpYWxTdGF0ZW1lbnRzSW5mb3JtYXRpb25SZXF1ZXN0L0FwcGxpZXIuSW5m
by5EZXRhaWxzL09yZ2FuaXphdGlvbi5OdW1iZXIuVGV4dCAgICAgICAgICAgICAg
ICAgICAgIHwgMTMgICB8IFN0cmluZyAgICB8IG1pbiAgICAgICAgICAgICAgICAg
ICB8ICAgICAgICAgICAgICAgICAgICB8IOyjvOuvvC/rspXsnbjrsojtmLgKb3Jn
YV9uYW1lICB8IC9Eb2N1bWVudC9NZXNzYWdlQm9keS9GaW5hbmNpYWxTdGF0ZW1l
bnRzSW5mb3JtYXRpb25SZXF1ZXN0L0FwcGxpZXIuSW5mby5EZXRhaWxzL09yZ2Fu
aXphdGlvbi5OYW1lLlRleHQgICAgICAgICAgICAgICAgICAgICAgIHwgMTAwICB8
IFN0cmluZyAgICB8IG1pbiAgICAgICAgICAgICAgICAgICB8ICAgICAgICAgICAg
ICAgICAgICB8IOyDge2YuCAgICAKY29udF9udW1iICB8IC9Eb2N1bWVudC9NZXNz
YWdlQm9keS9GaW5hbmNpYWxTdGF0ZW1lbnRzSW5mb3JtYXRpb25SZXF1ZXN0L0Fw
cGxpZXIuSW5mby5EZXRhaWxzL0NvbnRyYWN0Lk51bWJlci5UZXh0ICAgICAgICAg
ICAgICAgICAgICAgICAgIHwgMzAgICB8IFN0cmluZyAgICB8IG1pbiAgICAgICAg
ICAgICAgICAgICB8ICAgICAgICAgICAgICAgICAgICB8IOqzhOyVveuyiO2YuApj
b250X3NlcXUgIHwgL0RvY3VtZW50L01lc3NhZ2VCb2R5L0ZpbmFuY2lhbFN0YXRl
bWVudHNJbmZvcm1hdGlvblJlcXVlc3QvQXBwbGllci5JbmZvLkRldGFpbHMvQ29u
dHJhY3QuU2VxdWVuY2UuVmFsdWUgICAgICAgICAgICAgICAgICAgICAgfCAyICAg
IHwgRGVjaW1hbCAgIHwgbWluICAgICAgICAgICAgICAgICAgIHwgICAgICAgICAg
ICAgICAgICAgIHwg6rOE7JW967KI7Zi4IOywqOyImCAgICAKb3Jkcl9udW1iICB8
IC9Eb2N1bWVudC9NZXNzYWdlQm9keS9GaW5hbmNpYWxTdGF0ZW1lbnRzSW5mb3Jt
YXRpb25SZXF1ZXN0L0FwcGxpZXIuSW5mby5EZXRhaWxzL09yZGVyLk51bWJlci5U
ZXh0ICAgICAgICAgICAgICAgICAgICAgICAgICAgIHwgMzAgICB8IFN0cmluZyAg
ICB8IG1pbiAgICAgICAgICAgICAgICAgICB8ICAgICAgICAgICAgICAgICAgICB8
IOuwnOyjvOuyiO2YuCAKb3Jkcl9zZXF1ICB8IC9Eb2N1bWVudC9NZXNzYWdlQm9k
eS9GaW5hbmNpYWxTdGF0ZW1lbnRzSW5mb3JtYXRpb25SZXF1ZXN0L0FwcGxpZXIu
SW5mby5EZXRhaWxzL09yZGVyLlNlcXVlbmNlLlZhbHVlICAgICAgICAgICAgICAg
ICAgICAgICAgIHwgMiAgICB8IFN0cmluZyAgICB8IG1pbiAgICAgICAgICAgICAg
ICAgICB8ICAgICAgICAgICAgICAgICAgICB8IOuwnOyjvOuyiO2YuCDssKjsiJgg
ICAgCiMg7JqU7LKt7KCV67O0ICAgICAgICAgICAgICAgICAgICAgICAgICAgICAg
ICAgICAgICAgICAgICAgICAgICAgICAgICAgICAgICAgICAgICAgICAgICAgICAg
ICAgICAgICAgICAgICAgICAgICAgICAgICAgICAgICAgICAgICAgICAgICAgICAg
ICAgICAgICAgICAgICAgICAgICAgICAgICAgICAgICAKZmluYV9pbmRpICB8IC9E
b2N1bWVudC9NZXNzYWdlQm9keS9GaW5hbmNpYWxTdGF0ZW1lbnRzSW5mb3JtYXRp
b25SZXF1ZXN0L1JlcXVlc3QuSW5mby5EZXRhaWxzL0ZpbmFuY2lhbFN0YXRlbWVu
dC5JbmRpY2F0b3IuQ29kZSAgICAgICAgICAgIHwgMSAgICB8IFN0cmluZyAgICB8
IG1pbiAgICAgICAgICAgICAgICAgICB8ICAgICAgICAgICAgICAgICAgICB8IOye
rOustOygnO2RnCDsmpTssq3sl6zrtoAKZmluYV9udW1iICB8IC9Eb2N1bWVudC9N
ZXNzYWdlQm9keS9GaW5hbmNpYWxTdGF0ZW1lbnRzSW5mb3JtYXRpb25SZXF1ZXN0
L1JlcXVlc3QuSW5mby5EZXRhaWxzL0ZpbmFuY2lhbFN0YXRlbWVudC5OdW1iZXIu
VmFsdWUgICAgICAgICAgICAgIHwgMiAgICB8IERlY2ltYWwgICB8IG1pbiAgICAg
ICAgICAgICAgICAgICB8ICAgICAgICAgICAgICAgICAgICB8IOyerOustOygnO2R
nCDsoITssrTtmozsiJgKZmluYV95ZWFyICB8IC9Eb2N1bWVudC9NZXNzYWdlQm9k
eS9GaW5hbmNpYWxTdGF0ZW1lbnRzSW5mb3JtYXRpb25SZXF1ZXN0L1JlcXVlc3Qu
SW5mby5EZXRhaWxzL0ZpbmFuY2lhbFN0YXRlbWVudC5ZZWFyLlRleHQgICAgICAg
ICAgICAgICAgIHwgNCAgICB8IFN0cmluZyAgICB8IG1heCAgICAgICAgICAgICAg
ICAgICB8ICAgICAgICAgICAgICAgICAgICB8IOyerOustOygnO2RnCDsmpTssq3r
hYTrj4QKc3VtbV9pbmRpICB8IC9Eb2N1bWVudC9NZXNzYWdlQm9keS9GaW5hbmNp
YWxTdGF0ZW1lbnRzSW5mb3JtYXRpb25SZXF1ZXN0L1JlcXVlc3QuSW5mby5EZXRh
aWxzL1N1bW1hcnkuSW5kaWNhdG9yLkNvZGUgICAgICAgICAgICAgICAgICAgICAg
IHwgMSAgICB8IFN0cmluZyAgICB8IG1pbiAgICAgICAgICAgICAgICAgICB8ICAg
ICAgICAgICAgICAgICAgICB8IOq4sOyXheqwnOyalCDsmpTssq3sl6zrtoAKZGV0
YV9pbmRpICB8IC9Eb2N1bWVudC9NZXNzYWdlQm9keS9GaW5hbmNpYWxTdGF0ZW1l
bnRzSW5mb3JtYXRpb25SZXF1ZXN0L1JlcXVlc3QuSW5mby5EZXRhaWxzL1VuZGVy
d3JpdGluZy5JbmRpY2F0b3IuQ29kZSAgICAgICAgICAgICAgICAgIHwgMSAgICB8
IFN0cmluZyAgICB8IG1pbiAgICAgICAgICAgICAgICAgICB8ICAgICAgICAgICAg
ICAgICAgICB8IOyLrOyCrOygleuztCDsmpTssq3sl6zrtoAK