IyAgICC03MPguO0gICAgIHwgICAgICAgIFhQYXRoICAgICAgICAgICAgICAgICAg
ICAgICAgICAgICAgICAgICAgICAgICAgICAgICAgICAgICAJCQkJICAgICAgICAg
ICAgICAgICAgICAgICAgICAgICAgICAgICAgIHwgsebAzCB8IMW4wNQgICAgICB8
ILndurkgv6m6ziC51yDHyrz2v6m6ziAgfCC53bq5vcPA2yDFwrHXICAgICAgICAg
ICAgICAgICAgICAgICAgICAgICAgICAgICAgIHwgx9e48SAgICAgICAgICAgDQoj
IEhFQUQgICAgICAgICAgICAgICAgICAgICAgICAgICAgICAgICAgICAgICAgICAg
ICAgICAgICAgICAgICAgICAgICAgICAgICAgICAgICAgICAgICAgICAgICAgICAg
ICAgICAgICAgICAgICAgICAgICAgICAgICAgICAgICAgICAgICAgICAgICAgICAg
ICAgICAgICAgICAgICAgICAgICAgICAgICAgICAgICAgICAgICAgICAgICAgICAg
ICAgICAgICAgICAgICAgICAgICAgICAgICAgICAgICAgICAgICAgICAgICAgICAg
ICAgIA0KaGVhZF9tZXNnX3NlbmQgIHwgL3NnOkJJRENPTS9IZWFkZXIuRGV0YWls
cy9jYzpNZXNzYWdlLlNlbmRlci5JZGVudGlmaWVyL0lkZW50aWZpZXIuQ29udGVu
dCAgICAgICAgICAgICAgICAgICAgICAgICAgICAgICAgICAgICAgICAgICAgICAg
ICAgICAgICAgICB8IDEzICAgfCBTdHJpbmcgICAgfCBuZWNlc3NhcnkgICAgICAg
ICAgICAgIHwgICAgICAgICAgICAgICAgICAgICAgICAgICAgICAgICAgICAgICAg
ICAgICAgICAgICB8IMD8ua68273FseKw/AkgICAgICAgICAgICAgICAgICAgICAg
ICAgICAgICAgICAgICAgICAgDQpoZWFkX21lc2dfcmVjdiAgfCAvc2c6QklEQ09N
L0hlYWRlci5EZXRhaWxzL2NjOk1lc3NhZ2UuUmVjZWl2ZXIuSWRlbnRpZmllci9J
ZGVudGlmaWVyLkNvbnRlbnQgICAgICAgICAgICAgICAgICAgICAgICAgICAgICAg
ICAgICAgICAgICAgICAgICAgICAgICAgIHwgMTMgICB8IFN0cmluZyAgICB8IG5l
Y2Vzc2FyeSAgICAgICAgICAgICAgfCAgICAgICAgICAgICAgICAgICAgICAgICAg
ICAgICAgICAgICAgICAgICAgICAgICAgIHwgwPy5rrz2vcWx4rD8CSAgICAgICAg
ICAgICAgICAgICAgICAgICAgICAgICAgICAgICAgICANCmhlYWRfZnVuY19jb2Rl
ICB8IC9zZzpCSURDT00vSGVhZGVyLkRldGFpbHMvY2M6TWVzc2FnZS5GdW5jdGlv
bi5Db2RlL0NvZGUuQ29udGVudCAgICAgICAgICAgICAgICAgICAgICAgICAgICAg
ICAgICAgICAgICAgICAgICAgICAgICAgICAgICAgICAgICAgICAgfCAyICAgIHwg
U3RyaW5nICAgIHwgbmVjZXNzYXJ5ICAgICAgICAgICAgICB8ICAgICAgICAgICAg
ICAgICAgICAgICAgICAgICAgICAgICAgICAgICAgICAgICAgICAgfCC5rrytseK0
yQkgICAgICAgICAgICAgICAgICAgICAgICAgICAgICAgICAgICAgICAgDQpoZWFk
X21lc2dfdHlwZSAgfCAvc2c6QklEQ09NL0hlYWRlci5EZXRhaWxzL2NjOk1lc3Nh
Z2UuVHlwZS5JZGVudGlmaWVyL0lkZW50aWZpZXIuQ29udGVudCAgICAgICAgICAg
ICAgICAgICAgICAgICAgICAgICAgICAgICAgICAgICAgICAgICAgICAgICAgICAg
IHwgNiAgICB8IFN0cmluZyAgICB8IG5lY2Vzc2FyeSAgICAgICAgICAgICAgfCAg
ICAgICAgICAgICAgICAgICAgICAgICAgICAgICAgICAgICAgICAgICAgICAgICAg
IHwgua68rcTateUJICAgICAgICAgICAgICAgICAgICAgICAgICAgICAgICAgICAg
ICAgIA0KaGVhZF9tZXNnX25hbWUgIHwgL3NnOkJJRENPTS9IZWFkZXIuRGV0YWls
cy9jYzpNZXNzYWdlLk5hbWUvVGV4dC5Db250ZW50ICAgICAgICAgICAgICAgICAg
ICAgICAgICAgICAgICAgICAgICAgICAgICAgICAgICAgICAgICAgICAgICAgICAg
ICAgICAgICAgICB8IDMwICAgfCBTdHJpbmcgICAgfCBuZWNlc3NhcnkgICAgICAg
ICAgICAgIHwgICAgICAgICAgICAgICAgICAgICAgICAgICAgICAgICAgICAgICAg
ICAgICAgICAgICB8ILmuvK247QkgICAgICAgICAgICAgICAgICAgICAgICAgICAg
ICAgICAgICAgDQpoZWFkX21lc2dfdmVycyAgfCAvc2c6QklEQ09NL0hlYWRlci5E
ZXRhaWxzL2NjOk1lc3NhZ2UuVmVyc2lvbi5UZXh0L1RleHQuQ29udGVudCAgICAg
ICAgICAgICAgICAgICAgICAgICAgICAgICAgICAgICAgICAgICAgICAgICAgICAg
ICAgICAgICAgICAgICAgIHwgMTAgICB8IFN0cmluZyAgICB8IG1pbiAgICAgICAg
ICAgICAgICAgICAgfCAgICAgICAgICAgICAgICAgICAgICAgICAgICAgICAgICAg
ICAgICAgICAgICAgICAgIHwgwPzA2rmuvK259sD8CSAgICAgICAgICAgICAgICAg
ICAgICAgICAgICAgICAgICAgICAgICANCmhlYWRfZG9jdV9udW1iICB8IC9zZzpC
SURDT00vSGVhZGVyLkRldGFpbHMvY2M6RG9jdW1lbnQuTnVtYmVyLlRleHQvVGV4
dC5Db250ZW50ICAgICAgICAgICAgICAgICAgICAgICAgICAgICAgICAgICAgICAg
ICAgICAgICAgICAgICAgICAgICAgICAgICAgICAgfCAzMCAgIHwgU3RyaW5nICAg
IHwgbmVjZXNzYXJ5ICAgICAgICAgICAgICB8ICAgICAgICAgICAgICAgICAgICAg
ICAgICAgICAgICAgICAgICAgICAgICAgICAgICAgfCC5rrytufjIowkgICAgICAg
ICAgICAgICAgICAgICAgICAgICAgICAgICAgICAgICAgDQpoZWFkX21hbmdfbnVt
YiAgfCAvc2c6QklEQ09NL0hlYWRlci5EZXRhaWxzL2NjOkRvY3VtZW50Lk1hbmFn
ZW1lbnROdW1iZXIuVGV4dC9UZXh0LkNvbnRlbnQgICAgICAgICAgICAgICAgICAg
ICAgICAgICAgICAgICAgICAgICAgICAgICAgICAgICAgICAgICAgIHwgNzAgICB8
IFN0cmluZyAgICB8IG5lY2Vzc2FyeSAgICAgICAgICAgICAgfCAgICAgICAgICAg
ICAgICAgICAgICAgICAgICAgICAgICAgICAgICAgICAgICAgICAgIHwgua68rbD8
uK65+MijCSAgICAgICAgICAgICAgICAgICAgICAgICAgICAgICAgICAgICAgICAN
CmhlYWRfcmVmcl9udW1iICB8IC9zZzpCSURDT00vSGVhZGVyLkRldGFpbHMvY2M6
RG9jdW1lbnQuUmVmZXJlbmNlTnVtYmVyLlRleHQvVGV4dC5Db250ZW50ICAgICAg
ICAgICAgICAgICAgICAgICAgICAgICAgICAgICAgICAgICAgICAgICAgICAgICAg
ICAgICAgfCAzMCAgIHwgU3RyaW5nICAgIHwgbmVjZXNzYXJ5ICAgICAgICAgICAg
ICB8ICAgICAgICAgICAgICAgICAgICAgICAgICAgICAgICAgICAgICAgICAgICAg
ICAgICAgfCDC/MG2ufjIowkgICAgICAgICAgICAgICAgICAgICAgICAgICAgICAg
ICAgICAgICAgDQpoZWFkX3RpdGxfbmFtZSAgfCAvc2c6QklEQ09NL0hlYWRlci5E
ZXRhaWxzL2NjOkRvY3VtZW50LlRpdGxlLk5hbWUvVGV4dC5Db250ZW50ICAgICAg
ICAgICAgICAgICAgICAgICAgICAgICAgICAgICAgICAgICAgICAgICAgICAgICAg
ICAgICAgICAgICAgICAgIHwgMzAgICB8IFN0cmluZyAgICB8IG5lY2Vzc2FyeSAg
ICAgICAgICAgICAgfCAgICAgICAgICAgICAgICAgICAgICAgICAgICAgICAgICAg
ICAgICAgICAgICAgICAgIHwgua68rbCzv+QgICAgICAgICAgICAgICAgICAgICAg
ICAgICAgICAgICAgICAgICAgICANCmhlYWRfb3JnYV9jb2RlICB8IC9zZzpCSURD
T00vSGVhZGVyLkRldGFpbHMvY2M6T3JnYW5pemF0aW9uLkNvZGUuSWRlbnRpZmll
ci9JZGVudGlmaWVyLkNvbnRlbnQgICAgICAgICAgICAgICAgICAgICAgICAgICAg
ICAgICAgICAgICAgICAgICAgICAgICAgICAgfCAzICAgIHwgU3RyaW5nICAgIHwg
bmVjZXNzYXJ5ICAgICAgICAgICAgICB8ICAgICAgICAgICAgICAgICAgICAgICAg
ICAgICAgICAgICAgICAgICAgICAgICAgICAgfCC/rLDoxNq15Q0KIyC5rrytwaS6
uCAgICAgICAgICAgICAgICAgICAgICAgICAgICAgICAgICAgICAgICAgICAgICAg
ICAgICAgICAgICAgICAgICAgICAgICAgICAgICAgICAgICAgICAgICAgICAgICAg
ICAgICAgICAgICAgICAgICAgICAgICAgICAgICAgICAgICAgICAgICAgICAgICAg
ICAgICAgICAgICAgICAgICAgICAgICAgICAgICAgICAgICAgICAgICAgICAgICAg
ICAgICAgICAgICAgICAgICAgICAgICAgICAgICAgICAgICAgICAgICAgICANCmRv
Y3VfbnVtYl90ZXh0ICB8IC9zZzpCSURDT00vRG9jdW1lbnQuSW5mby5EZXRhaWxz
L2NjOkRvY3VtZW50Lk51bWJlci5UZXh0L1RleHQuQ29udGVudCAgICAgICAgICAg
ICAgICAgICAgICAgICAgICAgICAgICAgICAgICAgICAgICAgICAgICAgICAgICAg
ICAgfCAxNCAgIHwgU3RyaW5nICAgIHwgbmVjZXNzYXJ5ICAgICAgICAgICAgICB8
ICAgICAgICAgICAgICAgICAgICAgICAgICAgICAgICAgICAgICAgICAgICAgICAg
ICAgfCDB9bHHufjIowkJICAgICAgICANCmRvY3Vfa2luZF9jb2RlICB8IC9zZzpC
SURDT00vRG9jdW1lbnQuSW5mby5EZXRhaWxzL2NjOkd1YXJhbnRlZS5UeXBlLklk
ZW50aWZpZXIvSWRlbnRpZmllci5Db250ZW50ICAgICAgICAgICAgICAgICAgICAg
ICAgICAgICAgICAgICAgICAgICAgICAgICAgICAgfCAzICAgIHwgU3RyaW5nICAg
IHwgbmVjZXNzYXJ5ICAgICAgICAgICAgICB8ICAgICAgICAgICAgICAgICAgICAg
ICAgICAgICAgICAgICAgICAgICAgICAgICAgICAgfCC6uMfowb648bG4utAJCSAg
ICAgICAgDQpkb2N1X2lzc3VfZGF0ZSAgfCAvc2c6QklEQ09NL0RvY3VtZW50Lklu
Zm8uRGV0YWlscy9jYzpEb2N1bWVudC5Jc3N1ZS5EYXRlL0RhdGVUaW1lLkNvbnRl
bnQgICAgICAgICAgICAgICAgICAgICAgICAgICAgICAgICAgICAgICAgICAgICAg
ICAgICAgICAgICAgIHwgOCAgICB8IFN0cmluZyAgICB8IG1pbiAgICAgICAgICAg
ICAgICAgICAgfCAgICAgICAgICAgICAgICAgICAgICAgICAgICAgICAgICAgICAg
ICAgICAgICAgICAgIHwgwNu8usDPwNoJCQkNCmRvY3VfdXNlcl90eXBlICB8IC9z
ZzpCSURDT00vRG9jdW1lbnQuSW5mby5EZXRhaWxzL2NjOlVzZXIuVHlwZS5JZGVu
dGlmaWVyL0lkZW50aWZpZXIuQ29udGVudCAgICAgICAgICAgICAgICAgICAgICAg
ICAgICAgICAgICAgICAgICAgICAgICAgICAgICAgICAgfCAzICAgIHwgU3RyaW5n
ICAgIHwgbmVjZXNzYXJ5ICAgICAgICAgICAgICB8ICAgICAgICAgICAgICAgICAg
ICAgICAgICAgICAgICAgICAgICAgICAgICAgICAgICAgfCC5373Fw7NUWVBFCSAg
ICAgICAgICAgICAgICANCiMgwda/5LDovuDBpLq4ICAgICAgICAgICAgICAgICAg
ICAgICAgICAgICAgICAgICAgICAgICAgICAgICAgICAgICAgICAgICAgICAgICAg
ICAgICAgICAgICAgICAgICAgICAgICAgICAgICAgICAgICAgICAgICAgICAgICAg
ICAgICAgICAgICAgICAgICAgICAgICAgICAgICAgICAgICAgICAgICAgICAgICAg
ICAgICAgICAgICAgICAgICAgICAgICAgICAgICAgICAgICAgICAgICAgICAgICAg
ICAgICAgICAgICAgICAgICAgICAgDQpjb250X251bWJfdGV4dCAgfCAvc2c6QklE
Q09NL0NvbnRyYWN0LkluZm8uRGV0YWlscy9jYzpDb250cmFjdC5OdW1iZXIuVGV4
dC9UZXh0LkNvbnRlbnQgICAgICAgICAgICAgICAgICAgICAgICAgICAgICAgICAg
ICAgICAgICAgICAgICAgICAgICAgICAgICAgIHwgMyAgICB8IFN0cmluZyAgICB8
IG5lY2Vzc2FyeSAgICAgICAgICAgICAgfCAgICAgICAgICAgICAgICAgICAgICAg
ICAgICAgICAgICAgICAgICAgICAgICAgICAgIHwgsOi+4Ln4yKMJCQkNCmNvbnRf
bWFpbl9uYW1lICB8IC9zZzpCSURDT00vQ29udHJhY3QuSW5mby5EZXRhaWxzL2Nj
OkNvbnRyYWN0Lk5hbWUuVGV4dC9UZXh0LkNvbnRlbnQgICAgICAgICAgICAgICAg
ICAgICAgICAgICAgICAgICAgICAgICAgICAgICAgICAgICAgICAgICAgICAgICAg
fCAxMDAgIHwgU3RyaW5nICAgIHwgbmVjZXNzYXJ5ICAgICAgICAgICAgICB8ICAg
ICAgICAgICAgICAgICAgICAgICAgICAgICAgICAgICAgICAgICAgICAgICAgICAg
fCCw6L7gsMe47SAgICAgICAgICAgICAgICAgICAgICAgIA0KIyCw6L7gwNrBpLq4
ICAgICAgICAgICAgICAgICAgICAgICAgICAgICAgICAgICAgICAgICAgICAgICAg
ICAgICAgICAgICAgICAgICAgICAgICAgICAgICAgICAgICAgICAgICAgICAgICAg
ICAgICAgICAgICAgICAgICAgICAgICAgICAgICAgICAgICAgICAgICAgICAgICAg
ICAgICAgICAgICAgICAgICAgICAgICAgICAgICAgICAgICAgICAgICAgICAgICAg
ICAgICAgICAgICAgICAgICAgICAgICAgICAgICAgICAgICAgICAgICANCmFwcGxf
b3JnYV9uYW1lICB8IC9zZzpCSURDT00vQXBwbGllci5JbmZvLkRldGFpbHMvY2M6
T3JnYW5pemF0aW9uLk5hbWUvVGV4dC5Db250ZW50ICAgICAgICAgICAgICAgICAg
ICAgICAgICAgICAgICAgICAgICAgICAgICAgICAgICAgICAgICAgICAgICAgICAg
fCAxMDAgIHwgU3RyaW5nICAgIHwgbmVjZXNzYXJ5ICAgICAgICAgICAgICB8ICAg
ICAgICAgICAgICAgICAgICAgICAgICAgICAgICAgICAgICAgICAgICAgICAgICAg
fCCx4rD8uO0JCQkgICAgICAgICAgICAgICAgDQphcHBsX29ycHNfZGl2cyAgfCAv
c2c6QklEQ09NL0FwcGxpZXIuSW5mby5EZXRhaWxzL2NjOk9yZ2FuaXphdGlvbk9y
UGVyc29uLklkZW50aWZpZXIuSW5kaWNhdG9yL0luZGljYXRvci5Db250ZW50ICAg
ICAgICAgICAgICAgICAgICAgICAgICAgICAgICAgICAgIHwgMSAgICB8IFN0cmlu
ZyAgICB8IG5lY2Vzc2FyeSAgICAgICAgICAgICAgfCAgICAgICAgICAgICAgICAg
ICAgICAgICAgICAgICAgICAgICAgICAgICAgICAgICAgIHwgsbi60AkJCQkgICAg
ICAgIA0KYXBwbF9vcnBzX2lkZW4gIHwgL3NnOkJJRENPTS9BcHBsaWVyLkluZm8u
RGV0YWlscy9jYzpPcmdhbml6YXRpb25PclBlcnNvbi5JZGVudGlmaWVyL0lkZW50
aWZpZXIuQ29udGVudCAgICAgICAgICAgICAgICAgICAgICAgICAgICAgICAgICAg
ICAgICAgICAgICB8IDEzICAgfCBTdHJpbmcgICAgfCBuZWNlc3NhcnkgICAgICAg
ICAgICAgIHwgICAgICAgICAgICAgICAgICAgICAgICAgICAgICAgICAgICAgICAg
ICAgICAgICAgICB8ILvnvvfA2i/B1rnOufjIowkJCQkNCmFwcGxfb3ducl9uYW1l
ICB8IC9zZzpCSURDT00vQXBwbGllci5JbmZvLkRldGFpbHMvY2M6T3JnYW5pemF0
aW9uLkNFTy5OYW1lL1RleHQuQ29udGVudCAgICAgICAgICAgICAgICAgICAgICAg
ICAgICAgICAgICAgICAgICAgICAgICAgICAgICAgICAgICAgICAgfCAzNSAgIHwg
U3RyaW5nICAgIHwgbmVjZXNzYXJ5ICAgICAgICAgICAgICB8ICAgICAgICAgICAg
ICAgICAgICAgICAgICAgICAgICAgICAgICAgICAgICAgICAgICAgfCC8urjtKLTr
x6XA2rjtKQkgICAgICAgICAgICAgICAgICAgICAgICANCiMgw6Sxx8DawaS6uCAg
ICAgICAgICAgICAgICAgICAgICAgICAgICAgICAgICAgICAgICAgICAgICAgICAg
ICAgICAgICAgICAgICAgICAgICAgICAgICAgICAgICAgICAgICAgICAgICAgICAg
ICAgICAgICAgICAgICAgICAgICAgICAgICAgICAgICAgICAgICAgICAgICAgICAg
ICAgICAgICAgICAgICAgICAgICAgICAgICAgICAgICAgICAgICAgICAgICAgICAg
ICAgICAgICAgICAgICAgICAgICAgICAgICAgICAgICAgICAgICAgDQpjcmVkX2Jv
bmRfaG9sZCAgfCAvc2c6QklEQ09NL0NyZWRpdG9yLkluZm8uRGV0YWlscy9jYzpP
cmdhbml6YXRpb24uQm9uZGhvbGRlci5OYW1lL1RleHQuQ29udGVudCAgICAgICAg
ICAgICAgICAgICAgICAgICAgICAgICAgICAgICAgICAgICAgICAgICAgICAgIHwg
MzUgICB8IFN0cmluZyAgICB8IG5lY2Vzc2FyeSAgICAgICAgICAgICAgfCAgICAg
ICAgICAgICAgICAgICAgICAgICAgICAgICAgICAgICAgICAgICAgICAgICAgIHwg
w6Sxx8DauO0NCiMgwMC05MGkurggICAgICAgICAgICAgICAgICAgICAgICAgICAg
ICAgICAgICAgICAgICAgICAgICAgICAgICAgICAgICAgICAgICAgICAgICAgICAg
ICAgICAgICAgICAgICAgICAgICAgICAgICAgICAgICAgICAgICAgICAgICAgICAg
ICAgICAgICAgICAgICAgICAgICAgICAgICAgICAgICAgICAgICAgICAgICAgICAg
ICAgICAgICAgICAgICAgICAgICAgICAgICAgICAgICAgICAgICAgICAgICAgICAg
ICAgICAgICAgICAgICAgDQpyZXNwX3R5cGVfY29kZSAgfCAvc2c6QklEQ09NL1Jl
c3BvbnNlLkluZm8uRGV0YWlscy9jYzpSZXNwb25zZS5UeXBlLkNvZGUvQ29kZS5D
b250ZW50ICAgICAgICAgICAgICAgICAgICAgICAgICAgICAgICAgICAgICAgICAg
ICAgICAgICAgICAgICAgICAgICAgIHwgMiAgICB8IFN0cmluZyAgICB8IG5lY2Vz
c2FyeSAgICAgICAgICAgICAgfCAgICAgICAgICAgICAgICAgICAgICAgICAgICAg
ICAgICAgICAgICAgICAgICAgICAgIHwgwMC05MTateUJDQpyZXNwX3R5cGVfbmFt
ZSAgfCAvc2c6QklEQ09NL1Jlc3BvbnNlLkluZm8uRGV0YWlscy9jYzpSZXNwb25z
ZS5UeXBlLkNvZGUvQ29kZS5OYW1lICAgICAgICAgICAgICAgICAgICAgICAgICAg
ICAgICAgICAgICAgICAgICAgICAgICAgICAgICAgICAgICAgICAgIHwgNTAgICB8
IFN0cmluZyAgICB8IG5lY2Vzc2FyeSAgICAgICAgICAgICAgfCAgICAgICAgICAg
ICAgICAgICAgICAgICAgICAgICAgICAgICAgICAgICAgICAgICAgIHwgwMC05MTa
teW47QkNCnJlc3BfbWVzZ190ZXh0ICB8IC9zZzpCSURDT00vUmVzcG9uc2UuSW5m
by5EZXRhaWxzL2NjOlJlc3BvbnNlLlJlc3VsdC5UZXh0L1RleHQuQ29udGVudCAg
ICAgICAgICAgICAgICAgICAgICAgICAgICAgICAgICAgICAgICAgICAgICAgICAg
ICAgICAgICAgICAgfCAxMDAgIHwgU3RyaW5nICAgIHwgbmVjZXNzYXJ5ICAgICAg
ICAgICAgICB8ICAgICAgICAgICAgICAgICAgICAgICAgICAgICAgICAgICAgICAg
ICAgICAgICAgICAgfCDAwLTks7u/6yAgICAgICAg