IyAgICC03MPguO0gICAgIHwgICAgICAgIFhQYXRoICAgICAgICAgICAgICAgICAg
ICAgICAgICAgICAgICAgICAgICAgICAgICAgICAgICAgICAJCQkJICAgICAgICAg
ICAgICAgICAgICAgICAgICAgICAgICAgICAgIHwgsebAzCB8IMW4wNQgICAgICB8
ILndurkgv6m6ziC51yDHyrz2v6m6ziAgfCC53bq5vcPA2yDFwrHXICAgICAgICAg
ICAgICAgICAgICAgICAgICAgICAgICAgICAgIHwgx9e48SAgICAgICAgICAgDQoj
IEhFQUQgICAgICAgICAgICAgICAgICAgICAgICAgICAgICAgICAgICAgICAgICAg
ICAgICAgICAgICAgICAgICAgICAgICAgICAgICAgICAgICAgICAgICAgICAgICAg
ICAgICAgICAgICAgICAgICAgICAgICAgICAgICAgICAgICAgICAgICAgICAgICAg
ICAgICAgICAgICAgICAgICAgICAgICAgICAgICAgICAgICAgICAgICAgICAgICAg
ICAgICAgICAgICAgICAgICANCmhlYWRfbWVzZ19zZW5kICB8IC9zZzpGTFJHVUEv
SGVhZGVyLkRldGFpbHMvY2M6TWVzc2FnZS5TZW5kZXIuSWRlbnRpZmllci9JZGVu
dGlmaWVyLkNvbnRlbnQgICAgICAgICAgICAgICAgICAgICAgICAgICAgICAgICAg
ICAgICAgICAgICAgICAgICAgICAgICAgfCAxMyAgIHwgU3RyaW5nICAgIHwgbmVj
ZXNzYXJ5ICAgICAgICAgICAgICB8ICAgICAgICAgICAgICAgICAgICAgICAgICAg
ICAgICAgICAgICAgICAgICAgICAgICAgfCDA/LmuvNu9xbHisPwJICAgICAgICAg
IA0KaGVhZF9tZXNnX3JlY3YgIHwgL3NnOkZMUkdVQS9IZWFkZXIuRGV0YWlscy9j
YzpNZXNzYWdlLlJlY2VpdmVyLklkZW50aWZpZXIvSWRlbnRpZmllci5Db250ZW50
ICAgICAgICAgICAgICAgICAgICAgICAgICAgICAgICAgICAgICAgICAgICAgICAg
ICAgICAgICB8IDEzICAgfCBTdHJpbmcgICAgfCBuZWNlc3NhcnkgICAgICAgICAg
ICAgIHwgICAgICAgICAgICAgICAgICAgICAgICAgICAgICAgICAgICAgICAgICAg
ICAgICAgICB8IMD8ua689r3FseKw/AkgICAgICAgICAgDQpoZWFkX2Z1bmNfY29k
ZSAgfCAvc2c6RkxSR1VBL0hlYWRlci5EZXRhaWxzL2NjOk1lc3NhZ2UuRnVuY3Rp
b24uQ29kZS9Db2RlLkNvbnRlbnQgICAgICAgICAgICAgICAgICAgICAgICAgICAg
ICAgICAgICAgICAgICAgICAgICAgICAgICAgICAgICAgICAgICAgIHwgMiAgICB8
IFN0cmluZyAgICB8IG5lY2Vzc2FyeSAgICAgICAgICAgICAgfCAgICAgICAgICAg
ICAgICAgICAgICAgICAgICAgICAgICAgICAgICAgICAgICAgICAgIHwgua68rbHi
tMkJICAgICAgICAgIA0KaGVhZF9tZXNnX3R5cGUgIHwgL3NnOkZMUkdVQS9IZWFk
ZXIuRGV0YWlscy9jYzpNZXNzYWdlLlR5cGUuSWRlbnRpZmllci9JZGVudGlmaWVy
LkNvbnRlbnQgICAgICAgICAgICAgICAgICAgICAgICAgICAgICAgICAgICAgICAg
ICAgICAgICAgICAgICAgICAgICB8IDYgICAgfCBTdHJpbmcgICAgfCBuZWNlc3Nh
cnkgICAgICAgICAgICAgIHwgICAgICAgICAgICAgICAgICAgICAgICAgICAgICAg
ICAgICAgICAgICAgICAgICAgICB8ILmuvK3E2rXlCSAgICAgICAgICANCmhlYWRf
bWVzZ19uYW1lICB8IC9zZzpGTFJHVUEvSGVhZGVyLkRldGFpbHMvY2M6TWVzc2Fn
ZS5OYW1lL1RleHQuQ29udGVudCAgICAgICAgICAgICAgICAgICAgICAgICAgICAg
ICAgICAgICAgICAgICAgICAgICAgICAgICAgICAgICAgICAgICAgICAgICAgICAg
fCAzMCAgIHwgU3RyaW5nICAgIHwgbmVjZXNzYXJ5ICAgICAgICAgICAgICB8ICAg
ICAgICAgICAgICAgICAgICAgICAgICAgICAgICAgICAgICAgICAgICAgICAgICAg
fCC5rrytuO0JICAgICAgICAgICAgICAgICAgDQpoZWFkX21lc2dfdmVycyAgfCAv
c2c6RkxSR1VBL0hlYWRlci5EZXRhaWxzL2NjOk1lc3NhZ2UuVmVyc2lvbi5UZXh0
L1RleHQuQ29udGVudCAgICAgICAgICAgICAgICAgICAgICAgICAgICAgICAgICAg
ICAgICAgICAgICAgICAgICAgICAgICAgICAgICAgICAgIHwgMTAgICB8IFN0cmlu
ZyAgICB8IG1pbiAgICAgICAgICAgICAgICAgICAgfCAgICAgICAgICAgICAgICAg
ICAgICAgICAgICAgICAgICAgICAgICAgICAgICAgICAgIHwgwPzA2rmuvK259sD8
CSAgICAgICAgICANCmhlYWRfZG9jdV9udW1iICB8IC9zZzpGTFJHVUEvSGVhZGVy
LkRldGFpbHMvY2M6RG9jdW1lbnQuTnVtYmVyLlRleHQvVGV4dC5Db250ZW50ICAg
ICAgICAgICAgICAgICAgICAgICAgICAgICAgICAgICAgICAgICAgICAgICAgICAg
ICAgICAgICAgICAgICAgICAgfCAzMCAgIHwgU3RyaW5nICAgIHwgbmVjZXNzYXJ5
ICAgICAgICAgICAgICB8ICAgICAgICAgICAgICAgICAgICAgICAgICAgICAgICAg
ICAgICAgICAgICAgICAgICAgfCC5rrytufjIowkgICAgICAgICAgDQpoZWFkX21h
bmdfbnVtYiAgfCAvc2c6RkxSR1VBL0hlYWRlci5EZXRhaWxzL2NjOkRvY3VtZW50
Lk1hbmFnZW1lbnROdW1iZXIuVGV4dC9UZXh0LkNvbnRlbnQgICAgICAgICAgICAg
ICAgICAgICAgICAgICAgICAgICAgICAgICAgICAgICAgICAgICAgICAgICAgIHwg
NzAgICB8IFN0cmluZyAgICB8IG5lY2Vzc2FyeSAgICAgICAgICAgICAgfCAgICAg
ICAgICAgICAgICAgICAgICAgICAgICAgICAgICAgICAgICAgICAgICAgICAgIHwg
ua68rbD8uK65+MijCSAgICAgICAgICANCmhlYWRfcmVmcl9udW1iICB8IC9zZzpG
TFJHVUEvSGVhZGVyLkRldGFpbHMvY2M6RG9jdW1lbnQuUmVmZXJlbmNlTnVtYmVy
LlRleHQvVGV4dC5Db250ZW50ICAgICAgICAgICAgICAgICAgICAgICAgICAgICAg
ICAgICAgICAgICAgICAgICAgICAgICAgICAgICAgfCAzMCAgIHwgU3RyaW5nICAg
IHwgbmVjZXNzYXJ5ICAgICAgICAgICAgICB8ICAgICAgICAgICAgICAgICAgICAg
ICAgICAgICAgICAgICAgICAgICAgICAgICAgICAgfCDC/MG2ufjIowkgICAgICAg
ICAgDQpoZWFkX3RpdGxfbmFtZSAgfCAvc2c6RkxSR1VBL0hlYWRlci5EZXRhaWxz
L2NjOkRvY3VtZW50LlRpdGxlLk5hbWUvVGV4dC5Db250ZW50ICAgICAgICAgICAg
ICAgICAgICAgICAgICAgICAgICAgICAgICAgICAgICAgICAgICAgICAgICAgICAg
ICAgICAgICAgIHwgMzAgICB8IFN0cmluZyAgICB8IG5lY2Vzc2FyeSAgICAgICAg
ICAgICAgfCAgICAgICAgICAgICAgICAgICAgICAgICAgICAgICAgICAgICAgICAg
ICAgICAgICAgIHwgua68rbCzv+QgICAgICAgICAgICAgICAgICANCiMgurjB9bHi
sPwgICAgICAgICAgICAgICAgICAgICAgICAgICAgICAgICAgICAgICAgICAgICAg
ICAgICAgICAgICAgICAgICAgICAgICAgICAgICAgICAgICAgICAgICAgICAgICAg
ICAgICAgICAgICAgICAgICAgICAgICAgICAgICAgICAgICAgICAgICAgICAgICAg
ICAgICAgICAgICAgICAgICAgICAgICAgICAgICAgICAgICAgICAgICAgICAgICAg
ICAgICAgICAgICAgICAgICAgICAgICAgICAgICAgICAgICAgICAgICAgICAgDQpi
b25kX29yZ2FfbmFtZSAgfCAvc2c6RkxSR1VBL0JvbmQuT3JnYW5pemF0aW9uLkRl
dGFpbHMvT3JnYW5pemF0aW9uLkRldGFpbHMvY2M6T3JnYW5pemF0aW9uLk5hbWUv
VGV4dC5Db250ZW50ICAgICAgICAgICAgICAgICAgICAgICAgICAgICAgICAgICAg
ICAgIHwgMTAwICB8IFN0cmluZyAgICB8IG1pbiAgICAgICAgICAgICAgICAgICAg
fCAgICAgICAgICAgICAgICAgICAgICAgICAgICAgICAgICAgICAgICAgICAgICAg
ICAgIHwgurjB9bHisPy47SAgICANCmJvbmRfb3JnYV9pZGVuICB8IC9zZzpGTFJH
VUEvQm9uZC5Pcmdhbml6YXRpb24uRGV0YWlscy9Pcmdhbml6YXRpb24uRGV0YWls
cy9jYzpPcmdhbml6YXRpb24uSWRlbnRpZmllci9JZGVudGlmaWVyLkNvbnRlbnQg
ICAgICAgICAgICAgICAgICAgICAgICAgICAgfCAxMyAgIHwgU3RyaW5nICAgIHwg
bWluICAgICAgICAgICAgICAgICAgICB8ICAgICAgICAgICAgICAgICAgICAgICAg
ICAgICAgICAgICAgICAgICAgICAgICAgICAgfCBHMkK17rfPxNq15SAgIA0KYm9u
ZF9vcmdhX2FkZG4gIHwgL3NnOkZMUkdVQS9Cb25kLk9yZ2FuaXphdGlvbi5EZXRh
aWxzL09yZ2FuaXphdGlvbi5EZXRhaWxzL2NjOk9yZ2FuaXphdGlvbi5BZGRpdGlv
bmFsLklkZW50aWZpZXIvSWRlbnRpZmllci5Db250ZW50ICAgICAgICAgICAgICAg
ICB8IDEzICAgfCBTdHJpbmcgICAgfCBtaW4gICAgICAgICAgICAgICAgICAgIHwg
ICAgICAgICAgICAgICAgICAgICAgICAgICAgICAgICAgICAgICAgICAgICAgICAg
ICB8IMG2tN7Du7Xut8/E2rXlDQpib25kX29yZ2FfY2VvICAgfCAvc2c6RkxSR1VB
L0JvbmQuT3JnYW5pemF0aW9uLkRldGFpbHMvT3JnYW5pemF0aW9uLkRldGFpbHMv
Y2M6T3JnYW5pemF0aW9uLkNFTy5OYW1lL1RleHQuQ29udGVudCAgICAgICAgICAg
ICAgICAgICAgICAgICAgICAgICAgICAgIHwgMzUgICB8IFN0cmluZyAgICB8IG1p
biAgICAgICAgICAgICAgICAgICAgfCAgICAgICAgICAgICAgICAgICAgICAgICAg
ICAgICAgICAgICAgICAgICAgICAgICAgIHwgtOvHpcDavLq47SAgICANCiMgsPiw
+LHisPwgICAgICAgICAgICAgICAgICAgICAgICAgICAgICAgICAgICAgICAgICAg
ICAgICAgICAgICAgICAgICAgICAgICAgICAgICAgICAgICAgICAgICAgICAgICAg
ICAgICAgICAgICAgICAgICAgICAgICAgICAgICAgICAgICAgICAgICAgICAgICAg
ICAgICAgICAgICAgICAgICAgICAgICAgICAgICAgICAgICAgICAgICAgICAgICAg
ICAgICAgICAgICAgICAgICAgICAgICAgICAgICAgICAgICAgICAgICAgICAgICAg
DQpnb3ZuX29yZ2FfbmFtZSAgfCAvc2c6RkxSR1VBL0dvdmVybm1lbnQuT3JnYW5p
emF0aW9uLkRldGFpbHMvT3JnYW5pemF0aW9uLkRldGFpbHMvY2M6T3JnYW5pemF0
aW9uLk5hbWUvVGV4dC5Db250ZW50ICAgICAgICAgICAgICAgICAgICAgICAgICAg
ICAgICAgIHwgMTAwICB8IFN0cmluZyAgICB8IG1pbiAgICAgICAgICAgICAgICAg
ICAgfCAgICAgICAgICAgICAgICAgICAgICAgICAgICAgICAgICAgICAgICAgICAg
ICAgICAgIHwgsPiw+LHisPy47SAgICANCmdvdm5fb3JnYV9pZGVuICB8IC9zZzpG
TFJHVUEvR292ZXJubWVudC5Pcmdhbml6YXRpb24uRGV0YWlscy9Pcmdhbml6YXRp
b24uRGV0YWlscy9jYzpPcmdhbml6YXRpb24uSWRlbnRpZmllci9JZGVudGlmaWVy
LkNvbnRlbnQgICAgICAgICAgICAgICAgICAgICAgfCAxMyAgIHwgU3RyaW5nICAg
IHwgbWluICAgICAgICAgICAgICAgICAgICB8ICAgICAgICAgICAgICAgICAgICAg
ICAgICAgICAgICAgICAgICAgICAgICAgICAgICAgfCBHMkK17rfPxNq15SAgIA0K
Z292bl9vcmdhX2FkZG4gIHwgL3NnOkZMUkdVQS9Hb3Zlcm5tZW50Lk9yZ2FuaXph
dGlvbi5EZXRhaWxzL09yZ2FuaXphdGlvbi5EZXRhaWxzL2NjOk9yZ2FuaXphdGlv
bi5BZGRpdGlvbmFsLklkZW50aWZpZXIvSWRlbnRpZmllci5Db250ZW50ICAgICAg
ICAgICB8IDEzICAgfCBTdHJpbmcgICAgfCBtaW4gICAgICAgICAgICAgICAgICAg
IHwgICAgICAgICAgICAgICAgICAgICAgICAgICAgICAgICAgICAgICAgICAgICAg
ICAgICB8IMG2tN7Du7Xut8/E2rXlDQpnb3ZuX293bnJfbmFtZSAgfCAvc2c6RkxS
R1VBL0dvdmVybm1lbnQuT3JnYW5pemF0aW9uLkRldGFpbHMvT3JnYW5pemF0aW9u
LkRldGFpbHMvY2M6T3JnYW5pemF0aW9uLkNFTy5OYW1lL1RleHQuQ29udGVudCAg
ICAgICAgICAgICAgICAgICAgICAgICAgICAgIHwgMzUgICB8IFN0cmluZyAgICB8
IG1pbiAgICAgICAgICAgICAgICAgICAgfCAgICAgICAgICAgICAgICAgICAgICAg
ICAgICAgICAgICAgICAgICAgICAgICAgICAgIHwgtOvHpcDavLq47SAgICANCiMg
wNu8usDPwNogICAgICAgICAgICAgICAgICAgICAgICAgICAgICAgICAgICAgICAg
ICAgICAgICAgICAgICAgICAgICAgICAgICAgICAgICAgICAgICAgICAgICAgICAg
ICAgICAgICAgICAgICAgICAgICAgICAgICAgICAgICAgICAgICAgICAgICAgICAg
ICAgICAgICAgICAgICAgICAgICAgICAgICAgICAgICAgICAgICAgICAgICAgICAg
ICAgICAgICAgICAgICAgICAgICAgICAgICAgICAgICAgICAgICAgICAgICAgICAg
ICAgDQpkb2N1X2lzc3VfZGF0ZSAgfCAvc2c6RkxSR1VBL2NjOkRvY3VtZW50Lklz
c3VlLkRhdGUvRGF0ZVRpbWUuQ29udGVudCAgICAgICAgICAgICAgICAgICAgICAg
ICAgICAgICAgICAgICAgICAgICAgICAgICAgICAgICAgICAgICAgICAgICAgICAg
ICAgICAgICAgIHwgOCAgICB8IFN0cmluZyAgICB8IG1pbiAgICAgICAgICAgICAg
ICAgICAgfCAgICAgICAgICAgICAgICAgICAgICAgICAgICAgICAgICAgICAgICAg
ICAgICAgICAgIHwgwNu8usDPwNoNCiMgvve5q7G4utAgICAgICAgICAgICAgICAg
ICAgICAgICAgICAgICAgICAgICAgICAgICAgICAgICAgICAgICAgICAgICAgICAg
ICAgICAgICAgICAgICAgICAgICAgICAgICAgICAgICAgICAgICAgICAgICAgICAg
ICAgICAgICAgICAgICAgICAgICAgICAgICAgICAgICAgICAgICAgICAgICAgICAg
ICAgICAgICAgICAgICAgICAgICAgICAgICAgICAgICAgICAgICAgICAgICAgICAg
ICAgICAgICAgICAgICAgICAgICAgICAgICAgDQpidXNpX2NsYXNfY29kZSAgfCAv
c2c6RkxSR1VBL2NjOkJ1c2luZXNzLkNsYXNzaWZpY2F0aW9uLkNvZGUvQ29kZS5D
b250ZW50ICAgICAgICAgICAgICAgICAgICAgICAgICAgICAgICAgICAgICAgICAg
ICAgICAgICAgICAgICAgICAgICAgICAgICAgICAgICAgIHwgMSAgICB8IFN0cmlu
ZyAgICB8IG1pbiAgICAgICAgICAgICAgICAgICAgfCAgICAgICAgICAgICAgICAg
ICAgICAgICAgICAgICAgICAgICAgICAgICAgICAgICAgIHwgvve5q7G4utDE2rXl
CQkNCmJ1c2lfY2xhc19uYW1lICB8IC9zZzpGTFJHVUEvY2M6QnVzaW5lc3MuQ2xh
c3NpZmljYXRpb24uQ29kZS9Db2RlLk5hbWUgICAgICAgICAgICAgICAgICAgICAg
ICAgICAgICAgICAgICAgICAgICAgICAgICAgICAgICAgICAgICAgICAgICAgICAg
ICAgICAgICAgfCAxMCAgIHwgU3RyaW5nICAgIHwgbWluICAgICAgICAgICAgICAg
ICAgICB8ICAgICAgICAgICAgICAgICAgICAgICAgICAgICAgICAgICAgICAgICAg
ICAgICAgICAgfCC+97mrsbi60LO7v+sJCQ0KIyC6uMH1vK0owfWxxym5+MijICAg
ICAgICAgICAgICAgICAgICAgICAgICAgICAgICAgICAgICAgICAgICAgICAgICAg
ICAgICAgICAgICAgICAgICAgICAgICAgICAgICAgICAgICAgICAgICAgICAgICAg
ICAgICAgICAgICAgICAgICAgICAgICAgICAgICAgICAgICAgICAgICAgICAgICAg
ICAgICAgICAgICAgICAgICAgICAgICAgICAgICAgICAgICAgICAgICAgICAgICAg
ICAgICAgICAgICAgICAgICAgICAgICAgICAgICAgICANCmJvbmRfbnVtYl90ZXh0
ICB8IC9zZzpGTFJHVUEvY2M6R3VhcmFudGVlLkRvY3VtZW50TnVtYmVyLlRleHQv
VGV4dC5Db250ZW50ICAgICAgICAgICAgICAgICAgICAgICAgICAgICAgICAgICAg
ICAgICAgICAgICAgICAgICAgICAgICAgICAgICAgICAgICAgICAgfCAzMCAgIHwg
U3RyaW5nICAgIHwgbWluICAgICAgICAgICAgICAgICAgICB8ICAgICAgICAgICAg
ICAgICAgICAgICAgICAgICAgICAgICAgICAgICAgICAgICAgICAgfCC6uMH1vK0o
wfWxxym5+MijDQojILq4wfWzu7/rICAgICAgICAgICAgICAgICAgICAgICAgICAg
ICAgICAgICAgICAgICAgICAgICAgICAgICAgICAgICAgICAgICAgICAgICAgICAg
ICAgICAgICAgICAgICAgICAgICAgICAgICAgICAgICAgICAgICAgICAgICAgICAg
ICAgICAgICAgICAgICAgICAgICAgICAgICAgICAgICAgICAgICAgICAgICAgICAg
ICAgICAgICAgICAgICAgICAgICAgICAgICAgICAgICAgICAgICAgICAgICAgICAg
ICAgICAgICAgICAgICAgIA0KYm9uZF9wZW5sX3RleHQgIHwgL3NnOkZMUkdVQS9C
b25kLkluZm9ybWF0aW9uLkRldGFpbHMvY2M6R3VhcmFudGVlLkFtb3VudC5UZXh0
L1RleHQuQ29udGVudCAgICAgICAgICAgICAgICAgICAgICAgICAgICAgICAgICAg
ICAgICAgICAgICAgICAgICAgICAgICB8IDEwMCAgfCBTdHJpbmcgICAgfCBtaW4g
ICAgICAgICAgICAgICAgICAgIHwgICAgICAgICAgICAgICAgICAgICAgICAgICAg
ICAgICAgICAgICAgICAgICAgICAgICB8ILq4wfWx3b7XKMfRsdspCSAgICAgICAg
ICAgICAgDQpib25kX3BlbmxfYW1udCAgfCAvc2c6RkxSR1VBL0JvbmQuSW5mb3Jt
YXRpb24uRGV0YWlscy9jYzpHdWFyYW50ZWUuQW1vdW50L0Ftb3VudC5Db250ZW50
ICAgICAgICAgICAgICAgICAgICAgICAgICAgICAgICAgICAgICAgICAgICAgICAg
ICAgICAgICAgICAgIHwgMTUgICB8IERlY2ltYWwgICB8IG1pbiAgICAgICAgICAg
ICAgICAgICAgfCAgICAgICAgICAgICAgICAgICAgICAgICAgICAgICAgICAgICAg
ICAgICAgICAgICAgIHwgurjB9bHdvtcovP3A2ikJICAgICAgICAgICAgICANCnBl
bmxfY3VyY19jb2RlICB8IC9zZzpGTFJHVUEvQm9uZC5JbmZvcm1hdGlvbi5EZXRh
aWxzL2NjOkd1YXJhbnRlZS5BbW91bnQvQW1vdW50Q3VycmVuY3kuSWRlbnRpZmlj
YXRpb24uQ29kZSAgICAgICAgICAgICAgICAgICAgICAgICAgICAgICAgICAgICAg
ICAgfCAzICAgIHwgU3RyaW5nICAgIHwgbWluICAgICAgICAgICAgICAgICAgICB8
ICAgICAgICAgICAgICAgICAgICAgICAgICAgICAgICAgICAgICAgICAgICAgICAg
ICAgfCC6uMH1sd2+1y/F68itxNq15QkgICAgICANCmJvbmRfYmVnbl9kYXRlICB8
IC9zZzpGTFJHVUEvQm9uZC5JbmZvcm1hdGlvbi5EZXRhaWxzL2NjOkd1YXJhbnRl
ZS5TdGFydC5EYXRlL0RhdGVUaW1lLkNvbnRlbnQgICAgICAgICAgICAgICAgICAg
ICAgICAgICAgICAgICAgICAgICAgICAgICAgICAgICAgICAgfCA4ICAgIHwgU3Ry
aW5nICAgIHwgbWluICAgICAgICAgICAgICAgICAgICB8ICAgICAgICAgICAgICAg
ICAgICAgICAgICAgICAgICAgICAgICAgICAgICAgICAgICAgfCC6uMH1vcPA28DP
CSAgICAgICAgICAgICAgDQpib25kX2Zuc2hfZGF0ZSAgfCAvc2c6RkxSR1VBL0Jv
bmQuSW5mb3JtYXRpb24uRGV0YWlscy9jYzpHdWFyYW50ZWUuRW5kLkRhdGUvRGF0
ZVRpbWUuQ29udGVudCAgICAgICAgICAgICAgICAgICAgICAgICAgICAgICAgICAg
ICAgICAgICAgICAgICAgICAgICAgIHwgOCAgICB8IFN0cmluZyAgICB8IG1pbiAg
ICAgICAgICAgICAgICAgICAgfCAgICAgICAgICAgICAgICAgICAgICAgICAgICAg
ICAgICAgICAgICAgICAgICAgICAgIHwgurjB9bi4t+HAzwkgICAgICAgICAgICAg
IA0KYm9uZF9wcmVtX2FtbnQgIHwgL3NnOkZMUkdVQS9Cb25kLkluZm9ybWF0aW9u
LkRldGFpbHMvY2M6SW5zdXJhbmNlLkFtb3VudC9BbW91bnQuQ29udGVudCAgICAg
ICAgICAgICAgICAgICAgICAgICAgICAgICAgICAgICAgICAgICAgICAgICAgICAg
ICAgICAgICB8IDE1ICAgfCBTdHJpbmcgICAgfCBtaW4gICAgICAgICAgICAgICAg
ICAgIHwgICAgICAgICAgICAgICAgICAgICAgICAgICAgICAgICAgICAgICAgICAg
ICAgICAgICB8ILq4x+i34QkgICAgICAgICAgICAgICAgICAgICAgDQpwcmVtX2N1
cmNfY29kZSAgfCAvc2c6RkxSR1VBL0JvbmQuSW5mb3JtYXRpb24uRGV0YWlscy9j
YzpJbnN1cmFuY2UuQW1vdW50L0Ftb3VudEN1cnJlbmN5LklkZW50aWZpY2F0aW9u
LkNvZGUgICAgICAgICAgICAgICAgICAgICAgICAgICAgICAgICAgICAgICAgIHwg
MyAgICB8IFN0cmluZyAgICB8IG1pbiAgICAgICAgICAgICAgICAgICAgfCAgICAg
ICAgICAgICAgICAgICAgICAgICAgICAgICAgICAgICAgICAgICAgICAgICAgIHwg
urjH6LfhL8XryK3E2rXlCSAgICAgICAgICAgICAgDQpib25kX3ByaWNfcmF0ZSAg
fCAvc2c6RkxSR1VBL0JvbmQuSW5mb3JtYXRpb24uRGV0YWlscy9jYzpHdWFyYW50
ZWUuUHJpY2UuUmF0ZS9OdW1lcmljLkNvbnRlbnQgICAgICAgICAgICAgICAgICAg
ICAgICAgICAgICAgICAgICAgICAgICAgICAgICAgICAgICAgIHwgNiAgICB8IFN0
cmluZyAgICB8IG1pbiAgICAgICAgICAgICAgICAgICAgfCAgICAgICAgICAgICAg
ICAgICAgICAgICAgICAgICAgICAgICAgICAgICAgICAgICAgIHwgurjB9bHdwLIJ
ICAgICAgICAgICAgICANCmFwcGxfb3JnYV9uYW1lICB8IC9zZzpGTFJHVUEvQm9u
ZC5JbmZvcm1hdGlvbi5EZXRhaWxzL1dhcnJhbnRlZXIuRGV0YWlscy9jYzpPcmdh
bml6YXRpb24uTmFtZS9UZXh0LkNvbnRlbnQgICAgICAgICAgICAgICAgICAgICAg
ICAgICAgICAgICAgICAgICAgICAgfCAxMDAgIHwgU3RyaW5nICAgIHwgbWluICAg
ICAgICAgICAgICAgICAgICB8ICAgICAgICAgICAgICAgICAgICAgICAgICAgICAg
ICAgICAgICAgICAgICAgICAgICAgfCCw6L7gwNovu/PIoyAgICAgICAgICAgICAg
ICAgICANCmFwcGxfb3Jwc19kaXZzICB8IC9zZzpGTFJHVUEvQm9uZC5JbmZvcm1h
dGlvbi5EZXRhaWxzL1dhcnJhbnRlZXIuRGV0YWlscy9jYzpPcmdhbml6YXRpb25P
clBlcnNvbi5JZGVudGlmaWVyLkluZGljYXRvci9JbmRpY2F0b3IuQ29udGVudCAg
ICAgICAgICAgICAgfCAxMyAgIHwgU3RyaW5nICAgIHwgbWluICAgICAgICAgICAg
ICAgICAgICB8ICAgICAgICAgICAgICAgICAgICAgICAgICAgICAgICAgICAgICAg
ICAgICAgICAgICAgfCCw6L7gwNovu+e+98DaL8HWuc617rfPufjIo7G4utANCmFw
cGxfb3Jwc19pZGVuICB8IC9zZzpGTFJHVUEvQm9uZC5JbmZvcm1hdGlvbi5EZXRh
aWxzL1dhcnJhbnRlZXIuRGV0YWlscy9jYzpPcmdhbml6YXRpb25PclBlcnNvbi5J
ZGVudGlmaWVyL0lkZW50aWZpZXIuQ29udGVudCAgICAgICAgICAgICAgICAgICAg
ICAgfCAxMyAgIHwgU3RyaW5nICAgIHwgbWluICAgICAgICAgICAgICAgICAgICB8
ICAgICAgICAgICAgICAgICAgICAgICAgICAgICAgICAgICAgICAgICAgICAgICAg
ICAgfCCw6L7gwNovu+e+98DaL8HWuc617rfPufjIoyAgICANCmFwcGxfb3ducl9u
YW1lICB8IC9zZzpGTFJHVUEvQm9uZC5JbmZvcm1hdGlvbi5EZXRhaWxzL1dhcnJh
bnRlZXIuRGV0YWlscy9jYzpPcmdhbml6YXRpb24uQ0VPLk5hbWUvVGV4dC5Db250
ZW50ICAgICAgICAgICAgICAgICAgICAgICAgICAgICAgICAgICAgICAgfCAyMCAg
IHwgU3RyaW5nICAgIHwgbWluICAgICAgICAgICAgICAgICAgICB8ICAgICAgICAg
ICAgICAgICAgICAgICAgICAgICAgICAgICAgICAgICAgICAgICAgICAgfCC068el
wNq8urjtICAgICAgICAgICAgICAgICAgICANCmNyZWRfb3JnYV9uYW1lICB8IC9z
ZzpGTFJHVUEvQm9uZC5JbmZvcm1hdGlvbi5EZXRhaWxzL0NyZWRpdG9yLkRldGFp
bHMvY2M6T3JnYW5pemF0aW9uLk5hbWUvVGV4dC5Db250ZW50ICAgICAgICAgICAg
ICAgICAgICAgICAgICAgICAgICAgICAgICAgICAgICAgfCAxMDAgIHwgU3RyaW5n
ICAgIHwgbWluICAgICAgICAgICAgICAgICAgICB8ICAgICAgICAgICAgICAgICAg
ICAgICAgICAgICAgICAgICAgICAgICAgICAgICAgICAgfCDDpLHHwNovseKw/Ljt
ICAgICAgICAgICAgICAgICANCmNyZWRfb3Jwc19kaXZzICB8IC9zZzpGTFJHVUEv
Qm9uZC5JbmZvcm1hdGlvbi5EZXRhaWxzL0NyZWRpdG9yLkRldGFpbHMvY2M6T3Jn
YW5pemF0aW9uT3JQZXJzb24uSWRlbnRpZmllci5JbmRpY2F0b3IvSW5kaWNhdG9y
LkNvbnRlbnQgICAgICAgICAgICAgICAgfCAxMyAgIHwgU3RyaW5nICAgIHwgbWlu
ICAgICAgICAgICAgICAgICAgICB8ICAgICAgICAgICAgICAgICAgICAgICAgICAg
ICAgICAgICAgICAgICAgICAgICAgICAgfCDDpLHHwNovu+e+98DaL8HWuc617rfP
ufjIo7G4utANCmNyZWRfb3Jwc19pZGVuICB8IC9zZzpGTFJHVUEvQm9uZC5JbmZv
cm1hdGlvbi5EZXRhaWxzL0NyZWRpdG9yLkRldGFpbHMvY2M6T3JnYW5pemF0aW9u
T3JQZXJzb24uSWRlbnRpZmllci9JZGVudGlmaWVyLkNvbnRlbnQgICAgICAgICAg
ICAgICAgICAgICAgICAgfCAxMyAgIHwgU3RyaW5nICAgIHwgbWluICAgICAgICAg
ICAgICAgICAgICB8ICAgICAgICAgICAgICAgICAgICAgICAgICAgICAgICAgICAg
ICAgICAgICAgICAgICAgfCDDpLHHwNovu+e+98DaL8HWuc617rfPufjIoyAgICAN
CmJvbmRfaG9sZF9uYW1lICB8IC9zZzpGTFJHVUEvQm9uZC5JbmZvcm1hdGlvbi5E
ZXRhaWxzL0NyZWRpdG9yLkRldGFpbHMvY2M6T3JnYW5pemF0aW9uLkJvbmRob2xk
ZXIuTmFtZS9UZXh0LkNvbnRlbnQgICAgICAgICAgICAgICAgICAgICAgICAgICAg
ICAgICAgICAgfCAyMCAgIHwgU3RyaW5nICAgIHwgbWluICAgICAgICAgICAgICAg
ICAgICB8ICAgICAgICAgICAgICAgICAgICAgICAgICAgICAgICAgICAgICAgICAg
ICAgICAgICAgfCDDpLHHwNovw6Sxx8DauO0gICAgICAgICAgICAgICANCiMgurjB
9bDovuAowdaw6L7gKSAgICAgICAgICAgICAgICAgICAgICAgICAgICAgICAgICAg
ICAgICAgICAgICAgICAgICAgICAgICAgICAgICAgICAgICAgICAgICAgICAgICAg
ICAgICAgICAgICAgICAgICAgICAgICAgICAgICAgICAgICAgICAgICAgICAgICAg
ICAgICAgICAgICAgICAgICAgICAgICAgICAgICAgICAgICAgICAgICAgICAgICAg
ICAgICAgICAgICAgICAgICAgICAgICAgICAgICAgICAgICAgICAgICAgICAgICAg
DQpjb250X25hbWVfdGV4dCAgfCAvc2c6RkxSR1VBL0JvbmQuTWFpbkNvbnRyYWN0
LkRldGFpbHMvY2M6Q29udHJhY3QuTmFtZS5UZXh0L1RleHQuQ29udGVudCAgICAg
ICAgICAgICAgICAgICAgICAgICAgICAgICAgICAgICAgICAgICAgICAgICAgICAg
ICAgICAgIHwgMTAwICB8IFN0cmluZyAgICB8IG1pbiAgICAgICAgICAgICAgICAg
ICAgfCAgICAgICAgICAgICAgICAgICAgICAgICAgICAgICAgICAgICAgICAgICAg
ICAgICAgIHwgsOi+4LDHuO0JICAgICAgICANCmNvbnRfbWFpbl9hbW50ICB8IC9z
ZzpGTFJHVUEvQm9uZC5NYWluQ29udHJhY3QuRGV0YWlscy9jYzpDb250cmFjdC5B
bW91bnQvQW1vdW50LkNvbnRlbnQgICAgICAgICAgICAgICAgICAgICAgICAgICAg
ICAgICAgICAgICAgICAgICAgICAgICAgICAgICAgICAgfCAxNSAgIHwgRGVjaW1h
bCAgIHwgbWluICAgICAgICAgICAgICAgICAgICB8ICAgICAgICAgICAgICAgICAg
ICAgICAgICAgICAgICAgICAgICAgICAgICAgICAgICAgfCCw6L7gsd2+1wkgICAg
ICAgIA0KY29udF9jdXJjX2NvZGUgIHwgL3NnOkZMUkdVQS9Cb25kLk1haW5Db250
cmFjdC5EZXRhaWxzL2NjOkNvbnRyYWN0LkFtb3VudC9BbW91bnRDdXJyZW5jeS5J
ZGVudGlmaWNhdGlvbi5Db2RlICAgICAgICAgICAgICAgICAgICAgICAgICAgICAg
ICAgICAgICAgICB8IDMgICAgfCBTdHJpbmcgICAgfCBtaW4gICAgICAgICAgICAg
ICAgICAgIHwgICAgICAgICAgICAgICAgICAgICAgICAgICAgICAgICAgICAgICAg
ICAgICAgICAgICB8ILDovuCx3b7XL8XryK3E2rXlCQ0KY29udF9udW1iX3RleHQg
IHwgL3NnOkZMUkdVQS9Cb25kLk1haW5Db250cmFjdC5EZXRhaWxzL2NjOkNvbnRy
YWN0Lk51bWJlci5UZXh0L1RleHQuQ29udGVudCAgICAgICAgICAgICAgICAgICAg
ICAgICAgICAgICAgICAgICAgICAgICAgICAgICAgICAgICAgICB8IDMwICAgfCBT
dHJpbmcgICAgfCBtaW4gICAgICAgICAgICAgICAgICAgIHwgICAgICAgICAgICAg
ICAgICAgICAgICAgICAgICAgICAgICAgICAgICAgICAgICAgICB8ILDovuC5+Mij
CSAgICAgICAgDQpjb250X21haW5fZGF0ZSAgfCAvc2c6RkxSR1VBL0JvbmQuTWFp
bkNvbnRyYWN0LkRldGFpbHMvY2M6Q29udHJhY3QuRGF0ZS9EYXRlVGltZS5Db250
ZW50ICAgICAgICAgICAgICAgICAgICAgICAgICAgICAgICAgICAgICAgICAgICAg
ICAgICAgICAgICAgICAgIHwgOCAgICB8IFN0cmluZyAgICB8IG1pbiAgICAgICAg
ICAgICAgICAgICAgfCAgICAgICAgICAgICAgICAgICAgICAgICAgICAgICAgICAg
ICAgICAgICAgICAgICAgIHwgsOi+4MDPwNoJICAgICAgICANCmNvbnRfYmVnbl9k
YXRlICB8IC9zZzpGTFJHVUEvQm9uZC5NYWluQ29udHJhY3QuRGV0YWlscy9Db250
cmFjdC5QZXJpb2QuRGV0YWlscy9jYzpDb250cmFjdC5TdGFydC5EYXRlL0RhdGVU
aW1lLkNvbnRlbnQgICAgICAgICAgICAgICAgICAgICAgICAgICAgICAgfCA4ICAg
IHwgU3RyaW5nICAgIHwgbWluICAgICAgICAgICAgICAgICAgICB8ICAgICAgICAg
ICAgICAgICAgICAgICAgICAgICAgICAgICAgICAgICAgICAgICAgICAgfCCw6L7g
seKwoy+w6L7gvcPA28DPICAgICANCmNvbnRfZm5zaF9kYXRlICB8IC9zZzpGTFJH
VUEvQm9uZC5NYWluQ29udHJhY3QuRGV0YWlscy9Db250cmFjdC5QZXJpb2QuRGV0
YWlscy9jYzpDb250cmFjdC5FbmQuRGF0ZS9EYXRlVGltZS5Db250ZW50ICAgICAg
ICAgICAgICAgICAgICAgICAgICAgICAgICAgfCA4ICAgIHwgU3RyaW5nICAgIHwg
bWluICAgICAgICAgICAgICAgICAgICB8ICAgICAgICAgICAgICAgICAgICAgICAg
ICAgICAgICAgICAgICAgICAgICAgICAgICAgfCCw6L7gseKwoy+w6L7guLi34cDP
ICAgICANCiMgus689rDovuAgICAgICAgICAgICAgICAgICAgICAgICAgICAgICAg
ICAgICAgICAgICAgICAgICAgICAgICAgICAgICAgICAgICAgICAgICAgICAgICAg
ICAgICAgICAgICAgICAgICAgICAgICAgICAgICAgICAgICAgICAgICAgICAgICAg
ICAgICAgICAgICAgICAgICAgICAgICAgICAgICAgICAgICAgICAgICAgICAgICAg
ICAgICAgICAgICAgICAgICAgICAgICAgICAgICAgICAgICAgICAgICAgICAgICAg
ICAgICAgICAgICAgDQptb3JnX2JlZ25fZGF0ZSAgfCAvc2c6RkxSR1VBL0JvbmQu
U3ViQ29udHJhY3QuRGV0YWlscy9BUy5QZXJpb2QuRGV0YWlscy9jYzpNb3J0Z2Fn
ZS5TdGFydC5EYXRlL0RhdGVUaW1lLkNvbnRlbnQgICAgICAgICAgICAgICAgICAg
ICAgICAgICAgICAgICAgICAgIHwgOCAgICB8IFN0cmluZyAgICB8IG1pbiAgICAg
ICAgICAgICAgICAgICAgfCAgICAgICAgICAgICAgICAgICAgICAgICAgICAgICAg
ICAgICAgICAgICAgICAgICAgIHwgx8/A2rTjurjDpcDTvcPA28DPDQptb3JnX2Zu
c2hfZGF0ZSAgfCAvc2c6RkxSR1VBL0JvbmQuU3ViQ29udHJhY3QuRGV0YWlscy9B
Uy5QZXJpb2QuRGV0YWlscy9jYzpNb3J0Z2FnZS5FbmQuRGF0ZS9EYXRlVGltZS5D
b250ZW50ICAgICAgICAgICAgICAgICAgICAgICAgICAgICAgICAgICAgICAgIHwg
OCAgICB8IFN0cmluZyAgICB8IG1pbiAgICAgICAgICAgICAgICAgICAgfCAgICAg
ICAgICAgICAgICAgICAgICAgICAgICAgICAgICAgICAgICAgICAgICAgICAgIHwg
x8/A2rTjurjDpcDTuLi34cDPDQpjb250X3BlcmZfZGF0ZSAgfCAvc2c6RkxSR1VB
L0JvbmQuU3ViQ29udHJhY3QuRGV0YWlscy9jYzpDb250cmFjdC5QZXJmb3JtLkRh
dGUvRGF0ZVRpbWUuQ29udGVudCAgICAgICAgICAgICAgICAgICAgICAgICAgICAg
ICAgICAgICAgICAgICAgICAgICAgICAgIHwgOCAgICB8IFN0cmluZyAgICB8IG1p
biAgICAgICAgICAgICAgICAgICAgfCAgICAgICAgICAgICAgICAgICAgICAgICAg
ICAgICAgICAgICAgICAgICAgICAgICAgIHwgsOi+4MDMx+Cx4sDPCSAgDQojIMav
seK758fXICAgICAgICAgICAgICAgICAgICAgICAgICAgICAgICAgICAgICAgICAg
ICAgICAgICAgICAgICAgICAgICAgICAgICAgICAgICAgICAgICAgICAgICAgICAg
ICAgICAgICAgICAgICAgICAgICAgICAgICAgICAgICAgICAgICAgICAgICAgICAg
ICAgICAgICAgICAgICAgICAgICAgICAgICAgICAgICAgICAgICAgICAgICAgICAg
ICAgICAgICAgICAgICAgICAgICAgICAgICAgICAgICAgICAgICAgICAgICAgICAg
IA0Kc3BjbF9jb25kX3RleHQgIHwgL3NnOkZMUkdVQS9jYzpTcGVjaWFsQ29uZGl0
aW9uLlRleHQvVGV4dC5Db250ZW50ICAgICAgICAgICAgICAgICAgICAgICAgICAg
ICAgICAgICAgICAgICAgICAgICAgICAgICAgICAgICAgICAgICAgICAgICAgICAg
ICAgICAgICB8IDUwMCAgfCBTdHJpbmcgICAgfCBtaW4gICAgICAgICAgICAgICAg
ICAgIHwgICAgICAgICAgICAgICAgICAgICAgICAgICAgICAgICAgICAgICAgICAg
ICAgICAgICB8IMavseK758fXDQojIMavurC+4LD8ICAgICAgICAgICAgICAgICAg
ICAgICAgICAgICAgICAgICAgICAgICAgICAgICAgICAgICAgICAgICAgICAgICAg
ICAgICAgICAgICAgICAgICAgICAgICAgICAgICAgICAgICAgICAgICAgICAgICAg
ICAgICAgICAgICAgICAgICAgICAgICAgICAgICAgICAgICAgICAgICAgICAgICAg
ICAgICAgICAgICAgICAgICAgICAgICAgICAgICAgICAgICAgICAgICAgICAgICAg
ICAgICAgICAgICAgICAgICAgICAgICAgIA0Kc3BjbF9wcm92X3RleHQgIHwgL3Nn
OkZMUkdVQS9jYzpTcGVjaWFsUHJvdmlzaW9uLlRleHQvVGV4dC5Db250ZW50ICAg
ICAgICAgICAgICAgICAgICAgICAgICAgICAgICAgICAgICAgICAgICAgICAgICAg
ICAgICAgICAgICAgICAgICAgICAgICAgICAgICAgICAgICB8IDIwMCAgfCBTdHJp
bmcgICAgfCBtaW4gICAgICAgICAgICAgICAgICAgIHwgICAgICAgICAgICAgICAg
ICAgICAgICAgICAgICAgICAgICAgICAgICAgICAgICAgICB8IMavurC+4LD8DQoj
ILq4wfW5riAgICAgICAgICAgICAgICAgICAgICAgICAgICAgICAgICAgICAgICAg
ICAgICAgICAgICAgICAgICAgICAgICAgICAgICAgICAgICAgICAgICAgICAgICAg
ICAgICAgICAgICAgICAgICAgICAgICAgICAgICAgICAgICAgICAgICAgICAgICAg
ICAgICAgICAgICAgICAgICAgICAgICAgICAgICAgICAgICAgICAgICAgICAgICAg
ICAgICAgICAgICAgICAgICAgICAgICAgICAgICAgICAgICAgICAgICAgICAgICAg
ICAgIA0KYm9uZF9zdGF0X3RleHQgIHwgL3NnOkZMUkdVQS9jYzpHdWFyYW50ZWUu
U3RhdGVtZW50LlRleHQvVGV4dC5Db250ZW50ICAgICAgICAgICAgICAgICAgICAg
ICAgICAgICAgICAgICAgICAgICAgICAgICAgICAgICAgICAgICAgICAgICAgICAg
ICAgICAgICAgICB8IDEwMCAgfCBTdHJpbmcgICAgfCBtaW4gICAgICAgICAgICAg
ICAgICAgIHwgICAgICAgICAgICAgICAgICAgICAgICAgICAgICAgICAgICAgICAg
ICAgICAgICAgICB8ILq4wfW5rg0KIyC538fgwNogICAgICAgICAgICAgICAgICAg
ICAgICAgICAgICAgICAgICAgICAgICAgICAgICAgICAgICAgICAgICAgICAgICAg
ICAgICAgICAgICAgICAgICAgICAgICAgICAgICAgICAgICAgICAgICAgICAgICAg
ICAgICAgICAgICAgICAgICAgICAgICAgICAgICAgICAgICAgICAgICAgICAgICAg
ICAgICAgICAgICAgICAgICAgICAgICAgICAgICAgICAgICAgICAgICAgICAgICAg
ICAgICAgICAgICAgICAgICAgICAgICAgICANCmlzc3VfYWRkcl90eHQxICB8IC9z
ZzpGTFJHVUEvSXNzdWVyLkRldGFpbHMvY2M6QWRkcmVzcy5MaW5lMS5UZXh0L1Rl
eHQuQ29udGVudCAgICAgICAgICAgICAgICAgICAgICAgICAgICAgICAgICAgICAg
ICAgICAgICAgICAgICAgICAgICAgICAgICAgICAgICAgfCAxMDAgIHwgU3RyaW5n
ICAgIHwgbWluICAgICAgICAgICAgICAgICAgICB8ICAgICAgICAgICAgICAgICAg
ICAgICAgICAgICAgICAgICAgICAgICAgICAgICAgICAgfCDB1rzSMQkgICAgICAg
ICAgIA0KaXNzdV9hZGRyX3R4dDIgIHwgL3NnOkZMUkdVQS9Jc3N1ZXIuRGV0YWls
cy9jYzpBZGRyZXNzLkxpbmUyLlRleHQvVGV4dC5Db250ZW50ICAgICAgICAgICAg
ICAgICAgICAgICAgICAgICAgICAgICAgICAgICAgICAgICAgICAgICAgICAgICAg
ICAgICAgICAgICB8IDEwMCAgfCBTdHJpbmcgICAgfCBtaW4gICAgICAgICAgICAg
ICAgICAgIHwgICAgICAgICAgICAgICAgICAgICAgICAgICAgICAgICAgICAgICAg
ICAgICAgICAgICB8IMHWvNIyCSAgICAgICAgICAgDQppc3N1X29yZ2FfbmFtZSAg
fCAvc2c6RkxSR1VBL0lzc3Vlci5EZXRhaWxzL2NjOk9yZ2FuaXphdGlvbi5OYW1l
L1RleHQuQ29udGVudCAgICAgICAgICAgICAgICAgICAgICAgICAgICAgICAgICAg
ICAgICAgICAgICAgICAgICAgICAgICAgICAgICAgICAgICAgIHwgMTAwICB8IFN0
cmluZyAgICB8IG1pbiAgICAgICAgICAgICAgICAgICAgfCAgICAgICAgICAgICAg
ICAgICAgICAgICAgICAgICAgICAgICAgICAgICAgICAgICAgIHwgu/PIowkgICAg
ICAgICAgIA0KaXNzdV9vd25yX25hbWUgIHwgL3NnOkZMUkdVQS9Jc3N1ZXIuRGV0
YWlscy9jYzpPcmdhbml6YXRpb24uQ0VPLk5hbWUvVGV4dC5Db250ZW50ICAgICAg
ICAgICAgICAgICAgICAgICAgICAgICAgICAgICAgICAgICAgICAgICAgICAgICAg
ICAgICAgICAgICAgICB8IDIwICAgfCBTdHJpbmcgICAgfCBtaW4gICAgICAgICAg
ICAgICAgICAgIHwgICAgICAgICAgICAgICAgICAgICAgICAgICAgICAgICAgICAg
ICAgICAgICAgICAgICB8ILTrx6XA2ry6uO0JICAgDQppc3N1X2RlcHRfbmFtZSAg
fCAvc2c6RkxSR1VBL0lzc3Vlci5EZXRhaWxzL0FnZW5jeS5EZXRhaWxzL2NjOkRl
cGFydG1lbnQuTmFtZS9UZXh0LkNvbnRlbnQgICAgICAgICAgICAgICAgICAgICAg
ICAgICAgICAgICAgICAgICAgICAgICAgICAgICAgICAgICAgIHwgMzAgICB8IFN0
cmluZyAgICB8IG1pbiAgICAgICAgICAgICAgICAgICAgfCAgICAgICAgICAgICAg
ICAgICAgICAgICAgICAgICAgICAgICAgICAgICAgICAgICAgIHwgtOu4rsDOL7rO
vK0otOu4rsGhKQ0KaXNzdV9kZXB0X293bnIgIHwgL3NnOkZMUkdVQS9Jc3N1ZXIu
RGV0YWlscy9BZ2VuY3kuRGV0YWlscy9jYzpFbXBsb3llZS5OYW1lL1RleHQuQ29u
dGVudCAgICAgICAgICAgICAgICAgICAgICAgICAgICAgICAgICAgICAgICAgICAg
ICAgICAgICAgICAgICAgICB8IDIwICAgfCBTdHJpbmcgICAgfCBtaW4gICAgICAg
ICAgICAgICAgICAgIHwgICAgICAgICAgICAgICAgICAgICAgICAgICAgICAgICAg
ICAgICAgICAgICAgICAgICB8ILTruK7Azi+8urjtICAgICAgICANCmNocmdfbmFt
ZV90ZXh0ICB8IC9zZzpGTFJHVUEvSXNzdWVyLkRldGFpbHMvQ2hhcmdlLlBlcnNv
bi5EZXRhaWxzL2NjOkVtcGxveWVlLk5hbWUvVGV4dC5Db250ZW50ICAgICAgICAg
ICAgICAgICAgICAgICAgICAgICAgICAgICAgICAgICAgICAgICAgICAgICAgfCAy
MCAgIHwgU3RyaW5nICAgIHwgbWluICAgICAgICAgICAgICAgICAgICB8ICAgICAg
ICAgICAgICAgICAgICAgICAgICAgICAgICAgICAgICAgICAgICAgICAgICAgfCC0
47TnwNovvLq47SAgICAgICAgDQpjaHJnX3Bob25fdGV4dCAgfCAvc2c6RkxSR1VB
L0lzc3Vlci5EZXRhaWxzL0NoYXJnZS5QZXJzb24uRGV0YWlscy9jYzpUZWxlcGhv
bmUuTnVtYmVyLlRleHQvVGV4dC5Db250ZW50ICAgICAgICAgICAgICAgICAgICAg
ICAgICAgICAgICAgICAgICAgICAgICAgIHwgMjAgICB8IFN0cmluZyAgICB8IG1p
biAgICAgICAgICAgICAgICAgICAgfCAgICAgICAgICAgICAgICAgICAgICAgICAg
ICAgICAgICAgICAgICAgICAgICAgICAgIHwgtOO058DaL8D8yK0gICAgICAgIA0K
Y2hyZ19mYXhzX3RleHQgIHwgL3NnOkZMUkdVQS9Jc3N1ZXIuRGV0YWlscy9DaGFy
Z2UuUGVyc29uLkRldGFpbHMvY2M6RmF4Lk51bWJlci5UZXh0L1RleHQuQ29udGVu
dCAgICAgICAgICAgICAgICAgICAgICAgICAgICAgICAgICAgICAgICAgICAgICAg
ICAgICB8IDIwICAgfCBTdHJpbmcgICAgfCBtaW4gICAgICAgICAgICAgICAgICAg
IHwgICAgICAgICAgICAgICAgICAgICAgICAgICAgICAgICAgICAgICAgICAgICAg
ICAgICB8ILTjtOfA2i9GYXggufjIoyAgICANCiMguvGw7SAgICAgICAgICAgICAg
ICAgICAgICAgICAgICAgICAgICAgICAgICAgICAgICAgICAgICAgICAgICAgICAg
ICAgICAgICAgICAgICAgICAgICAgICAgICAgICAgICAgICAgICAgICAgICAgICAg
ICAgICAgICAgICAgICAgICAgICAgICAgICAgICAgICAgICAgICAgICAgICAgICAg
ICAgICAgICAgICAgICAgICAgICAgICAgICAgICAgICAgICAgICAgICAgICAgICAg
ICAgICAgICAgICAgICAgICAgICAgICAgICAgICAgICAgDQpnZW5lX25vdGVfdGV4
dCAgfCAvc2c6RkxSR1VBL2NjOkdlbmVyYWwuTm90ZS5UZXh0L1RleHQuQ29udGVu
dCAgICAgICAgICAgICAgICAgICAgICAgICAgICAgICAgICAgICAgICAgICAgICAg
ICAgICAgICAgICAgICAgICAgICAgICAgICAgICAgICAgICAgICAgIHwgMTAwICB8
IFN0cmluZyAgICB8IG1pbiAgICAgICAgICAgICAgICAgICAgfCAgICAgICAgICAg
ICAgICAgICAgICAgICAgICAgICAgICAgICAgICAgICAgICAgICAgIHwguvGw7Q0K