IyAgICC03MPguO0gICAgIHwgICAgICAgIFhQYXRoICAgICAgICAgICAgICAgICAg
ICAgICAgICAgICAgICAgICAgICAgICAgICAgICAgICAgICAJCQkJICAgICAgICAg
ICAgICAgICAgICAgICAgICAgICAgICAgICAgIHwgsebAzCB8IMW4wNQgICAgICB8
ILndurkgv6m6ziC51yDHyrz2v6m6ziAgfCC53bq5vcPA2yDFwrHXICAgICAgICAg
ICAgICAgICAgICAgICAgICAgICAgICAgICAgIHwgx9e48SAgICAgICAgICAgDQoj
IEhFQUQgICAgICAgIA0KaGVhZF9tZXNnX3NlbmQgIHwgL3NnOklCS0dVQS9IZWFk
ZXIuRGV0YWlscy9jYzpNZXNzYWdlLlNlbmRlci5JZGVudGlmaWVyL0lkZW50aWZp
ZXIuQ29udGVudCAgICAgICAgICAgICAgICAgICAgICAgICAgICAgICAgICAgICAg
ICAgICAgICAgICAgICAgICAgICB8IDEzICAgfCBTdHJpbmcgICAgfCBuZWNlc3Nh
cnkgICAgICAgICAgICAgIHwgICAgICAgICAgICAgICAgICAgICAgICAgICAgICAg
ICAgICAgICAgICAgICAgICAgICB8ILzbvcXA2klEKDEzwNq4rikgICAgICAgICAg
ICAgICAgICAgICAgICAgICAgICAgICAgICAgICAgICAgICAgICAgICAgICAgICAg
ICAgICAgICAgICAgICAgICAgICAgICAgICAgICAgICAgICAgICAgICAgICAgICAg
ICAgICAgICAgICAgICAgICAgICAgICAgICANCmhlYWRfbWVzZ19yZWN2ICB8IC9z
ZzpJQktHVUEvSGVhZGVyLkRldGFpbHMvY2M6TWVzc2FnZS5SZWNlaXZlci5JZGVu
dGlmaWVyL0lkZW50aWZpZXIuQ29udGVudCAgICAgICAgICAgICAgICAgICAgICAg
ICAgICAgICAgICAgICAgICAgICAgICAgICAgICAgICAgfCAxMyAgIHwgU3RyaW5n
ICAgIHwgbmVjZXNzYXJ5ICAgICAgICAgICAgICB8ICAgICAgICAgICAgICAgICAg
ICAgICAgICAgICAgICAgICAgICAgICAgICAgICAgICAgfCC89r3FwNpJRCgxM8Da
uK4pICAgICAgICAgICAgICAgICAgICAgICAgICAgICAgICAgICAgICAgICAgICAg
ICAgICAgICAgICAgICAgICAgICAgICAgICAgICAgICAgICAgICAgICAgICAgICAg
ICAgICAgICAgICAgICAgICAgICAgICAgICAgICAgICAgICAgICAgDQpoZWFkX2Z1
bmNfY29kZSAgfCAvc2c6SUJLR1VBL0hlYWRlci5EZXRhaWxzL2NjOk1lc3NhZ2Uu
RnVuY3Rpb24uQ29kZS9Db2RlLkNvbnRlbnQgICAgICAgICAgICAgICAgICAgICAg
ICAgICAgICAgICAgICAgICAgICAgICAgICAgICAgICAgICAgICAgICAgICAgIHwg
MiAgICB8IFN0cmluZyAgICB8IG5lY2Vzc2FyeSAgICAgICAgICAgICAgfCAgICAg
ICAgICAgICAgICAgICAgICAgICAgICAgICAgICAgICAgICAgICAgICAgICAgIHwg
ua68rbHitMkoOTq9x7WlwMzFzSwgNTM6xde9usautaXAzMXNKSAgICAgICAgICAg
ICAgICAgICAgICAgICAgICAgICAgICAgICAgICAgICAgICAgICAgICAgICAgICAg
ICAgICAgICAgICAgICAgICAgICAgICAgICAgICAgICAgICAgICAgICAgICAgICAg
ICAgIA0KaGVhZF9tZXNnX3R5cGUgIHwgL3NnOklCS0dVQS9IZWFkZXIuRGV0YWls
cy9jYzpNZXNzYWdlLlR5cGUuSWRlbnRpZmllci9JZGVudGlmaWVyLkNvbnRlbnQg
ICAgICAgICAgICAgICAgICAgICAgICAgICAgICAgICAgICAgICAgICAgICAgICAg
ICAgICAgICAgICB8IDYgICAgfCBTdHJpbmcgICAgfCBuZWNlc3NhcnkgICAgICAg
ICAgICAgIHwgICAgICAgICAgICAgICAgICAgICAgICAgICAgICAgICAgICAgICAg
ICAgICAgICAgICB8ILmuvK3E2rXlDQpoZWFkX21lc2dfbmFtZSAgfCAvc2c6SUJL
R1VBL0hlYWRlci5EZXRhaWxzL2NjOk1lc3NhZ2UuTmFtZS9UZXh0LkNvbnRlbnQg
ICAgICAgICAgICAgICAgICAgICAgICAgICAgICAgICAgICAgICAgICAgICAgICAg
ICAgICAgICAgICAgICAgICAgICAgICAgICAgIHwgMzAgICB8IFN0cmluZyAgICB8
IG5lY2Vzc2FyeSAgICAgICAgICAgICAgfCAgICAgICAgICAgICAgICAgICAgICAg
ICAgICAgICAgICAgICAgICAgICAgICAgICAgIHwgua68rbjtIA0KaGVhZF9tZXNn
X3ZlcnMgIHwgL3NnOklCS0dVQS9IZWFkZXIuRGV0YWlscy9jYzpNZXNzYWdlLlZl
cnNpb24uVGV4dC9UZXh0LkNvbnRlbnQgICAgICAgICAgICAgICAgICAgICAgICAg
ICAgICAgICAgICAgICAgICAgICAgICAgICAgICAgICAgICAgICAgICAgICB8IDEw
ICAgfCBTdHJpbmcgICAgfCBtaW4gICAgICAgICAgICAgICAgICAgIHwgICAgICAg
ICAgICAgICAgICAgICAgICAgICAgICAgICAgICAgICAgICAgICAgICAgICB8ILmu
vK259sD8ICAgICAgICAgICAgICAgICAgICAgICAgICAgICAgICAgICAgICAgICAg
ICAgICAgICAgICAgICAgICAgICAgICAgICAgICAgICAgICAgICAgICAgICAgICAg
ICAgICAgICAgICAgICAgICAgICAgICAgICAgICAgICAgICAgICAgICAgICAgICAg
ICANCmhlYWRfbWFuZ19udW1iICB8IC9zZzpJQktHVUEvSGVhZGVyLkRldGFpbHMv
Y2M6RG9jdW1lbnQuTWFuYWdlbWVudE51bWJlci5UZXh0L1RleHQuQ29udGVudCAg
ICAgICAgICAgICAgICAgICAgICAgICAgICAgICAgICAgICAgICAgICAgICAgICAg
ICAgICAgICAgfCA3MCAgIHwgU3RyaW5nICAgIHwgbmVjZXNzYXJ5ICAgICAgICAg
ICAgICB8ICAgICAgICAgICAgICAgICAgICAgICAgICAgICAgICAgICAgICAgICAg
ICAgICAgICAgfCC5rrytsPy4rrn4yKMgICAgICAgICAgICAgICAgICAgICAgICAg
CmhlYWRfdGl0bF9uYW1lICB8IC9zZzpJQktHVUEvSGVhZGVyLkRldGFpbHMvY2M6
RG9jdW1lbnQuVGl0bGUuTmFtZS9UZXh0LkNvbnRlbnQgICAgICAgICAgICAgICAg
ICAgICAgICAgICAgICAgICAgICAgICAgICAgICAgICAgICAgICAgICAgICAgICAg
ICAgICAgfCAzMCAgIHwgU3RyaW5nICAgIHwgbmVjZXNzYXJ5ICAgICAgICAgICAg
ICB8ICAgICAgICAgICAgICAgICAgICAgICAgICAgICAgICAgICAgICAgICAgICAg
ICAgICAgfCC5rrytsLO/5A0KaGVhZF9vcmdhX2NvZGUgIHwgL3NnOklCS0dVQS9I
ZWFkZXIuRGV0YWlscy9jYzpPcmdhbml6YXRpb24uQ29kZS5JZGVudGlmaWVyL0lk
ZW50aWZpZXIuQ29udGVudCAgICAgICAgICAgICAgICAgICAgICAgICAgICAgICAg
ICAgICAgICAgICAgICAgICAgICAgICB8IDMgICAgfCBTdHJpbmcgICAgfCBuZWNl
c3NhcnkgICAgICAgICAgICAgIHwgICAgICAgICAgICAgICAgICAgICAgICAgICAg
ICAgICAgICAgICAgICAgICAgICAgICB8IL+ssOjIuLvnsbi60MTateUgICAgICAg
ICAgICAgICAgICAgICANCmhlYWRfc2VybF9udW1iICB8IC9zZzpJQktHVUEvSGVh
ZGVyLkRldGFpbHMvY2M6RG9jdW1lbnQuU2VyaWFsLlRleHQvVGV4dC5Db250ZW50
ICAgICAgICAgICAgICAgICAgICAgICAgICAgICAgICAgICAgICAgICAgICAgICAg
ICAgICAgICAgICAgICAgICAgICAgfCAyMCAgIHwgU3RyaW5nICAgIHwgbWluICAg
ICAgICAgICAgICAgICAgICB8ICAgICAgICAgICAgICAgICAgICAgICAgICAgICAg
ICAgICAgICAgICAgICAgICAgICAgfCDAz7fDufjIoyAgICAgICAgICAgICAgICAg
ICAgICAgICAgICAgDQpoZWFkX2Vycm9fY29kZSAgfCAvc2c6SUJLR1VBL0hlYWRl
ci5EZXRhaWxzL2NjOk1lc3NhZ2UuRXJyb3IuQ29kZS9Db2RlLkNvbnRlbnQgICAg
ICAgICAgICAgICAgICAgICAgICAgICAgICAgICAgICAgICAgICAgICAgICAgICAg
ICAgICAgICAgICAgICAgICAgIHwgNCAgICB8IFN0cmluZyAgICB8IG1pbiAgICAg
ICAgICAgICAgICAgICAgfCAgICAgICAgICAgICAgICAgICAgICAgICAgICAgICAg
ICAgICAgICAgICAgICAgICAgIHwgv6G3r8TateUoRVI6v6G3r7nfu/0sIFNBOsGk
u/O89r/rKSAgIA0KaGVhZF9yZXNwX3RleHQgIHwgL3NnOklCS0dVQS9IZWFkZXIu
RGV0YWlscy9jYzpNZXNzYWdlLlJlc3BvbnNlLlRleHQvVGV4dC5Db250ZW50ICAg
ICAgICAgICAgICAgICAgICAgICAgICAgICAgICAgICAgICAgICAgICAgICAgICAg
ICAgICAgICAgICAgICAgICB8IDEwMCAgfCBTdHJpbmcgICAgfCBtaW4gICAgICAg
ICAgICAgICAgICAgIHwgICAgICAgICAgICAgICAgICAgICAgICAgICAgICAgICAg
ICAgICAgICAgICAgICAgICB8IMDAtOS43ry8wfYgICAgICAgICAgICAgICAgICAg
ICAgICAgICANCmhlYWRfYmFua190ZXh0ICB8IC9zZzpJQktHVUEvSGVhZGVyLkRl
dGFpbHMvY2M6QmFuay5Vc2FnZS5UZXh0L1RleHQuQ29udGVudCAgICAgICAgICAg
ICAgICAgICAgICAgICAgICAgICAgICAgICAgICAgICAgICAgICAgICAgICAgICAg
ICAgICAgICAgICAgICAgfCAxMDAgIHwgU3RyaW5nICAgIHwgbWluICAgICAgICAg
ICAgICAgICAgICB8ICAgICAgICAgICAgICAgICAgICAgICAgICAgICAgICAgICAg
ICAgICAgICAgICAgICAgfCDAusfgu+e/67b1ICAgICAgICAgICAgICAgICAgICAg
ICAgICAgDQojILG4uMW+98O8KMi4v/i75ykgwaS6uCAgICAgICAgICAgICAgICAg
ICAgICAgICAgICAgICAgICAgICAgICAgICAgICAgICAgICAgICAgICAgICAgICAg
ICAgICAgICAgICAgICAgICAgICAgICAgICAgICAgICAgICAgICAgICAgICAgICAg
ICAgICAgICAgICAgICAgICAgICAgICAgICAgICAgICAgICAgICAgICAgICAgICAg
ICAgICAgICAgICAgICAgICAgICAgICAgICAgICAgICAgICAgICAgICAgICAgICAg
ICAgICAgICAgICAgIA0KU0VMTF9DTklEICAgICAgIHwgL3NnOklCS0dVQS9QdXJj
aGFzZS5Pcmdhbml6YXRpb24uRGV0YWlscy9jYzpTZWxsZXIuT3JnYW5pemF0aW9u
LklkZW50aWZpZXIvSWRlbnRpZmllci5Db250ZW50ICAgICAgICAgICAgICAgICAg
ICAgICAgICAgICAgICAgICAgICB8IDEwICAgfCBTdHJpbmcgICAgfCBuZWNlc3Nh
cnkgICAgICAgICAgICAgIHwgICAgICAgICAgICAgICAgICAgICAgICAgICAgICAg
ICAgICAgICAgICAgICAgICAgICB8IMbHuMXA2rvnvvfA2rn4yKMobWFya2V0IHBs
YWNlKQ0KQ01QTl9JRCAgICAgICAgIHwgL3NnOklCS0dVQS9QdXJjaGFzZS5Pcmdh
bml6YXRpb24uRGV0YWlscy9jYzpCdXllci5Pcmdhbml6YXRpb24uSWRlbnRpZmll
ci9JZGVudGlmaWVyLkNvbnRlbnQgICAgICAgICAgICAgICAgICAgICAgICAgICAg
ICAgICAgICAgICB8IDEzICAgfCBTdHJpbmcgICAgfCBuZWNlc3NhcnkgICAgICAg
ICAgICAgIHwgICAgICAgICAgICAgICAgICAgICAgICAgICAgICAgICAgICAgICAg
ICAgICAgICAgICB8ILG4uMXA2iC75773wNogufjIoyAgICAgICAgICAgIA0KRklS
TV9OQU1FICAgICAgIHwgL3NnOklCS0dVQS9QdXJjaGFzZS5Pcmdhbml6YXRpb24u
RGV0YWlscy9jYzpCdXllci5Pcmdhbml6YXRpb24uTmFtZS9UZXh0LkNvbnRlbnQg
ICAgICAgICAgICAgICAgICAgICAgICAgICAgICAgICAgICAgICAgICAgICAgICAg
ICB8IDQwICAgfCBTdHJpbmcgICAgfCBtaW4gICAgICAgICAgICAgICAgICAgIHwg
ICAgICAgICAgICAgICAgICAgICAgICAgICAgICAgICAgICAgICAgICAgICAgICAg
ICB8ILG4uMW75yDIuLvnIMDMuKcgICAgICAgICAgICAgIA0KWVNOT19DT0RFICAg
ICAgIHwgL3NnOklCS0dVQS9QdXJjaGFzZS5Pcmdhbml6YXRpb24uRGV0YWlscy9j
YzpHdWFyYW50ZWUuSW5kaWNhdG9yLkNvZGUvSW5kaWNhdG9yLkNvbnRlbnQgICAg
ICAgICAgICAgICAgICAgICAgICAgICAgICAgICAgICAgICAgICAgICB8IDEgICAg
fCBTdHJpbmcgICAgfCBuZWNlc3NhcnkgICAgICAgICAgICAgIHwgICAgICAgICAg
ICAgICAgICAgICAgICAgICAgICAgICAgICAgICAgICAgICAgICAgICB8IMH1scfB
pLq4ILG4utDE2rXlDQpDQU5TX1JFQVMgICAgICAgfCAvc2c6SUJLR1VBL1B1cmNo
YXNlLk9yZ2FuaXphdGlvbi5EZXRhaWxzL2NjOkd1YXJhbnRlZS5DYW5jZWwuVGV4
dC9UZXh0LkNvbnRlbnQgICAgICAgICAgICAgICAgICAgICAgICAgICAgICAgICAg
ICAgICAgICAgICAgICAgICAgIHwgMjAwICB8IFN0cmluZyAgICB8IG1pbiAgICAg
ICAgICAgICAgICAgICAgfCAgICAgICAgICAgICAgICAgICAgICAgICAgICAgICAg
ICAgICAgICAgICAgICAgICAgIHwgwfWxx8Gkurggw+u80iC758CvDQojIMH1scfB
pLq4ICAgICAgICAgICAgICAgICAgICAgICAgICAgICAgICAgICAgICAgICAgICAg
ICAgICAgICAgICAgICAgICAgICAgICAgICAgICAgICAgICAgICAgICAgICAgICAg
ICAgICAgICAgICAgICAgICAgICAgICAgICAgICAgICAgICAgICAgICAgICAgICAg
ICAgICAgICAgICAgICAgICAgICAgICAgICAgICAgICAgICAgICAgICAgICAgICAg
ICAgICAgICAgICAgICAgICAgICAgICAgICAgICAgICAgICAgICAgICAgICAgIA0K
U0dJQ19CT05EICAgICAgIHwgL3NnOklCS0dVQS9QdXJjaGFzZS5HdWFyYW50ZWUu
RGV0YWlscy9jYzpHdWFyYW50ZWUuRG9jdW1lbnROdW1iZXIuVGV4dC9UZXh0LkNv
bnRlbnQgICAgICAgICAgICAgICAgICAgICAgICAgICAgICAgICAgICAgICAgICAg
ICAgICB8IDE4ICAgfCBTdHJpbmcgICAgfCBuZWNlc3NhcnkgICAgICAgICAgICAg
IHwgICAgICAgICAgICAgICAgICAgICAgICAgICAgICAgICAgICAgICAgICAgICAg
ICAgICB8IMH1sce5+MijICAgICAgICAgICAgICAgICAgICAgICAgICAgICAgDQpH
VVJUX1BSSUMgICAgICAgfCAvc2c6SUJLR1VBL1B1cmNoYXNlLkd1YXJhbnRlZS5E
ZXRhaWxzL2NjOkd1YXJhbnRlZS5Db250cmFjdC5BbW91bnQvQW1vdW50LkNvbnRl
bnQgICAgICAgICAgICAgICAgICAgICAgICAgICAgICAgICAgICAgICAgICAgICAg
ICAgIHwgMTMgICB8IERlY2ltYWwgICB8IG5lY2Vzc2FyeSAgICAgICAgICAgICAg
fCAgICAgICAgICAgICAgICAgICAgICAgICAgICAgICAgICAgICAgICAgICAgICAg
ICAgIHwgurjH6LChwNSx3b7XICAgICAgICAgICAgICAgICAgICAgICAgICANCklO
U1VfQkVHTiAgICAgICB8IC9zZzpJQktHVUEvUHVyY2hhc2UuR3VhcmFudGVlLkRl
dGFpbHMvY2M6R3VhcmFudGVlLkJlZ24uRGF0ZS9EYXRlVGltZS5Db250ZW50ICAg
ICAgICAgICAgICAgICAgICAgICAgICAgICAgICAgICAgICAgICAgICAgICAgICAg
ICAgfCA4ICAgIHwgU3RyaW5nICAgIHwgbmVjZXNzYXJ5ICAgICAgICAgICAgICB8
ICAgICAgICAgICAgICAgICAgICAgICAgICAgICAgICAgICAgICAgICAgICAgICAg
ICAgfCC6uMfoseKwoyC9w8DbwM/A2ihZWVlZTU1ERCkgICAgICAgICAgIA0KSU5T
VV9GTlNIICAgICAgIHwgL3NnOklCS0dVQS9QdXJjaGFzZS5HdWFyYW50ZWUuRGV0
YWlscy9jYzpHdWFyYW50ZWUuRm5zaC5EYXRlL0RhdGVUaW1lLkNvbnRlbnQgICAg
ICAgICAgICAgICAgICAgICAgICAgICAgICAgICAgICAgICAgICAgICAgICAgICAg
ICB8IDggICAgfCBTdHJpbmcgICAgfCBuZWNlc3NhcnkgICAgICAgICAgICAgIHwg
ICAgICAgICAgICAgICAgICAgICAgICAgICAgICAgICAgICAgICAgICAgICAgICAg
ICB8ILq4x+ix4rCjIMG+t+HAz8DaKFlZWVlNTUREKSAgICAgICAgICAgDQpPTFNH
X0JPTkQgICAgICAgfCAvc2c6SUJLR1VBL1B1cmNoYXNlLkd1YXJhbnRlZS5EZXRh
aWxzL2NjOkd1YXJhbnRlZS5OZXcuRG9jdW1lbnROdW1iZXIuVGV4dC9UZXh0LkNv
bnRlbnQgICAgICAgICAgICAgICAgICAgICAgICAgICAgICAgICAgICAgICAgICAg
IHwgMTggICB8IFN0cmluZyAgICB8IG1pbiAgICAgICAgICAgICAgICAgICAgfCAg
ICAgICAgICAgICAgICAgICAgICAgICAgICAgICAgICAgICAgICAgICAgICAgICAg
IHwgsbggwfWxxyC5+MijICAgICAgICAgICAgICAgICAgICAgICAgICANCk9MU0df
QkVHTiAgICAgICB8IC9zZzpJQktHVUEvUHVyY2hhc2UuR3VhcmFudGVlLkRldGFp
bHMvY2M6R3VhcmFudGVlLk5ldy5CZWduLkRhdGUvRGF0ZVRpbWUuQ29udGVudCAg
ICAgICAgICAgICAgICAgICAgICAgICAgICAgICAgICAgICAgICAgICAgICAgICAg
fCA4ICAgIHwgU3RyaW5nICAgIHwgbWluICAgICAgICAgICAgICAgICAgICB8ICAg
ICAgICAgICAgICAgICAgICAgICAgICAgICAgICAgICAgICAgICAgICAgICAgICAg
fCCxuCDB9bHHIL3DwNvAz8DaKLHisKMgv6zA5banua6/oSDD37ChKQ0KT0xTR19G
TlNIICAgICAgIHwgL3NnOklCS0dVQS9QdXJjaGFzZS5HdWFyYW50ZWUuRGV0YWls
cy9jYzpHdWFyYW50ZWUuTmV3LkZuc2guRGF0ZS9EYXRlVGltZS5Db250ZW50ICAg
ICAgICAgICAgICAgICAgICAgICAgICAgICAgICAgICAgICAgICAgICAgICAgICB8
IDggICAgfCBTdHJpbmcgICAgfCBtaW4gICAgICAgICAgICAgICAgICAgIHwgICAg
ICAgICAgICAgICAgICAgICAgICAgICAgICAgICAgICAgICAgICAgICAgICAgICB8
ILG4IMH1sccgwb634cDPwNooseKwoyC/rMDltqe5rr+hIMPfsKEpDQojIMHWsOi+
4MGkurggICAgICAgICAgICAgICAgICAgICAgICAgICAgICAgICAgICAgICAgICAg
ICAgICAgICAgICAgICAgICAgICAgICAgICAgICAgICAgICAgICAgICAgICAgICAg
ICAgICAgICAgICAgICAgICAgICAgICAgICAgICAgICAgICAgICAgICAgICAgICAg
ICAgICAgICAgICAgICAgICAgICAgICAgICAgICAgICAgICAgICAgICAgICAgICAg
ICAgICAgICAgICAgICAgICAgICAgICAgICAgICAgICAgICAgICAgICAgICAgICAg
ICANCkxFTk5fUFJJQyAgICAgICB8IC9zZzpJQktHVUEvUHVyY2hhc2UuTG9hbi5E
ZXRhaWxzL2NjOkNvbnRyYWN0LkFtb3VudC9BbW91bnQuQ29udGVudCAgICAgICAg
ICAgICAgICAgICAgICAgICAgICAgICAgICAgICAgICAgICAgICAgICAgICAgICAg
ICAgICAgICAgfCAxMyAgIHwgRGVjaW1hbCAgIHwgbWluICAgICAgICAgICAgICAg
ICAgICB8ICAgICAgICAgICAgICAgICAgICAgICAgICAgICAgICAgICAgICAgICAg
ICAgICAgICAgfCC068Pisd2+1yAgICAgICAgIA0KTEVOTl9CRUdOICAgICAgIHwg
L3NnOklCS0dVQS9QdXJjaGFzZS5Mb2FuLkRldGFpbHMvY2M6Q29udHJhY3QuQmVn
bi5EYXRlL0RhdGVUaW1lLkNvbnRlbnQgICAgICAgICAgICAgICAgICAgICAgICAg
ICAgICAgICAgICAgICAgICAgICAgICAgICAgICAgICAgICB8IDggICAgfCBTdHJp
bmcgICAgfCBtaW4gICAgICAgICAgICAgICAgICAgIHwgICAgICAgICAgICAgICAg
ICAgICAgICAgICAgICAgICAgICAgICAgICAgICAgICAgICB8ILTrw+K9x8fgwM8g
ICAgICAgDQpMRU5OX0ZOU0ggICAgICAgfCAvc2c6SUJLR1VBL1B1cmNoYXNlLkxv
YW4uRGV0YWlscy9jYzpDb250cmFjdC5GbnNoLkRhdGUvRGF0ZVRpbWUuQ29udGVu
dCAgICAgICAgICAgICAgICAgICAgICAgICAgICAgICAgICAgICAgICAgICAgICAg
ICAgICAgICAgICAgIHwgOCAgICB8IFN0cmluZyAgICB8IG1pbiAgICAgICAgICAg
ICAgICAgICAgfCAgICAgICAgICAgICAgICAgICAgICAgICAgICAgICAgICAgICAg
ICAgICAgICAgICAgIHwgtOvD4sG+t+HAzyAgICAgICANCkxFTk5fSU5TVCAgICAg
ICB8IC9zZzpJQktHVUEvUHVyY2hhc2UuTG9hbi5EZXRhaWxzL2NjOkNvbnRyYWN0
LkludGVyZXN0LkFtb3VudC9BbW91bnQuQ29udGVudCAgICAgICAgICAgICAgICAg
ICAgICAgICAgICAgICAgICAgICAgICAgICAgICAgICAgICAgICAgfCAxMyAgIHwg
U3RyaW5nICAgIHwgbWluICAgICAgICAgICAgICAgICAgICB8ICAgICAgICAgICAg
ICAgICAgICAgICAgICAgICAgICAgICAgICAgICAgICAgICAgICAgfCC068PiwMzA
2sCyICAgICAgIA0KR1VSVF9SQVRFICAgICAgIHwgL3NnOklCS0dVQS9QdXJjaGFz
ZS5Mb2FuLkRldGFpbHMvY2M6Q29udHJhY3QuR3VhcmFudGVlLlJhdGUuQW1vdW50
L0Ftb3VudC5Db250ZW50ICAgICAgICAgICAgICAgICAgICAgICAgICAgICAgICAg
ICAgICAgICAgICAgICAgICB8IDMgICAgfCBTdHJpbmcgICAgfCBtaW4gICAgICAg
ICAgICAgICAgICAgIHwgICAgICAgICAgICAgICAgICAgICAgICAgICAgICAgICAg
ICAgICAgICAgICAgICAgICB8ILTrw+K6uMH1uvHAsiglKSAgDQpHVVJUX0lOU1Ug
ICAgICAgfCAvc2c6SUJLR1VBL1B1cmNoYXNlLkxvYW4uRGV0YWlscy9jYzpDb250
cmFjdC5JbnN1cmVkLlRleHQvVGV4dC5Db250ZW50ICAgICAgICAgICAgICAgICAg
ICAgICAgICAgICAgICAgICAgICAgICAgICAgICAgICAgICAgICAgICAgIHwgMzAg
ICB8IFN0cmluZyAgICB8IG1pbiAgICAgICAgICAgICAgICAgICAgfCAgICAgICAg
ICAgICAgICAgICAgICAgICAgICAgICAgICAgICAgICAgICAgICAgICAgIHwgx8e6
uMfowNoguf3Azrn4yKMNClNQQ0xfQ09ORCAgICAgICB8IC9zZzpJQktHVUEvUHVy
Y2hhc2UuTG9hbi5EZXRhaWxzL2NjOkNvbnRyYWN0LlNwZWNpYWxDb25kaXRpb24u
VGV4dC9UZXh0LkNvbnRlbnQgICAgICAgICAgICAgICAgICAgICAgICAgICAgICAg
ICAgICAgICAgICAgICAgICAgICAgfCA1MDAgIHwgU3RyaW5nICAgIHwgbWluICAg
ICAgICAgICAgICAgICAgICB8ICAgICAgICAgICAgICAgICAgICAgICAgICAgICAg
ICAgICAgICAgICAgICAgICAgICAgfCDGr7Hiu+fH1yAgICAgICAgIA0KTE9BTl9G
TEFHICAgICAgIHwgL3NnOklCS0dVQS9QdXJjaGFzZS5Mb2FuLkRldGFpbHMvY2M6
Q29udHJhY3QuTG9hbi5JbmRpY2F0b3IuQ29kZS9JbmRpY2F0b3IuQ29udGVudCAg
ICAgICAgICAgICAgICAgICAgICAgICAgICAgICAgICAgICAgICAgICAgICAgICB8
IDEgICAgfCBTdHJpbmcgICAgfCBtaW4gICAgICAgICAgICAgICAgICAgIHwgICAg
ICAgICAgICAgICAgICAgICAgICAgICAgICAgICAgICAgICAgICAgICAgICAgICB8
ILTrw+K788ewsbi60CDE2rXlKCdMJzqxuLjFwNqx3SwgJ0MnOrG4uMXEq7XlLCBN
JzrH9rHdsOHBpikNCiAgICAgICAgICAgICAgICAgICAgICAgICAgICAgICAgICAg
ICAgICAgICAgICAgICAgICAgICAgICAgICAgICAgICAgICAgICAgICAgICAgICAg
ICAgICAgICAgICAgICAgICAgICAgICAgICAgICAgICAgICAgICAgICAgICAgICAg
ICAgICAgICAgICAgICAgICAgICAgICAgICAgICAgICAgICAgICAgICAgICAgICAg
ICAgICAgICAgICAgICAgICAgICAgICAgICAgICAgICAgICAgICAgICAgICAgICAg
ICAgIA==