77s/YWNrX3R5cGU9VDAwMQ0KIyAgICA/qOw/66o/ICAgIHwgICAgICAgIFhQYXRo
ICAgICAgICAgICAgICAgICAgICAgICAgICAgICAgICAgICAgICAgICAgICAgICAg
ICAgICAJCQkJICAgICAgICAgICAgICAgICAgICAgICAgICAgICAgICAgICAgIHwg
6ri47D8gfCA/Pz8/ICAgICB8IOuwP7O1ID+s6z8g67A/Pz8/P6zrPyAgfCDrsD+z
tT8/PyA/P7e4ICAgICAgICAgICAgICAgICAgICAgICAgICAgICAgICAgICAgIHwg
Pz+qqSAgICAgICAgICAgDQojIEhFQUQgICAgICAgICAgICAgICAgICAgICAgICAg
ICAgICAgICAgICAgICAgICAgICAgICAgICAgICAgICAgICAgICAgICAgICAgICAg
ICAgICAgICAgICAgICAgICAgICAgICAgICAgICAgICAgICAgICAgICAgICAgICAg
ICAgICAgICAgICAgICAgICAgICAgICAgICAgICAgICAgICAgICAgICAgICAgICAg
ICAgICAgICAgICAgICAgICAgICAgICAgICAgICAgICAgICAgICAgICAgICAgICAg
ICAgICAgICAgICAgICAgICAgICAgIA0KaGVhZF9tZXNnX3NlbmQgIHwgL3NnOlBB
WUlORi9IZWFkZXIuRGV0YWlscy9jYzpNZXNzYWdlLlNlbmRlci5JZGVudGlmaWVy
L0lkZW50aWZpZXIuQ29udGVudCAgICAgICAgICAgICAgICAgICAgICAgICAgICAg
ICAgICAgICAgICAgICAgICAgICAgICAgICAgICB8IDEzICAgfCBTdHJpbmcgICAg
fCBuZWNlc3NhcnkgICAgICAgICAgICAgIHwgICAgICAgICAgICAgICAgICAgICAg
ICAgICAgICAgICAgICAgICAgICAgICAgICAgICB8ID8/rLg/oew/6riw6j8JICAg
ICAgICAgICAgICAgICAgICAgICAgICAgICAgICAgICAgICAgIA0KaGVhZF9tZXNn
X3JlY3YgIHwgL3NnOlBBWUlORi9IZWFkZXIuRGV0YWlscy9jYzpNZXNzYWdlLlJl
Y2VpdmVyLklkZW50aWZpZXIvSWRlbnRpZmllci5Db250ZW50ICAgICAgICAgICAg
ICAgICAgICAgICAgICAgICAgICAgICAgICAgICAgICAgICAgICAgICAgICB8IDEz
ICAgfCBTdHJpbmcgICAgfCBuZWNlc3NhcnkgICAgICAgICAgICAgIHwgICAgICAg
ICAgICAgICAgICAgICAgICAgICAgICAgICAgICAgICAgICAgICAgICAgICB8ID8/
rLg/Pz/quLDqPwkgICAgICAgICAgICAgICAgICAgICAgICAgICAgICAgICAgICAg
ICAgDQpoZWFkX2Z1bmNfY29kZSAgfCAvc2c6UEFZSU5GL0hlYWRlci5EZXRhaWxz
L2NjOk1lc3NhZ2UuRnVuY3Rpb24uQ29kZS9Db2RlLkNvbnRlbnQgICAgICAgICAg
ICAgICAgICAgICAgICAgICAgICAgICAgICAgICAgICAgICAgICAgICAgICAgICAg
ICAgICAgICAgIHwgMiAgICB8IFN0cmluZyAgICB8IG5lY2Vzc2FyeSAgICAgICAg
ICAgICAgfCAgICAgICAgICAgICAgICAgICAgICAgICAgICAgICAgICAgICAgICAg
ICAgICAgICAgIHwg66y47D/quLDrPwkgICAgICAgICAgICAgICAgICAgICAgICAg
ICAgICAgICAgICAgICAgDQpoZWFkX21lc2dfdHlwZSAgfCAvc2c6UEFZSU5GL0hl
YWRlci5EZXRhaWxzL2NjOk1lc3NhZ2UuVHlwZS5JZGVudGlmaWVyL0lkZW50aWZp
ZXIuQ29udGVudCAgICAgICAgICAgICAgICAgICAgICAgICAgICAgICAgICAgICAg
ICAgICAgICAgICAgICAgICAgICAgIHwgNiAgICB8IFN0cmluZyAgICB8IG5lY2Vz
c2FyeSAgICAgICAgICAgICAgfCAgICAgICAgICAgICAgICAgICAgICAgICAgICAg
ICAgICAgICAgICAgICAgICAgICAgIHwg66y47D/svT8/CSAgICAgICAgICAgICAg
ICAgICAgICAgICAgICAgICAgICAgICAgICANCmhlYWRfbWVzZ19uYW1lICB8IC9z
ZzpQQVlJTkYvSGVhZGVyLkRldGFpbHMvY2M6TWVzc2FnZS5OYW1lL1RleHQuQ29u
dGVudCAgICAgICAgICAgICAgICAgICAgICAgICAgICAgICAgICAgICAgICAgICAg
ICAgICAgICAgICAgICAgICAgICAgICAgICAgICAgICAgfCAzMCAgIHwgU3RyaW5n
ICAgIHwgbmVjZXNzYXJ5ICAgICAgICAgICAgICB8ICAgICAgICAgICAgICAgICAg
ICAgICAgICAgICAgICAgICAgICAgICAgICAgICAgICAgfCDrrLjsP+uqPyAgICAg
ICAgICAgICAgICAgICAgICAgICAgICAgICAgICAgICANCmhlYWRfbWVzZ192ZXJz
ICB8IC9zZzpQQVlJTkYvSGVhZGVyLkRldGFpbHMvY2M6TWVzc2FnZS5WZXJzaW9u
LlRleHQvVGV4dC5Db250ZW50ICAgICAgICAgICAgICAgICAgICAgICAgICAgICAg
ICAgICAgICAgICAgICAgICAgICAgICAgICAgICAgICAgICAgICAgfCAxMCAgIHwg
U3RyaW5nICAgIHwgbWluICAgICAgICAgICAgICAgICAgICB8ICAgICAgICAgICAg
ICAgICAgICAgICAgICAgICAgICAgICAgICAgICAgICAgICAgICAgfCA/Pz/rrLjs
P+uyPz8JICAgICAgICAgICAgICAgICAgICAgICAgICAgICAgICAgICAgICAgIA0K
aGVhZF9kb2N1X251bWIgIHwgL3NnOlBBWUlORi9IZWFkZXIuRGV0YWlscy9jYzpE
b2N1bWVudC5OdW1iZXIuVGV4dC9UZXh0LkNvbnRlbnQgICAgICAgICAgICAgICAg
ICAgICAgICAgICAgICAgICAgICAgICAgICAgICAgICAgICAgICAgICAgICAgICAg
ICAgICB8IDMwICAgfCBTdHJpbmcgICAgfCBuZWNlc3NhcnkgICAgICAgICAgICAg
IHwgICAgICAgICAgICAgICAgICAgICAgICAgICAgICAgICAgICAgICAgICAgICAg
ICAgICB8IOusuOw/67I/PwkgICAgICAgICAgICAgICAgICAgICAgICAgICAgICAg
ICAgICAgICAgDQpoZWFkX21hbmdfbnVtYiAgfCAvc2c6UEFZSU5GL0hlYWRlci5E
ZXRhaWxzL2NjOkRvY3VtZW50Lk1hbmFnZW1lbnROdW1iZXIuVGV4dC9UZXh0LkNv
bnRlbnQgICAgICAgICAgICAgICAgICAgICAgICAgICAgICAgICAgICAgICAgICAg
ICAgICAgICAgICAgICAgIHwgNzAgICB8IFN0cmluZyAgICB8IG5lY2Vzc2FyeSAg
ICAgICAgICAgICAgfCAgICAgICAgICAgICAgICAgICAgICAgICAgICAgICAgICAg
ICAgICAgICAgICAgICAgIHwg66y47D/qtD/rpqzrPz8/ICAgICAgICAgICAgICAg
ICAgICAgICAgICAgICAgICAgICAgICAgIA0KaGVhZF9yZWZyX251bWIgIHwgL3Nn
OlBBWUlORi9IZWFkZXIuRGV0YWlscy9jYzpEb2N1bWVudC5SZWZlcmVuY2VOdW1i
ZXIuVGV4dC9UZXh0LkNvbnRlbnQgICAgICAgICAgICAgICAgICAgICAgICAgICAg
ICAgICAgICAgICAgICAgICAgICAgICAgICAgICAgICB8IDMwICAgfCBTdHJpbmcg
ICAgfCBuZWNlc3NhcnkgICAgICAgICAgICAgIHwgICAgICAgICAgICAgICAgICAg
ICAgICAgICAgICAgICAgICAgICAgICAgICAgICAgICB8IOywuOyhsOuyPz8JICAg
ICAgICAgICAgICAgICAgICAgICAgICAgICAgICAgICAgICAgIA0KaGVhZF90aXRs
X25hbWUgIHwgL3NnOlBBWUlORi9IZWFkZXIuRGV0YWlscy9jYzpEb2N1bWVudC5U
aXRsZS5OYW1lL1RleHQuQ29udGVudCAgICAgICAgICAgICAgICAgICAgICAgICAg
ICAgICAgICAgICAgICAgICAgICAgICAgICAgICAgICAgICAgICAgICAgICB8IDMw
ICAgfCBTdHJpbmcgICAgfCBuZWNlc3NhcnkgICAgICAgICAgICAgIHwgICAgICAg
ICAgICAgICAgICAgICAgICAgICAgICAgICAgICAgICAgICAgICAgICAgICB8IOus
uOw/6rA/PyAgICAgICAgICAgICAgICAgICAgICAgICAgICAgICAgICAgICAgICAg
IA0KaGVhZF9vcmdhX2NvZGUgIHwgL3NnOlBBWUlORi9IZWFkZXIuRGV0YWlscy9j
YzpPcmdhbml6YXRpb24uQ29kZS5JZGVudGlmaWVyL0lkZW50aWZpZXIuQ29udGVu
dCAgICAgICAgICAgICAgICAgICAgICAgICAgICAgICAgICAgICAgICAgICAgICAg
ICAgICAgICB8IDMgICAgfCBTdHJpbmcgICAgfCBuZWNlc3NhcnkgICAgICAgICAg
ICAgIHwgICAgICAgICAgICAgICAgICAgICAgICAgICAgICAgICAgICAgICAgICAg
ICAgICAgICB8ID+w6j/svT8/DQojIOuztO0/6rM/Pz8/s7QgICAgICAgICAgICAg
ICAgICAgICAgICAgICAgICAgICAgICAgICAgICAgICAgICAgICAgICAgICAgICAg
ICAgICAgICAgICAgICAgICAgICAgICAgICAgICAgICAgICAgICAgICAgICAgICAg
ICAgICAgICAgICAgICAgICAgICAgICAgICAgICAgICAgICAgICAgICAgICAgICAg
ICAgICAgICAgICAgICAgICAgICAgICAgICAgICAgICAgICAgICAgICAgICAgICAg
ICAgICAgICAgICAgICAgICAgICAgICAgICANCmJvbmRfa2luZF9jb2RlICB8IC9z
ZzpQQVlJTkYvR3VhcmFudGVlLkluZm8uRGV0YWlscy9jYzpHdWFyYW50ZWUuVHlw
ZS5JZGVudGlmaWVyL0lkZW50aWZpZXIuQ29udGVudCAgICAgICAgICAgICAgICAg
ICAgICAgICAgICAgICAgICAgICAgICAgICAgICAgICAgfCAzICAgIHwgU3RyaW5n
ICAgIHwgbmVjZXNzYXJ5ICAgICAgICAgICAgICB8ICAgICAgICAgICAgICAgICAg
ICAgICAgICAgICAgICAgICAgICAgICAgICAgICAgICAgfCDrs7TtP+yiP6qp6rWs
6z8JCSAgICAgICAgDQpib25kX2JlZ25fZGF0ZSAgfCAvc2c6UEFZSU5GL0d1YXJh
bnRlZS5JbmZvLkRldGFpbHMvY2M6R3VhcmFudGVlLkJlZ24uRGF0ZS9EYXRlVGlt
ZS5Db250ZW50ICAgICAgICAgICAgICAgICAgICAgICAgICAgICAgICAgICAgICAg
ICAgICAgICAgICAgICAgICAgIHwgOCAgICB8IFN0cmluZyAgICB8IG5lY2Vzc2Fy
eSAgICAgICAgICAgICAgfCAgICAgICAgICAgICAgICAgICAgICAgICAgICAgICAg
ICAgICAgICAgICAgICAgICAgIHwg67O07T/qsD8/P7zsPwkJICAgICAgICANCmJv
bmRfZm5zaF9kYXRlICB8IC9zZzpQQVlJTkYvR3VhcmFudGVlLkluZm8uRGV0YWls
cy9jYzpHdWFyYW50ZWUuRm5zaC5EYXRlL0RhdGVUaW1lLkNvbnRlbnQgICAgICAg
ICAgICAgICAgICAgICAgICAgICAgICAgICAgICAgICAgICAgICAgICAgICAgICAg
ICAgfCA4ICAgIHwgU3RyaW5nICAgIHwgbmVjZXNzYXJ5ICAgICAgICAgICAgICB8
ICAgICAgICAgICAgICAgICAgICAgICAgICAgICAgICAgICAgICAgICAgICAgICAg
ICAgfCDrs7TtP+yiPz8/vOw/CQkgICAgICAgIA0KYm9uZF9jdXJjX2NvZGUgIHwg
L3NnOlBBWUlORi9HdWFyYW50ZWUuSW5mby5EZXRhaWxzL2NjOkd1YXJhbnRlZS5B
bW91bnQvQW1vdW50Q3VycmVuY3kuSWRlbnRpZmljYXRpb24uQ29kZSAgICAgICAg
ICAgICAgICAgICAgICAgICAgICAgICAgICAgICAgICAgICB8IDMgICAgfCBTdHJp
bmcgICAgfCBuZWNlc3NhcnkgICAgICAgICAgICAgIHwgICAgICAgICAgICAgICAg
ICAgICAgICAgICAgICAgICAgICAgICAgICAgICAgICAgICB8IOuztO0/6rA/Pz8/
Pz8/te0/7L0/PwkgICAgICAgIA0KYm9uZF9wZW5sX2FtbnQgIHwgL3NnOlBBWUlO
Ri9HdWFyYW50ZWUuSW5mby5EZXRhaWxzL2NjOkd1YXJhbnRlZS5BbW91bnQvQW1v
dW50LkNvbnRlbnQgICAgICAgICAgICAgICAgICAgICAgICAgICAgICAgICAgICAg
ICAgICAgICAgICAgICAgICAgICAgICAgICB8IDE4ICAgfCBTdHJpbmcgICAgfCBu
ZWNlc3NhcnkgICAgICAgICAgICAgIHwgICAgICAgICAgICAgICAgICAgICAgICAg
ICAgICAgICAgICAgICAgICAgICAgICAgICB8IOuztO0/6rA/Pz8/Pz/rs7TtP+qw
Pz8/Pz8/ICAgICAgDQpib25kX29wZXJfY29kZSAgfCAvc2c6UEFZSU5GL0d1YXJh
bnRlZS5JbmZvLkRldGFpbHMvY2M6R3VhcmFudGVlLk9wZXJhdGlvbi5Db2RlL0Nv
ZGUuQ29udGVudCAgICAgICAgICAgICAgICAgICAgICAgICAgICAgICAgICAgICAg
ICAgICAgICAgICAgICAgICAgIHwgMTAgICB8IFN0cmluZyAgICB8IG1pbiAgICAg
ICAgICAgICAgICAgICAgfCAgICAgICAgICAgICAgICAgICAgICAgICAgICAgICAg
ICAgICAgICAgICAgICAgICAgIHwg7KGw7T8/ses/ID8/rLTqtazrPwkJDQpib25k
X2FwcGxfY29kZSAgfCAvc2c6UEFZSU5GL0d1YXJhbnRlZS5JbmZvLkRldGFpbHMv
Y2M6R3VhcmFudGVlLkFwcGxpY2F0aW9uLkNvZGUvQ29kZS5Db250ZW50ICAgICAg
ICAgICAgICAgICAgICAgICAgICAgICAgICAgICAgICAgICAgICAgICAgICAgICAg
IHwgMiAgICB8IFN0cmluZyAgICB8IG5lY2Vzc2FyeSAgICAgICAgICAgICAgfCAg
ICAgICAgICAgICAgICAgICAgICAgICAgICAgICAgICAgICAgICAgICAgICAgICAg
IHwgPz8/67Cw7D8gPz+stOq1rOs/CSAgICAgICAgDQojIOyjvOw/6rM/Pz8/s7Qg
ICAgICAgICAgICAgICAgICAgICAgICAgICAgICAgICAgICAgICAgICAgICAgICAg
ICAgICAgICAgICAgICAgICAgICAgICAgICAgICAgICAgICAgICAgICAgICAgICAg
ICAgICAgICAgICAgICAgICAgICAgICAgICAgICAgICAgICAgICAgICAgICAgICAg
ICAgICAgICAgICAgICAgICAgICAgICAgICAgICAgICAgICAgICAgICAgICAgICAg
ICAgICAgICAgICAgICAgICAgICAgICAgICAgICAgICAgICAgICANCmNvbnRfbnVt
Yl90ZXh0ICB8IC9zZzpQQVlJTkYvTWFpbkNvbnRyYWN0LkluZm8uRGV0YWlscy9j
YzpDb250cmFjdC5OdW1iZXIuVGV4dC9UZXh0LkNvbnRlbnQgICAgICAgICAgICAg
ICAgICAgICAgICAgICAgICAgICAgICAgICAgICAgICAgICAgICAgICAgICAgfCAz
MCAgIHwgU3RyaW5nICAgIHwgbmVjZXNzYXJ5ICAgICAgICAgICAgICB8ICAgICAg
ICAgICAgICAgICAgICAgICAgICAgICAgICAgICAgICAgICAgICAgICAgICAgfCDq
sz8/67I/PwkJICAgICAgICANCmNvbnRfbmFtZV90ZXh0ICB8IC9zZzpQQVlJTkYv
TWFpbkNvbnRyYWN0LkluZm8uRGV0YWlscy9jYzpDb250cmFjdC5OYW1lLlRleHQv
VGV4dC5Db250ZW50ICAgICAgICAgICAgICAgICAgICAgICAgICAgICAgICAgICAg
ICAgICAgICAgICAgICAgICAgICAgICAgfCAxMDAgIHwgU3RyaW5nICAgIHwgbmVj
ZXNzYXJ5ICAgICAgICAgICAgICB8ICAgICAgICAgICAgICAgICAgICAgICAgICAg
ICAgICAgICAgICAgICAgICAgICAgICAgfCDqsz8/6rG06z8JCSAgICAgICAgDQpj
b250X3Byb2NfdHlwZSAgfCAvc2c6UEFZSU5GL01haW5Db250cmFjdC5JbmZvLkRl
dGFpbHMvY2M6UHJvY3VyZW1lbnQuVHlwZS5JZGVudGlmaWVyL0lkZW50aWZpZXIu
Q29udGVudCAgICAgICAgICAgICAgICAgICAgICAgICAgICAgICAgICAgICAgICAg
ICAgIHwgMyAgICB8IFN0cmluZyAgICB8IG5lY2Vzc2FyeSAgICAgICAgICAgICAg
fCAgICAgICAgICAgICAgICAgICAgICAgICAgICAgICAgICAgICAgICAgICAgICAg
ICAgIHwg6rM/P+q1rOs/CQkgICAgICAgIA0KY29udF90eXBlX2lkZW4gIHwgL3Nn
OlBBWUlORi9NYWluQ29udHJhY3QuSW5mby5EZXRhaWxzL2NjOkNvbnRyYWN0LlR5
cGUuSWRlbnRpZmllci9JZGVudGlmaWVyLkNvbnRlbnQgICAgICAgICAgICAgICAg
ICAgICAgICAgICAgICAgICAgICAgICAgICAgICAgICB8IDEgICAgfCBTdHJpbmcg
ICAgfCBuZWNlc3NhcnkgICAgICAgICAgICAgIHwgICAgICAgICAgICAgICAgICAg
ICAgICAgICAgICAgICAgICAgICAgICAgICAgICAgICB8IOqzPz/rsKnsPwkJICAg
ICAgICANCmNvbnRfYXNnbl9yYXRlICB8IC9zZzpQQVlJTkYvTWFpbkNvbnRyYWN0
LkluZm8uRGV0YWlscy9jYzpDb250cmFjdC5Bc3NpZ25lZC5SYXRlL051bWVyaWMu
Q29udGVudCAgICAgICAgICAgICAgICAgICAgICAgICAgICAgICAgICAgICAgICAg
ICAgICAgICAgICAgfCA2ICAgIHwgU3RyaW5nICAgIHwgbWluICAgICAgICAgICAg
ICAgICAgICB8ICAgICAgICAgICAgICAgICAgICAgICAgICAgICAgICAgICAgICAg
ICAgICAgICAgICAgfCDspz/rtj8/CQkgICAgICAgICAgICAgICAgDQpjb250X25l
d3NfZGl2cyAgfCAvc2c6UEFZSU5GL01haW5Db250cmFjdC5JbmZvLkRldGFpbHMv
Y2M6Q29udGludWVOZXcuSW5kaWNhdG9yLkNvZGUvQ29kZS5Db250ZW50ICAgICAg
ICAgICAgICAgICAgICAgICAgICAgICAgICAgICAgICAgICAgICAgICAgICAgIHwg
MSAgICB8IFN0cmluZyAgICB8IG5lY2Vzc2FyeSAgICAgICAgICAgICAgfCAgICAg
ICAgICAgICAgICAgICAgICAgICAgICAgICAgICAgICAgICAgICAgICAgICAgIHwg
Pz8/L+qwsew/IOqzPz/qtazrPwkJDQpjb250X3BsYW5fZGF0ZSAgfCAvc2c6UEFZ
SU5GL01haW5Db250cmFjdC5JbmZvLkRldGFpbHMvY2M6Q29uc3RydWN0aW9uLkNv
bXBsZXRlLkRhdGUvRGF0ZVRpbWUuQ29udGVudCAgICAgICAgICAgICAgICAgICAg
ICAgICAgICAgICAgICAgICAgICAgICAgICAgIHwgOCAgICB8IFN0cmluZyAgICB8
IG1pbiAgICAgICAgICAgICAgICAgICAgfCAgICAgICAgICAgICAgICAgICAgICAg
ICAgICAgICAgICAgICAgICAgICAgICAgICAgIHwg7KQ/6rO17D8/Pz8JCSAgICAg
ICAgDQpjb250X21haW5fZGF0ZSAgfCAvc2c6UEFZSU5GL01haW5Db250cmFjdC5J
bmZvLkRldGFpbHMvY2M6Q29udHJhY3QuRGF0ZS9EYXRlVGltZS5Db250ZW50ICAg
ICAgICAgICAgICAgICAgICAgICAgICAgICAgICAgICAgICAgICAgICAgICAgICAg
ICAgICAgICAgIHwgOCAgICB8IFN0cmluZyAgICB8IG1pbiAgICAgICAgICAgICAg
ICAgICAgfCAgICAgICAgICAgICAgICAgICAgICAgICAgICAgICAgICAgICAgICAg
ICAgICAgICAgIHwg6rM/P+yytOqysD+87D8JCSAgICAgICAgDQpjb250X2N1cmNf
Y29kZSAgfCAvc2c6UEFZSU5GL01haW5Db250cmFjdC5JbmZvLkRldGFpbHMvY2M6
Q29udHJhY3QuQW1vdW50L0Ftb3VudEN1cnJlbmN5LklkZW50aWZpY2F0aW9uLkNv
ZGUgICAgICAgICAgICAgICAgICAgICAgICAgICAgICAgICAgICAgICAgIHwgMyAg
ICB8IFN0cmluZyAgICB8IG5lY2Vzc2FyeSAgICAgICAgICAgICAgfCAgICAgICAg
ICAgICAgICAgICAgICAgICAgICAgICAgICAgICAgICAgICAgICAgICAgIHwg6rM/
P+q4Pz8oPz8/KS8/te0/7L0/PwkgICAgICAgIA0KY29udF9tYWluX2FtbnQgIHwg
L3NnOlBBWUlORi9NYWluQ29udHJhY3QuSW5mby5EZXRhaWxzL2NjOkNvbnRyYWN0
LkFtb3VudC9BbW91bnQuQ29udGVudCAgICAgICAgICAgICAgICAgICAgICAgICAg
ICAgICAgICAgICAgICAgICAgICAgICAgICAgICAgICAgICB8IDE4ICAgfCBTdHJp
bmcgICAgfCBuZWNlc3NhcnkgICAgICAgICAgICAgIHwgICAgICAgICAgICAgICAg
ICAgICAgICAgICAgICAgICAgICAgICAgICAgICAgICAgICB8IOqzPz/quD8/KD8/
Pykv6rM/P+q4Pz8gICAgICAgICANCmZvcm5fY3VyY19jb2RlICB8IC9zZzpQQVlJ
TkYvTWFpbkNvbnRyYWN0LkluZm8uRGV0YWlscy9jYzpGb3JlaWduLkNvbnRyYWN0
LkFtb3VudC9BbW91bnRDdXJyZW5jeS5JZGVudGlmaWNhdGlvbi5Db2RlICAgICAg
ICAgICAgICAgICAgICAgICAgICAgICAgICAgfCAzICAgIHwgU3RyaW5nICAgIHwg
bWluICAgICAgICAgICAgICAgICAgICB8ICAgICAgICAgICAgICAgICAgICAgICAg
ICAgICAgICAgICAgICAgICAgICAgICAgICAgfCDqsz8/6rg/Pyg/uO0/KS8/te0/
7L0/PwkgICAgICAgIA0KZm9ybl9tYWluX2FtbnQgIHwgL3NnOlBBWUlORi9NYWlu
Q29udHJhY3QuSW5mby5EZXRhaWxzL2NjOkZvcmVpZ24uQ29udHJhY3QuQW1vdW50
L0Ftb3VudC5Db250ZW50ICAgICAgICAgICAgICAgICAgICAgICAgICAgICAgICAg
ICAgICAgICAgICAgICAgICAgICB8IDE4ICAgfCBTdHJpbmcgICAgfCBtaW4gICAg
ICAgICAgICAgICAgICAgIHwgICAgICAgICAgICAgICAgICAgICAgICAgICAgICAg
ICAgICAgICAgICAgICAgICAgICB8IOqzPz/quD8/KD+47T8pL+qzPz/quD8/CSAg
ICAgICAgDQpoaXN0X2JvbmRfbnVtYiAgfCAvc2c6UEFZSU5GL01haW5Db250cmFj
dC5JbmZvLkRldGFpbHMvY2M6SGlzdG9yeS5Cb25kTnVtYmVyLlRleHQvVGV4dC5D
b250ZW50ICAgICAgICAgICAgICAgICAgICAgICAgICAgICAgICAgICAgICAgICAg
ICAgICAgICAgICAgIHwgMjAgICB8IFN0cmluZyAgICB8IG1pbiAgICAgICAgICAg
ICAgICAgICAgfCAgICAgICAgICAgICAgICAgICAgICAgICAgICAgICAgICAgICAg
ICAgICAgICAgICAgIHwg67Cw7D8/Pz8/7KY/P+uyPz8gICAgICAgICAgICAgICAN
CiMgQk9EWSAgICAgICAgICAgICAgICAgICAgICAgICAgICAgICAgICAgICAgICAg
ICAgICAgICAgICAgICAgICAgICAgICAgICAgICAgICAgICAgICAgICAgICAgICAg
ICAgICAgICAgICAgICAgICAgICAgICAgICAgICAgICAgICAgICAgICAgICAgICAg
ICAgICAgICAgICAgICAgICAgICAgICAgICAgICAgICAgICAgICAgICAgICAgICAg
ICAgICAgICAgICAgICAgICAgICAgICAgICAgICAgICAgICAgICAgICAgICAgICAg
ICAgICAgICAgIA0KY29udF9jb21tX2RpdnMgIHwgL3NnOlBBWUlORi9jYzpDb21t
YW5kLlR5cGUuSWRlbnRpZmllci9JZGVudGlmaWVyLkNvbnRlbnQgICAgICAgICAg
ICAgICAgICAgICAgICAgICAgICAgICAgICAgICAgICAgICAgICAgICAgICAgICAg
ICAgICAgICAgICAgICAgICB8IDEgICAgfCBTdHJpbmcgICAgfCBuZWNlc3Nhcnkg
ICAgICAgICAgICAgIHwgICAgICAgICAgICAgICAgICAgICAgICAgICAgICAgICAg
ICAgICAgICAgICAgICAgICB8IOuwP6O86rWs6z8JCSAgICAgICAgDQpjb250X3Bs
ZGdfeXNubyAgfCAvc2c6UEFZSU5GL2NjOlBsZWRnZS5UeXBlLklkZW50aWZpZXIv
SWRlbnRpZmllci5Db250ZW50ICAgICAgICAgICAgICAgICAgICAgICAgICAgICAg
ICAgICAgICAgICAgICAgICAgICAgICAgICAgICAgICAgICAgICAgICAgICAgIHwg
MSAgICB8IFN0cmluZyAgICB8IG1pbgkJICAgICAgICAgICAgIHwgICAgICAgICAg
ICAgICAgICAgICAgICAgICAgICAgICAgICAgICAgICAgICAgICAgICB8IOynPz8/
pOw/P6zrPwkJICAgICAgICAgICAgICAgIA0KY29udF9wbGRnX2RpdnMgIHwgL3Nn
OlBBWUlORi9jYzpQbGVkZ2UuSWRlbnRpZmllci5JbmRpY2F0b3IvSW5kaWNhdG9y
LkNvbnRlbnQgICAgICAgICAgICAgICAgICAgICAgICAgICAgICAgICAgICAgICAg
ICAgICAgICAgICAgICAgICAgICAgICAgICAgICAgICB8IDEgICAgfCBTdHJpbmcg
ICAgfCBtaW4JICAgICAgICAgICAgICAgICB8ICAgICAgICAgICAgICAgICAgICAg
ICAgICAgICAgICAgICAgICAgICAgICAgICAgICAgfCA/pOw/Pz+1rOu2PwkgICAg
ICAgIA0KY29udF9wbGRnX2lkZW4gIHwgL3NnOlBBWUlORi9jYzpQbGVkZ2UuQ3Vz
dG9tZXIuSWRlbnRpZmllci9JZGVudGlmaWVyLkNvbnRlbnQgICAgICAgICAgICAg
ICAgICAgICAgICAgICAgICAgICAgICAgICAgICAgICAgICAgICAgICAgICAgICAg
ICAgICAgICAgICB8IDEzICAgfCBTdHJpbmcgICAgfCBtaW4gICAgICAgICAgICAg
IAkJIHwgICAgICAgICAgICAgICAgICAgICAgICAgICAgICAgICAgICAgICAgICAg
ICAgICAgICB8ID+k7D8/Pz+s7D8/P+yjvOs/67I/PwkJDQpjb250X3BsZGdfbmFt
ZSAgfCAvc2c6UEFZSU5GL2NjOlBsZWRnZS5OYW1lLlRleHQvVGV4dC5Db250ZW50
ICAgICAgICAgICAgICAgICAgICAgICAgICAgICAgICAgICAgICAgICAgICAgICAg
ICAgICAgICAgICAgICAgICAgICAgICAgICAgICAgICAgICAgICAgIHwgNDAgICB8
IFN0cmluZyAgICB8IG1pbiAgICAgICAgICAgICAgCQkgfCAgICAgICAgICAgICAg
ICAgICAgICAgICAgICAgICAgICAgICAgICAgICAgICAgICAgIHwgP6TsPz8/Pz8/
66o/P7HrPwkJDQpjb250X3ByZW1feXNubyAgfCAvc2c6UEFZSU5GL2NjOlByZW1p
dW1QYXltZW50LlR5cGUuSWRlbnRpZmllci9JZGVudGlmaWVyLkNvbnRlbnQgICAg
ICAgICAgICAgICAgICAgICAgICAgICAgICAgICAgICAgICAgICAgICAgICAgICAg
ICAgICAgICAgICAgICAgIHwgMSAgICB8IFN0cmluZyAgICB8IG1pbiAgICAgICAg
ICAgICAgCQkgfCAgICAgICAgICAgICAgICAgICAgICAgICAgICAgICAgICAgICAg
ICAgICAgICAgICAgIHwgPz8/P+uztO0/66M/P+u2Pz+s6z8JCQ0KY29udF9wcmVt
X2RpdnMgIHwgL3NnOlBBWUlORi9jYzpQcmVtaXVtUGF5bWVudC5JZGVudGlmaWVy
LkluZGljYXRvci9JbmRpY2F0b3IuQ29udGVudCAgICAgICAgICAgICAgICAgICAg
ICAgICAgICAgICAgICAgICAgICAgICAgICAgICAgICAgICAgICAgICAgICB8IDEg
ICAgfCBTdHJpbmcgICAgfCBtaW4gICAgICAgICAgICAgIAkJIHwgICAgICAgICAg
ICAgICAgICAgICAgICAgICAgICAgICAgICAgICAgICAgICAgICAgICB8ID8/Pz/q
tazrPwkJICAgICAgICANCmNvbnRfcHJlbV9pZGVuICB8IC9zZzpQQVlJTkYvY2M6
UHJlbWl1bVBheW1lbnQuQ3VzdG9tZXIuSWRlbnRpZmllci9JZGVudGlmaWVyLkNv
bnRlbnQgICAgICAgICAgICAgICAgICAgICAgICAgICAgICAgICAgICAgICAgICAg
ICAgICAgICAgICAgICAgICAgICAgfCAxMyAgIHwgU3RyaW5nICAgIHwgbWluICAg
ICAgICAgICAgICAJCSB8ICAgICAgICAgICAgICAgICAgICAgICAgICAgICAgICAg
ICAgICAgICAgICAgICAgICAgfCA/Pz8/P6zsPz8/7KO86z/rsj8/CQkNCmNvbnRf
cHJlbV9uYW1lICB8IC9zZzpQQVlJTkYvY2M6UHJlbWl1bVBheW1lbnQuTmFtZS5U
ZXh0L1RleHQuQ29udGVudCAgICAgICAgICAgICAgICAgICAgICAgICAgICAgICAg
ICAgICAgICAgICAgICAgICAgICAgICAgICAgICAgICAgICAgICAgICAgICAgICAg
fCA0MCAgIHwgU3RyaW5nICAgIHwgbWluICAgICAgICAgICAgICAJCSB8ICAgICAg
ICAgICAgICAgICAgICAgICAgICAgICAgICAgICAgICAgICAgICAgICAgICAgfCA/
Pz8/Pz8/66o/P7HrPyAgICAgICAgICAgICAgIA0KIyA/tO0/7Kc/6rg/ICAgICAg
ICAgICAgICAgICAgICAgICAgICAgICAgICAgICAgICAgICAgICAgICAgICAgICAg
ICAgICAgICAgICAgICAgICAgICAgICAgICAgICAgICAgICAgICAgICAgICAgICAg
ICAgICAgICAgICAgICAgICAgICAgICAgICAgICAgICAgICAgICAgICAgICAgICAg
ICAgICAgICAgICAgICAgICAgICAgICAgICAgICAgICAgICAgICAgICAgICAgICAg
ICAgICAgICAgICAgICAgICAgICAgICAgICAgICAgICAgICAgDQpwYXltX2JlZ25f
ZGF0ZSAgfCAvc2c6UEFZSU5GL1BheW1lbnQuSW5mby5EZXRhaWxzL2NjOkNvbnRy
YWN0LkJlZ24uRGF0ZS9EYXRlVGltZS5Db250ZW50ICAgICAgICAgICAgICAgICAg
ICAgICAgICAgICAgICAgICAgICAgICAgICAgICAgICAgICAgICAgICAgIHwgOCAg
ICB8IFN0cmluZyAgICB8IG5lY2Vzc2FyeSAgICAgICAgICAgICAgfCAgICAgICAg
ICAgICAgICAgICAgICAgICAgICAgICAgICAgICAgICAgICAgICAgICAgIHwg6rM/
Pz8/Pz+87D8JCSAgICAgICAgICAgICAgICAgICAgICAgICAgICAgICAgDQpwYXlt
X2Zuc2hfZGF0ZSAgfCAvc2c6UEFZSU5GL1BheW1lbnQuSW5mby5EZXRhaWxzL2Nj
OkNvbnRyYWN0LkZuc2guRGF0ZS9EYXRlVGltZS5Db250ZW50ICAgICAgICAgICAg
ICAgICAgICAgICAgICAgICAgICAgICAgICAgICAgICAgICAgICAgICAgICAgICAg
IHwgOCAgICB8IFN0cmluZyAgICB8IG5lY2Vzc2FyeSAgICAgICAgICAgICAgfCAg
ICAgICAgICAgICAgICAgICAgICAgICAgICAgICAgICAgICAgICAgICAgICAgICAg
IHwg6rM/P+yiPz8/vOw/CQkgICAgICAgICAgICAgICAgICAgICAgICAgICAgICAg
IA0KcGF5bV90ZXJtX3RleHQgIHwgL3NnOlBBWUlORi9QYXltZW50LkluZm8uRGV0
YWlscy9Db250cmFjdC5QZXJpb2QuVGV4dC9UZXh0LkNvbnRlbnQgICAgICAgICAg
ICAgICAgICAgICAgICAgICAgICAgICAgICAgICAgICAgICAgICAgICAgICAgICAg
ICAgICAgICB8IDMwICAgfCBTdHJpbmcgICAgfCBtaW4JCSAgICAgICAgICAgICB8
ICAgICAgICAgICAgICAgICAgICAgICAgICAgICAgICAgICAgICAgICAgICAgICAg
ICAgfCDqsz8/6riw6j8JCSAgICAgICAgICAgICAgICAgICAgICAgICAgICAgICAg
DQpwYXltX2JlZnJfY3VyYyAgfCAvc2c6UEFZSU5GL1BheW1lbnQuSW5mby5EZXRh
aWxzL2NjOkJlZm9yZURlYnQuQW1vdW50L0Ftb3VudEN1cnJlbmN5LklkZW50aWZp
Y2F0aW9uLkNvZGUgICAgICAgICAgICAgICAgICAgICAgICAgICAgICAgICAgICAg
ICAgICAgIHwgMyAgICB8IFN0cmluZyAgICB8IG5lY2Vzc2FyeSAgICAgICAgICAg
ICAgfCAgICAgICAgICAgICAgICAgICAgICAgICAgICAgICAgICAgICAgICAgICAg
ICAgICAgIHwg67O07T/quLDqPyDqsD8/Pz/ssT+stD8/Pz8/KS8/te0/7L0/Pwkg
ICAgICAgICAgICAgICAgDQpwYXltX2JlZnJfYW1udCAgfCAvc2c6UEFZSU5GL1Bh
eW1lbnQuSW5mby5EZXRhaWxzL2NjOkJlZm9yZURlYnQuQW1vdW50L0Ftb3VudC5D
b250ZW50ICAgICAgICAgICAgICAgICAgICAgICAgICAgICAgICAgICAgICAgICAg
ICAgICAgICAgICAgICAgICAgICAgIHwgMTUgICB8IFN0cmluZyAgICB8IG5lY2Vz
c2FyeSAgICAgICAgICAgICAgfCAgICAgICAgICAgICAgICAgICAgICAgICAgICAg
ICAgICAgICAgICAgICAgICAgICAgIHwg67O07T/quLDqPyDqsD8/Pz/ssT+stD8/
Pz8/KS/rs7TtP+q4sOo/IOqwPz8/P+yxP6y0Pz8NCmZwYXlfYmVmcl9jdXJjICB8
IC9zZzpQQVlJTkYvUGF5bWVudC5JbmZvLkRldGFpbHMvY2M6Rm9yZWlnbi5CZWZv
cmVEZWJ0LkFtb3VudC9BbW91bnRDdXJyZW5jeS5JZGVudGlmaWNhdGlvbi5Db2Rl
ICAgICAgICAgICAgICAgICAgICAgICAgICAgICAgICAgICAgfCAzICAgIHwgU3Ry
aW5nICAgIHwgbWluICAgICAgICAgICAgCQkgfCAgICAgICAgICAgICAgICAgICAg
ICAgICAgICAgICAgICAgICAgICAgICAgICAgICAgIHwg67O07T/quLDqPyDqsD8/
Pz/ssT+stD8/P7jtPykvP7XtP+y9Pz8JICAgICAgICAgICAgICAgIA0KZnBheV9i
ZWZyX2FtbnQgIHwgL3NnOlBBWUlORi9QYXltZW50LkluZm8uRGV0YWlscy9jYzpG
b3JlaWduLkJlZm9yZURlYnQuQW1vdW50L0Ftb3VudC5Db250ZW50ICAgICAgICAg
ICAgICAgICAgICAgICAgICAgICAgICAgICAgICAgICAgICAgICAgICAgICAgICB8
IDE4ICAgfCBTdHJpbmcgICAgfCBtaW4gICAgIAkJICAgICAgICAgfCAgICAgICAg
ICAgICAgICAgICAgICAgICAgICAgICAgICAgICAgICAgICAgICAgICAgIHwg67O0
7T/quLDqPyDqsD8/Pz/ssT+stD8/P7jtPykv67O07T/quLDqPyDqsD8/Pz/ssT+s
tD8/DQpwYXltX2RlYnRfZGF0ZSAgfCAvc2c6UEFZSU5GL1BheW1lbnQuSW5mby5E
ZXRhaWxzL2NjOkRlYnRBbW91bnQuU3RhbmRhcmQuRGF0ZS9EYXRlVGltZS5Db250
ZW50ICAgICAgICAgICAgICAgICAgICAgICAgICAgICAgICAgICAgICAgICAgICAg
ICAgICAgICAgIHwgOCAgICB8IFN0cmluZyAgICB8IG1pbgkJICAgICAgICAgICAg
IHwgICAgICAgICAgICAgICAgICAgICAgICAgICAgICAgICAgICAgICAgICAgICAg
ICAgICB8IOyxP6y0P6HsPz8/6riw7D8/vOw/CQkgICAgICAgICAgICAgICAgICAg
ICAgICANCnBheW1fYWNudF9tZXRoICB8IC9zZzpQQVlJTkYvUGF5bWVudC5JbmZv
LkRldGFpbHMvY2M6QWNjb3VudC5NZXRob2QuSWRlbnRpZmllci9JZGVudGlmaWVy
LkNvbnRlbnQgICAgICAgICAgICAgICAgICAgICAgICAgICAgICAgICAgICAgICAg
ICAgICAgICAgICAgfCAxICAgIHwgU3RyaW5nICAgIHwgbmVjZXNzYXJ5ICAgICAg
ICAgICAgICB8ICAgICAgICAgICAgICAgICAgICAgICAgICAgICAgICAgICAgICAg
ICAgICAgICAgICAgfCDqsrDsPz8/PyAgICAgICAgICAgICAgICAgICAgICAgICAg
ICAgICAgICAgICAgICAgICAgICAgIA0KIyA/Pz/quD8/6rg/ICAgICAgICAgICAg
ICAgICAgICAgICAgICAgICAgICAgICAgICAgICAgICAgICAgICAgICAgICAgICAg
ICAgICAgICAgICAgICAgICAgICAgICAgICAgICAgICAgICAgICAgICAgICAgICAg
ICAgICAgICAgICAgICAgICAgICAgICAgICAgICAgICAgICAgICAgICAgICAgICAg
ICAgICAgICAgICAgICAgICAgICAgICAgICAgICAgICAgICAgICAgICAgICAgICAg
ICAgICAgICAgICAgICAgICAgICAgICAgICAgIA0KdW5kZV9sYXN0X2RhdGUgIHwg
L3NnOlBBWUlORi9QYXltZW50LkluZm8uRGV0YWlscy9VbmRlcnRha2luZy5JbmZv
LkRldGFpbHMvY2M6TGFzdC5Db250cmFjdC5EYXRlL0RhdGVUaW1lLkNvbnRlbnQg
ICAgICAgICAgICAgICAgICAgICAgICAgICAgICAgICAgICB8IDggICAgfCBTdHJp
bmcgICAgfCBtaW4JCSAgICAgICAgICAgICB8ICAgICAgICAgICAgICAgICAgICAg
ICAgICAgICAgICAgICAgICAgICAgICAgICAgICAgfCDstT8/6rM/P+yytOqysD+8
7D8JCSAgICAgICAgICAgICAgICANCnVuZGVfdG90YV9jdXJjICB8IC9zZzpQQVlJ
TkYvUGF5bWVudC5JbmZvLkRldGFpbHMvVW5kZXJ0YWtpbmcuSW5mby5EZXRhaWxz
L2NjOlRvdGFsLkNvbnRyYWN0LkFtb3VudC9BbW91bnRDdXJyZW5jeS5JZGVudGlm
aWNhdGlvbi5Db2RlICAgICAgICAgICAgICAgfCAzICAgIHwgU3RyaW5nICAgIHwg
bmVjZXNzYXJ5ICAgICAgICAgICAgICB8ICAgICAgICAgICAgICAgICAgICAgICAg
ICAgICAgICAgICAgICAgICAgICAgICAgICAgfCDstD8/P73qPz8/Pz8/KS8/te0/
7L0/PwkgICAgICAgICAgICAgICAgDQp1bmRlX3RvdGFfYW1udCAgfCAvc2c6UEFZ
SU5GL1BheW1lbnQuSW5mby5EZXRhaWxzL1VuZGVydGFraW5nLkluZm8uRGV0YWls
cy9jYzpUb3RhbC5Db250cmFjdC5BbW91bnQvQW1vdW50LkNvbnRlbnQgICAgICAg
ICAgICAgICAgICAgICAgICAgICAgICAgICAgIHwgMTUgICB8IFN0cmluZyAgICB8
IG5lY2Vzc2FyeSAgICAgICAgICAgICAgfCAgICAgICAgICAgICAgICAgICAgICAg
ICAgICAgICAgICAgICAgICAgICAgICAgICAgIHwg7LQ/Pz+96j8/Pz8/Pykv7LQ/
Pz+96j8/PyAgICAgICAgICAgICAgICANCnVuZGVfZnRhbF9jdXJjICB8IC9zZzpQ
QVlJTkYvUGF5bWVudC5JbmZvLkRldGFpbHMvVW5kZXJ0YWtpbmcuSW5mby5EZXRh
aWxzL2NjOkZvcmVpZ24uVG90YWwuQ29udHJhY3QuQW1vdW50L0Ftb3VudEN1cnJl
bmN5LklkZW50aWZpY2F0aW9uLkNvZGUgICAgICAgfCAzICAgIHwgU3RyaW5nICAg
IHwgbWluCQkgICAgICAgICAgICAgfCAgICAgICAgICAgICAgICAgICAgICAgICAg
ICAgICAgICAgICAgICAgICAgICAgICAgIHwg7LQ/Pz+96j8/Pz+47T8pLz+17T/s
vT8/CSAgICAgICAgICAgICAgICANCnVuZGVfZnRhbF9hbW50ICB8IC9zZzpQQVlJ
TkYvUGF5bWVudC5JbmZvLkRldGFpbHMvVW5kZXJ0YWtpbmcuSW5mby5EZXRhaWxz
L2NjOkZvcmVpZ24uVG90YWwuQ29udHJhY3QuQW1vdW50L0Ftb3VudC5Db250ZW50
ICAgICAgICAgICAgICAgICAgICAgICAgICAgfCAxOCAgIHwgU3RyaW5nICAgIHwg
bWluCQkgICAgICAgICAgICAgfCAgICAgICAgICAgICAgICAgICAgICAgICAgICAg
ICAgICAgICAgICAgICAgICAgICAgIHwg7LQ/Pz+96j8/Pz+47T8pL+y0Pz8/veo/
Pz8gICAgICAgICAgICAgICAgDQp1bmRlX2luZGlfY3VyYyAgfCAvc2c6UEFZSU5G
L1BheW1lbnQuSW5mby5EZXRhaWxzL1VuZGVydGFraW5nLkluZm8uRGV0YWlscy9j
YzpTZXJ2aWNlLkluZGljYXRvci5Db2RlL0NvZGUuQ29udGVudCAgICAgICAgICAg
ICAgICAgICAgICAgICAgICAgICAgICAgIHwgMSAgICB8IFN0cmluZyAgICB8IG5l
Y2Vzc2FyeSAgICAgICAgICAgICAgfCAgICAgICAgICAgICAgICAgICAgICAgICAg
ICAgICAgICAgICAgICAgICAgICAgICAgIHwgPz8/7Kc/6rg/Pz8/KT+s6z8JCSAg
ICAgICAgICAgICAgICANCnVuZGVfbnVtYl9jb250ICB8IC9zZzpQQVlJTkYvUGF5
bWVudC5JbmZvLkRldGFpbHMvVW5kZXJ0YWtpbmcuSW5mby5EZXRhaWxzL2NjOlNl
cnZpY2UuTnVtYmVyLlZhbHVlL051bWVyaWMuQ29udGVudCAgICAgICAgICAgICAg
ICAgICAgICAgICAgICAgICAgICAgfCAyICAgIHwgU3RyaW5nICAgIHwgbmVjZXNz
YXJ5ICAgICAgICAgICAgICB8ICAgICAgICAgICAgICAgICAgICAgICAgICAgICAg
ICAgICAgICAgICAgICAgICAgICAgfCA/Pz/spz/quD8/Pz8pID8/srQ/Pz8JCQkg
ICAgICAgIA0KYWR2bl9pbmZvX21heCAgIHwgL3NnOlBBWUlORi9QYXltZW50Lklu
Zm8uRGV0YWlscy9VbmRlcnRha2luZy5JbmZvLkRldGFpbHMvQWR2YW5jZS5JbmZv
LkRldGFpbHMgICAgICAgICAgICAgICAgICAgICAgICAgICAgICAgICAgICAgICAg
ICAgICAgICAgICAgICB8IDEwMDAwIHwgU3RyaW5nICAgfCBtYXhlbGUgICAgICAg
ICAgICAgICAgIHwgc2c6UEFZSU5GL1BheW1lbnQuSW5mby5EZXRhaWxzL1VuZGVy
dGFraW5nLkluZm8uRGV0YWlscy9BZHZhbmNlLkluZm8uRGV0YWlscyB8IOuwP7O1
DQp1bmRlX3NlcXVfY29udCAgfCAvc2c6UEFZSU5GL1BheW1lbnQuSW5mby5EZXRh
aWxzL1VuZGVydGFraW5nLkluZm8uRGV0YWlscy9BZHZhbmNlLkluZm8uRGV0YWls
cy9jYzpTZXJ2aWNlLlNlcXVlbmNlLlZhbHVlL051bWVyaWMuQ29udGVudCAgICAg
ICAgICAgIHwgMiAgICB8IFN0cmluZyAgICB8IG5lY2Vzc2FyeSAgICAgICAgICAg
ICAgfCBjYzpTZXJ2aWNlLlNlcXVlbmNlLlZhbHVlL051bWVyaWMuQ29udGVudCAg
ICAgICAgICAgICAgICAgICAgICAgICAgICAgICAgICAgIHwgPz8/7Kc/6rg/Pz8/
KSA/Pz8/P7CoCQkJICAgICAgICANCnVuZGVfc2VxdV90aW1lICB8IC9zZzpQQVlJ
TkYvUGF5bWVudC5JbmZvLkRldGFpbHMvVW5kZXJ0YWtpbmcuSW5mby5EZXRhaWxz
L0FkdmFuY2UuSW5mby5EZXRhaWxzL2NjOlNlcnZpY2UuU2VxdWVuY2UuRGF0ZS9E
YXRlVGltZS5Db250ZW50ICAgICAgICAgICAgfCA4ICAgIHwgU3RyaW5nICAgIHwg
bmVjZXNzYXJ5ICAgICAgICAgICAgICB8IGNjOlNlcnZpY2UuU2VxdWVuY2UuRGF0
ZS9EYXRlVGltZS5Db250ZW50ICAgICAgICAgICAgICAgICAgICAgICAgICAgICAg
ICAgICAgfCA/Pz/spz/quD8/Pz8pP7zsPwkJCSAgICAgICAgDQp1bmRlX3NlcXVf
YW1udCAgfCAvc2c6UEFZSU5GL1BheW1lbnQuSW5mby5EZXRhaWxzL1VuZGVydGFr
aW5nLkluZm8uRGV0YWlscy9BZHZhbmNlLkluZm8uRGV0YWlscy9jYzpTZXJ2aWNl
LlNlcXVlbmNlLkFtb3VudC9BbW91bnQuQ29udGVudCAgICAgICAgICAgIHwgMTUg
ICB8IFN0cmluZyAgICB8IG5lY2Vzc2FyeSAgICAgICAgICAgICAgfCBjYzpTZXJ2
aWNlLlNlcXVlbmNlLkFtb3VudC9BbW91bnQuQ29udGVudCAgICAgICAgICAgICAg
ICAgICAgICAgICAgICAgICAgICAgIHwgPz8/7Kc/6rg/Pz8/Keq4Pz8JCQkgICAg
ICAgIA0KdW5kZV9zZXF1X2N1cmMgIHwgL3NnOlBBWUlORi9QYXltZW50LkluZm8u
RGV0YWlscy9VbmRlcnRha2luZy5JbmZvLkRldGFpbHMvQWR2YW5jZS5JbmZvLkRl
dGFpbHMvY2M6U2VydmljZS5TZXF1ZW5jZS5Db2RlL0NvZGUuQ29udGVudCAgICAg
ICAgICAgICAgICB8IDEgICAgfCBTdHJpbmcgICAgfCBuZWNlc3NhcnkgICAgICAg
ICAgICAgIHwgY2M6U2VydmljZS5TZXF1ZW5jZS5Db2RlL0NvZGUuQ29udGVudCAg
ICAgICAgICAgICAgICAgICAgICAgICAgICAgICAgICAgICAgICB8ID8/P+ynP+q4
Pz8/Pz+s6z8JDQp1bmRlX2ZpbmlfdGltZSAgfCAvc2c6UEFZSU5GL1BheW1lbnQu
SW5mby5EZXRhaWxzL1VuZGVydGFraW5nLkluZm8uRGV0YWlscy9jYzpTZXJ2aWNl
LkZpbmlzaC5EYXRlL0RhdGVUaW1lLkNvbnRlbnQgICAgICAgICAgICAgICAgICAg
ICAgICAgICAgICAgICAgIHwgOCAgICB8IFN0cmluZyAgICB8IG5lY2Vzc2FyeSAg
ICAgICAgICAgICAgfCAgICAgICAgICAgICAgICAgICAgICAgICAgICAgICAgICAg
ICAgICAgICAgICAgICAgIHwg7LU/P+qysOw/6riw7D8JCQkJICAgICAgICANCnVu
ZGVfbW9udF9udW1lICB8IC9zZzpQQVlJTkYvUGF5bWVudC5JbmZvLkRldGFpbHMv
VW5kZXJ0YWtpbmcuSW5mby5EZXRhaWxzL2NjOlNlcnZpY2UuTW9udGguVmFsdWUv
TnVtZXJpYy5Db250ZW50ICAgICAgICAgICAgICAgICAgICAgICAgICAgICAgICAg
ICAgfCAyICAgIHwgU3RyaW5nICAgIHwgbmVjZXNzYXJ5ICAgICAgICAgICAgICB8
ICAgICAgICAgICAgICAgICAgICAgICAgICAgICAgICAgICAgICAgICAgICAgICAg
ICAgfCDquLDsP+q4P+ynP+q4P6O86rg/Pz8/KQkJCSAgICAgICAgDQpoYWxmX2lu
ZGlfY29kZSAgfCAvc2c6UEFZSU5GL1BheW1lbnQuSW5mby5EZXRhaWxzL1VuZGVy
dGFraW5nLkluZm8uRGV0YWlscy9IYWxmd2F5LkluZm8uRGV0YWlscy9jYzpIYWxm
d2F5LkluZGljYXRvci5Db2RlL0NvZGUuQ29udGVudCAgICAgICAgICAgICAgICAg
ICAgICAgICAgICAgICAgICAgIHwgMSAgICB8IFN0cmluZyAgICB8IG1pbiAgICAg
ICAgICAgICAgfCAgICAgICAgICAgICAgICAgICAgICAgICAgICAgICAgICAgICAg
ICAgICAgICAgICAgIHwg7KQ/P+qwPz8/P+u2PwkJCSAgICAgICAgDQpwcGF5X2Nv
bnRfYW1udCAgfCAvc2c6UEFZSU5GL1BheW1lbnQuSW5mby5EZXRhaWxzL1VuZGVy
dGFraW5nLkluZm8uRGV0YWlscy9IYWxmd2F5LkluZm8uRGV0YWlscy9jYzpQcmVw
YXkuQ29udHJhY3QuQW1vdW50L0Ftb3VudC5Db250ZW50ICAgICAgICAgICAgICAg
ICAgICAgICAgICAgICAgICAgICAgfCAxNSAgIHwgU3RyaW5nICAgIHwgbWluICAg
ICAgICAgICAgICB8ICAgICAgICAgICAgICAgICAgICAgICAgICAgICAgICAgICAg
ICAgICAgICAgICAgICAgfCDquLDsP+q4P+q4sOw/6rg/PwkJCSAgICAgICAgDQpm
aW5hX2NvbXBfZGF0ZSAgfCAvc2c6UEFZSU5GL1BheW1lbnQuSW5mby5EZXRhaWxz
L1VuZGVydGFraW5nLkluZm8uRGV0YWlscy9IYWxmd2F5LkluZm8uRGV0YWlscy9j
YzpGaW5hbC5Db21wbGV0ZS5EYXRlL0RhdGVUaW1lLkNvbnRlbnQgICAgICAgICAg
ICAgICAgICAgICAgICAgICAgICAgICAgICB8IDggICAgfCBTdHJpbmcgICAgfCBt
aW4gICAgICAgICAgICAgIHwgICAgICAgICAgICAgICAgICAgICAgICAgICAgICAg
ICAgICAgICAgICAgICAgICAgICB8IOy1Pz8g6riw7D/quD/spz/quD8/CQkJICAg
ICAgICANCg0KDQp1bmRlX2FjY29fY3VyYyAgfCAvc2c6UEFZSU5GL1BheW1lbnQu
SW5mby5EZXRhaWxzL1VuZGVydGFraW5nLkluZm8uRGV0YWlscy9jYzpTZXJ2aWNl
LkFjY291bnQuQ29kZS9Db2RlLkNvbnRlbnQgICAgICAgICAgICAgICAgICAgICAg
ICAgICAgICAgICAgICAgIHwgMSAgICB8IFN0cmluZyAgICB8IG5lY2Vzc2FyeSAg
ICAgICAgICAgICAgfCAgICAgICAgICAgICAgICAgICAgICAgICAgICAgICAgICAg
ICAgICAgICAgICAgICAgIHwg6riw7D/quD8/P7DtPz+47D8g7LKo6z8/rOs/CQkJ
DQp1bmRlX2NvbnRfY3VyYyAgfCAvc2c6UEFZSU5GL1BheW1lbnQuSW5mby5EZXRh
aWxzL1VuZGVydGFraW5nLkluZm8uRGV0YWlscy9jYzpTZXJ2aWNlLkNvbnRyYWN0
LkNvZGUvQ29kZS5Db250ZW50ICAgICAgICAgICAgICAgICAgICAgICAgICAgICAg
ICAgICAgIHwgMSAgICB8IFN0cmluZyAgICB8IG5lY2Vzc2FyeSAgICAgICAgICAg
ICAgfCAgICAgICAgICAgICAgICAgICAgICAgICAgICAgICAgICAgICAgICAgICAg
ICAgICAgIHwgPz8/6rg/7LKo6z8/rOs/CSAgICAgICAgICAgICAgICAgICAgICAg
ICAgICAgICAgDQoNCg0Ka2lzY19pbmRpX2NvZGUgIHwgL3NnOlBBWUlORi9QYXlt
ZW50LkluZm8uRGV0YWlscy9VbmRlcnRha2luZy5JbmZvLkRldGFpbHMvY2M6U2Vy
dmljZS5Db25zdHJ1Y3Rpb24uSW5kaWNhdG9yLkNvZGUvQ29kZS5Db250ZW50ICAg
ICAgICAgICAgICAgICAgICAgICB8IDEgICAgfCBTdHJpbmcgICAgfCBtaW4gICAg
ICAgICAgICAgIHwgICAgICAgICAgICAgICAgICAgICAgICAgICAgICAgICAgICAg
ICAgICAgICAgICAgICB8IOqxtOw/6rO17D8/Pz+l7T/rs7Tqs7U/Pz+s6z8NCmtp
c2NfY29uc19pZGVuICB8IC9zZzpQQVlJTkYvUGF5bWVudC5JbmZvLkRldGFpbHMv
VW5kZXJ0YWtpbmcuSW5mby5EZXRhaWxzL2NjOlNlcnZpY2UuQ29uc3RydWN0aW9u
LklkZW50aWZpZXIvSWRlbnRpZmllci5Db250ZW50ICAgICAgICAgICAgICAgICAg
ICAgfCAxMCAgIHwgU3RyaW5nICAgIHwgbWluICAgICAgICAgICAgICB8ICAgICAg
ICAgICAgICAgICAgICAgICAgICAgICAgICAgICAgICAgICAgICAgICAgICAgfCBL
SVNDT04o6rG07D/qs7XsPz8/Pz8g6rO17D9JRA0KDQoNCg0KIyDssT8/Pz8/P7O0
ICAgICAgICAgICAgICAgICAgICAgICAgICAgICAgICAgICAgICAgICAgICAgICAg
ICAgICAgICAgICAgICAgICAgICAgICAgICAgICAgICAgICAgICAgICAgICAgICAg
ICAgICAgICAgICAgICAgICAgICAgICAgICAgICAgICAgICAgICAgICAgICAgICAg
ICAgICAgICAgICAgICAgICAgICAgICAgICAgICAgICAgICAgICAgICAgICAgICAg
ICAgICAgICAgICAgICAgICAgICAgICAgICAgICAgICAgICAgICAgIA0KY3JlZF9l
eHN0X2NvZGUJfCAvc2c6UEFZSU5GL0NyZWRpdG9yLkluZm8uRGV0YWlscy9jYzpD
cmVkaXRvci5FeGlzdGVuY2UuSW5kaWNhdG9yL0luZGljYXRvci5Db250ZW50CQkJ
CQkJCQkJCQkJCXwgMSAgICAJCXwgU3RyaW5nICAgIHwgbWluCQkJCXwgICAgICAg
ICAgICAgICAgICAgICAgICAgICAgICAgICAgICAgICAgICAgICAgICAgICAJCQkJ
fCDssT8/Pz/sobTsPyA/Pz8g6rWs6z8NCmNyZWRfb3JnYV9uYW1lICB8IC9zZzpQ
QVlJTkYvQ3JlZGl0b3IuSW5mby5EZXRhaWxzL2NjOk9yZ2FuaXphdGlvbi5OYW1l
L1RleHQuQ29udGVudCAgICAgICAgICAgICAgICAgICAgICAgICAgICAgICAgICAg
ICAgICAgICAgICAgICAgICAgICAgICAgICAgICAgfCAxMDAgIHwgU3RyaW5nICAg
IHwgbmVjZXNzYXJ5ICAgICAgICAgICAgICB8ICAgICAgICAgICAgICAgICAgICAg
ICAgICAgICAgICAgICAgICAgICAgICAgICAgICAgfCDquLDqP+uqPwkJICAgICAg
ICAgICAgICAgICAgICAgICAgICAgICAgICAgICAgICAgICAgDQpjcmVkX29ycHNf
ZGl2cyAgfCAvc2c6UEFZSU5GL0NyZWRpdG9yLkluZm8uRGV0YWlscy9jYzpPcmdh
bml6YXRpb25PclBlcnNvbi5JZGVudGlmaWVyLkluZGljYXRvci9JbmRpY2F0b3Iu
Q29udGVudCAgICAgICAgICAgICAgICAgICAgICAgICAgICAgICAgICAgIHwgMSAg
ICB8IFN0cmluZyAgICB8IG5lY2Vzc2FyeSAgICAgICAgICAgICAgfCAgICAgICAg
ICAgICAgICAgICAgICAgICAgICAgICAgICAgICAgICAgICAgICAgICAgIHwg6rWs
6z8JCQkgICAgICAgICAgICAgICAgDQpjcmVkX29yZ2FfbnVtYiAgfCAvc2c6UEFZ
SU5GL0NyZWRpdG9yLkluZm8uRGV0YWlscy9jYzpPcmdhbml6YXRpb24uTnVtYmVy
LlRleHQvVGV4dC5Db250ZW50ICAgICAgICAgICAgICAgICAgICAgICAgICAgICAg
ICAgICAgICAgICAgICAgICAgICAgICAgICAgIHwgMTMgICB8IFN0cmluZyAgICB8
IG5lY2Vzc2FyeSAgICAgICAgICAgICAgfCAgICAgICAgICAgICAgICAgICAgICAg
ICAgICAgICAgICAgICAgICAgICAgICAgICAgIHwg67I/Pz+x6z/rsj8/CQkgICAg
ICAgICAgICAgICAgDQpjcmVkX29ycHNfaWRlbiAgfCAvc2c6UEFZSU5GL0NyZWRp
dG9yLkluZm8uRGV0YWlscy9jYzpPcmdhbml6YXRpb25PclBlcnNvbi5JZGVudGlm
aWVyL0lkZW50aWZpZXIuQ29udGVudCAgICAgICAgICAgICAgICAgICAgICAgICAg
ICAgICAgICAgICAgICAgICAgIHwgMTMgICB8IFN0cmluZyAgICB8IG5lY2Vzc2Fy
eSAgICAgICAgICAgICAgfCAgICAgICAgICAgICAgICAgICAgICAgICAgICAgICAg
ICAgICAgICAgICAgICAgICAgIHwgP6zsPz8/7KO86z/rsj8/CQkgICAgICAgICAg
ICAgICAgDQpjcmVkX293bnJfbnVtYiAgfCAvc2c6UEFZSU5GL0NyZWRpdG9yLklu
Zm8uRGV0YWlscy9jYzpDdXN0b21lci5OdW1iZXIuVGV4dC9UZXh0LkNvbnRlbnQg
ICAgICAgICAgICAgICAgICAgICAgICAgICAgICAgICAgICAgICAgICAgICAgICAg
ICAgICAgICAgICAgIHwgMTMgICB8IFN0cmluZyAgICB8IG1pbiAgICAgICAgICAg
ICAgICAgICAgfCAgICAgICAgICAgICAgICAgICAgICAgICAgICAgICAgICAgICAg
ICAgICAgICAgICAgIHwgPz8/Pz8g7KO86z8/ses/67I/PwkJCQ0KY3JlZF9vd25y
X25hbWUgIHwgL3NnOlBBWUlORi9DcmVkaXRvci5JbmZvLkRldGFpbHMvY2M6T3Jn
YW5pemF0aW9uLkNFTy5OYW1lL1RleHQuQ29udGVudCAgICAgICAgICAgICAgICAg
ICAgICAgICAgICAgICAgICAgICAgICAgICAgICAgICAgICAgICAgICAgICB8IDM1
ICAgfCBTdHJpbmcgICAgfCBuZWNlc3NhcnkgICAgICAgICAgICAgIHwgICAgICAg
ICAgICAgICAgICAgICAgICAgICAgICAgICAgICAgICAgICAgICAgICAgICB8ID+x
6z8oPz8/Pz/rqj8JCQkgICAgICAgIA0KY3JlZF9ib25kX2hvbGQgIHwgL3NnOlBB
WUlORi9DcmVkaXRvci5JbmZvLkRldGFpbHMvY2M6T3JnYW5pemF0aW9uLkJvbmRo
b2xkZXIuTmFtZS9UZXh0LkNvbnRlbnQgICAgICAgICAgICAgICAgICAgICAgICAg
ICAgICAgICAgICAgICAgICAgICAgICAgICAgICB8IDEwMCAgfCBTdHJpbmcgICAg
fCBuZWNlc3NhcnkgICAgICAgICAgICAgIHwgICAgICAgICAgICAgICAgICAgICAg
ICAgICAgICAgICAgICAgICAgICAgICAgICAgICB8IOyxPz8/Pz8JCQkgICAgICAg
IA0KY3JlZF9hZGRuX25hbWUgIHwgL3NnOlBBWUlORi9DcmVkaXRvci5JbmZvLkRl
dGFpbHMvY2M6T3JnYW5pemF0aW9uLkFkZGl0aW9uLk5hbWUvVGV4dC5Db250ZW50
ICAgICAgICAgICAgICAgICAgICAgICAgICAgICAgICAgICAgICAgICAgICAgICAg
ICAgICAgICB8IDQwICAgfCBTdHJpbmcgICAgfCBtaW4gICAgICAgICAgICAgICAg
ICAgIHwgICAgICAgICAgICAgICAgICAgICAgICAgICAgICAgICAgICAgICAgICAg
ICAgICAgICB8IOyxPz/quLDqPyDrtj/qsD8/Pz8JCSAgICAgICAgDQpjcmVkX29y
Z2FfcG9zdCAgfCAvc2c6UEFZSU5GL0NyZWRpdG9yLkluZm8uRGV0YWlscy9jYzpP
cmdhbml6YXRpb24uUG9zdC5UZXh0L1RleHQuQ29udGVudCAgICAgICAgICAgICAg
ICAgICAgICAgICAgICAgICAgICAgICAgICAgICAgICAgICAgICAgICAgICAgIHwg
NiAgICB8IFN0cmluZyAgICB8IG5lY2Vzc2FyeSAgICAgICAgICAgICAgfCAgICAg
ICAgICAgICAgICAgICAgICAgICAgICAgICAgICAgICAgICAgICAgICAgICAgIHwg
Pz8/ID+w7T/rsj8/CQkJICAgICAgICANCmNyZWRfb3JnYV9hZGRyICB8IC9zZzpQ
QVlJTkYvQ3JlZGl0b3IuSW5mby5EZXRhaWxzL2NjOk9yZ2FuaXphdGlvbi5BZGRy
ZXNzLlRleHQvVGV4dC5Db250ZW50ICAgICAgICAgICAgICAgICAgICAgICAgICAg
ICAgICAgICAgICAgICAgICAgICAgICAgICAgICAgfCAxMDAgIHwgU3RyaW5nICAg
IHwgbmVjZXNzYXJ5ICAgICAgICAgICAgICB8ICAgICAgICAgICAgICAgICAgICAg
ICAgICAgICAgICAgICAgICAgICAgICAgICAgICAgfCA/Pz8g7KO87D8JCQkgICAg
ICAgIA0KY3JlZF9jaHJnX25hbWUgIHwgL3NnOlBBWUlORi9DcmVkaXRvci5JbmZv
LkRldGFpbHMvY2M6RW1wbG95ZWUuTmFtZS5UZXh0L1RleHQuQ29udGVudCAgICAg
ICAgICAgICAgICAgICAgICAgICAgICAgICAgICAgICAgICAgICAgICAgICAgICAg
ICAgICAgICAgICB8IDIwICAgfCBTdHJpbmcgICAgfCBuZWNlc3NhcnkgICAgICAg
ICAgICAgIHwgICAgICAgICAgICAgICAgICAgICAgICAgICAgICAgICAgICAgICAg
ICAgICAgICAgICB8ID+06z8/Pz8JCQkgICAgICAgIA0KY3JlZF9kZXB0X25hbWUg
IHwgL3NnOlBBWUlORi9DcmVkaXRvci5JbmZvLkRldGFpbHMvY2M6RGVwYXJ0bWVu
dC5OYW1lLlRleHQvVGV4dC5Db250ZW50ICAgICAgICAgICAgICAgICAgICAgICAg
ICAgICAgICAgICAgICAgICAgICAgICAgICAgICAgICAgICAgICB8IDMwICAgfCBT
dHJpbmcgICAgfCBuZWNlc3NhcnkgICAgICAgICAgICAgIHwgICAgICAgICAgICAg
ICAgICAgICAgICAgICAgICAgICAgICAgICAgICAgICAgICAgICB8ID8/P+u2Pz8/
CQkgICAgICAgIA0KY3JlZF9waG9uX251bWIgIHwgL3NnOlBBWUlORi9DcmVkaXRv
ci5JbmZvLkRldGFpbHMvY2M6VGVsZXBob25lLk51bWJlci5UZXh0L1RleHQuQ29u
dGVudCAgICAgICAgICAgICAgICAgICAgICAgICAgICAgICAgICAgICAgICAgICAg
ICAgICAgICAgICAgICAgICB8IDIwICAgfCBTdHJpbmcgICAgfCBuZWNlc3Nhcnkg
ICAgICAgICAgICAgIHwgICAgICAgICAgICAgICAgICAgICAgICAgICAgICAgICAg
ICAgICAgICAgICAgICAgICB8ID8/P+uyPz8JCQkgICAgICAgIA0KY3JlZF9jZWxs
X3Bob24gIHwgL3NnOlBBWUlORi9DcmVkaXRvci5JbmZvLkRldGFpbHMvY2M6Q2Vs
bHBob25lLk51bWJlci5UZXh0L1RleHQuQ29udGVudCAgICAgICAgICAgICAgICAg
ICAgICAgICAgICAgICAgICAgICAgICAgICAgICAgICAgICAgICAgICAgICB8IDIw
ICAgfCBTdHJpbmcgICAgfCBuZWNlc3NhcnkgICAgICAgICAgICAgIHwgICAgICAg
ICAgICAgICAgICAgICAgICAgICAgICAgICAgICAgICAgICAgICAgICAgICB8ID+4
6z8/sOs/Pz8JCSAgICAgICAgDQpjcmVkX3NlbmRfbWFpbCAgfCAvc2c6UEFZSU5G
L0NyZWRpdG9yLkluZm8uRGV0YWlscy9jYzpFbXBsb3llZS5FbWFpbC5UZXh0L1Rl
eHQuQ29udGVudCAgICAgICAgICAgICAgICAgICAgICAgICAgICAgICAgICAgICAg
ICAgICAgICAgICAgICAgICAgICAgICAgIHwgNDAgICB8IFN0cmluZyAgICB8IG5l
Y2Vzc2FyeSAgICAgICAgICAgICAgfCAgICAgICAgICAgICAgICAgICAgICAgICAg
ICAgICAgICAgICAgICAgICAgICAgICAgIHwgP7TrPz8/RU1BSUwJCQkgICAgICAg
IA0KY3JlZF91c2VyX2lkZW4gIHwgL3NnOlBBWUlORi9DcmVkaXRvci5JbmZvLkRl
dGFpbHMvY2M6VXNlci5JZGVudGlmaWVyL0lkZW50aWZpZXIuQ29udGVudCAgICAg
ICAgICAgICAgICAgICAgICAgICAgICAgICAgICAgICAgICAgICAgICAgICAgICAg
ICAgICAgICB8IDEzICAgfCBTdHJpbmcgICAgfCBuZWNlc3NhcnkgICAgICAgICAg
ICAgIHwgICAgICAgICAgICAgICAgICAgICAgICAgICAgICAgICAgICAgICAgICAg
ICAgICAgICB8ID8/P+yyP0QJCQkgICAgICAgIA0KY3JlZF91c2VyX3R5cGUgIHwg
L3NnOlBBWUlORi9DcmVkaXRvci5JbmZvLkRldGFpbHMvY2M6VXNlci5UeXBlLklk
ZW50aWZpZXIvSWRlbnRpZmllci5Db250ZW50ICAgICAgICAgICAgICAgICAgICAg
ICAgICAgICAgICAgICAgICAgICAgICAgICAgICAgICAgICB8IDMgICAgfCBTdHJp
bmcgICAgfCBuZWNlc3NhcnkgICAgICAgICAgICAgIHwgICAgICAgICAgICAgICAg
ICAgICAgICAgICAgICAgICAgICAgICAgICAgICAgICAgICB8ID8/P+yyP1lQRQkg
ICAgICAgICAgICAgICAgICAgICAgICANCm11bHRfY3JlZF9pbmZvCXwgL3NnOlBB
WUlORi9DcmVkaXRvci5JbmZvLkRldGFpbHMvTXVsdGlwbGVDcmVkaXRvci5JbmZv
LkRldGFpbHMJCQkJCQkJCQkJCQkJCQkJCQl8IDUwMDAwIAl8IFN0cmluZyAgIAl8
IG1heGVsZQkJCXwgc2c6UEFZSU5GL0NyZWRpdG9yLkluZm8uRGV0YWlscy9NdWx0
aXBsZUNyZWRpdG9yLkluZm8uRGV0YWlscyAJfCDrsD+ztQ0KbWNyZV9vcmdhX25h
bWUJfCAvc2c6UEFZSU5GL0NyZWRpdG9yLkluZm8uRGV0YWlscy9NdWx0aXBsZUNy
ZWRpdG9yLkluZm8uRGV0YWlscy9jYzpPcmdhbml6YXRpb24uTmFtZS9UZXh0LkNv
bnRlbnQJCQkJCQkJCQl8IDEwMCAgICAJfCBTdHJpbmcgICAgfCBtaW4JCQkJfCBj
YzpPcmdhbml6YXRpb24uTmFtZS9UZXh0LkNvbnRlbnQJCQkJCQkJCSAgICB8IOqz
tes/IOyxPz8/P+q4sOo/66o/Cm1jcmVfb3Jwc19kaXZzCXwgL3NnOlBBWUlORi9D
cmVkaXRvci5JbmZvLkRldGFpbHMvTXVsdGlwbGVDcmVkaXRvci5JbmZvLkRldGFp
bHMvY2M6T3JnYW5pemF0aW9uT3JQZXJzb24uSWRlbnRpZmllci5JbmRpY2F0b3Iv
SW5kaWNhdG9yLkNvbnRlbnQJCXwgMQkgICAgCXwgU3RyaW5nICAgIHwgbWluCQkJ
CXwgY2M6T3JnYW5pemF0aW9uT3JQZXJzb24uSWRlbnRpZmllci5JbmRpY2F0b3Iv
SW5kaWNhdG9yLkNvbnRlbnQJfCDqs7XrPyDssT8/Pz/qtazrPwkJDQptY3JlX29y
Z2FfbnVtYgl8IC9zZzpQQVlJTkYvQ3JlZGl0b3IuSW5mby5EZXRhaWxzL011bHRp
cGxlQ3JlZGl0b3IuSW5mby5EZXRhaWxzL2NjOk9yZ2FuaXphdGlvbi5OdW1iZXIu
VGV4dC9UZXh0LkNvbnRlbnQJCQkJCQkJCXwgMTMgICAgCXwgU3RyaW5nICAgIHwg
bWluCQkJCXwgY2M6T3JnYW5pemF0aW9uLk51bWJlci5UZXh0L1RleHQuQ29udGVu
dAkJCQkJCQl8IOqztes/IOyxPz8/P+uyPz8/ses/67I/PwkJCQkJCQkNCm1jcmVf
b3Jwc19pZGVuCXwgL3NnOlBBWUlORi9DcmVkaXRvci5JbmZvLkRldGFpbHMvTXVs
dGlwbGVDcmVkaXRvci5JbmZvLkRldGFpbHMvY2M6T3JnYW5pemF0aW9uT3JQZXJz
b24uSWRlbnRpZmllci9JZGVudGlmaWVyLkNvbnRlbnQJCQkgICAgfCAxMyAgICAJ
fCBTdHJpbmcgICAgfCBtaW4JCQkJfCBjYzpPcmdhbml6YXRpb25PclBlcnNvbi5J
ZGVudGlmaWVyL0lkZW50aWZpZXIuQ29udGVudAkJCSAgICB8IOqztes/IOyxPz8/
Pz+s7D8/P+yjvOs/67I/Pw0KbWNyZV9vd25yX251bWIJfCAvc2c6UEFZSU5GL0Ny
ZWRpdG9yLkluZm8uRGV0YWlscy9NdWx0aXBsZUNyZWRpdG9yLkluZm8uRGV0YWls
cy9jYzpDdXN0b21lci5OdW1iZXIuVGV4dC9UZXh0LkNvbnRlbnQJCQkJCQkJCQl8
IDEzICAgIAl8IFN0cmluZyAgICB8IG1pbgkJCQl8IGNjOkN1c3RvbWVyLk51bWJl
ci5UZXh0L1RleHQuQ29udGVudAkJCQkJCQkJfCDqs7XrPyDssT8/Pz8/Pz8/PyDs
o7zrPz+x6z/rsj8/CQkJCQkNCm1jcmVfb3ducl9uYW1lCXwgL3NnOlBBWUlORi9D
cmVkaXRvci5JbmZvLkRldGFpbHMvTXVsdGlwbGVDcmVkaXRvci5JbmZvLkRldGFp
bHMvY2M6T3JnYW5pemF0aW9uLkNFTy5OYW1lL1RleHQuQ29udGVudAkJCQkJCQkJ
fCAzNSAgICAJfCBTdHJpbmcgICAgfCBtaW4JCQkJfCBjYzpPcmdhbml6YXRpb24u
Q0VPLk5hbWUvVGV4dC5Db250ZW50CQkJCQkJCSAgICB8IOqztes/IOyxPz8/Pz+x
6z8oPz8/Pz/rqj8JCQkJCQ0KbWNyZV9ib25kX2hvbGQJfCAvc2c6UEFZSU5GL0Ny
ZWRpdG9yLkluZm8uRGV0YWlscy9NdWx0aXBsZUNyZWRpdG9yLkluZm8uRGV0YWls
cy9jYzpPcmdhbml6YXRpb24uQm9uZGhvbGRlci5OYW1lL1RleHQuQ29udGVudAkJ
CQkJCSAgICB8IDEwMCAgICAJfCBTdHJpbmcgICAgfCBtaW4JCQkJfCBjYzpPcmdh
bml6YXRpb24uQm9uZGhvbGRlci5OYW1lL1RleHQuQ29udGVudAkJCQkJCXwg6rO1
6z8g7LE/Pz8/7LE/Pz8/Pw0KbWNyZV9hZGRuX25hbWUJfCAvc2c6UEFZSU5GL0Ny
ZWRpdG9yLkluZm8uRGV0YWlscy9NdWx0aXBsZUNyZWRpdG9yLkluZm8uRGV0YWls
cy9jYzpPcmdhbml6YXRpb24uQWRkaXRpb24uTmFtZS9UZXh0LkNvbnRlbnQgICAg
ICAgICAgICAgICAgICAgICAgICAgICB8IDQwICAgIAl8IFN0cmluZyAgICB8IG1p
bgkJCQl8IGNjOk9yZ2FuaXphdGlvbi5BZGRpdGlvbi5OYW1lL1RleHQuQ29udGVu
dCAgICAgICAgICAgICAgICAgICAgICAgIHwg6rO16z8g7LE/Pz8/7LE/P+q4sOo/
IOu2P+qwPz8/PwkJCQkJCQ0KbWNyZV9vcmdhX3Bvc3QJfCAvc2c6UEFZSU5GL0Ny
ZWRpdG9yLkluZm8uRGV0YWlscy9NdWx0aXBsZUNyZWRpdG9yLkluZm8uRGV0YWls
cy9jYzpPcmdhbml6YXRpb24uUG9zdC5UZXh0L1RleHQuQ29udGVudAkJCQkJCQkJ
fCA2CSAgICAJfCBTdHJpbmcgICAgfCBtaW4JCQkJfCBjYzpPcmdhbml6YXRpb24u
UG9zdC5UZXh0L1RleHQuQ29udGVudAkJCQkJCQl8IOqztes/IOyxPz8/Pz8/PyA/
sO0/7KO87D8NCm1jcmVfb3JnYV9hZGRyCXwgL3NnOlBBWUlORi9DcmVkaXRvci5J
bmZvLkRldGFpbHMvTXVsdGlwbGVDcmVkaXRvci5JbmZvLkRldGFpbHMvY2M6T3Jn
YW5pemF0aW9uLkFkZHJlc3MuVGV4dC9UZXh0LkNvbnRlbnQJCQkJCQkJfCAxMDAg
ICAgCXwgU3RyaW5nICAgIHwgbWluCQkJCXwgY2M6T3JnYW5pemF0aW9uLkFkZHJl
c3MuVGV4dC9UZXh0LkNvbnRlbnQJCQkJCQkgICAgfCDqs7XrPyDssT8/Pz8/Pz8g
7KO87D8NCm1jcmVfY2hyZ19uYW1lCXwgL3NnOlBBWUlORi9DcmVkaXRvci5JbmZv
LkRldGFpbHMvTXVsdGlwbGVDcmVkaXRvci5JbmZvLkRldGFpbHMvY2M6RW1wbG95
ZWUuTmFtZS5UZXh0L1RleHQuQ29udGVudAkJCQkJCQkJCXwgMjAgICAgCXwgU3Ry
aW5nICAgIHwgbWluCQkJCXwgY2M6RW1wbG95ZWUuTmFtZS5UZXh0L1RleHQuQ29u
dGVudAkJCQkJCQkJfCDqs7XrPyDssT8/Pz8/tOs/Pz8/DQptY3JlX2RlcHRfbmFt
ZQl8IC9zZzpQQVlJTkYvQ3JlZGl0b3IuSW5mby5EZXRhaWxzL011bHRpcGxlQ3Jl
ZGl0b3IuSW5mby5EZXRhaWxzL2NjOkRlcGFydG1lbnQuTmFtZS5UZXh0L1RleHQu
Q29udGVudAkJCQkJCQkJICAgIHwgMzAgICAgCXwgU3RyaW5nICAgIHwgbWluCQkJ
CXwgY2M6RGVwYXJ0bWVudC5OYW1lLlRleHQvVGV4dC5Db250ZW50CQkJCQkJCQl8
IOqztes/IOyxPz8/Pz8/P+u2Pz8/Cm1jcmVfcGhvbl9udW1iCXwgL3NnOlBBWUlO
Ri9DcmVkaXRvci5JbmZvLkRldGFpbHMvTXVsdGlwbGVDcmVkaXRvci5JbmZvLkRl
dGFpbHMvY2M6VGVsZXBob25lLk51bWJlci5UZXh0L1RleHQuQ29udGVudAkJCQkJ
CQkJfCAyMCAgICAJfCBTdHJpbmcgICAgfCBtaW4JCQkJfCBjYzpUZWxlcGhvbmUu
TnVtYmVyLlRleHQvVGV4dC5Db250ZW50CQkJCQkJCSAgICB8IOqztes/IOyxPz8/
Pz8/P+uyPz8NCm1jcmVfY2VsbF9waG9uCXwgL3NnOlBBWUlORi9DcmVkaXRvci5J
bmZvLkRldGFpbHMvTXVsdGlwbGVDcmVkaXRvci5JbmZvLkRldGFpbHMvY2M6Q2Vs
bHBob25lLk51bWJlci5UZXh0L1RleHQuQ29udGVudAkJCQkJCQkJfCAyMCAgICAJ
fCBTdHJpbmcgICAgfCBtaW4JCQkJfCBjYzpDZWxscGhvbmUuTnVtYmVyLlRleHQv
VGV4dC5Db250ZW50CQkJCQkJCSAgICB8IOqztes/IOyxPz8/Pz+46z8/sOs/Pz8K
bWNyZV9zZW5kX21haWwJfCAvc2c6UEFZSU5GL0NyZWRpdG9yLkluZm8uRGV0YWls
cy9NdWx0aXBsZUNyZWRpdG9yLkluZm8uRGV0YWlscy9jYzpFbXBsb3llZS5FbWFp
bC5UZXh0L1RleHQuQ29udGVudAkJCQkJCQkJCXwgNDAgICAgCXwgU3RyaW5nICAg
IHwgbWluCQkJCXwgY2M6RW1wbG95ZWUuRW1haWwuVGV4dC9UZXh0LkNvbnRlbnQJ
CQkJCQkJCXwg6rO16z8g7LE/Pz8/P7TrPz8/RW1haWwNCiMg6rM/Pz8/Pz+ztCAg
ICAgICAgICAgICAgICAgICAgICAgICAgICAgICAgICAgICAgICAgICAgICAgICAg
ICAgICAgICAgICAgICAgICAgICAgICAgICAgICAgICAgICAgICAgICAgICAgICAg
ICAgICAgICAgICAgICAgICAgICAgICAgICAgICAgICAgICAgICAgICAgICAgICAg
ICAgICAgICAgICAgICAgICAgICAgICAgICAgICAgICAgICAgICAgICAgICAgICAg
ICAgICAgICAgICAgICAgICAgICAgICAgICAgICAgICAgICAgICANCmFwcGxfZXhz
dF9jb2RlCXwgL3NnOlBBWUlORi9BcHBsaWVyLkluZm8uRGV0YWlscy9jYzpBcHBs
aWVyLkV4aXN0ZW5jZS5JbmRpY2F0b3IvSW5kaWNhdG9yLkNvbnRlbnQJCQkJCQkJ
CQkJCQkJfCAxICAgIAkJfCBTdHJpbmcgICAgfCBtaW4JCSAgICAgICAgfCAgICAg
ICAgICAgICAgICAgICAgICAgICAgICAgICAgICAgICAgICAgICAgICAgICAgIAkJ
CQl8IOqzPz8/P+yhtOw/ID8/PyDqtazrPwkJCQkNCmFwcGxfb3JnYV9uYW1lICB8
IC9zZzpQQVlJTkYvQXBwbGllci5JbmZvLkRldGFpbHMvY2M6T3JnYW5pemF0aW9u
Lk5hbWUvVGV4dC5Db250ZW50ICAgICAgICAgICAgICAgICAgICAgICAgICAgICAg
ICAgICAgICAgICAgICAgICAgICAgICAgICAgICAgICAgICAgfCAxMDAgIHwgU3Ry
aW5nICAgIHwgbmVjZXNzYXJ5ICAgICAgICAgICAgICB8ICAgICAgICAgICAgICAg
ICAgICAgICAgICAgICAgICAgICAgICAgICAgICAgICAgICAgfCDquLDqP+uqPwkJ
CSAgICAgICAgICAgICAgICAgICAgICANCmFwcGxfb3Jwc19kaXZzICB8IC9zZzpQ
QVlJTkYvQXBwbGllci5JbmZvLkRldGFpbHMvY2M6T3JnYW5pemF0aW9uT3JQZXJz
b24uSWRlbnRpZmllci5JbmRpY2F0b3IvSW5kaWNhdG9yLkNvbnRlbnQgICAgICAg
ICAgICAgICAgICAgICAgICAgICAgICAgICAgICAgfCAxICAgIHwgU3RyaW5nICAg
IHwgbmVjZXNzYXJ5ICAgICAgICAgICAgICB8ICAgICAgICAgICAgICAgICAgICAg
ICAgICAgICAgICAgICAgICAgICAgICAgICAgICAgfCDqtazrPwkJCQkgICAgICAg
ICAgICAgICAgICAgICAgDQphcHBsX29yZ2FfbnVtYiAgfCAvc2c6UEFZSU5GL0Fw
cGxpZXIuSW5mby5EZXRhaWxzL2NjOk9yZ2FuaXphdGlvbi5OdW1iZXIuVGV4dC9U
ZXh0LkNvbnRlbnQgICAgICAgICAgICAgICAgICAgICAgICAgICAgICAgICAgICAg
ICAgICAgICAgICAgICAgICAgICAgIHwgMTMgICB8IFN0cmluZyAgICB8IG1pbiAg
ICAgICAgICAgICAgICAgICAgfCAgICAgICAgICAgICAgICAgICAgICAgICAgICAg
ICAgICAgICAgICAgICAgICAgICAgIHwg67I/Pz+x6z/rsj8/CQkJICAgICAgICAg
ICAgICAgICAgICAgIA0KYXBwbF9vcnBzX2lkZW4gIHwgL3NnOlBBWUlORi9BcHBs
aWVyLkluZm8uRGV0YWlscy9jYzpPcmdhbml6YXRpb25PclBlcnNvbi5JZGVudGlm
aWVyL0lkZW50aWZpZXIuQ29udGVudCAgICAgICAgICAgICAgICAgICAgICAgICAg
ICAgICAgICAgICAgICAgICAgICB8IDEzICAgfCBTdHJpbmcgICAgfCBuZWNlc3Nh
cnkgICAgICAgICAgICAgIHwgICAgICAgICAgICAgICAgICAgICAgICAgICAgICAg
ICAgICAgICAgICAgICAgICAgICB8ID+s7D8/P+yjvOs/67I/PwkJCQkgICAgICAg
ICAgICAgIA0KYXBwbF9vd25yX251bWIgIHwgL3NnOlBBWUlORi9BcHBsaWVyLklu
Zm8uRGV0YWlscy9jYzpDdXN0b21lci5OdW1iZXIuVGV4dC9UZXh0LkNvbnRlbnQg
ICAgICAgICAgICAgICAgICAgICAgICAgICAgICAgICAgICAgICAgICAgICAgICAg
ICAgICAgICAgICAgICB8IDEzICAgfCBTdHJpbmcgICAgfCBtaW4gICAgICAgICAg
ICAgICAgICAgIHwgICAgICAgICAgICAgICAgICAgICAgICAgICAgICAgICAgICAg
ICAgICAgICAgICAgICB8ID8/Pz8/IOyjvOs/P7HrP+uyPz8JCQkgICAgICAgICAg
ICAgIA0KYXBwbF9vd25yX25hbWUgIHwgL3NnOlBBWUlORi9BcHBsaWVyLkluZm8u
RGV0YWlscy9jYzpPcmdhbml6YXRpb24uQ0VPLk5hbWUvVGV4dC5Db250ZW50ICAg
ICAgICAgICAgICAgICAgICAgICAgICAgICAgICAgICAgICAgICAgICAgICAgICAg
ICAgICAgICAgICB8IDM1ICAgfCBTdHJpbmcgICAgfCBuZWNlc3NhcnkgICAgICAg
ICAgICAgIHwgICAgICAgICAgICAgICAgICAgICAgICAgICAgICAgICAgICAgICAg
ICAgICAgICAgICB8ID+x6z8oPz8/Pz/rqj8JCQkJICAgICAgICAgICAgICANCmFw
cGxfYWRkbl9uYW1lICB8IC9zZzpQQVlJTkYvQXBwbGllci5JbmZvLkRldGFpbHMv
Y2M6T3JnYW5pemF0aW9uLkFkZGl0aW9uLk5hbWUvVGV4dC5Db250ZW50ICAgICAg
ICAgICAgICAgICAgICAgICAgICAgICAgICAgICAgICAgICAgICAgICAgICAgICAg
ICAgfCA0MCAgIHwgU3RyaW5nICAgIHwgbWluICAgICAgICAgICAgICAgICAgICB8
ICAgICAgICAgICAgICAgICAgICAgICAgICAgICAgICAgICAgICAgICAgICAgICAg
ICAgfCDqsz8/Pz+ytCDrtj/qsD8/Pz8JCQkgICAgICAgICAgICAgIA0KYXBwbF9v
cmdhX3Bvc3QgIHwgL3NnOlBBWUlORi9BcHBsaWVyLkluZm8uRGV0YWlscy9jYzpP
cmdhbml6YXRpb24uUG9zdC5UZXh0L1RleHQuQ29udGVudCAgICAgICAgICAgICAg
ICAgICAgICAgICAgICAgICAgICAgICAgICAgICAgICAgICAgICAgICAgICAgICB8
IDYgICAgfCBTdHJpbmcgICAgfCBtaW4gICAgICAgICAgICAgICAgICAgIHwgICAg
ICAgICAgICAgICAgICAgICAgICAgICAgICAgICAgICAgICAgICAgICAgICAgICB8
ID8/PyA/sO0/67I/PwkJCQkgICAgICAgICAgICAgIA0KYXBwbF9vcmdhX2FkZHIg
IHwgL3NnOlBBWUlORi9BcHBsaWVyLkluZm8uRGV0YWlscy9jYzpPcmdhbml6YXRp
b24uQWRkcmVzcy5UZXh0L1RleHQuQ29udGVudCAgICAgICAgICAgICAgICAgICAg
ICAgICAgICAgICAgICAgICAgICAgICAgICAgICAgICAgICAgICB8IDEwMCAgfCBT
dHJpbmcgICAgfCBtaW4gICAgICAgICAgICAgICAgICAgIHwgICAgICAgICAgICAg
ICAgICAgICAgICAgICAgICAgICAgICAgICAgICAgICAgICAgICB8ID8/PyDso7zs
PwkJCQkgICAgICAgICAgICAgIA0KYXBwbF9jaHJnX25hbWUgIHwgL3NnOlBBWUlO
Ri9BcHBsaWVyLkluZm8uRGV0YWlscy9jYzpFbXBsb3llZS5OYW1lLlRleHQvVGV4
dC5Db250ZW50ICAgICAgICAgICAgICAgICAgICAgICAgICAgICAgICAgICAgICAg
ICAgICAgICAgICAgICAgICAgICAgICAgICB8IDIwICAgfCBTdHJpbmcgICAgfCBt
aW4gICAgICAgICAgICAgICAgICAgIHwgICAgICAgICAgICAgICAgICAgICAgICAg
ICAgICAgICAgICAgICAgICAgICAgICAgICB8ID+06z8/Pz8JCQkJICAgICAgICAg
ICAgICANCmFwcGxfZGVwdF9uYW1lICB8IC9zZzpQQVlJTkYvQXBwbGllci5JbmZv
LkRldGFpbHMvY2M6RGVwYXJ0bWVudC5OYW1lLlRleHQvVGV4dC5Db250ZW50ICAg
ICAgICAgICAgICAgICAgICAgICAgICAgICAgICAgICAgICAgICAgICAgICAgICAg
ICAgICAgICAgICAgfCAzMCAgIHwgU3RyaW5nICAgIHwgbWluICAgICAgICAgICAg
ICAgICAgICB8ICAgICAgICAgICAgICAgICAgICAgICAgICAgICAgICAgICAgICAg
ICAgICAgICAgICAgfCA/Pz/rtj8/PwkJCSAgICAgICAgICAgICAgDQphcHBsX29m
ZmNfcGhvbiAgfCAvc2c6UEFZSU5GL0FwcGxpZXIuSW5mby5EZXRhaWxzL2NjOlRl
bGVwaG9uZS5OdW1iZXIuVGV4dC9UZXh0LkNvbnRlbnQgICAgICAgICAgICAgICAg
ICAgICAgICAgICAgICAgICAgICAgICAgICAgICAgICAgICAgICAgICAgICAgIHwg
MjAgICB8IFN0cmluZyAgICB8IG1pbiAgICAgICAgICAgICAgICAgICAgfCAgICAg
ICAgICAgICAgICAgICAgICAgICAgICAgICAgICAgICAgICAgICAgICAgICAgIHwg
Pz8/67I/PwkJCQkgICAgICAgICAgICAgIA0KYXBwbF9jZWxsX3Bob24gIHwgL3Nn
OlBBWUlORi9BcHBsaWVyLkluZm8uRGV0YWlscy9jYzpDZWxscGhvbmUuTnVtYmVy
LlRleHQvVGV4dC5Db250ZW50ICAgICAgICAgICAgICAgICAgICAgICAgICAgICAg
ICAgICAgICAgICAgICAgICAgICAgICAgICAgICAgICB8IDIwICAgfCBTdHJpbmcg
ICAgfCBtaW4gICAgICAgICAgICAgICAgICAgIHwgICAgICAgICAgICAgICAgICAg
ICAgICAgICAgICAgICAgICAgICAgICAgICAgICAgICB8ID+46z8/sOs/Pz8JCQkg
ICAgICAgICAgICAgIA0KYXBwbF9zZW5kX21haWwgIHwgL3NnOlBBWUlORi9BcHBs
aWVyLkluZm8uRGV0YWlscy9jYzpFbXBsb3llZS5FbWFpbC5UZXh0L1RleHQuQ29u
dGVudCAgICAgICAgICAgICAgICAgICAgICAgICAgICAgICAgICAgICAgICAgICAg
ICAgICAgICAgICAgICAgICAgICB8IDQwICAgfCBTdHJpbmcgICAgfCBtaW4gICAg
ICAgICAgICAgICAgICAgIHwgICAgICAgICAgICAgICAgICAgICAgICAgICAgICAg
ICAgICAgICAgICAgICAgICAgICB8ID+06z8/P0VNQUlMCQkJCSAgICAgICAgICAg
ICAgDQphcHBsX2hvbWVfcG9zdCAgfCAvc2c6UEFZSU5GL0FwcGxpZXIuSW5mby5E
ZXRhaWxzL2NjOkhvbWUuUG9zdC5UZXh0L1RleHQuQ29udGVudCAgICAgICAgICAg
ICAgICAgICAgICAgICAgICAgICAgICAgICAgICAgICAgICAgICAgICAgICAgICAg
ICAgICAgICAgIHwgNiAgICB8IFN0cmluZyAgICB8IG1pbiAgICAgICAgICAgICAg
ICAgICAgfCAgICAgICAgICAgICAgICAgICAgICAgICAgICAgICAgICAgICAgICAg
ICAgICAgICAgIHwgPz8/ID+w7T/rsj8/CQkJCSAgICAgICAgICAgICAgDQphcHBs
X2hvbWVfYWRkciAgfCAvc2c6UEFZSU5GL0FwcGxpZXIuSW5mby5EZXRhaWxzL2Nj
OkhvbWUuQWRkcmVzcy5UZXh0L1RleHQuQ29udGVudCAgICAgICAgICAgICAgICAg
ICAgICAgICAgICAgICAgICAgICAgICAgICAgICAgICAgICAgICAgICAgICAgICAg
IHwgMTAwICB8IFN0cmluZyAgICB8IG1pbiAgICAgICAgICAgICAgICAgICAgfCAg
ICAgICAgICAgICAgICAgICAgICAgICAgICAgICAgICAgICAgICAgICAgICAgICAg
IHwgPz8/IOyjvOw/CQkJCSAgICAgICAgICAgICAgDQphcHBsX2hvbWVfcGhvbiAg
fCAvc2c6UEFZSU5GL0FwcGxpZXIuSW5mby5EZXRhaWxzL2NjOkhvbWUuVGVsZXBo
b25lLlRleHQvVGV4dC5Db250ZW50ICAgICAgICAgICAgICAgICAgICAgICAgICAg
ICAgICAgICAgICAgICAgICAgICAgICAgICAgICAgICAgICAgIHwgMjAgICB8IFN0
cmluZyAgICB8IG1pbiAgICAgICAgICAgICAgICAgICAgfCAgICAgICAgICAgICAg
ICAgICAgICAgICAgICAgICAgICAgICAgICAgICAgICAgICAgIHwgPz8/ID8/P+uy
Pz8JCQkJICAgICAgICAgICAgICANCmFwcGxfdXNlcl9pZGVuICB8IC9zZzpQQVlJ
TkYvQXBwbGllci5JbmZvLkRldGFpbHMvY2M6VXNlci5JZGVudGlmaWVyL0lkZW50
aWZpZXIuQ29udGVudCAgICAgICAgICAgICAgICAgICAgICAgICAgICAgICAgICAg
ICAgICAgICAgICAgICAgICAgICAgICAgICAgfCAxMyAgIHwgU3RyaW5nICAgIHwg
bmVjZXNzYXJ5ICAgICAgICAgICAgICB8ICAgICAgICAgICAgICAgICAgICAgICAg
ICAgICAgICAgICAgICAgICAgICAgICAgICAgfCA/Pz/ssj9ECQkJCSAgICAgICAg
ICAgICAgDQphcHBsX3VzZXJfdHlwZSAgfCAvc2c6UEFZSU5GL0FwcGxpZXIuSW5m
by5EZXRhaWxzL2NjOlVzZXIuVHlwZS5JZGVudGlmaWVyL0lkZW50aWZpZXIuQ29u
dGVudCAgICAgICAgICAgICAgICAgICAgICAgICAgICAgICAgICAgICAgICAgICAg
ICAgICAgICAgICAgIHwgMyAgICB8IFN0cmluZyAgICB8IG5lY2Vzc2FyeSAgICAg
ICAgICAgICAgfCAgICAgICAgICAgICAgICAgICAgICAgICAgICAgICAgICAgICAg
ICAgICAgICAgICAgIHwgPz8/7LI/WVBFCSAgICAgICAgICAgICAgICAgICAgICAg
ICAgICAgICAgICAgICAgDQptdWx0X2FwcGxfaW5mbwl8IC9zZzpQQVlJTkYvQXBw
bGllci5JbmZvLkRldGFpbHMvTXVsdGlwbGVBcHBsaWVyLkluZm8uRGV0YWlscwkJ
CQkJCQkJCQkJCQkJCQkJCXwgNTAwMDAgCXwgU3RyaW5nICAgCXwgbWF4ZWxlCQkJ
fCBzZzpQQVlJTkYvQXBwbGllci5JbmZvLkRldGFpbHMvTXVsdGlwbGVBcHBsaWVy
LkluZm8uRGV0YWlscwkgCXwg67A/s7UJCQ0KbWFwbF9vcmdhX25hbWUJfCAvc2c6
UEFZSU5GL0FwcGxpZXIuSW5mby5EZXRhaWxzL011bHRpcGxlQXBwbGllci5JbmZv
LkRldGFpbHMvY2M6T3JnYW5pemF0aW9uLk5hbWUvVGV4dC5Db250ZW50CQkJCQkJ
CQkJCXwgMTAwICAgIAl8IFN0cmluZyAgICB8IG1pbgkJCQl8IGNjOk9yZ2FuaXph
dGlvbi5OYW1lL1RleHQuQ29udGVudAkJCQkJCQkJICAgIHwg6rO16z8g6rM/Pz8/
6riw6j/rqj8KbWFwbF9vcnBzX2RpdnMJfCAvc2c6UEFZSU5GL0FwcGxpZXIuSW5m
by5EZXRhaWxzL011bHRpcGxlQXBwbGllci5JbmZvLkRldGFpbHMvY2M6T3JnYW5p
emF0aW9uT3JQZXJzb24uSWRlbnRpZmllci5JbmRpY2F0b3IvSW5kaWNhdG9yLkNv
bnRlbnQJCQl8IDEJICAgIAl8IFN0cmluZyAgICB8IG1pbgkJCQl8IGNjOk9yZ2Fu
aXphdGlvbk9yUGVyc29uLklkZW50aWZpZXIuSW5kaWNhdG9yL0luZGljYXRvci5D
b250ZW50CXwg6rO16z8g6rM/Pz8/6rWs6z8JCQkJDQptYXBsX29yZ2FfbnVtYgl8
IC9zZzpQQVlJTkYvQXBwbGllci5JbmZvLkRldGFpbHMvTXVsdGlwbGVBcHBsaWVy
LkluZm8uRGV0YWlscy9jYzpPcmdhbml6YXRpb24uTnVtYmVyLlRleHQvVGV4dC5D
b250ZW50CQkJCQkJCQl8IDEzICAgIAl8IFN0cmluZyAgICB8IG1pbgkJCQl8IGNj
Ok9yZ2FuaXphdGlvbi5OdW1iZXIuVGV4dC9UZXh0LkNvbnRlbnQJCQkJCQkJfCDq
s7XrPyDqsz8/Pz/rsj8/P7HrP+uyPz8JCQkJCQkJCQkJCQkNCm1hcGxfb3Jwc19p
ZGVuCXwgL3NnOlBBWUlORi9BcHBsaWVyLkluZm8uRGV0YWlscy9NdWx0aXBsZUFw
cGxpZXIuSW5mby5EZXRhaWxzL2NjOk9yZ2FuaXphdGlvbk9yUGVyc29uLklkZW50
aWZpZXIvSWRlbnRpZmllci5Db250ZW50CQkJCQl8IDEzICAgIAl8IFN0cmluZyAg
ICB8IG1pbgkJCQl8IGNjOk9yZ2FuaXphdGlvbk9yUGVyc29uLklkZW50aWZpZXIv
SWRlbnRpZmllci5Db250ZW50CQkJICAgIHwg6rO16z8g6rM/Pz8/P6zsPz8/7KO8
6z/rsj8/CQkJDQptYXBsX293bnJfbnVtYgl8IC9zZzpQQVlJTkYvQXBwbGllci5J
bmZvLkRldGFpbHMvTXVsdGlwbGVBcHBsaWVyLkluZm8uRGV0YWlscy9jYzpDdXN0
b21lci5OdW1iZXIuVGV4dC9UZXh0LkNvbnRlbnQJCQkJCQkJCQl8IDEzICAgIAl8
IFN0cmluZyAgICB8IG1pbgkJCQl8IGNjOkN1c3RvbWVyLk51bWJlci5UZXh0L1Rl
eHQuQ29udGVudAkJCQkJCQkJfCDqs7XrPyDqsz8/Pz8/Pz8/PyDso7zrPz+x6z/r
sj8/CQkJCQkJCQkJCQkJDQptYXBsX293bnJfbmFtZQl8IC9zZzpQQVlJTkYvQXBw
bGllci5JbmZvLkRldGFpbHMvTXVsdGlwbGVBcHBsaWVyLkluZm8uRGV0YWlscy9j
YzpPcmdhbml6YXRpb24uQ0VPLk5hbWUvVGV4dC5Db250ZW50CQkJCQkJCQkJfCAz
NSAgICAJfCBTdHJpbmcgICAgfCBtaW4JCQkJfCBjYzpPcmdhbml6YXRpb24uQ0VP
Lk5hbWUvVGV4dC5Db250ZW50CQkJCQkJCSAgICB8IOqztes/IOqzPz8/Pz+x6z8o
Pz8/Pz/rqj8JCQkJCQkJCQkJCQkNCm1hcGxfYWRkbl9uYW1lCXwgL3NnOlBBWUlO
Ri9BcHBsaWVyLkluZm8uRGV0YWlscy9NdWx0aXBsZUFwcGxpZXIuSW5mby5EZXRh
aWxzL2NjOk9yZ2FuaXphdGlvbi5BZGRpdGlvbi5OYW1lL1RleHQuQ29udGVudAkJ
CQkJCQkJfCA0MCAgICAJfCBTdHJpbmcgICAgfCBtaW4JCQkJfCBjYzpPcmdhbml6
YXRpb24uQWRkaXRpb24uTmFtZS9UZXh0LkNvbnRlbnQgICAgICAgICAgICAgICAg
ICAgICAgICB8IOqztes/IOqzPz8/P+yxPz/quLDqPyDrtj/qsD8/Pz8JCQkJCQkJ
CQkJDQptYXBsX29yZ2FfcG9zdAl8IC9zZzpQQVlJTkYvQXBwbGllci5JbmZvLkRl
dGFpbHMvTXVsdGlwbGVBcHBsaWVyLkluZm8uRGV0YWlscy9jYzpPcmdhbml6YXRp
b24uUG9zdC5UZXh0L1RleHQuQ29udGVudAkJCQkJCQkJCXwgNgkgICAgCXwgU3Ry
aW5nICAgIHwgbWluCQkJCXwgY2M6T3JnYW5pemF0aW9uLlBvc3QuVGV4dC9UZXh0
LkNvbnRlbnQJCQkJCQkJfCDqs7XrPyDqsz8/Pz8/Pz8gP7DtP+yjvOw/CQkJCQkN
Cm1hcGxfb3JnYV9hZGRyCXwgL3NnOlBBWUlORi9BcHBsaWVyLkluZm8uRGV0YWls
cy9NdWx0aXBsZUFwcGxpZXIuSW5mby5EZXRhaWxzL2NjOk9yZ2FuaXphdGlvbi5B
ZGRyZXNzLlRleHQvVGV4dC5Db250ZW50CQkJCQkJCQl8IDEwMCAgICAJfCBTdHJp
bmcgICAgfCBtaW4JCQkJfCBjYzpPcmdhbml6YXRpb24uQWRkcmVzcy5UZXh0L1Rl
eHQuQ29udGVudAkJCQkJCSAgICB8IOqztes/IOqzPz8/Pz8/PyDso7zsPwkJCQkJ
DQptYXBsX2NocmdfbmFtZQl8IC9zZzpQQVlJTkYvQXBwbGllci5JbmZvLkRldGFp
bHMvTXVsdGlwbGVBcHBsaWVyLkluZm8uRGV0YWlscy9jYzpFbXBsb3llZS5OYW1l
LlRleHQvVGV4dC5Db250ZW50CQkJCQkJCQkJCXwgMjAgICAgCXwgU3RyaW5nICAg
IHwgbWluCQkJCXwgY2M6RW1wbG95ZWUuTmFtZS5UZXh0L1RleHQuQ29udGVudAkJ
CQkJCQkJfCDqs7XrPyDqsz8/Pz8/tOs/Pz8/CQkJCQkJDQptYXBsX2RlcHRfbmFt
ZQl8IC9zZzpQQVlJTkYvQXBwbGllci5JbmZvLkRldGFpbHMvTXVsdGlwbGVBcHBs
aWVyLkluZm8uRGV0YWlscy9jYzpEZXBhcnRtZW50Lk5hbWUuVGV4dC9UZXh0LkNv
bnRlbnQJCQkJCQkJCQl8IDMwICAgIAl8IFN0cmluZyAgICB8IG1pbgkJCQl8IGNj
OkRlcGFydG1lbnQuTmFtZS5UZXh0L1RleHQuQ29udGVudAkJCQkJCQkJfCDqs7Xr
PyDqsz8/Pz8/Pz/rtj8/PwkJCQkJCQ0KbWFwbF9vZmZjX3Bob24JfCAvc2c6UEFZ
SU5GL0FwcGxpZXIuSW5mby5EZXRhaWxzL011bHRpcGxlQXBwbGllci5JbmZvLkRl
dGFpbHMvY2M6VGVsZXBob25lLk51bWJlci5UZXh0L1RleHQuQ29udGVudAkJCQkJ
CQkJCXwgMjAgICAgCXwgU3RyaW5nICAgIHwgbWluCQkJCXwgY2M6VGVsZXBob25l
Lk51bWJlci5UZXh0L1RleHQuQ29udGVudAkJCQkJCQkgICAgfCDqs7XrPyDqsz8/
Pz8/Pz/rsj8/CQkJCQkJDQptYXBsX2NlbGxfcGhvbgl8IC9zZzpQQVlJTkYvQXBw
bGllci5JbmZvLkRldGFpbHMvTXVsdGlwbGVBcHBsaWVyLkluZm8uRGV0YWlscy9j
YzpDZWxscGhvbmUuTnVtYmVyLlRleHQvVGV4dC5Db250ZW50CQkJCQkJCQkJfCAy
MCAgICAJfCBTdHJpbmcgICAgfCBtaW4JCQkJfCBjYzpDZWxscGhvbmUuTnVtYmVy
LlRleHQvVGV4dC5Db250ZW50CQkJCQkJCSAgICB8IOqztes/IOqzPz8/Pz+46z8/
sOs/Pz8JCQkJCQkNCm1hcGxfc2VuZF9tYWlsCXwgL3NnOlBBWUlORi9BcHBsaWVy
LkluZm8uRGV0YWlscy9NdWx0aXBsZUFwcGxpZXIuSW5mby5EZXRhaWxzL2NjOkVt
cGxveWVlLkVtYWlsLlRleHQvVGV4dC5Db250ZW50CQkJCQkJCQkJfCA0MCAgICAJ
fCBTdHJpbmcgICAgfCBtaW4JCQkJfCBjYzpFbXBsb3llZS5FbWFpbC5UZXh0L1Rl
eHQuQ29udGVudAkJCQkJCQkJfCDqs7XrPyDqsz8/Pz8/tOs/Pz9FbWFpbAkJCQkJ
CQkNCm1hcGxfaG9tZV9wb3N0CXwgL3NnOlBBWUlORi9BcHBsaWVyLkluZm8uRGV0
YWlscy9NdWx0aXBsZUFwcGxpZXIuSW5mby5EZXRhaWxzL2NjOkhvbWUuUG9zdC5U
ZXh0L1RleHQuQ29udGVudAkJCQkJCQkJCQkJfCA2CSAgICAJfCBTdHJpbmcgICAg
fCBtaW4JCQkJfCBjYzpIb21lLlBvc3QuVGV4dC9UZXh0LkNvbnRlbnQJCQkJCQkJ
CQl8IOqztes/IOqzPz8/Pz8/PyA/sO0/7KO87D8JCQkJCQ0KbWFwbF9ob21lX2Fk
ZHIJfCAvc2c6UEFZSU5GL0FwcGxpZXIuSW5mby5EZXRhaWxzL011bHRpcGxlQXBw
bGllci5JbmZvLkRldGFpbHMvY2M6SG9tZS5BZGRyZXNzLlRleHQvVGV4dC5Db250
ZW50CQkJCQkJCQkJCXwgMTAwICAgIAl8IFN0cmluZyAgICB8IG1pbgkJCQl8IGNj
OkhvbWUuQWRkcmVzcy5UZXh0L1RleHQuQ29udGVudAkJCQkJCQkJICAgIHwg6rO1
6z8g6rM/Pz8/Pz8/IOyjvOw/CQkJCQkJCQkJCQkJDQptYXBsX2hvbWVfcGhvbgl8
IC9zZzpQQVlJTkYvQXBwbGllci5JbmZvLkRldGFpbHMvTXVsdGlwbGVBcHBsaWVy
LkluZm8uRGV0YWlscy9jYzpIb21lLlRlbGVwaG9uZS5UZXh0L1RleHQuQ29udGVu
dAkJCQkJCQkJCXwgMjAgICAgCXwgU3RyaW5nICAgIHwgbWluCQkJCXwgY2M6SG9t
ZS5UZWxlcGhvbmUuVGV4dC9UZXh0LkNvbnRlbnQJCQkJCQkJCXwg6rO16z8g6rM/
Pz8/Pz8/ID8/P+uyPz8JCQkJCQkJCQkJCQkNCiMgPz8/Pz8/P7O0ICAgICAgICAg
ICAgICAgICAgICAgICAgICAgICAgICAgICAgICAgICAgICAgICAgICAgICAgICAg
ICAgICAgICAgICAgICAgICAgICAgICAgICAgICAgICAgICAgICAgICAgICAgICAg
ICAgICAgICAgICAgICAgICAgICAgICAgICAgICAgICAgICAgICAgICAgICAgICAg
ICAgICAgICAgICAgICAgICAgICAgICAgICAgICAgICAgICAgICAgICAgICAgICAg
ICAgICAgICAgICAgICAgICAgICAgICAgICAgICAgIA0KbWFuZ19vcmdhX25hbWUg
IHwgL3NnOlBBWUlORi9NYW5hZ2VyLkluZm8uRGV0YWlscy9jYzpPcmdhbml6YXRp
b24uTmFtZS9UZXh0LkNvbnRlbnQgICAgICAgICAgICAgICAgICAgICAgICAgICAg
ICAgICAgICAgICAgICAgICAgICAgICAgICAgICAgICAgICAgICB8IDEwMCAgfCBT
dHJpbmcgICAgfCBtaW4gICAgICAgICAgICAgICAgICAgIHwgICAgICAgICAgICAg
ICAgICAgICAgICAgICAgICAgICAgICAgICAgICAgICAgICAgICB8IOq4sOo/66o/
CQkJICAgICAgICAgICAgIA0KbWFuZ19vcnBzX2RpdnMgIHwgL3NnOlBBWUlORi9N
YW5hZ2VyLkluZm8uRGV0YWlscy9jYzpPcmdhbml6YXRpb25PclBlcnNvbi5JZGVu
dGlmaWVyLkluZGljYXRvci9JbmRpY2F0b3IuQ29udGVudCAgICAgICAgICAgICAg
ICAgICAgICAgICAgICAgICAgICAgICB8IDEgICAgfCBTdHJpbmcgICAgfCBtaW4g
ICAgICAgICAgICAgICAgICAgIHwgICAgICAgICAgICAgICAgICAgICAgICAgICAg
ICAgICAgICAgICAgICAgICAgICAgICB8IOq1rOs/CQkJCSAgICAgICAgDQptYW5n
X29yZ2FfbnVtYiAgfCAvc2c6UEFZSU5GL01hbmFnZXIuSW5mby5EZXRhaWxzL2Nj
Ok9yZ2FuaXphdGlvbi5OdW1iZXIuVGV4dC9UZXh0LkNvbnRlbnQgICAgICAgICAg
ICAgICAgICAgICAgICAgICAgICAgICAgICAgICAgICAgICAgICAgICAgICAgICAg
IHwgMTMgICB8IFN0cmluZyAgICB8IG1pbiAgICAgICAgICAgICAgICAgICAgfCAg
ICAgICAgICAgICAgICAgICAgICAgICAgICAgICAgICAgICAgICAgICAgICAgICAg
IHwg67I/Pz+x6z/rsj8/CQkJICAgICAgICANCm1hbmdfb3Jwc19pZGVuICB8IC9z
ZzpQQVlJTkYvTWFuYWdlci5JbmZvLkRldGFpbHMvY2M6T3JnYW5pemF0aW9uT3JQ
ZXJzb24uSWRlbnRpZmllci9JZGVudGlmaWVyLkNvbnRlbnQgICAgICAgICAgICAg
ICAgICAgICAgICAgICAgICAgICAgICAgICAgICAgICAgfCAxMyAgIHwgU3RyaW5n
ICAgIHwgbWluICAgICAgICAgICAgICAgICAgICB8ICAgICAgICAgICAgICAgICAg
ICAgICAgICAgICAgICAgICAgICAgICAgICAgICAgICAgfCA/rOw/Pz/so7zrP+uy
Pz8JCQkgICAgICAgIA0KbWFuZ19vd25yX251bWIgIHwgL3NnOlBBWUlORi9NYW5h
Z2VyLkluZm8uRGV0YWlscy9jYzpDdXN0b21lci5OdW1iZXIuVGV4dC9UZXh0LkNv
bnRlbnQgICAgICAgICAgICAgICAgICAgICAgICAgICAgICAgICAgICAgICAgICAg
ICAgICAgICAgICAgICAgICAgICB8IDEzICAgfCBTdHJpbmcgICAgfCBtaW4gICAg
ICAgICAgICAgICAgICAgIHwgICAgICAgICAgICAgICAgICAgICAgICAgICAgICAg
ICAgICAgICAgICAgICAgICAgICB8ID8/Pz8/IOyjvOs/P7HrP+uyPz8JCQkNCm1h
bmdfb3ducl9uYW1lICB8IC9zZzpQQVlJTkYvTWFuYWdlci5JbmZvLkRldGFpbHMv
Y2M6T3JnYW5pemF0aW9uLkNFTy5OYW1lL1RleHQuQ29udGVudCAgICAgICAgICAg
ICAgICAgICAgICAgICAgICAgICAgICAgICAgICAgICAgICAgICAgICAgICAgICAg
ICAgfCAzNSAgIHwgU3RyaW5nICAgIHwgbWluICAgICAgICAgICAgICAgICAgICB8
ICAgICAgICAgICAgICAgICAgICAgICAgICAgICAgICAgICAgICAgICAgICAgICAg
ICAgfCA/ses/KD8/Pz8/66o/CQkJCQ0KbWFuZ19hZGRuX25hbWUgIHwgL3NnOlBB
WUlORi9NYW5hZ2VyLkluZm8uRGV0YWlscy9jYzpPcmdhbml6YXRpb24uQWRkaXRp
b24uTmFtZS9UZXh0LkNvbnRlbnQgICAgICAgICAgICAgICAgICAgICAgICAgICAg
ICAgICAgICAgICAgICAgICAgICAgICAgICAgICB8IDQwICAgfCBTdHJpbmcgICAg
fCBtaW4gICAgICAgICAgICAgICAgICAgIHwgICAgICAgICAgICAgICAgICAgICAg
ICAgICAgICAgICAgICAgICAgICAgICAgICAgICB8ID8/Pyg/Pz8/Pz+ytCDrtj/q
sD8/Pz8JCQkgICAgIA0KbWFuZ19vcmdhX3Bvc3QgIHwgL3NnOlBBWUlORi9NYW5h
Z2VyLkluZm8uRGV0YWlscy9jYzpPcmdhbml6YXRpb24uUG9zdC5UZXh0L1RleHQu
Q29udGVudCAgICAgICAgICAgICAgICAgICAgICAgICAgICAgICAgICAgICAgICAg
ICAgICAgICAgICAgICAgICAgICB8IDYgICAgfCBTdHJpbmcgICAgfCBtaW4gICAg
ICAgICAgICAgICAgICAgIHwgICAgICAgICAgICAgICAgICAgICAgICAgICAgICAg
ICAgICAgICAgICAgICAgICAgICB8ID8/PyA/sO0/67I/PwkJCQkNCm1hbmdfb3Jn
YV9hZGRyICB8IC9zZzpQQVlJTkYvTWFuYWdlci5JbmZvLkRldGFpbHMvY2M6T3Jn
YW5pemF0aW9uLkFkZHJlc3MuVGV4dC9UZXh0LkNvbnRlbnQgICAgICAgICAgICAg
ICAgICAgICAgICAgICAgICAgICAgICAgICAgICAgICAgICAgICAgICAgICAgfCAx
MDAgIHwgU3RyaW5nICAgIHwgbWluICAgICAgICAgICAgICAgICAgICB8ICAgICAg
ICAgICAgICAgICAgICAgICAgICAgICAgICAgICAgICAgICAgICAgICAgICAgfCA/
Pz8g7KO87D8JCQkJDQptYW5nX2JvbmRfaG9sZCAgfCAvc2c6UEFZSU5GL01hbmFn
ZXIuSW5mby5EZXRhaWxzL2NjOk9yZ2FuaXphdGlvbi5Cb25kaG9sZGVyLk5hbWUv
VGV4dC5Db250ZW50ICAgICAgICAgICAgICAgICAgICAgICAgICAgICAgICAgICAg
ICAgICAgICAgICAgICAgICAgIHwgMTAwICB8IFN0cmluZyAgICB8IG1pbiAgICAg
ICAgICAgICAgICAgICAgfCAgICAgICAgICAgICAgICAgICAgICAgICAgICAgICAg
ICAgICAgICAgICAgICAgICAgIHwg7LE/Pz8/PwkJCQkNCm1hbmdfY2hyZ19uYW1l
ICB8IC9zZzpQQVlJTkYvTWFuYWdlci5JbmZvLkRldGFpbHMvY2M6RW1wbG95ZWUu
TmFtZS5UZXh0L1RleHQuQ29udGVudCAgICAgICAgICAgICAgICAgICAgICAgICAg
ICAgICAgICAgICAgICAgICAgICAgICAgICAgICAgICAgICAgICAgfCAyMCAgIHwg
U3RyaW5nICAgIHwgbWluICAgICAgICAgICAgICAgICAgICB8ICAgICAgICAgICAg
ICAgICAgICAgICAgICAgICAgICAgICAgICAgICAgICAgICAgICAgfCA/tOs/Pz8/
CQkJCSAgICAgDQptYW5nX2RlcHRfbmFtZSAgfCAvc2c6UEFZSU5GL01hbmFnZXIu
SW5mby5EZXRhaWxzL2NjOkRlcGFydG1lbnQuTmFtZS5UZXh0L1RleHQuQ29udGVu
dCAgICAgICAgICAgICAgICAgICAgICAgICAgICAgICAgICAgICAgICAgICAgICAg
ICAgICAgICAgICAgICAgIHwgMzAgICB8IFN0cmluZyAgICB8IG1pbiAgICAgICAg
ICAgICAgICAgICAgfCAgICAgICAgICAgICAgICAgICAgICAgICAgICAgICAgICAg
ICAgICAgICAgICAgICAgIHwgPz8/67Y/Pz8JCSAgICAgICAgDQptYW5nX3Bob25f
bnVtYiAgfCAvc2c6UEFZSU5GL01hbmFnZXIuSW5mby5EZXRhaWxzL2NjOlRlbGVw
aG9uZS5OdW1iZXIuVGV4dC9UZXh0LkNvbnRlbnQgICAgICAgICAgICAgICAgICAg
ICAgICAgICAgICAgICAgICAgICAgICAgICAgICAgICAgICAgICAgICAgIHwgMjAg
ICB8IFN0cmluZyAgICB8IG1pbiAgICAgICAgICAgICAgICAgICAgfCAgICAgICAg
ICAgICAgICAgICAgICAgICAgICAgICAgICAgICAgICAgICAgICAgICAgIHwgPz8/
67I/PwkJCSAgICAgICAgDQptYW5nX2NlbGxfcGhvbiAgfCAvc2c6UEFZSU5GL01h
bmFnZXIuSW5mby5EZXRhaWxzL2NjOkNlbGxwaG9uZS5OdW1iZXIuVGV4dC9UZXh0
LkNvbnRlbnQgICAgICAgICAgICAgICAgICAgICAgICAgICAgICAgICAgICAgICAg
ICAgICAgICAgICAgICAgICAgICAgIHwgMjAgICB8IFN0cmluZyAgICB8IG1pbiAg
ICAgICAgICAgICAgICAgICAgfCAgICAgICAgICAgICAgICAgICAgICAgICAgICAg
ICAgICAgICAgICAgICAgICAgICAgIHwgP7jrPz+w6z8/PwkJICAgICAgICANCm1h
bmdfc2VuZF9tYWlsICB8IC9zZzpQQVlJTkYvTWFuYWdlci5JbmZvLkRldGFpbHMv
Y2M6RW1wbG95ZWUuRW1haWwuVGV4dC9UZXh0LkNvbnRlbnQgICAgICAgICAgICAg
ICAgICAgICAgICAgICAgICAgICAgICAgICAgICAgICAgICAgICAgICAgICAgICAg
ICAgfCA0MCAgIHwgU3RyaW5nICAgIHwgbWluICAgICAgICAgICAgICAgICAgICB8
ICAgICAgICAgICAgICAgICAgICAgICAgICAgICAgICAgICAgICAgICAgICAgICAg
ICAgfCA/tOs/Pz9FTUFJTAkJCSAgICAgICAgICAgICANCm1hbmdfdXNlcl9pZGVu
ICB8IC9zZzpQQVlJTkYvTWFuYWdlci5JbmZvLkRldGFpbHMvY2M6VXNlci5JZGVu
dGlmaWVyL0lkZW50aWZpZXIuQ29udGVudCAgICAgICAgICAgICAgICAgICAgICAg
ICAgICAgICAgICAgICAgICAgICAgICAgICAgICAgICAgICAgICAgfCAxMyAgIHwg
U3RyaW5nICAgIHwgbWluICAgICAgICAgICAgICAgICAgICB8ICAgICAgICAgICAg
ICAgICAgICAgICAgICAgICAgICAgICAgICAgICAgICAgICAgICAgfCA/Pz/ssj9E
CQkJICAgICAgICANCm1hbmdfdXNlcl90eXBlICB8IC9zZzpQQVlJTkYvTWFuYWdl
ci5JbmZvLkRldGFpbHMvY2M6VXNlci5UeXBlLklkZW50aWZpZXIvSWRlbnRpZmll
ci5Db250ZW50ICAgICAgICAgICAgICAgICAgICAgICAgICAgICAgICAgICAgICAg
ICAgICAgICAgICAgICAgICAgfCAzICAgIHwgU3RyaW5nICAgIHwgbWluICAgICAg
ICAgICAgICAgICAgICB8ICAgICAgICAgICAgICAgICAgICAgICAgICAgICAgICAg
ICAgICAgICAgICAgICAgICAgfCA/Pz/ssj9ZUEUJICAgICAgICAgICAgICAgICAg
ICAgICAgDQo=
