IyAgICC03MPguO0gICAgIHwgICAgICAgIFhQYXRoICAgICAgICAgICAgICAgICAg
ICAgICAgICAgICAgICAgICAgICAgICAgICAgICAgICAgICAJCQkJICAgICAgICAg
ICAgICAgICAgICAgICAgICAgICAgICAgICAgIHwgsebAzCB8IMW4wNQgICAgICB8
ILndurkgv6m6ziC51yDHyrz2v6m6ziAgfCC53bq5vcPA2yDFwrHXICAgICAgICAg
ICAgICAgICAgICAgICAgICAgICAgICAgICAgICAgICAgfCDH17jxICAgICAgICAg
ICAgICAgICAgICAgICAgICAgICAgICAgDQojIEhFQUQNCmhlYWRfbWVzZ19zZW5k
ICB8IC9zZzpTSEJHVU8vSGVhZGVyLkRldGFpbHMvY2M6TWVzc2FnZS5TZW5kZXIu
SWRlbnRpZmllci9JZGVudGlmaWVyLkNvbnRlbnQgICAgICAgICAgICAgICAgICAg
ICAgICAgICAgICAgICAgICAgICAgICAgICAgICAgICAgICAgICAgfCAxMyAgIHwg
U3RyaW5nICAgIHwgbmVjZXNzYXJ5ICAgICAgICAgICAgICB8ICAgICAgICAgICAg
ICAgICAgICAgICAgICAgICAgICAgICAgICAgICAgICAgICAgICAgICAgICB8ILzb
vcXA2klEKDEzwNq4rikgIA0KaGVhZF9tZXNnX3JlY3YgIHwgL3NnOlNIQkdVTy9I
ZWFkZXIuRGV0YWlscy9jYzpNZXNzYWdlLlJlY2VpdmVyLklkZW50aWZpZXIvSWRl
bnRpZmllci5Db250ZW50ICAgICAgICAgICAgICAgICAgICAgICAgICAgICAgICAg
ICAgICAgICAgICAgICAgICAgICAgICB8IDEzICAgfCBTdHJpbmcgICAgfCBuZWNl
c3NhcnkgICAgICAgICAgICAgIHwgICAgICAgICAgICAgICAgICAgICAgICAgICAg
ICAgICAgICAgICAgICAgICAgICAgICAgICAgIHwgvPa9xcDaSUQoMTPA2riuKSAg
DQpoZWFkX2Z1bmNfY29kZSAgfCAvc2c6U0hCR1VPL0hlYWRlci5EZXRhaWxzL2Nj
Ok1lc3NhZ2UuRnVuY3Rpb24uQ29kZS9Db2RlLkNvbnRlbnQgICAgICAgICAgICAg
ICAgICAgICAgICAgICAgICAgICAgICAgICAgICAgICAgICAgICAgICAgICAgICAg
ICAgICAgIHwgMiAgICB8IFN0cmluZyAgICB8IG5lY2Vzc2FyeSAgICAgICAgICAg
ICAgfCAgICAgICAgICAgICAgICAgICAgICAgICAgICAgICAgICAgICAgICAgICAg
ICAgICAgICAgICAgfCC5rrytseK0ySg5Or3HtaXAzMXNLCA1MzrF1726xq61pcDM
xc0pDQpoZWFkX21lc2dfdHlwZSAgfCAvc2c6U0hCR1VPL0hlYWRlci5EZXRhaWxz
L2NjOk1lc3NhZ2UuVHlwZS5JZGVudGlmaWVyL0lkZW50aWZpZXIuQ29udGVudCAg
ICAgICAgICAgICAgICAgICAgICAgICAgICAgICAgICAgICAgICAgICAgICAgICAg
ICAgICAgICAgIHwgNiAgICB8IFN0cmluZyAgICB8IG5lY2Vzc2FyeSAgICAgICAg
ICAgICAgfCAgICAgICAgICAgICAgICAgICAgICAgICAgICAgICAgICAgICAgICAg
ICAgICAgICAgICAgICAgfCC5rrytxNq15SA6IFNIQkdVTyAgIA0KaGVhZF9tZXNn
X25hbWUgIHwgL3NnOlNIQkdVTy9IZWFkZXIuRGV0YWlscy9jYzpNZXNzYWdlLk5h
bWUvVGV4dC5Db250ZW50ICAgICAgICAgICAgICAgICAgICAgICAgICAgICAgICAg
ICAgICAgICAgICAgICAgICAgICAgICAgICAgICAgICAgICAgICAgICAgICB8IDMw
ICAgfCBTdHJpbmcgICAgfCBuZWNlc3NhcnkgICAgICAgICAgICAgIHwgICAgICAg
ICAgICAgICAgICAgICAgICAgICAgICAgICAgICAgICAgICAgICAgICAgICAgICAg
IHwgua68rbjtIDogwfWxx8GkurggIA0KaGVhZF9tZXNnX3ZlcnMgIHwgL3NnOlNI
QkdVTy9IZWFkZXIuRGV0YWlscy9jYzpNZXNzYWdlLlZlcnNpb24uVGV4dC9UZXh0
LkNvbnRlbnQgICAgICAgICAgICAgICAgICAgICAgICAgICAgICAgICAgICAgICAg
ICAgICAgICAgICAgICAgICAgICAgICAgICAgICB8IDEwICAgfCBTdHJpbmcgICAg
fCBtaW4gICAgICAgICAgICAgICAgICAgIHwgICAgICAgICAgICAgICAgICAgICAg
ICAgICAgICAgICAgICAgICAgICAgICAgICAgICAgICAgIHwgua68rbn2wPwgIA0K
aGVhZF9tYW5nX251bWIgIHwgL3NnOlNIQkdVTy9IZWFkZXIuRGV0YWlscy9jYzpE
b2N1bWVudC5NYW5hZ2VtZW50TnVtYmVyLlRleHQvVGV4dC5Db250ZW50ICAgICAg
ICAgICAgICAgICAgICAgICAgICAgICAgICAgICAgICAgICAgICAgICAgICAgICAg
ICAgICB8IDcwICAgfCBTdHJpbmcgICAgfCBuZWNlc3NhcnkgICAgICAgICAgICAg
IHwgICAgICAgICAgICAgICAgICAgICAgICAgICAgICAgICAgICAgICAgICAgICAg
ICAgICAgICAgIHwgua68rbD8uK65+MijICANCmhlYWRfdGl0bF9uYW1lICB8IC9z
ZzpTSEJHVU8vSGVhZGVyLkRldGFpbHMvY2M6RG9jdW1lbnQuVGl0bGUuTmFtZS9U
ZXh0LkNvbnRlbnQgICAgICAgICAgICAgICAgICAgICAgICAgICAgICAgICAgICAg
ICAgICAgICAgICAgICAgICAgICAgICAgICAgICAgICAgfCAzMCAgIHwgU3RyaW5n
ICAgIHwgbmVjZXNzYXJ5ICAgICAgICAgICAgICB8ICAgICAgICAgICAgICAgICAg
ICAgICAgICAgICAgICAgICAgICAgICAgICAgICAgICAgICAgICB8ILmuvK2ws7/k
ICAgDQpoZWFkX29yZ2FfY29kZSAgfCAvc2c6U0hCR1VPL0hlYWRlci5EZXRhaWxz
L2NjOk9yZ2FuaXphdGlvbi5Db2RlLklkZW50aWZpZXIvSWRlbnRpZmllci5Db250
ZW50ICAgICAgICAgICAgICAgICAgICAgICAgICAgICAgICAgICAgICAgICAgICAg
ICAgICAgICAgIHwgMyAgICB8IFN0cmluZyAgICB8IG5lY2Vzc2FyeSAgICAgICAg
ICAgICAgfCAgICAgICAgICAgICAgICAgICAgICAgICAgICAgICAgICAgICAgICAg
ICAgICAgICAgICAgICAgfCC/rLDoyLi757G4utDE2rXlCmhlYWRfc2VybF9udW1i
ICB8IC9zZzpTSEJHVU8vSGVhZGVyLkRldGFpbHMvY2M6RG9jdW1lbnQuU2VyaWFs
LlRleHQvVGV4dC5Db250ZW50ICAgICAgICAgICAgICAgICAgICAgICAgICAgICAg
ICAgICAgICAgICAgICAgICAgICAgICAgICAgICAgICAgICAgICAgfCAyMCAgIHwg
U3RyaW5nICAgIHwgbWluICAgICAgICAgICAgICAgICAgICB8ICAgICAgICAgICAg
ICAgICAgICAgICAgICAgICAgICAgICAgICAgICAgICAgICAgICAgICAgICB8IMDP
t8O5+MijICAgDQpoZWFkX2Vycm9fY29kZSAgfCAvc2c6U0hCR1VPL0hlYWRlci5E
ZXRhaWxzL2NjOk1lc3NhZ2UuRXJyb3IuQ29kZS9Db2RlLkNvbnRlbnQgICAgICAg
ICAgICAgICAgICAgICAgICAgICAgICAgICAgICAgICAgICAgICAgICAgICAgICAg
ICAgICAgICAgICAgICAgIHwgNCAgICB8IFN0cmluZyAgICB8IG1pbiAgICAgICAg
ICAgICAgICAgICAgfCAgICAgICAgICAgICAgICAgICAgICAgICAgICAgICAgICAg
ICAgICAgICAgICAgICAgICAgICAgfCC/obevxNq15ShBNjM0Or+ht6+537v9LCBB
MDAwOsGku/O89r/rKSAgIA0KaGVhZF9yZXNwX3RleHQgIHwgL3NnOlNIQkdVTy9I
ZWFkZXIuRGV0YWlscy9jYzpNZXNzYWdlLlJlc3BvbnNlLlRleHQvVGV4dC5Db250
ZW50ICAgICAgICAgICAgICAgICAgICAgICAgICAgICAgICAgICAgICAgICAgICAg
ICAgICAgICAgICAgICAgICAgICAgICB8IDEwMCAgfCBTdHJpbmcgICAgfCBtaW4g
ICAgICAgICAgICAgICAgICAgIHwgICAgICAgICAgICAgICAgICAgICAgICAgICAg
ICAgICAgICAgICAgICAgICAgICAgICAgICAgIHwgwMC05LjevLzB9iAgDQpoZWFk
X2JhbmtfdGV4dCAgfCAvc2c6U0hCR1VPL0hlYWRlci5EZXRhaWxzL2NjOkJhbmsu
VXNhZ2UuVGV4dC9UZXh0LkNvbnRlbnQgICAgICAgICAgICAgICAgICAgICAgICAg
ICAgICAgICAgICAgICAgICAgICAgICAgICAgICAgICAgICAgICAgICAgICAgICAg
IHwgMTAwICB8IFN0cmluZyAgICB8IG1pbiAgICAgICAgICAgICAgICAgICAgfCAg
ICAgICAgICAgICAgICAgICAgICAgICAgICAgICAgICAgICAgICAgICAgICAgICAg
ICAgICAgfCDAusfgu+e/67b1DQojIMi4v/i758GkurgNClNFTExfQ05JRCAgICAg
ICB8IC9zZzpTSEJHVU8vUHVyY2hhc2UuT3JnYW5pemF0aW9uLkRldGFpbHMvY2M6
U2VsbGVyLk9yZ2FuaXphdGlvbi5JZGVudGlmaWVyL0lkZW50aWZpZXIuQ29udGVu
dCAgICAgICAgICAgICAgICAgICAgICAgICAgICAgICAgICAgICAgfCAxMCAgIHwg
U3RyaW5nICAgIHwgbmVjZXNzYXJ5ICAgICAgICAgICAgICB8ICAgICAgICAgICAg
ICAgICAgICAgICAgICAgICAgICAgICAgICAgICAgICAgICAgICAgICAgICB8IMbH
uMXA2rvnvvfA2rn4yKMobWFya2V0IHBsYWNlKSAgIA0KQ01QTl9JRCAgICAgICAg
IHwgL3NnOlNIQkdVTy9QdXJjaGFzZS5Pcmdhbml6YXRpb24uRGV0YWlscy9jYzpC
dXllci5Pcmdhbml6YXRpb24uSWRlbnRpZmllci9JZGVudGlmaWVyLkNvbnRlbnQg
ICAgICAgICAgICAgICAgICAgICAgICAgICAgICAgICAgICAgICB8IDEwICAgfCBT
dHJpbmcgICAgfCBuZWNlc3NhcnkgICAgICAgICAgICAgIHwgICAgICAgICAgICAg
ICAgICAgICAgICAgICAgICAgICAgICAgICAgICAgICAgICAgICAgICAgIHwgsbi4
xcDaILvnvvfA2iC5+MijICAgICAgICAgICAgICANCkZJUk1fTkFNRSAgICAgICB8
IC9zZzpTSEJHVU8vUHVyY2hhc2UuT3JnYW5pemF0aW9uLkRldGFpbHMvY2M6QnV5
ZXIuT3JnYW5pemF0aW9uLk5hbWUvVGV4dC5Db250ZW50ICAgICAgICAgICAgICAg
ICAgICAgICAgICAgICAgICAgICAgICAgICAgICAgICAgICAgfCA0MCAgIHwgU3Ry
aW5nICAgIHwgbWluICAgICAgICAgICAgICAgICAgICB8ICAgICAgICAgICAgICAg
ICAgICAgICAgICAgICAgICAgICAgICAgICAgICAgICAgICAgICAgICB8ILG4uMW7
5yDIuLvnIMDMuKcgICAgICAgICAgICAgICAgDQpZU05PX0NPREUgICAgICAgfCAv
c2c6U0hCR1VPL1B1cmNoYXNlLk9yZ2FuaXphdGlvbi5EZXRhaWxzL2NjOkd1YXJh
bnRlZS5JbmRpY2F0b3IuQ29kZS9JbmRpY2F0b3IuQ29udGVudCAgICAgICAgICAg
ICAgICAgICAgICAgICAgICAgICAgICAgICAgICAgICAgIHwgMSAgICB8IFN0cmlu
ZyAgICB8IG5lY2Vzc2FyeSAgICAgICAgICAgICAgfCAgICAgICAgICAgICAgICAg
ICAgICAgICAgICAgICAgICAgICAgICAgICAgICAgICAgICAgICAgfCDB9bHHwaS6
uCCxuLrQxNq15TogJ08nICAgICAgICAgIA0KQ0FOU19SRUFTICAgICAgIHwgL3Nn
OlNIQkdVTy9QdXJjaGFzZS5Pcmdhbml6YXRpb24uRGV0YWlscy9jYzpHdWFyYW50
ZWUuQ2FuY2VsLlRleHQvVGV4dC5Db250ZW50ICAgICAgICAgICAgICAgICAgICAg
ICAgICAgICAgICAgICAgICAgICAgICAgICAgICAgICB8IDIwMCAgfCBTdHJpbmcg
ICAgfCBtaW4gICAgICAgICAgICAgICAgICAgIHwgICAgICAgICAgICAgICAgICAg
ICAgICAgICAgICAgICAgICAgICAgICAgICAgICAgICAgICAgIHwgwfWxx8Gkurgg
vLO47Si++MC4uOkgsPi56SkgICAgICANCiMgwfWxx8GkurgNClNHSUNfQk9ORCAg
ICAgICB8IC9zZzpTSEJHVU8vUHVyY2hhc2UuR3VhcmFudGVlLkRldGFpbHMvY2M6
R3VhcmFudGVlLkRvY3VtZW50TnVtYmVyLlRleHQvVGV4dC5Db250ZW50ICAgICAg
ICAgICAgICAgICAgICAgICAgICAgICAgICAgICAgICAgICAgICAgICAgfCAxOCAg
IHwgU3RyaW5nICAgIHwgbmVjZXNzYXJ5ICAgICAgICAgICAgICB8ICAgICAgICAg
ICAgICAgICAgICAgICAgICAgICAgICAgICAgICAgICAgICAgICAgICAgICAgICB8
IMH1sce5+MijICAgICAgICAgICAgICAgICAgIA0KR1VSVF9QUklDICAgICAgIHwg
L3NnOlNIQkdVTy9QdXJjaGFzZS5HdWFyYW50ZWUuRGV0YWlscy9jYzpHdWFyYW50
ZWUuQ29udHJhY3QuQW1vdW50L0Ftb3VudC5Db250ZW50ICAgICAgICAgICAgICAg
ICAgICAgICAgICAgICAgICAgICAgICAgICAgICAgICAgICB8IDEzICAgfCBEZWNp
bWFsICAgfCBuZWNlc3NhcnkgICAgICAgICAgICAgIHwgICAgICAgICAgICAgICAg
ICAgICAgICAgICAgICAgICAgICAgICAgICAgICAgICAgICAgICAgIHwgurjH6LCh
wNSx3b7XICAgICAgICAgICAgICAgDQpJTlNVX0JFR04gICAgICAgfCAvc2c6U0hC
R1VPL1B1cmNoYXNlLkd1YXJhbnRlZS5EZXRhaWxzL2NjOkd1YXJhbnRlZS5CZWdu
LkRhdGUvRGF0ZVRpbWUuQ29udGVudCAgICAgICAgICAgICAgICAgICAgICAgICAg
ICAgICAgICAgICAgICAgICAgICAgICAgICAgIHwgOCAgICB8IFN0cmluZyAgICB8
IG5lY2Vzc2FyeSAgICAgICAgICAgICAgfCAgICAgICAgICAgICAgICAgICAgICAg
ICAgICAgICAgICAgICAgICAgICAgICAgICAgICAgICAgfCC6uMfoseKwoyC9w8Db
wM/A2ihZWVlZTU1ERCkNCklOU1VfRk5TSCAgICAgICB8IC9zZzpTSEJHVU8vUHVy
Y2hhc2UuR3VhcmFudGVlLkRldGFpbHMvY2M6R3VhcmFudGVlLkZuc2guRGF0ZS9E
YXRlVGltZS5Db250ZW50ICAgICAgICAgICAgICAgICAgICAgICAgICAgICAgICAg
ICAgICAgICAgICAgICAgICAgICAgfCA4ICAgIHwgU3RyaW5nICAgIHwgbmVjZXNz
YXJ5ICAgICAgICAgICAgICB8ICAgICAgICAgICAgICAgICAgICAgICAgICAgICAg
ICAgICAgICAgICAgICAgICAgICAgICAgICB8ILq4x+ix4rCjIMG+t+HAz8DaKFlZ
WVlNTUREKQ0KT0xTR19CT05EICAgICAgIHwgL3NnOlNIQkdVTy9QdXJjaGFzZS5H
dWFyYW50ZWUuRGV0YWlscy9jYzpHdWFyYW50ZWUuSGlzdG9yeS5Eb2N1bWVudE51
bWJlci5UZXh0L1RleHQuQ29udGVudCAgICAgICAgICAgICAgICAgICAgICAgICAg
ICAgICAgICAgICAgICB8IDE4ICAgfCBTdHJpbmcgICAgfCBtaW4gICAgICAgICAg
ICAgICAgICAgIHwgICAgICAgICAgICAgICAgICAgICAgICAgICAgICAgICAgICAg
ICAgICAgICAgICAgICAgICAgIHwgsbggurjB9bytILn4yKMgICAgICAgICAgICAg
DQojIMHWsOi+4MGkurgNCkxFTk5fUFJJQyAgICAgICB8IC9zZzpTSEJHVU8vUHVy
Y2hhc2UuTG9hbi5EZXRhaWxzL2NjOkNvbnRyYWN0LkFtb3VudC9BbW91bnQuQ29u
dGVudCAgICAgICAgICAgICAgICAgICAgICAgICAgICAgICAgICAgICAgICAgICAg
ICAgICAgICAgICAgICAgICAgICAgfCAxMyAgIHwgRGVjaW1hbCAgIHwgbWluICAg
ICAgICAgICAgICAgICAgICB8ICAgICAgICAgICAgICAgICAgICAgICAgICAgICAg
ICAgICAgICAgICAgICAgICAgICAgICAgICB8IL+pvcWx3b7XICAgICAgICAgICAN
CkxFTk5fQkVHTiAgICAgICB8IC9zZzpTSEJHVU8vUHVyY2hhc2UuTG9hbi5EZXRh
aWxzL2NjOkNvbnRyYWN0LkJlZ24uRGF0ZS9EYXRlVGltZS5Db250ZW50ICAgICAg
ICAgICAgICAgICAgICAgICAgICAgICAgICAgICAgICAgICAgICAgICAgICAgICAg
ICAgICAgfCA4ICAgIHwgU3RyaW5nICAgIHwgbWluICAgICAgICAgICAgICAgICAg
ICB8ICAgICAgICAgICAgICAgICAgICAgICAgICAgICAgICAgICAgICAgICAgICAg
ICAgICAgICAgICB8IL+pvcW9w8DbwM8gICAgICAgDQpMRU5OX0ZOU0ggICAgICAg
fCAvc2c6U0hCR1VPL1B1cmNoYXNlLkxvYW4uRGV0YWlscy9jYzpDb250cmFjdC5G
bnNoLkRhdGUvRGF0ZVRpbWUuQ29udGVudCAgICAgICAgICAgICAgICAgICAgICAg
ICAgICAgICAgICAgICAgICAgICAgICAgICAgICAgICAgICAgIHwgOCAgICB8IFN0
cmluZyAgICB8IG1pbiAgICAgICAgICAgICAgICAgICAgfCAgICAgICAgICAgICAg
ICAgICAgICAgICAgICAgICAgICAgICAgICAgICAgICAgICAgICAgICAgfCC/qb3F
wb634cDPICAgICAgICAgDQpMRU5OX0lOU1QgICAgICAgfCAvc2c6U0hCR1VPL1B1
cmNoYXNlLkxvYW4uRGV0YWlscy9jYzpDb250cmFjdC5JbnRlcmVzdC5BbW91bnQv
QW1vdW50LkNvbnRlbnQgICAgICAgICAgICAgICAgICAgICAgICAgICAgICAgICAg
ICAgICAgICAgICAgICAgICAgICAgIHwgMTMgICB8IERlY2ltYWwgICB8IG1pbiAg
ICAgICAgICAgICAgICAgICAgfCAgICAgICAgICAgICAgICAgICAgICAgICAgICAg
ICAgICAgICAgICAgICAgICAgICAgICAgICAgfCC/qb3FwMzA2sCyICAgICAgICAg
DQpHVVJUX1JBVEUgICAgICAgfCAvc2c6U0hCR1VPL1B1cmNoYXNlLkxvYW4uRGV0
YWlscy9jYzpDb250cmFjdC5HdWFyYW50ZWUuUmF0ZS5BbW91bnQvQW1vdW50LkNv
bnRlbnQgICAgICAgICAgICAgICAgICAgICAgICAgICAgICAgICAgICAgICAgICAg
ICAgICAgIHwgMyAgICB8IERlY2ltYWwgICB8IG1pbiAgICAgICAgICAgICAgICAg
ICAgfCAgICAgICAgICAgICAgICAgICAgICAgICAgICAgICAgICAgICAgICAgICAg
ICAgICAgICAgICAgfCC6uMH1uvHAsiglKSAgICAgICAgDQpHVVJUX0lOU1UgICAg
ICAgfCAvc2c6U0hCR1VPL1B1cmNoYXNlLkxvYW4uRGV0YWlscy9jYzpDb250cmFj
dC5JbnN1cmVkLlRleHQvVGV4dC5Db250ZW50ICAgICAgICAgICAgICAgICAgICAg
ICAgICAgICAgICAgICAgICAgICAgICAgICAgICAgICAgICAgICAgIHwgMzAgICB8
IFN0cmluZyAgICB8IG1pbiAgICAgICAgICAgICAgICAgICAgfCAgICAgICAgICAg
ICAgICAgICAgICAgICAgICAgICAgICAgICAgICAgICAgICAgICAgICAgICAgfCDH
x7q4x+jA2iC5/cDOufjIoyAgDQpTUENMX0NPTkQgICAgICAgfCAvc2c6U0hCR1VP
L1B1cmNoYXNlLkxvYW4uRGV0YWlscy9jYzpDb250cmFjdC5TcGVjaWFsQ29uZGl0
aW9uLlRleHQvVGV4dC5Db250ZW50ICAgICAgICAgICAgICAgICAgICAgICAgICAg
ICAgICAgICAgICAgICAgICAgICAgICAgIHwgNTAwICB8IFN0cmluZyAgICB8IG1p
biAgICAgICAgICAgICAgICAgICAgfCAgICAgICAgICAgICAgICAgICAgICAgICAg
ICAgICAgICAgICAgICAgICAgICAgICAgICAgICAgfCDGr7Hiu+fH1yAgICAgICAg
ICAgDQo=