IyAgICC03MPguO0gICAgIHwgICAgICAgIFhQYXRoICAgICAgICAgICAgICAgICAg
ICAgICAgICAgICAgICAgICAgICAgICAgICAgICAgICAgICAJCQkJICAgICAgICAg
ICAgICAgICAgICAgICAgICAgICAgICAgICAgIHwgsebAzCB8IMW4wNQgICAgICB8
ILndurkgv6m6ziC51yDHyrz2v6m6ziAgfCC53bq5vcPA2yDFwrHXICAgICAgICAg
ICAgICAgICAgICAgICAgICAgICAgICAgICAgICAgICAgfCDH17jxICAgICAgICAg
ICAgICAgICAgICAgICAgICAgICAgICAgDQojIEhFQUQNCmhlYWRfbWVzZ19zZW5k
ICB8IC9zZzpTSEJPVk8vSGVhZGVyLkRldGFpbHMvY2M6TWVzc2FnZS5TZW5kZXIu
SWRlbnRpZmllci9JZGVudGlmaWVyLkNvbnRlbnQgICAgICAgICAgICAgICAgICAg
ICAgICAgICAgICAgICAgICAgICAgICAgICAgICAgICAgICAgICAgfCAxMyAgIHwg
U3RyaW5nICAgIHwgbmVjZXNzYXJ5ICAgICAgICAgICAgICB8ICAgICAgICAgICAg
ICAgICAgICAgICAgICAgICAgICAgICAgICAgICAgICAgICAgICAgICAgICB8ILzb
vcXA2klEKDEzwNq4rikgICAgICAgICAgICAgICAgICAgICAgDQpoZWFkX21lc2df
cmVjdiAgfCAvc2c6U0hCT1ZPL0hlYWRlci5EZXRhaWxzL2NjOk1lc3NhZ2UuUmVj
ZWl2ZXIuSWRlbnRpZmllci9JZGVudGlmaWVyLkNvbnRlbnQgICAgICAgICAgICAg
ICAgICAgICAgICAgICAgICAgICAgICAgICAgICAgICAgICAgICAgICAgIHwgMTMg
ICB8IFN0cmluZyAgICB8IG5lY2Vzc2FyeSAgICAgICAgICAgICAgfCAgICAgICAg
ICAgICAgICAgICAgICAgICAgICAgICAgICAgICAgICAgICAgICAgICAgICAgICAg
fCC89r3FwNpJRCgxM8DauK4pICAgICAgICAgICAgICAgICAgICAgIA0KaGVhZF9m
dW5jX2NvZGUgIHwgL3NnOlNIQk9WTy9IZWFkZXIuRGV0YWlscy9jYzpNZXNzYWdl
LkZ1bmN0aW9uLkNvZGUvQ29kZS5Db250ZW50ICAgICAgICAgICAgICAgICAgICAg
ICAgICAgICAgICAgICAgICAgICAgICAgICAgICAgICAgICAgICAgICAgICAgICB8
IDIgICAgfCBTdHJpbmcgICAgfCBuZWNlc3NhcnkgICAgICAgICAgICAgIHwgICAg
ICAgICAgICAgICAgICAgICAgICAgICAgICAgICAgICAgICAgICAgICAgICAgICAg
ICAgIHwgua68rbHitMkoOTq9x7WlwMzFzSwgNTM6xde9usautaXAzMXNKSANCmhl
YWRfbWVzZ190eXBlICB8IC9zZzpTSEJPVk8vSGVhZGVyLkRldGFpbHMvY2M6TWVz
c2FnZS5UeXBlLklkZW50aWZpZXIvSWRlbnRpZmllci5Db250ZW50ICAgICAgICAg
ICAgICAgICAgICAgICAgICAgICAgICAgICAgICAgICAgICAgICAgICAgICAgICAg
ICAgfCA2ICAgIHwgU3RyaW5nICAgIHwgbmVjZXNzYXJ5ICAgICAgICAgICAgICB8
ICAgICAgICAgICAgICAgICAgICAgICAgICAgICAgICAgICAgICAgICAgICAgICAg
ICAgICAgICB8ILmuvK3E2rXlIDogU0hCR1VPICAgICAgICAgICAgICAgICAgICAg
DQpoZWFkX21lc2dfbmFtZSAgfCAvc2c6U0hCT1ZPL0hlYWRlci5EZXRhaWxzL2Nj
Ok1lc3NhZ2UuTmFtZS9UZXh0LkNvbnRlbnQgICAgICAgICAgICAgICAgICAgICAg
ICAgICAgICAgICAgICAgICAgICAgICAgICAgICAgICAgICAgICAgICAgICAgICAg
ICAgICAgIHwgMzAgICB8IFN0cmluZyAgICB8IG5lY2Vzc2FyeSAgICAgICAgICAg
ICAgfCAgICAgICAgICAgICAgICAgICAgICAgICAgICAgICAgICAgICAgICAgICAg
ICAgICAgICAgICAgfCC5rrytuO0gOiDB9bHHwaS6uCAgICAgICAgICAgICAgICAg
ICAgIA0KaGVhZF9tZXNnX3ZlcnMgIHwgL3NnOlNIQk9WTy9IZWFkZXIuRGV0YWls
cy9jYzpNZXNzYWdlLlZlcnNpb24uVGV4dC9UZXh0LkNvbnRlbnQgICAgICAgICAg
ICAgICAgICAgICAgICAgICAgICAgICAgICAgICAgICAgICAgICAgICAgICAgICAg
ICAgICAgICAgICB8IDEwICAgfCBTdHJpbmcgICAgfCBtaW4gICAgICAgICAgICAg
ICAgICAgIHwgICAgICAgICAgICAgICAgICAgICAgICAgICAgICAgICAgICAgICAg
ICAgICAgICAgICAgICAgIHwgua68rbn2wPwgICAgICAgICAgICAgICAgICAgICAg
ICAgICAgICANCmhlYWRfbWFuZ19udW1iICB8IC9zZzpTSEJPVk8vSGVhZGVyLkRl
dGFpbHMvY2M6RG9jdW1lbnQuTWFuYWdlbWVudE51bWJlci5UZXh0L1RleHQuQ29u
dGVudCAgICAgICAgICAgICAgICAgICAgICAgICAgICAgICAgICAgICAgICAgICAg
ICAgICAgICAgICAgICAgfCA3MCAgIHwgU3RyaW5nICAgIHwgbmVjZXNzYXJ5ICAg
ICAgICAgICAgICB8ICAgICAgICAgICAgICAgICAgICAgICAgICAgICAgICAgICAg
ICAgICAgICAgICAgICAgICAgICB8ILmuvK2w/LiuufjIoyAgICAgICAgICAgICAg
ICAgICAgICAgICAgDQpoZWFkX3RpdGxfbmFtZSAgfCAvc2c6U0hCT1ZPL0hlYWRl
ci5EZXRhaWxzL2NjOkRvY3VtZW50LlRpdGxlLk5hbWUvVGV4dC5Db250ZW50ICAg
ICAgICAgICAgICAgICAgICAgICAgICAgICAgICAgICAgICAgICAgICAgICAgICAg
ICAgICAgICAgICAgICAgICAgIHwgMzAgICB8IFN0cmluZyAgICB8IG5lY2Vzc2Fy
eSAgICAgICAgICAgICAgfCAgICAgICAgICAgICAgICAgICAgICAgICAgICAgICAg
ICAgICAgICAgICAgICAgICAgICAgICAgfCC5rrytsLO/5CAgICAgICAgICAgICAg
ICAgICAgICAgICAgICAgIA0KaGVhZF9vcmdhX2NvZGUgIHwgL3NnOlNIQk9WTy9I
ZWFkZXIuRGV0YWlscy9jYzpPcmdhbml6YXRpb24uQ29kZS5JZGVudGlmaWVyL0lk
ZW50aWZpZXIuQ29udGVudCAgICAgICAgICAgICAgICAgICAgICAgICAgICAgICAg
ICAgICAgICAgICAgICAgICAgICAgICB8IDMgICAgfCBTdHJpbmcgICAgfCBuZWNl
c3NhcnkgICAgICAgICAgICAgIHwgICAgICAgICAgICAgICAgICAgICAgICAgICAg
ICAgICAgICAgICAgICAgICAgICAgICAgICAgIHwgv6yw6Mi4u+exuLrQxNq15SAg
ICAgICAgICAgICAgICAgICAgICANCmhlYWRfc2VybF9udW1iICB8IC9zZzpTSEJP
Vk8vSGVhZGVyLkRldGFpbHMvY2M6RG9jdW1lbnQuU2VyaWFsLlRleHQvVGV4dC5D
b250ZW50ICAgICAgICAgICAgICAgICAgICAgICAgICAgICAgICAgICAgICAgICAg
ICAgICAgICAgICAgICAgICAgICAgICAgICAgfCAyMCAgIHwgU3RyaW5nICAgIHwg
bWluICAgICAgICAgICAgICAgICAgICB8ICAgICAgICAgICAgICAgICAgICAgICAg
ICAgICAgICAgICAgICAgICAgICAgICAgICAgICAgICB8IMDPt8O5+MijICAgICAg
ICAgICAgICAgICAgICAgICAgICAgICAgDQpoZWFkX2Vycm9fY29kZSAgfCAvc2c6
U0hCT1ZPL0hlYWRlci5EZXRhaWxzL2NjOk1lc3NhZ2UuRXJyb3IuQ29kZS9Db2Rl
LkNvbnRlbnQgICAgICAgICAgICAgICAgICAgICAgICAgICAgICAgICAgICAgICAg
ICAgICAgICAgICAgICAgICAgICAgICAgICAgICAgIHwgNCAgICB8IFN0cmluZyAg
ICB8IG1pbiAgICAgICAgICAgICAgICAgICAgfCAgICAgICAgICAgICAgICAgICAg
ICAgICAgICAgICAgICAgICAgICAgICAgICAgICAgICAgICAgfCC/obevxNq15ShB
NjM0Or+ht6+537v9LCBBMDAwOsGku/O89r/rKQ0KaGVhZF9yZXNwX3RleHQgIHwg
L3NnOlNIQk9WTy9IZWFkZXIuRGV0YWlscy9jYzpNZXNzYWdlLlJlc3BvbnNlLlRl
eHQvVGV4dC5Db250ZW50ICAgICAgICAgICAgICAgICAgICAgICAgICAgICAgICAg
ICAgICAgICAgICAgICAgICAgICAgICAgICAgICAgICAgICB8IDEwMCAgfCBTdHJp
bmcgICAgfCBtaW4gICAgICAgICAgICAgICAgICAgIHwgICAgICAgICAgICAgICAg
ICAgICAgICAgICAgICAgICAgICAgICAgICAgICAgICAgICAgICAgIHwgwMC05Lje
vLzB9iAgICAgICAgICAgICAgICAgICAgICAgICAgICANCmhlYWRfYmFua190ZXh0
ICB8IC9zZzpTSEJPVk8vSGVhZGVyLkRldGFpbHMvY2M6QmFuay5Vc2FnZS5UZXh0
L1RleHQuQ29udGVudCAgICAgICAgICAgICAgICAgICAgICAgICAgICAgICAgICAg
ICAgICAgICAgICAgICAgICAgICAgICAgICAgICAgICAgICAgICAgfCAxMDAgIHwg
U3RyaW5nICAgIHwgbWluICAgICAgICAgICAgICAgICAgICB8ICAgICAgICAgICAg
ICAgICAgICAgICAgICAgICAgICAgICAgICAgICAgICAgICAgICAgICAgICB8IMC6
x+C757/rtvUgICAgICAgICAgICAgICAgICAgICAgICAgICAgDQojILHiurvBpLq4
DQpTRUxMX0NOSUQgICAgICAgfCAvc2c6U0hCT1ZPL1B1cmNoYXNlLk9yZ2FuaXph
dGlvbi5EZXRhaWxzL2NjOlNlbGxlci5Pcmdhbml6YXRpb24uSWRlbnRpZmllci9J
ZGVudGlmaWVyLkNvbnRlbnQgICAgICAgICAgICAgICAgICAgICAgICAgICAgICAg
ICAgICAgIHwgMTAgICB8IFN0cmluZyAgICB8IG1pbiAgICAgICAgICAgICAgICAg
ICAgfCAgICAgICAgICAgICAgICAgICAgICAgICAgICAgICAgICAgICAgICAgICAg
ICAgICAgICAgICAgfCDGx7jFwNq75773wNq5+MijKG1hcmtldCBwbGFjZSkgICAg
ICANCkNNUE5fSUQgICAgICAgICB8IC9zZzpTSEJPVk8vUHVyY2hhc2UuT3JnYW5p
emF0aW9uLkRldGFpbHMvY2M6QnV5ZXIuT3JnYW5pemF0aW9uLklkZW50aWZpZXIv
SWRlbnRpZmllci5Db250ZW50ICAgICAgICAgICAgICAgICAgICAgICAgICAgICAg
ICAgICAgICAgfCAxMCAgIHwgU3RyaW5nICAgIHwgbmVjZXNzYXJ5ICAgICAgICAg
ICAgICB8ICAgICAgICAgICAgICAgICAgICAgICAgICAgICAgICAgICAgICAgICAg
ICAgICAgICAgICAgICB8ILG4uMXA2iC75773wNq5+MijICAgICAgICAgICANCkZJ
Uk1fTkFNRSAgICAgICB8IC9zZzpTSEJPVk8vUHVyY2hhc2UuT3JnYW5pemF0aW9u
LkRldGFpbHMvY2M6QnV5ZXIuT3JnYW5pemF0aW9uLk5hbWUvVGV4dC5Db250ZW50
ICAgICAgICAgICAgICAgICAgICAgICAgICAgICAgICAgICAgICAgICAgICAgICAg
ICAgfCA0MCAgIHwgU3RyaW5nICAgIHwgbWluICAgICAgICAgICAgICAgICAgICB8
ICAgICAgICAgICAgICAgICAgICAgICAgICAgICAgICAgICAgICAgICAgICAgICAg
ICAgICAgICB8ILG4uMW75yDIuLvnIMDMuKcgICAgICAgICAgICANCiMgv6zDvLvz
vLzBpLq4DQpsb29wX2FjY291bnQgICAgfCAvc2c6U0hCT1ZPL1B1cmNoYXNlLk92
ZXJkdWUuRGV0YWlscyAgICAgICAgICAgICAgICAgICAgICAgICAgICAgICAgICAg
ICAgICAgICAgICAgICAgICAgICAgICAgICAgICAgICAgICAgICAgICAgICAgICAg
ICAgICAgICAgICAgIHwgMTAwMDAgfCBTdHJpbmcgICB8IG1heGVsZSAgICAgICAg
ICAgICAgICAgfCBzZzpTSEJPVk8vUHVyY2hhc2UuT3ZlcmR1ZS5EZXRhaWxzICAg
ICAgICAgICAgICAgICAgICAgfCC53bq5ICAgDQpUQVhTX05VTUIgICAgICAgfCAv
c2c6U0hCT1ZPL1B1cmNoYXNlLk92ZXJkdWUuRGV0YWlscy9jYzpUYXhBY2NvdW50
Lk51bWJlci5UZXh0L1RleHQuQ29udGVudCAgICAgICAgICAgICAgICAgICAgICAg
ICAgICAgICAgICAgICAgICAgICAgICAgICAgICAgICAgIHwgNjQgICB8IFN0cmlu
ZyAgICB8IG5lY2Vzc2FyeSAgICAgICAgICAgICAgfCBjYzpUYXhBY2NvdW50Lk51
bWJlci5UZXh0L1RleHQuQ29udGVudCAgICAgICAgICAgICAgICAgfCC8vLHdsOi7
6rytufjIoyi068PivcfH4Ln4yKMpDQpCQU5LX0NPREUgICAgICAgfCAvc2c6U0hC
T1ZPL1B1cmNoYXNlLk92ZXJkdWUuRGV0YWlscy9jYzpCYW5rLkluZGljYXRvci5D
b2RlL0luZGljYXRvci5Db250ZW50ICAgICAgICAgICAgICAgICAgICAgICAgICAg
ICAgICAgICAgICAgICAgICAgICAgICAgICAgIHwgMiAgICB8IFN0cmluZyAgICB8
IG5lY2Vzc2FyeSAgICAgICAgICAgICAgfCBjYzpCYW5rLkluZGljYXRvci5Db2Rl
L0luZGljYXRvci5Db250ZW50ICAgICAgICAgICAgICAgfCDAusfgxNq15SAgICAg
ICAgICAgICAgICAgICAgDQpPVkVSX0RBVEUgICAgICAgfCAvc2c6U0hCT1ZPL1B1
cmNoYXNlLk92ZXJkdWUuRGV0YWlscy9jYzpPdmVyZHVlLkJhbmtNb25leS5EYXRl
L0RhdGVUaW1lLkNvbnRlbnQgICAgICAgICAgICAgICAgICAgICAgICAgICAgICAg
ICAgICAgICAgICAgICAgICAgICAgIHwgOCAgICB8IFN0cmluZyAgICB8IG1pbiAg
ICAgICAgICAgICAgICAgICAgfCBjYzpPdmVyZHVlLkJhbmtNb25leS5EYXRlL0Rh
dGVUaW1lLkNvbnRlbnQgICAgICAgICAgICAgfCC/rMO8w9bDyrnfu/3Az8DaKFlZ
WVlNTUREKSAgDQpPVkVSX1BSSUQgICAgICAgfCAvc2c6U0hCT1ZPL1B1cmNoYXNl
Lk92ZXJkdWUuRGV0YWlscy9jYzpPdmVyZHVlLkJhbmtNb25leS5QZXJpb2QvRGF0
ZVRpbWUuQ29udGVudCAgICAgICAgICAgICAgICAgICAgICAgICAgICAgICAgICAg
ICAgICAgICAgICAgICAgIHwgNSAgICB8IERlY2ltYWwgICB8IG1pbiAgICAgICAg
ICAgICAgICAgICAgfCBjYzpPdmVyZHVlLkJhbmtNb25leS5QZXJpb2QvRGF0ZVRp
bWUuQ29udGVudCAgICAgICAgICAgfCC/rMO8wM+89iAgICAgICAgICAgICAgICAg
ICAgDQpPVkVSX1BSSUMgICAgICAgfCAvc2c6U0hCT1ZPL1B1cmNoYXNlLk92ZXJk
dWUuRGV0YWlscy9jYzpPdmVyZHVlLkJhbmtNb25leS5BbW91bnQvQW1vdW50LkNv
bnRlbnQgICAgICAgICAgICAgICAgICAgICAgICAgICAgICAgICAgICAgICAgICAg
ICAgICAgICAgIHwgMTMgICB8IERlY2ltYWwgICB8IG5lY2Vzc2FyeSAgICAgICAg
ICAgICAgfCBjYzpPdmVyZHVlLkJhbmtNb25leS5BbW91bnQvQW1vdW50LkNvbnRl
bnQgICAgICAgICAgICAgfCC/rMO8sd2+1yi/+LHdKSBkZWZhdWx0IDowICAgDQpP
VkVSX0lOU1QgICAgICAgfCAvc2c6U0hCT1ZPL1B1cmNoYXNlLk92ZXJkdWUuRGV0
YWlscy9jYzpPdmVyZHVlLkJhbmtNb25leS5JbnRlcmVzdC5BbW91bnQvQW1vdW50
LkNvbnRlbnQgICAgICAgICAgICAgICAgICAgICAgICAgICAgICAgICAgICAgICAg
ICAgIHwgMTMgICB8IERlY2ltYWwgICB8IG5lY2Vzc2FyeSAgICAgICAgICAgICAg
fCBjYzpPdmVyZHVlLkJhbmtNb25leS5JbnRlcmVzdC5BbW91bnQvQW1vdW50LkNv
bnRlbnQgICAgfCC/rMO8sd2+1yjAzMDaKSBkZWZhdWx0IDowICAgDQpTR0lDX0JP
TkQgICAgICAgfCAvc2c6U0hCT1ZPL1B1cmNoYXNlLk92ZXJkdWUuRGV0YWlscy9j
YzpHdWFyYW50ZWUuRG9jdW1lbnROdW1iZXIuVGV4dC9UZXh0LkNvbnRlbnQgICAg
ICAgICAgICAgICAgICAgICAgICAgICAgICAgICAgICAgICAgICAgICAgICAgIHwg
MTggICB8IFN0cmluZyAgICB8IG5lY2Vzc2FyeSAgICAgICAgICAgICAgfCBjYzpH
dWFyYW50ZWUuRG9jdW1lbnROdW1iZXIuVGV4dC9UZXh0LkNvbnRlbnQgICAgICAg
ICAgfCDB9bHHufjIoyAgICAgICAgICAgICAgICAgICAgDQpZU05PX0NPREUgICAg
ICAgfCAvc2c6U0hCT1ZPL1B1cmNoYXNlLk92ZXJkdWUuRGV0YWlscy9jYzpPdmVy
ZHVlLkluZGljYXRvci5Db2RlL0luZGljYXRvci5Db250ZW50ICAgICAgICAgICAg
ICAgICAgICAgICAgICAgICAgICAgICAgICAgICAgICAgICAgICAgIHwgMSAgICB8
IFN0cmluZyAgICB8IG5lY2Vzc2FyeSAgICAgICAgICAgICAgfCBjYzpPdmVyZHVl
LkluZGljYXRvci5Db2RlL0luZGljYXRvci5Db250ZW50ICAgICAgICAgICAgfCC/
rMO8IMGkurggwaS78yDE2rXlIDogJ08nICAgDQpDQU5TX1JFQVMgICAgICAgfCAv
c2c6U0hCT1ZPL1B1cmNoYXNlLk92ZXJkdWUuRGV0YWlscy9jYzpPdmVyZHVlLkNh
bmNsZS5UZXh0L1RleHQuQ29udGVudCAgICAgICAgICAgICAgICAgICAgICAgICAg
ICAgICAgICAgICAgICAgICAgICAgICAgICAgICAgICAgIHwgMjAwICB8IFN0cmlu
ZyAgICB8IG1pbiAgICAgICAgICAgICAgICAgICAgfCBjYzpPdmVyZHVlLkNhbmNs
ZS5UZXh0L1RleHQuQ29udGVudCAgICAgICAgICAgICAgICAgICAgfCC/rMO8IMGk
urggvLO47SAgICAgICAgICAgICAgDQo=