IyAgICC03MPguO0gICAgIHwgICAgICAgIFhQYXRoICAgICAgICAgICAgICAgICAg
ICAgICAgICAgICAgICAgICAgICAgICAgICAgICAgICAgICAJCQkJICAgICAgICAg
ICAgICAgICAgICAgICAgICAgICAgICAgICAgIHwgsebAzCB8IMW4wNQgICAgICB8
ILndurkgv6m6ziC51yDHyrz2v6m6ziAgfCC53bq5vcPA2yDFwrHXIHwgx9e48SAg
ICAgICAgICAgDQpGcm9tSUQgICAgICAgICAgfCAvU09BUDpFbnZlbG9wZS9TT0FQ
OkhlYWRlci9lYjpNZXNzYWdlSGVhZGVyL2ViOkZyb20vZWI6UGFydHlJZCAgICAg
ICAgICAgICAgICAgICAgICAgICAgICAgICAgICAgICAgICAgICAgICAgICAgICAg
ICAgICAgICAgICAgICAgIHwgMTAwICB8IFN0cmluZyAgICB8IG1pbiAgICAgICAg
ICAgICAgICAgICAgfCAgICAgICAgICAgICAgIHwgMQ0KVG9JRCAgICAgICAgICAg
IHwgL1NPQVA6RW52ZWxvcGUvU09BUDpIZWFkZXIvZWI6TWVzc2FnZUhlYWRlci9l
YjpUby9lYjpQYXJ0eUlkICAgICAgICAgICAgICAgICAgICAgICAgICAgICAgICAg
ICAgICAgICAgICAgICAgICAgICAgICAgICAgICAgICAgICAgICB8IDEwMCAgfCBT
dHJpbmcgICAgfCBtaW4gICAgICAgICAgICAgICAgICAgIHwgICAgICAgICAgICAg
ICB8IDINCkNQQUlkICAgICAgICAgICB8IC9TT0FQOkVudmVsb3BlL1NPQVA6SGVh
ZGVyL2ViOk1lc3NhZ2VIZWFkZXIvZWI6Q1BBSWQgICAgICAgICAgICAgICAgICAg
ICAgICAgICAgICAgICAgICAgICAgICAgICAgICAgICAgICAgICAgICAgICAgICAg
ICAgICAgICAgICAgfCAxMDAgIHwgU3RyaW5nICAgIHwgbWluICAgICAgICAgICAg
ICAgICAgICB8ICAgICAgICAgICAgICAgfCAzDQpDb252ZXJzYXRpb25JZCAgfCAv
U09BUDpFbnZlbG9wZS9TT0FQOkhlYWRlci9lYjpNZXNzYWdlSGVhZGVyL2ViOkNv
bnZlcnNhdGlvbklkICAgICAgICAgICAgICAgICAgICAgICAgICAgICAgICAgICAg
ICAgICAgICAgICAgICAgICAgICAgICAgICAgICAgICAgIHwgMTAwICB8IFN0cmlu
ZyAgICB8IG1pbiAgICAgICAgICAgICAgICAgICAgfCAgICAgICAgICAgICAgIHwg
NA0KU2VydmljZSAgICAgICAgIHwgL1NPQVA6RW52ZWxvcGUvU09BUDpIZWFkZXIv
ZWI6TWVzc2FnZUhlYWRlci9lYjpTZXJ2aWNlICAgICAgICAgICAgICAgICAgICAg
ICAgICAgICAgICAgICAgICAgICAgICAgICAgICAgICAgICAgICAgICAgICAgICAg
ICAgICAgICB8IDEwMCAgfCBTdHJpbmcgICAgfCBtaW4gICAgICAgICAgICAgICAg
ICAgIHwgICAgICAgICAgICAgICB8IDUNCkFjdGlvbiAgICAgICAgICB8IC9TT0FQ
OkVudmVsb3BlL1NPQVA6SGVhZGVyL2ViOk1lc3NhZ2VIZWFkZXIvZWI6QWN0aW9u
ICAgICAgICAgICAgICAgICAgICAgICAgICAgICAgICAgICAgICAgICAgICAgICAg
ICAgICAgICAgICAgICAgICAgICAgICAgICAgICAgfCAxMDAgIHwgU3RyaW5nICAg
IHwgbWluICAgICAgICAgICAgICAgICAgICB8ICAgICAgICAgICAgICAgfCA2DQpN
ZXNzYWdlSWQgICAgICAgfCAvU09BUDpFbnZlbG9wZS9TT0FQOkhlYWRlci9lYjpN
ZXNzYWdlSGVhZGVyL2ViOk1lc3NhZ2VEYXRhL2ViOk1lc3NhZ2VJZCAgICAgICAg
ICAgICAgICAgICAgICAgICAgICAgICAgICAgICAgICAgICAgICAgICAgICAgICAg
ICAgIHwgMTAwICB8IFN0cmluZyAgICB8IG1pbiAgICAgICAgICAgICAgICAgICAg
fCAgICAgICAgICAgICAgIHwgNw0KVGltZXN0YW1wICAgICAgIHwgL1NPQVA6RW52
ZWxvcGUvU09BUDpIZWFkZXIvZWI6TWVzc2FnZUhlYWRlci9lYjpNZXNzYWdlRGF0
YS9lYjpUaW1lc3RhbXAgICAgICAgICAgICAgICAgICAgICAgICAgICAgICAgICAg
ICAgICAgICAgICAgICAgICAgICAgICAgICB8IDEwMCAgfCBTdHJpbmcgICAgfCBt
aW4gICAgICAgICAgICAgICAgICAgIHwgICAgICAgICAgICAgICB8IDgNClJlZlRv
TWVzc2FnZUlkICB8IC9TT0FQOkVudmVsb3BlL1NPQVA6SGVhZGVyL2ViOk1lc3Nh
Z2VIZWFkZXIvZWI6TWVzc2FnZURhdGEvZWI6UmVmVG9NZXNzYWdlSWQgICAgICAg
ICAgICAgICAgICAgICAgICAgICAgICAgICAgICAgICAgICAgICAgICAgICAgICAg
fCAxMDAgIHwgU3RyaW5nICAgIHwgbWluICAgICAgICAgICAgICAgICAgICB8ICAg
ICAgICAgICAgICAgfCA5DQpEZXNjcmlwdGlvbiAgICAgfCAvU09BUDpFbnZlbG9w
ZS9TT0FQOkhlYWRlci9lYjpNZXNzYWdlSGVhZGVyL2ViOkRlc2NyaXB0aW9uICAg
ICAgICAgICAgICAgICAgICAgICAgICAgICAgICAgICAgICAgICAgICAgICAgICAg
ICAgICAgICAgICAgICAgICAgICAgIHwgMTAwICB8IFN0cmluZyAgICB8IG1pbiAg
ICAgICAgICAgICAgICAgICAgfCAgICAgICAgICAgICAgIHwgMTANCnJlZl9EZXNj
cmlwdGlvbiB8IC9TT0FQOkVudmVsb3BlL1NPQVA6Qm9keS9lYjpNYW5pZmVzdC9l
YjpSZWZlcmVuY2UvZWI6RGVzY3JpcHRpb24gICAgICAgICAgICAgICAgICAgICAg
ICAgICAgICAgICAgICAgICAgICAgICAgICAgICAgICAgICAgICAgICAgICAgfCAx
MDAgIHwgU3RyaW5nICAgIHwgbWluICAgICAgICAgICAgICAgICAgICB8ICAgICAg
ICAgICAgICAgfCAxMQ0KZG9jY29kZSAgICAgICAgIHwgL1NPQVA6RW52ZWxvcGUv
U09BUDpCb2R5L2RvY2NvZGUgICAgICAgICAgICAgICAgICAgICAgICAgICAgICAg
ICAgICAgICAgICAgICAgICAgICAgICAgICAgICAgICAgICAgICAgICAgICAgICAg
ICAgICAgICAgICAgICAgICAgICB8IDEwMCAgfCBTdHJpbmcgICAgfCBtaW4gICAg
ICAgICAgICAgICAgICAgIHwgICAgICAgICAgICAgICB8IDEy